--------------------------------------------------------------------------------------------
      name:  <unnamed>
       log:  /home/bjvca/data/data/GAP/Haruna/UNHS_2005/GAPP2//rep/100_food_basket_flex.log
  log type:  text
 opened on:   2 Jul 2013, 10:48:36

. clear

. set more off

. #delimit ;
delimiter now ;
. **************************************************************************
> * 100_food_basket_flex.do     (start)
> *
> * This file is to get the data from the cons_cod.dta in work and then 
> * to create the do file with the 90% of the consumption expenditures 
> * using a flexible basket of goods.
> *
> * NOTE: we actually keep goods representing 95% of expenditure
> * in order to facilitate dropping of some goods (such as rats) where
> * quantity and nutrition information is unknown.
> *
> * We base our basket on the bottom 60 percent of consumption per capita
> * (weighted by hhweight*hhsize). We use the TEMPORALLY-ADJUSTED
> * NOMINAL consumption because we don't have a spatial adjustment yet.
> *
> * (Then we iterate this process to arrive at a final food bundle in later code)
> **************************************************************************;
. *CA modified to bring in hhdata into bootstrap;
. /*
> This file uses:
>                 work/cons_cod.dta
>                 work/hhdata.dta
>                 work/products.dta
>                 work/consump_nom.dta
>                 work/temp_index_reg_tpi.dta
>                 work/food_cat.dta
> 
> This file creates:
>                 work/food_basket_flex.dta
>                 work/codes_food_basket_flex.dta
> */
> 
> 
> 
> *do "$path/new/010_initial.do";
. **************************************************************************;
. * First, make a small temp file that has the temporally adjusted 
> * nominal consumption per capita, using work/consump_nom and 
> * work/temp_index_reg_tpi.dta. Make a dummy variable indicating
> * whether they are in the bottom 60%.
> **************************************************************************;
. use "$path/work/conpc.dta", clear;

. *use "$path/work/consump_nom.dta", clear;
. *CA modified to merge in work/hhdata.dta for bootstrap;
.         sort hhid;

.         merge hhid using "$path/work/hhdata.dta";

.         tab _m;

     _merge |      Freq.     Percent        Cum.
------------+-----------------------------------
          1 |          1        0.01        0.01
          3 |      7,426       99.99      100.00
------------+-----------------------------------
      Total |      7,427      100.00

.         drop _m;

.         keep hhid hhweight hhsize cons_pc_nom reg_tpi rural survquar;

.         sort reg_tpi survquar;

.         cap drop _merge;

.         merge reg_tpi survquar using "$path/work/temp_index_reg_tpi.dta";
variables reg_tpi survquar do not uniquely identify observations in the master data
(label lsurvquar already defined)
(label region already defined)

.         tab _merge;

     _merge |      Freq.     Percent        Cum.
------------+-----------------------------------
          1 |          1        0.01        0.01
          3 |      7,426       99.99      100.00
------------+-----------------------------------
      Total |      7,427      100.00

.         drop _merge;

.         sort hhid;

.         merge hhid using "$path/work/conpc.dta";

.         tab _merge;

     _merge |      Freq.     Percent        Cum.
------------+-----------------------------------
          3 |      7,427      100.00      100.00
------------+-----------------------------------
      Total |      7,427      100.00

.         drop _merge;

.                 gen food_pc_tpi  = food_pc_nom /tpi_trim;
(12 missing values generated)

.         lab var food_pc_tpi "Temp-adjusted per capita food consumption/day";

.         gen cons_pc_tpi = food_pc_tpi + nf_pc_nom;
(13 missing values generated)

.         lab var cons_pc_tpi "Temp adjusted total consumption/day";

.         gen one=1;

.         tempfile contpi;

.         save `contpi', replace;
(note: file /tmp/St03872.000001 not found)
file /tmp/St03872.000001 saved

.         collapse (p$bottom) one cons_pc_tpi [aw=hhsize*hhweight] ;

.         rename cons_pc_tpi pctile_60;

.         tempfile 60pct;

.         sort one;

.         save `60pct', replace;
(note: file /tmp/St03872.000002 not found)
file /tmp/St03872.000002 saved

.                 use `contpi';

.                 sort one;

.                 merge one using `60pct';
variable one does not uniquely identify observations in the master data

.                 tab _merge;

     _merge |      Freq.     Percent        Cum.
------------+-----------------------------------
          3 |      7,427      100.00      100.00
------------+-----------------------------------
      Total |      7,427      100.00

.                 drop _merge;

.                 drop one;

.                         gen bottom_basket=cons_pc_tpi< pctile_60;

.                 tab bottom_basket [aw=hhsize*hhweight];

bottom_bask |
         et |      Freq.     Percent        Cum.
------------+-----------------------------------
          0 | 3,707.9462       50.01       50.01
          1 | 3,707.0538       49.99      100.00
------------+-----------------------------------
      Total |      7,415      100.00

.                 lab var bottom_basket "=1 if in bottom 60% of PCE";

.                                 sort hhid;

. save `contpi' , replace;
file /tmp/St03872.000001 saved

. **************************************************************************;
. * Next, need to keep only the food products in order to calculate the 
> * food poverty line, and then calculate the food expenses by code.
> **************************************************************************;
. use "$path/work/cons_cod.dta";

. /*
>         sort product;
>         merge product using "$path/work/food_cat.dta";
>         tab _merge;
>         keep if _merge==3;
>         drop _merge;
> */
>         
>         keep if food_cat;
(0 observations deleted)

.         codebook hhid;

--------------------------------------------------------------------------------------------
hhid                                                                             (unlabeled)
--------------------------------------------------------------------------------------------

                  type:  numeric (double)

                 range:  [1.013e+09,4.153e+09]        units:  1
         unique values:  7425                     missing .:  133/99750

                  mean:   2.4e+09
              std. dev:   1.1e+09

           percentiles:        10%       25%       50%       75%       90%
                           1.1e+09   1.1e+09   2.1e+09   3.1e+09   4.1e+09

.         sort hhid;

. **************************************************************************;
. * Next, merge in the consumption information, and select those in bottom
> * 60% of nominal distribution, after making temporal adjustment. 
> **************************************************************************;
.         merge hhid using `contpi';
variable hhid does not uniquely identify observations in the master data

.         tab _merge;

     _merge |      Freq.     Percent        Cum.
------------+-----------------------------------
          2 |          1        0.00        0.00
          3 |     99,750      100.00      100.00
------------+-----------------------------------
      Total |     99,751      100.00

.         keep if _merge==3;
(1 observation deleted)

.         drop _merge;

.         keep if bottom_basket==1;
(61846 observations deleted)

.      **************************************************************************;
. * Calculate food shares. Since we're only doing shares here, we can
> * work with the expenditures without doing temporal adjustment.
> **************************************************************************;
.           gen  food_expenditure= cod_hh_nom;

.                             *gen  food_expenditure= own_valued + daily_valued + monthly_va
> lued + educ_valued;
.           egen tot_food_expen= sum (food_expen), by (hhid) ;

.           count if food_expenditure==.;
    0

.           count if tot_food_expen==.;
    0

.                     gen food_share= food_expenditure/tot_food_expen;

.           count if food_share==.;
    0

.           drop if food_share==.;
(0 observations deleted)

.           sort hhid product;

.                         tempfile food_basket_flex;

. save `food_basket_flex', replace;
(note: file /tmp/St03872.000003 not found)
file /tmp/St03872.000003 saved

. ********************************************************************************;
. * Now prepare to get the variable spdomain to the using dataset, and then find the 
> * total shares by each product in order to select the most important goods in the 
> * basket.
> ********************************************************************************;
.                 preserve;

.                 use "$path/work/hhdata.dta", clear;

.                         keep hhid spdomain;

.                         sort hhid;

.                         tempfile spdomain;

.                 save `spdomain' , replace;
(note: file /tmp/St03872.000005 not found)
file /tmp/St03872.000005 saved

.                 restore;

.                            collapse (mean) hhweight, by (hhid);

.            sort hhid ;

.             merge hhid using `spdomain';

.            tab _merge;

     _merge |      Freq.     Percent        Cum.
------------+-----------------------------------
          2 |      4,087       55.04       55.04
          3 |      3,339       44.96      100.00
------------+-----------------------------------
      Total |      7,426      100.00

.            drop if _m==2;
(4087 observations deleted)

.            drop _merge;

.             collapse (sum) hhweight , by(spdomain);

.            rename hhweight tothhweight;

.            tempfile tothhweight;

. save `tothhweight';
file /tmp/St03872.000006 saved

. use `food_basket_flex';

.           sort hhid;

.           merge hhid using `spdomain';
variable hhid does not uniquely identify observations in the master data

.           tab _merge;

     _merge |      Freq.     Percent        Cum.
------------+-----------------------------------
          2 |      4,087        9.73        9.73
          3 |     37,904       90.27      100.00
------------+-----------------------------------
      Total |     41,991      100.00

.           sort _m;

.           drop if _m==2;
(4087 observations deleted)

.           drop _m;

.           sort spdomain;

.             merge spdomain using `tothhweight';
variable spdomain does not uniquely identify observations in the master data
(label lspdomain already defined)

.           tab _merge;

     _merge |      Freq.     Percent        Cum.
------------+-----------------------------------
          3 |     37,904      100.00      100.00
------------+-----------------------------------
      Total |     37,904      100.00

.           drop _merge;

.             sort spdomain product;

.             gen f_share_w=(food_share*hhweight)/tothhweight;

.                                                 *drop descript;
.                         *gen descript = 0;
.             collapse (sum) f_share_w, by(spdomain product descript);

.                      sort spdomain f_share_w;

.           by spdomain: gen cumshr= sum(f_share_w);

.                     count if cumshr<=.075;
  251

.           drop if cumshr<=.075;
(251 observations deleted)

.             lab var f_share_w "average food share for the 13 regions";

. save "$path/work/food_basket_flex.dta", replace;
(note: file /home/bjvca/data/data/GAP/Haruna/UNHS_2005/GAPP2//work/food_basket_flex.dta not 
> found)
file /home/bjvca/data/data/GAP/Haruna/UNHS_2005/GAPP2//work/food_basket_flex.dta saved

. * List first spatial region to get an idea about contents;
. list product spdomain f_share_w cumshr if spdomain==1;

     +------------------------------------------+
     | product   spdomain   f_shar~w     cumshr |
     |------------------------------------------|
  1. |     137    Kampala   .0121506   .0870261 |
  2. |     122    Kampala   .0135853   .1006114 |
  3. |     127    Kampala   .0145847   .1151961 |
  4. |     125    Kampala   .0152337   .1304298 |
  5. |     107    Kampala   .0152833    .145713 |
     |------------------------------------------|
  6. |     141    Kampala   .0167459    .162459 |
  7. |     157    Kampala   .0258791   .1883381 |
  8. |     101    Kampala   .0302068    .218545 |
  9. |     105    Kampala   .0369805   .2555254 |
 10. |     113    Kampala   .0419751   .2975005 |
     |------------------------------------------|
 11. |     147    Kampala   .0431395   .3406399 |
 12. |     110    Kampala   .0788441    .419484 |
 13. |     999    Kampala    .580516          1 |
     +------------------------------------------+

.                     gen numreg=1;

.           collapse (sum) numreg cumshr, by (product descript);

.                           keep product descript numreg;

.           display _N;
43

.                     lab var numreg "number of goods in the basket";

. /*
>           merge product using "$path/work/products.dta";
>             tab _merge;
>           keep if _merge==3;
> */
>           keep product descript numreg;

.             sort product;

.                display _N;
43

.   save "$path/work/codes_food_basket_flex.dta", replace;
(note: file /home/bjvca/data/data/GAP/Haruna/UNHS_2005/GAPP2//work/codes_food_basket_flex.dt
> a not found)
file /home/bjvca/data/data/GAP/Haruna/UNHS_2005/GAPP2//work/codes_food_basket_flex.dta saved

. **************************************************************************
> * 100_food_basket_flex.do     (end)
> **************************************************************************;
. cap log close;
