-----------------------------------------------------------------------
      name:  <unnamed>
       log:  C:\Users\Templeton\Desktop\GAPP\GAPP-UGANDA-HARUNA\UNHS_20
> 05\GAPP2/rep/210_povmeas_ent_flex.log
  log type:  text
 opened on:  11 Jun 2013, 12:43:18

. clear

. set more off

. #delimit ;
delimiter now ;
. *********************************************************************
> ************
> * 210_povmeas_ent_flex.do               (start)
> *
> * This file produces poverty measures taking the entropy adjusted pov
> erty 
> * lines as a base. It produces two sets of poverty measures. In one, 
> * Maputo is treated with the logic of the fixed bundle. In the second
> , the revealed preference logic
> * is maintained. Here, the flexible bundle is viewed as being determi
> ned by the 
> * lower constraint on the value of the food bundle dictated by P_t2*Q
> _t1. In this case,
> * the year t2 food shares are calculated and applied.
> *
> * Fixed poverty lines/etc. are mentioned here and there. But there ar
> e NO fixed
> * calculations for Maputo (or other provinces) anymore
> *
> *********************************************************************
> ************;
. /*
> This file uses:
>         work\povline_food_ent.csv
>         work\conpc.dta
>         work\hhdata.dta
>         work/temp_index_reg_tpi.dta
> 
> This file creates:
>         work\povlines_ent.dta
>         work\povmeas_ent_flex.dta
>         work\povlines_ent.dta
>       work\nat_pov_ent_m.csv
>       work\rur_pov_ent_m.csv
>       work\news_pov_ent_m.csv
>       work\reg_tpi_pov_ent_m.csv
>       work\strata_pov_ent_m.csv
>       work\spdomain_pov_ent_m.csv
>       work\spdomain_pov_ent_m.csv
>         work\povlines_ent.csv
> */
> 
> 
> 
> *********************************************************************
> *****;
. * Bring in data file with nominal consumption per capita, and deflate
>  it
> * by temporal price index.
> *********************************************************************
> *****;
. use "$path/work/hhdata.dta", clear;

.         sort reg_tpi survquar;

.         merge reg_tpi survquar using "$path/work/temp_index_reg_tpi.d
> ta";
variables reg_tpi survquar do not uniquely identify observations in
    the master data
(label lsurvquar already defined)
(label region already defined)

.         tab _merge;

     _merge |      Freq.     Percent        Cum.
------------+-----------------------------------
          3 |      7,426      100.00      100.00
------------+-----------------------------------
      Total |      7,426      100.00

.         drop _merge;

.         sort hhid;

.         merge hhid using "$path/work/conpc.dta";

.         tab _merge;

     _merge |      Freq.     Percent        Cum.
------------+-----------------------------------
          2 |          1        0.01        0.01
          3 |      7,426       99.99      100.00
------------+-----------------------------------
      Total |      7,427      100.00

.         drop _merge;

.         gen food_pc_tpi  = food_pc_nom /tpi_trim;
(12 missing values generated)

.         lab var food_pc_tpi "Temp-adjusted per capita food consumptio
> n/day";

.         gen cons_pc_tpi = food_pc_tpi + nf_pc_nom;
(13 missing values generated)

.         lab var cons_pc_tpi "Temp adjusted total consumption/day";

.         gen one=1;

.         tempfile contpi;

. save `contpi', replace;
(note: file C:\Users\TEMPLE~1\AppData\Local\Temp\ST_0k000001.tmp not fo
> und)
file C:\Users\TEMPLE~1\AppData\Local\Temp\ST_0k000001.tmp saved

. *********************************************************************
> *****;
. * Calculate the food shares for people near the food poverty line
> *********************************************************************
> *****;
. *Bring in entropy estimated flexible lines;
. clear;

. insheet using "$path\work\povline_food_ent.csv";
file
    C:\Users\Templeton\Desktop\GAPP\GAPP-UGANDA-HARUNA\UNHS_2005\GAPP
    > 2\work\povline_food_ent.csv not found
r(601);

end of do-file
r(601);

end of do-file

r(601);

. exit, clear
