-------------------------------------------------------------------------------------------
      name:  <unnamed>
       log:  C:\Users\Templeton\Desktop\GAPP\GAPP-UGANDA-HARUNA\ww-ug\10_MZ\rep\110_price_u
> nit_flex.log
  log type:  text
 opened on:  24 May 2013, 11:01:24

. clear

. set more off

. #delimit ;
delimiter now ;
. ****************************************************************************************
> * 110_price_unit_flex.do                (start)
> *
> * Purpose: This do file creates a price_unit_flex database with the unit prices of the
> * goods of the flexible food basket in order to determine the poverty lines per spatial
> * domain. It uses the files work\daily.dta and work\own.dta file and draw unit prices
> * by: sum of values and quantity
> ****************************************************************************************;
. *CA modified to bring in work\hhdata.dta for bootstrap
> *CA check for price calcs conditional on number of observations;
. /*
> This file uses:
>         work\daily.dta
>         work\own.dta
>         work\hhdata.dta
>         work\consump_nom.dta
>         work\codes_food_basket_flex.dta
>         work\temp_index_reg_tpi.dta
>           new\conversions.do
> 
> This file creates:
>         work\price_unit_flex.dta
>         work\bottom_basket.dta
> */
> 
> 
> 
> 
> *do "$path/new/010_initial.do";
. **************************************************************************************
> * Create sorted data set with daily and own and the matched codes
> **************************************************************************************;
. use "$path/work/cons_cod_trans.dta", clear;

. *use "$path/in/cons_cod_trans.dta", clear;
. *save "$path/work/cons_cod_trans.dta", replace;
. *drop if quantityd==0 ;
. drop value    valued;

. drop quantity quantityd;

. rename valuez    value;

. rename quantityz quantity;

. drop if quantity==0 ;
(2671 observations deleted)

. *drop count;
.         sort product;

.         gen count=1;

. save `dd_acsort', replace;
file C:\Users\Templeton\Desktop\GAPP\GAPP-UGANDA-HARUNA\ww-ug\10_MZ/work/cons_cod_trans.dta
>  saved

. /*
> use "$path\work\daily.dta";
>         drop days;
>         sort product;
>         tempfile dd_acsort;
> save `dd_acsort', replace;
> 
> use "$path\work\own.dta";
>         keep hhid product valued quantityd unit;
>         rename valued value;
>         rename quantityd quantity;
> 
>         *CHECK THE ZEROS IN quantity FOR NOW DELETE;
>         drop if quantity==0;
> 
>         append using `dd_acsort';
> 
> *CA modified to merge in work\hhdata.dta for bootstrap;
>         sort hhid;
>       merge hhid using "$path\work\hhdata.dta";
>       tab _m;
> 
> * Drop observations if non existent in HH data set;
> drop if _m!=3;
> drop _m;
> 
> 
>         sort product;
>         gen count=1;
> 
> 
> save `dd_acsort', replace;
> */
> 
> 
> **************************************************************************************;
. * Merge the flexible food basket codes with the daily and own data sets
> * Drop all codes not a part of the flexible food basket
> **************************************************************************************;
.         merge product using "$path\work\codes_food_basket_flex.dta";
variable product does not uniquely identify observations in the master data

.         tab _merge;

     _merge |      Freq.     Percent        Cum.
------------+-----------------------------------
          1 |     44,179       19.25       19.25
          3 |    185,324       80.75      100.00
------------+-----------------------------------
      Total |    229,503      100.00

.         drop if _merge~=3;
(44179 observations deleted)

.         drop _merge;

. **************************************************************************************;
. * Drop observations where product code or quantity or value information is unavailable
> **************************************************************************************;
.         drop if product==. | value==. | quantity==.  ;
(2194 observations deleted)

. **************************************************************************************;
. * Convert non-KG quantities (units and liters) to kilograms;
. **************************************************************************************;
. *do "$path\new\110a_conversions.do"
> 
> ********************************************************************
> * There remain a few difficult to interpret observations such as liters
> * of fish and liters of pasta. These are dropped
> ********************************************************************;
. *        drop if unit~=2;
. ********************************************************************
> * Merge in labels for the 13 spatial domains
> ********************************************************************;
.         preserve;

.                 use "$path/work/hhdata.dta", clear;

.                                                                         keep hhid spdomai
> n reg_tpi survquar;

.                         sort hhid;

.                         tempfile spdomainreg_tpi;

.                 save `spdomainreg_tpi', replace;
(note: file C:\Users\TEMPLE~1\AppData\Local\Temp\ST_0k000002.tmp not found)
file C:\Users\TEMPLE~1\AppData\Local\Temp\ST_0k000002.tmp saved

.         restore;

.                 sort hhid;

.         merge hhid using `spdomainreg_tpi';
variable hhid does not uniquely identify observations in the master data

.         tab _merge;

     _merge |      Freq.     Percent        Cum.
------------+-----------------------------------
          2 |         81        0.04        0.04
          3 |    183,130       99.96      100.00
------------+-----------------------------------
      Total |    183,211      100.00

.         drop _merge;

.         drop if product==.;
(81 observations deleted)

. ********************************************************************
> * Merge in temporal price index to convert nominal value to real
> ********************************************************************;
.         sort reg_tpi survquar;

.         merge reg_tpi survquar using "$path\work\temp_index_reg_tpi.dta";
variables reg_tpi survquar do not uniquely identify observations in the master data
(label survquar already defined)
(label news_ru_ur already defined)

.         tab _merge;

     _merge |      Freq.     Percent        Cum.
------------+-----------------------------------
          3 |    183,130      100.00      100.00
------------+-----------------------------------
      Total |    183,130      100.00

.         drop if _merge ~= 3;
(0 observations deleted)

.         drop _merge;

.         gen value_r=value/tpi_trim;

. **************************************************************************;
. * Identify relatively poor households, based on nominal temporally adjusted
> * consumption per capita. Only work with these households for the price
> * calculations.
> **************************************************************************;
.                 preserve;

.                         use "$path/work/conpc.dta", clear;

. *                       use "$path/work/consump_nom.dta", clear;
. *CA modified to merge in work\hhdata.dta for bootstrap;
.         sort hhid;

.       merge hhid using "$path\work\hhdata.dta";

.       tab _m;

     _merge |      Freq.     Percent        Cum.
------------+-----------------------------------
          3 |     10,832      100.00      100.00
------------+-----------------------------------
      Total |     10,832      100.00

.       drop _m;

. *CA modified to keep bswt;
.                                 keep hhid hhweight hhsize cons_pc_nom bswt ;

.                                 sort hhid;

.                                 merge hhid using `spdomainreg_tpi';
(label reg13 already defined)
(label news_ru_ur already defined)
(label survquar already defined)

.                                 tab _merge;

     _merge |      Freq.     Percent        Cum.
------------+-----------------------------------
          3 |     10,832      100.00      100.00
------------+-----------------------------------
      Total |     10,832      100.00

.                                 drop _merge;

.                                 sort reg_tpi survquar;

.                                 cap drop _merge;

.                                 merge reg_tpi survquar using "$path/work/temp_index_reg_t
> pi.dta";
variables reg_tpi survquar do not uniquely identify observations in the master data
(label survquar already defined)
(label news_ru_ur already defined)

.                                 tab _merge;

     _merge |      Freq.     Percent        Cum.
------------+-----------------------------------
          3 |     10,832      100.00      100.00
------------+-----------------------------------
      Total |     10,832      100.00

.                                 drop _merge;

.                                 sort hhid;

.                                 merge hhid using "$path/work/conpc.dta";

.                                 tab _merge;

     _merge |      Freq.     Percent        Cum.
------------+-----------------------------------
          3 |     10,832      100.00      100.00
------------+-----------------------------------
      Total |     10,832      100.00

.                                 drop _merge;

.                                 gen food_pc_tpi  = food_pc_nom /tpi_trim;

.                                 lab var food_pc_tpi "Temp-adjusted per capita food consum
> ption/day";

.                                                                 * Non-food not TPI adjust
> ed ;
.                                 gen cons_pc_tpi = food_pc_tpi + nf_pc_nom;

.                                 lab var cons_pc_tpi "Temp adjusted total consumption/day"
> ;

.                                 gen one=1;

.                                 tempfile contpi;

.                                 save `contpi', replace;
(note: file C:\Users\TEMPLE~1\AppData\Local\Temp\ST_0k000004.tmp not found)
file C:\Users\TEMPLE~1\AppData\Local\Temp\ST_0k000004.tmp saved

.                                 collapse (p$bottom) one cons_pc_tpi [aw=hhsize*hhweight],
>  by(spdomain) ;

.                                 rename cons_pc_tpi pctile_60;

.                                 tempfile 60pct;

.                                 sort spdomain;

.                                 save `60pct', replace;
(note: file C:\Users\TEMPLE~1\AppData\Local\Temp\ST_0k000005.tmp not found)
file C:\Users\TEMPLE~1\AppData\Local\Temp\ST_0k000005.tmp saved

.                                 use `contpi';

.                                         sort spdomain;

.                                         merge spdomain using `60pct';
variable spdomain does not uniquely identify observations in the master data
(label reg13 already defined)

.                                         tab _merge;

     _merge |      Freq.     Percent        Cum.
------------+-----------------------------------
          3 |     10,832      100.00      100.00
------------+-----------------------------------
      Total |     10,832      100.00

.                                         drop _merge;

.                                         drop one;

.                                         sort spdomain;

.                                         gen bottom_basket=cons_pc_tpi< pctile_60;

.                                         by spdomain: tab bottom_basket [aw=hhsize*hhweigh
> t];

-------------------------------------------------------------------------------------------
-> spdomain = Niassa & Cabo Delg.-rur

bottom_bask |
         et |      Freq.     Percent        Cum.
------------+-----------------------------------
          0 | 485.694933       50.07       50.07
          1 | 484.305067       49.93      100.00
------------+-----------------------------------
      Total |        970      100.00

-------------------------------------------------------------------------------------------
-> spdomain = Niassa & Cabo Delg.-urb

bottom_bask |
         et |      Freq.     Percent        Cum.
------------+-----------------------------------
          0 | 316.078341       50.65       50.65
          1 | 307.921659       49.35      100.00
------------+-----------------------------------
      Total |        624      100.00

-------------------------------------------------------------------------------------------
-> spdomain = Nampula-rural

bottom_bask |
         et |      Freq.     Percent        Cum.
------------+-----------------------------------
          0 | 503.200401       50.07       50.07
          1 | 501.799599       49.93      100.00
------------+-----------------------------------
      Total |      1,005      100.00

-------------------------------------------------------------------------------------------
-> spdomain = Nampula-urban

bottom_bask |
         et |      Freq.     Percent        Cum.
------------+-----------------------------------
          0 | 285.546889       50.10       50.10
          1 | 284.453111       49.90      100.00
------------+-----------------------------------
      Total |        570      100.00

-------------------------------------------------------------------------------------------
-> spdomain = Sofala & Zambezia-rural

bottom_bask |
         et |      Freq.     Percent        Cum.
------------+-----------------------------------
          0 |755.8867916       50.03       50.03
          1 |755.1132084       49.97      100.00
------------+-----------------------------------
      Total |      1,511      100.00

-------------------------------------------------------------------------------------------
-> spdomain = Sofala & Zambezia-urban

bottom_bask |
         et |      Freq.     Percent        Cum.
------------+-----------------------------------
          0 | 431.600163       50.01       50.01
          1 | 431.399837       49.99      100.00
------------+-----------------------------------
      Total |        863      100.00

-------------------------------------------------------------------------------------------
-> spdomain = Manica & Tete-rural

bottom_bask |
         et |      Freq.     Percent        Cum.
------------+-----------------------------------
          0 |522.3256783       50.03       50.03
          1 |521.6743217       49.97      100.00
------------+-----------------------------------
      Total |      1,044      100.00

-------------------------------------------------------------------------------------------
-> spdomain = Manica & Tete-urbana

bottom_bask |
         et |      Freq.     Percent        Cum.
------------+-----------------------------------
          0 | 265.270126       50.24       50.24
          1 | 262.729874       49.76      100.00
------------+-----------------------------------
      Total |        528      100.00

-------------------------------------------------------------------------------------------
-> spdomain = Gaza & Inhambane-rural

bottom_bask |
         et |      Freq.     Percent        Cum.
------------+-----------------------------------
          0 | 450.791541       50.14       50.14
          1 | 448.208459       49.86      100.00
------------+-----------------------------------
      Total |        899      100.00

-------------------------------------------------------------------------------------------
-> spdomain = Gaza & Inhambane-urban

bottom_bask |
         et |      Freq.     Percent        Cum.
------------+-----------------------------------
          0 | 359.917569       50.06       50.06
          1 | 359.082431       49.94      100.00
------------+-----------------------------------
      Total |        719      100.00

-------------------------------------------------------------------------------------------
-> spdomain = Maputo Province-rural

bottom_bask |
         et |      Freq.     Percent        Cum.
------------+-----------------------------------
          0 | 90.8027703       50.45       50.45
          1 | 89.1972297       49.55      100.00
------------+-----------------------------------
      Total |        180      100.00

-------------------------------------------------------------------------------------------
-> spdomain = Maputo Province-urban

bottom_bask |
         et |      Freq.     Percent        Cum.
------------+-----------------------------------
          0 | 360.087026       50.01       50.01
          1 | 359.912974       49.99      100.00
------------+-----------------------------------
      Total |        720      100.00

-------------------------------------------------------------------------------------------
-> spdomain = Maputo City

bottom_bask |
         et |      Freq.     Percent        Cum.
------------+-----------------------------------
          0 |    600.651       50.10       50.10
          1 |    598.349       49.90      100.00
------------+-----------------------------------
      Total |      1,199      100.00


.                                         lab var bottom_basket "=1 if in bottom (60%) of P
> CE";

.                                         sort hhid;

.                                                                 save "$path\work\bottom_b
> asket.dta", replace;
file C:\Users\Templeton\Desktop\GAPP\GAPP-UGANDA-HARUNA\ww-ug\10_MZ\work\bottom_basket.dta 
> saved

.         restore;

.         sort hhid;

.         merge hhid using "$path\work\bottom_basket.dta";
variable hhid does not uniquely identify observations in the master data
(label survquar already defined)
(label news_ru_ur already defined)
(label reg13 already defined)

.         tab _merge;

     _merge |      Freq.     Percent        Cum.
------------+-----------------------------------
          2 |         81        0.04        0.04
          3 |    183,130       99.96      100.00
------------+-----------------------------------
      Total |    183,211      100.00

.         drop _merge;

.                         * Only keep price observations for the poor ;
.         keep if bottom_basket==1;
(112241 observations deleted)

.         **************************************************************************;
. * Toss out the bottom 5% and top 5% of the HH-LEVEL prices per kg in
> * for each spdomain & product combination. This should eliminate outliers
> * that may have an undue influence on the price calculation. 
> **************************************************************************;
.                 gen hhppkg=value_r/quantity;
(69 missing values generated)

.                 egen lower5=pctile(hhppkg), p(5) by(spdomain product);
(69 missing values generated)

.                 egen upper5=pctile(hhppkg), p(95) by(spdomain product);
(69 missing values generated)

. sum;

    Variable |       Obs        Mean    Std. Dev.       Min        Max
-------------+--------------------------------------------------------
        hhid |     70970    617059.4    333963.2       1055    1060069
     product |     70901    12204.73    8127.693      11112     119291
        unit |     70901           2           0          2          2
 own_valued2 |     16358    5.149077    9.877154          0        153
       value |     70901    10.78787    26.27373          0       1050
-------------+--------------------------------------------------------
    quantity |     70901    .6291503    2.020526   .0007143        150
        days |     54523    1.587275    5.495274          1        730
daily_valu~2 |     54543      12.479    29.25218          0       1050
       days2 |     54523    1.587275    5.495274          1        730
    food_cat |     70901           1           0          1          1
-------------+--------------------------------------------------------
       count |     70901           1           0          1          1
    descript |         0
      numreg |     70901    9.649413    3.771582          1         13
    survquar |     70970    2.463999     1.11152          1          4
     reg_tpi |     70970    4.066028     1.83872          1          6
-------------+--------------------------------------------------------
    spdomain |     70970    7.882626    4.077668          1         13
    tpi_trim |     70970    1.017025    .0523565    .911971   1.144117
     value_r |     70901    10.60635    25.73419          0       1050
 cons_pc_nom |     70970    16.03584    8.542838   .5010331   40.57268
    hhweight |     70970    363.0387    386.4117   39.58433   8495.651
-------------+--------------------------------------------------------
      hhsize |     70970     6.07351    2.580556          1         23
        bswt |     70970           1           0          1          1
 cons_hh_nom |     70970    97.75036    71.78728   1.079779   620.9477
 food_pc_nom |     70970    8.780533    4.056364   .0239118   33.10923
   nf_pc_nom |     70970    7.255309    6.177412   .1096491   37.92599
-------------+--------------------------------------------------------
 food_pc_tpi |     70970    8.665799    4.041908   .0240237   32.79527
 cons_pc_tpi |     70970    15.92111    8.560246   .4552435   40.26645
   pctile_60 |     70970    23.45345    10.06516   10.71368   40.29236
bottom_bas~t |     70970           1           0          1          1
      hhppkg |     70901    39.92543    136.5984          0   23437.82
-------------+--------------------------------------------------------
      lower5 |     70901    18.01935    24.28189          0   219.3052
      upper5 |     70901    75.38599    393.1991          0   23437.82

. describe;

Contains data from C:\Users\Templeton\Desktop\GAPP\GAPP-UGANDA-HARUNA\ww-ug\10_MZ/work/cons
> _cod_trans.dta
  obs:        70,970                          
 vars:            32                          24 May 2013 11:01
 size:    26,400,840                          (_dta has notes)
-------------------------------------------------------------------------------------------
              storage  display     value
variable name   type   format      label      variable label
-------------------------------------------------------------------------------------------
hhid            float  %9.0g                  
product         double %10.0g                 
unit            byte   %10.0g                 
own_valued2     float  %9.0g                  
value           float  %9.0g                  
quantity        float  %9.0g                  
days            int    %8.0g                  
daily_valued2   float  %9.0g                  
days2           float  %9.0g                  
food_cat        float  %9.0g                  Food category for poverty food share
                                                calculation
count           float  %9.0g                  
descript        str244 %244s                  Product name
numreg          double %9.0g                  number of goods in the basket
survquar        float  %10.0g      survquar   Time period
reg_tpi         float  %12.0g      news_ru_ur
                                              
spdomain        float  %23.0g      reg13      
tpi_trim        float  %9.0g                  Six regions: TRIMMED Temporal price index
                                                (Q4=1)
value_r         float  %9.0g                  
cons_pc_nom     float  %9.0g                  
hhweight        float  %9.0g                  HH sample weight
hhsize          byte   %8.0g                  HH size
bswt            float  %9.0g                  
cons_hh_nom     double %9.0g                  (sum) cod_hh_nom
food_pc_nom     float  %9.0g                  nominal food consumption per capita
nf_pc_nom       float  %9.0g                  nominal non-food consumption per capita
food_pc_tpi     float  %9.0g                  Temp-adjusted per capita food consumption/day
cons_pc_tpi     float  %9.0g                  Temp adjusted total consumption/day
pctile_60       float  %9.0g                  (p 50) cons_pc_tpi
bottom_basket   float  %9.0g                  =1 if in bottom (60%) of PCE
hhppkg          float  %9.0g                  
lower5          float  %9.0g                  
upper5          float  %9.0g                  
-------------------------------------------------------------------------------------------
Sorted by:  
     Note:  dataset has changed since last saved

. keep if hhppkg-lower5>=0 & hhppkg-upper5<=0;
(5711 observations deleted)

. *********************************************************************
> * Note that we do prices in three ways. First, by summing quantity and value 
> * This average price price_unitw is thus quantity/value weighted. Second, we
> * calculate the price and take simple means for a transaction weighted
> * price, price_unitt. Last we take the median, price_unitm. But in the end
> * we only use price_unitw
> *********************************************************************;
.         gen price_unitt=value_r/(quantity*1000);

.         gen price_unitm=price_unitt;

.                 *CA modified to count the boot sample weight bswt;
.         collapse (sum) quantity value_r count bswt 
>                  (mean) price_unitt 
>                  (median) price_unitm [aw=hhweight], by(spdomain product);

.         *Generate weighted price per gram ;
.         gen price_unitw=value_r/(quantity*1000);

.         drop value_r quantity;

.         sort spdomain product;

.         lab var price_unitt "simple average of calculated prices - transaction weighted";

.         lab var price_unitm "median of prices";

.         lab var price_unitw "value share weighted mean prices";

. * Get an idea of the difference between the price measures;
.         gen ratiotw=price_unitt/price_unitw;
(5 missing values generated)

.         gen ratiomw=price_unitm/price_unitw;
(5 missing values generated)

.         sum ratiotw ratiomw;

    Variable |       Obs        Mean    Std. Dev.       Min        Max
-------------+--------------------------------------------------------
     ratiotw |       720    1.603589     7.00967   .4907718   167.2426
     ratiomw |       720    1.124457    1.065056          0   22.49004

.         sort product;

.         merge product using "$path/work/codes_food_basket_flex.dta";
variable product does not uniquely identify observations in the master data

.         tab _m;

     _merge |      Freq.     Percent        Cum.
------------+-----------------------------------
          3 |        725      100.00      100.00
------------+-----------------------------------
      Total |        725      100.00

.         count if _merge~=3;
    0

.         drop if _merge~=3;
(0 observations deleted)

.         drop _merge;

.         sort product spdomain;

. save "$path\work\price_unit_flex.dta", replace;
file C:\Users\Templeton\Desktop\GAPP\GAPP-UGANDA-HARUNA\ww-ug\10_MZ\work\price_unit_flex.dt
> a saved

. ****************************************************************************************
> * 110_price_unit_flex.do                (end)
> ****************************************************************************************;
. cap log close;
