-------------------------------------------------------------------------------------------
      name:  <unnamed>
       log:  C:\Users\Templeton\Desktop\GAPP\GAPP-UGANDA-HARUNA\ww-ug\10_MZ/rep/130_povmeas
> _flex.log
  log type:  text
 opened on:  24 May 2013, 11:01:29

. clear

. set more off

. #delimit ;
delimiter now ;
. **************************************************************************
> * 130_povmeas_flex.do           (start)
> *
> * Purpose:
> * Initial poverty measures calculation for flexible basket. (Before any iteration)
> **************************************************************************;
. *CA modified to add work\hhdata.dta for bootstrap;
. /*
> This file uses:
>         in\foodshr96.dta
>         work\povline_f_flex.dta
>         work\consump_nom.dta
>         work\hhdata.dta
>         work/temp_index_reg_tpi.dta
> 
> This file creates:
>         work\foodshr96.dta
>         work\povmeas.dta
>         work\povlines.dta
>         work/cons_real.dta
> */
> 
> 
> 
> **************************************************************************;
. * Bring in data file with nominal consumption per capita, and deflate it
> * by temporal price index.
> **************************************************************************;
. use "$path/work/hhdata.dta", clear;

.         keep hhid strata reg_tpi spdomain news rural survmon survquar;

.         tab reg_tpi, miss;

     reg_tpi |      Freq.     Percent        Cum.
-------------+-----------------------------------
North  Rural |      1,975       18.23       18.23
North  Urban |      1,194       11.02       29.26
Center Rural |      2,555       23.59       52.84
Center Urban |      1,391       12.84       65.69
South  Rural |      1,079        9.96       75.65
South  Urban |      2,638       24.35      100.00
-------------+-----------------------------------
       Total |     10,832      100.00

.         tab survquar, miss;

Time period |      Freq.     Percent        Cum.
------------+-----------------------------------
 Sep-Nov 08 |      2,658       24.54       24.54
 Dec-Feb 09 |      2,668       24.63       49.17
 Mar-May 09 |      2,914       26.90       76.07
 Jun-Aug 09 |      2,592       23.93      100.00
------------+-----------------------------------
      Total |     10,832      100.00

.         keep hhid spdomain reg_tpi survquar;

.         sort hhid;

.         tempfile spdomainreg_tpi;

. save `spdomainreg_tpi', replace;
(note: file C:\Users\TEMPLE~1\AppData\Local\Temp\ST_0k000001.tmp not found)
file C:\Users\TEMPLE~1\AppData\Local\Temp\ST_0k000001.tmp saved

. use "$path/work/conpc.dta", clear;

. *use "$path/work/consump_nom.dta", clear;
. *CA modified to merge in work\hhdata.dta for bootstrap;
.     sort hhid;

.     merge hhid using "$path\work\hhdata.dta";

.     tab _m;

     _merge |      Freq.     Percent        Cum.
------------+-----------------------------------
          3 |     10,832      100.00      100.00
------------+-----------------------------------
      Total |     10,832      100.00

.     drop _m;

.         keep hhid hhweight hhsize cons_pc_nom ;

.         sort hhid;

.         merge hhid using `spdomainreg_tpi';
(label reg13 already defined)
(label news_ru_ur already defined)
(label survquar already defined)

.         tab _merge;

     _merge |      Freq.     Percent        Cum.
------------+-----------------------------------
          3 |     10,832      100.00      100.00
------------+-----------------------------------
      Total |     10,832      100.00

.         drop _merge;

.         sort reg_tpi survquar;

.         merge reg_tpi survquar using "$path/work/temp_index_reg_tpi.dta";
variables reg_tpi survquar do not uniquely identify observations in the master data
(label survquar already defined)
(label news_ru_ur already defined)

.         tab _merge;

     _merge |      Freq.     Percent        Cum.
------------+-----------------------------------
          3 |     10,832      100.00      100.00
------------+-----------------------------------
      Total |     10,832      100.00

.         drop _merge;

.         sort hhid;

.         merge hhid using "$path/work/conpc.dta";

.         tab _merge;

     _merge |      Freq.     Percent        Cum.
------------+-----------------------------------
          3 |     10,832      100.00      100.00
------------+-----------------------------------
      Total |     10,832      100.00

.         drop _merge;

.         gen food_pc_tpi  = food_pc_nom /tpi_trim;

.         lab var food_pc_tpi "Temp-adjusted per capita food consumption/day";

.                 gen cons_pc_tpi = food_pc_tpi + nf_pc_nom;

.         lab var cons_pc_tpi "Temp adjusted total consumption/day";

.         gen one=1;

. * TPI deflated per capita consumption ;
.         tempfile contpi;

. save `contpi', replace;
(note: file C:\Users\TEMPLE~1\AppData\Local\Temp\ST_0k000002.tmp not found)
file C:\Users\TEMPLE~1\AppData\Local\Temp\ST_0k000002.tmp saved

. **************************************************************************
> * Calculate non-food expenditure for HH around the food poverty line
> *
> * Develop a discrete triangular weighted distribution. This gives a
> * weight of  1 to HH at +/- 18-20% from food poverty line, and
> * weight of  2 to HH at +/- 16-18% from food poverty line, and ...
> * weight of 10 to HH at +/-  0- 2% from food poverty line.
> * This weight is called triwt below.
> **************************************************************************;
. use `contpi';

.         sort spdomain;

.         merge spdomain using "$path/work/povline_food_flex.dta";
variable spdomain does not uniquely identify observations in the master data
(label reg13 already defined)

.         tab _merge;

     _merge |      Freq.     Percent        Cum.
------------+-----------------------------------
          3 |     10,832      100.00      100.00
------------+-----------------------------------
      Total |     10,832      100.00

.         drop _merge;

. gen     triwt = 0 ;

. replace triwt = 11 - round(50*abs(cons_pc_tpi/povline_f_flex-1)+0.5)
>                 if abs(cons_pc_tpi/povline_f_flex-1)<=0.2;
(2044 real changes made)

.                                         * Nearness to poverty line and population weights
>  ;
.         gen tripopwt=triwt*hhweight*hhsize;

.         preserve;

.                 collapse (mean) nf_pc_nom [aw=tripopwt] ,
>                         by(spdomain);

.                                         rename nf_pc_nom povline_na_flex;

.                 lab var povline_na_flex "Nonfood poverty line. Flexible bundle";

.                                 tempfile znf;

.                 sort spdomain;

.                 save `znf', replace;
(note: file C:\Users\TEMPLE~1\AppData\Local\Temp\ST_0k000004.tmp not found)
file C:\Users\TEMPLE~1\AppData\Local\Temp\ST_0k000004.tmp saved

.         restore;

.         sort spdomain;

.         merge spdomain using `znf';
variable spdomain does not uniquely identify observations in the master data
(label reg13 already defined)

.         tab _merge;

     _merge |      Freq.     Percent        Cum.
------------+-----------------------------------
          3 |     10,832      100.00      100.00
------------+-----------------------------------
      Total |     10,832      100.00

.         drop _merge;

.                 *************************************************************************
> *;
. * Poverty line is the sum of the food and non-food poverty lines
> **************************************************************************;
.         gen povline_flex=povline_f_flex + povline_na_flex;

.         lab var povline_flex "Poverty line. Flexible bundle";

.         sort spdomain;

. save "$path\work\povlines.dta", replace;
file C:\Users\Templeton\Desktop\GAPP\GAPP-UGANDA-HARUNA\ww-ug\10_MZ\work\povlines.dta saved

. **************************************************************************;
. * Create spatial price index, based on the total poverty line, with
> * adjustment so that mean (and total) nominal consumption equals
> * mean (and total) spatially deflated consumption.
> *
> * Choose arbitrary strata to be the base at first: we just use the first stratum.
> **************************************************************************;
. use `contpi';

.         sort spdomain;

.         merge spdomain using "$path\work\povlines.dta";
variable spdomain does not uniquely identify observations in the master data
variable spdomain does not uniquely identify observations in
    C:\Users\Templeton\Desktop\GAPP\GAPP-UGANDA-HARUNA\ww-ug\10_MZ\work\povlines.dta
(label reg13 already defined)
(label news_ru_ur already defined)
(label survquar already defined)

.         tab _merge;

     _merge |      Freq.     Percent        Cum.
------------+-----------------------------------
          3 |     10,832      100.00      100.00
------------+-----------------------------------
      Total |     10,832      100.00

.         drop _merge;

.         * Real consumption pc, temporally deflated ;
.         gen cr= cons_pc_tpi ;

.         * Poverty line;
.         gen linpob=povline_flex;

.         qui sum linpob if spdomain==1, meanonly;

.         global spi_base=r(mean);

.         * Spatial price index ;
.         gen spi=linpob/$spi_base;

.         * Real consumption pc, temporally and spatially deflated ;
.         gen cr2=cr/spi;

.         qui sum cr [aw=hhweight*hhsize];

.         global sumcr=r(sum);

.         qui sum cr2 [aw=hhweight*hhsize];

.         global sumcr2=r(sum);

.         replace spi=spi*$sumcr2/$sumcr;
(10832 real changes made)

.         gen linpobr=linpob/spi;

.         replace cr2=cr/spi;
(10832 real changes made)

.         sum cr cr2 linpob linpobr [aw=hhweight*hhsize];

    Variable |     Obs      Weight        Mean   Std. Dev.       Min        Max
-------------+-----------------------------------------------------------------
          cr |   10832  21537187.8    23.78963   38.71481   .4552435   4744.847
         cr2 |   10832  21537187.8    23.78963   32.23932   .6564044   2636.825
      linpob |   10832  21537187.8    18.29999   6.738162   12.15058   37.36042
     linpobr |   10832  21537187.8    18.44199   1.11e-06   18.44199   18.44199

.         lab var cr      "Temporally-adjusted cons pc";

.         lab var cr2     "Spatially & temporally adjusted cons pc";

.         lab var linpob  "Poverty line";

.         lab var linpobr "Real poverty line";

.         lab var spi     "Spatial price index";

. **************************************************************************
> * calculate poverty measures with the flexible food bundle
> **************************************************************************;
.         gen h = 100     if cr <=(linpob);
(6019 missing values generated)

.         replace  h = 0 if cr > (linpob);
(6019 real changes made)

.                         gen             pg      = ((linpob - cr )/linpob) *100;

.         replace         pg      = 0             if h==0;
(6019 real changes made)

.         gen             spg     = ((( linpob - cr )/ linpob )^2)*100;

.         replace         spg     = 0             if h==0;
(6019 real changes made)

.         gen h_flex=h;

.         gen pg_flex=pg;

.         gen spg_flex=spg;

.         lab var h_flex   "Poverty headcount. Flex bundle";

.         lab var pg_flex  "Poverty gap. Flex bundle";

.         lab var spg_flex "Squared poverty gap. Flex bundle";

.         sort hhid;

.         merge hhid using "$path\work\hhdata.dta";
(label survquar already defined)
(label news_ru_ur already defined)
(label reg13 already defined)

.         tab _merge;

     _merge |      Freq.     Percent        Cum.
------------+-----------------------------------
          3 |     10,832      100.00      100.00
------------+-----------------------------------
      Total |     10,832      100.00

.         drop if _merge~=3;
(0 observations deleted)

.         drop _merge;

.         gen popwt=hhsize*hhweight;

.                 * Stata 10.1 syntax ;
.         svyset , clear;

.         svyset [pweight=popwt] , str(strata) psu(psu);

      pweight: popwt
          VCE: linearized
  Single unit: missing
     Strata 1: strata
         SU 1: psu
        FPC 1: <zero>

.         svy: mean h_flex pg_flex spg_flex;
(running mean on estimation sample)

Survey: Mean estimation

Number of strata =      11        Number of obs    =     10832
Number of PSUs   =    1060        Population size  =  21537188
                                  Design df        =      1049

--------------------------------------------------------------
             |             Linearized
             |       Mean   Std. Err.     [95% Conf. Interval]
-------------+------------------------------------------------
      h_flex |    53.0159   1.321225      50.42335    55.60844
     pg_flex |   20.17401   .7110989      18.77867    21.56935
    spg_flex |   10.38163   .5029751      9.394681    11.36858
--------------------------------------------------------------

.         svy: mean h_flex pg_flex spg_flex , over(rural);
(running mean on estimation sample)

Survey: Mean estimation

Number of strata =      11        Number of obs    =     10832
Number of PSUs   =    1060        Population size  =  21537188
                                  Design df        =      1049

            0: rural = 0
            1: rural = 1

--------------------------------------------------------------
             |             Linearized
        Over |       Mean   Std. Err.     [95% Conf. Interval]
-------------+------------------------------------------------
h_flex       |
           0 |   50.56047   1.634424      47.35336    53.76759
           1 |    54.0885    1.76151      50.63202    57.54499
-------------+------------------------------------------------
pg_flex      |
           0 |   19.68957   .8295405      18.06182    21.31731
           1 |   20.38563   .9604626      18.50098    22.27028
-------------+------------------------------------------------
spg_flex     |
           0 |   10.05184   .5214081      9.028721    11.07496
           1 |    10.5257   .6877228      9.176226    11.87516
--------------------------------------------------------------

.         svy: mean h_flex pg_flex spg_flex , over(news);
(running mean on estimation sample)

Survey: Mean estimation

Number of strata =      11        Number of obs    =     10832
Number of PSUs   =    1060        Population size  =  21537188
                                  Design df        =      1049

    _subpop_1: news = North:   Niassa, Cabo Delgado, N
    _subpop_2: news = Central: Sofala, Tete, Manica, Z
    _subpop_3: news = South:   Gaza, Inha, Map Prov, M

--------------------------------------------------------------
             |             Linearized
        Over |       Mean   Std. Err.     [95% Conf. Interval]
-------------+------------------------------------------------
h_flex       |
   _subpop_1 |   39.92482    1.95943      36.07997    43.76966
   _subpop_2 |   59.82551   2.249705      55.41108    64.23994
   _subpop_3 |   58.76648   1.687093      55.45602    62.07694
-------------+------------------------------------------------
pg_flex      |
   _subpop_1 |   13.40186   .8763765      11.68221    15.12151
   _subpop_2 |    23.4053   1.317423      20.82021    25.99038
   _subpop_3 |   23.67346   .9791443      21.75215    25.59476
-------------+------------------------------------------------
spg_flex     |
   _subpop_1 |   6.229709   .4969649      5.254551    7.204868
   _subpop_2 |   12.42017   .9964477      10.46491    14.37543
   _subpop_3 |   12.42362   .7096996      11.03103    13.81621
--------------------------------------------------------------

.         svy: mean h_flex pg_flex spg_flex , over(reg_tpi);
(running mean on estimation sample)

Survey: Mean estimation

Number of strata =      11        Number of obs    =     10832
Number of PSUs   =    1060        Population size  =  21537188
                                  Design df        =      1049

    _subpop_1: reg_tpi = North  Rural
    _subpop_2: reg_tpi = North  Urban
    _subpop_3: reg_tpi = Center Rural
    _subpop_4: reg_tpi = Center Urban
    _subpop_5: reg_tpi = South  Rural
    _subpop_6: reg_tpi = South  Urban

--------------------------------------------------------------
             |             Linearized
        Over |       Mean   Std. Err.     [95% Conf. Interval]
-------------+------------------------------------------------
h_flex       |
   _subpop_1 |   39.17232    2.37101      34.51985    43.82478
   _subpop_2 |   42.02591   3.439334      35.27715    48.77467
   _subpop_3 |   60.06615   2.696727      54.77456    65.35775
   _subpop_4 |   58.92112   3.341957      52.36344     65.4788
   _subpop_5 |   68.10596   3.079462      62.06335    74.14856
   _subpop_6 |   50.43348   1.788279      46.92447    53.94249
-------------+------------------------------------------------
pg_flex      |
   _subpop_1 |   12.62882   1.032237      10.60334    14.65431
   _subpop_2 |   15.56029   1.665976      12.29126    18.82931
   _subpop_3 |   23.45374   1.595743      20.32253    26.58495
   _subpop_4 |   23.22323   1.735274      19.81823    26.62823
   _subpop_5 |   27.79697   1.823738      24.21838    31.37556
   _subpop_6 |   19.99432   .9685404      18.09382    21.89481
-------------+------------------------------------------------
spg_flex     |
   _subpop_1 |   5.693551   .5730596      4.569077    6.818024
   _subpop_2 |   7.726745   .9947799       5.77476     9.67873
   _subpop_3 |   12.49897   1.219134      10.10675    14.89119
   _subpop_4 |   12.12402    1.11935      9.927606    14.32044
   _subpop_5 |   14.95572   1.346167      12.31423     17.5972
   _subpop_6 |    10.1644   .6390423      8.910453    11.41835
--------------------------------------------------------------

.         svy: mean h_flex pg_flex spg_flex , over(strata);
(running mean on estimation sample)

Survey: Mean estimation

Number of strata =      11        Number of obs    =     10832
Number of PSUs   =    1060        Population size  =  21537188
                                  Design df        =      1049

       Niassa: strata = Niassa
    _subpop_2: strata = Cabo Delgado
      Nampula: strata = Nampula
     Zambezia: strata = Zambezia
         Tete: strata = Tete
       Manica: strata = Manica
       Sofala: strata = Sofala
    Inhambane: strata = Inhambane
         Gaza: strata = Gaza
   _subpop_10: strata = Maputo Prov
   _subpop_11: strata = Maputo City

--------------------------------------------------------------
             |             Linearized
        Over |       Mean   Std. Err.     [95% Conf. Interval]
-------------+------------------------------------------------
h_flex       |
      Niassa |   30.43849   3.051649      24.45046    36.42652
   _subpop_2 |   35.98617   3.379666       29.3545    42.61785
     Nampula |    44.4606    2.96515       38.6423     50.2789
    Zambezia |   64.58838   3.679593      57.36818    71.80858
        Tete |   50.40991   4.326117      41.92108    58.89874
      Manica |   66.47391   3.604116      59.40181    73.54601
      Sofala |   53.38003   4.672464      44.21159    62.54847
   Inhambane |   57.29357   4.357676      48.74282    65.84433
        Gaza |   62.48975   3.392941      55.83203    69.14748
  _subpop_10 |   75.20606   2.385678      70.52482    79.88731
  _subpop_11 |   36.15261   2.381414      31.47973    40.82549
-------------+------------------------------------------------
pg_flex      |
      Niassa |   11.55776   1.584616      8.448377    14.66713
   _subpop_2 |   10.74932   1.339923      8.120086    13.37855
     Nampula |   15.05364   1.330423      12.44304    17.66423
    Zambezia |   23.50259    1.71523      20.13691    26.86826
        Tete |   20.01706   2.496532      15.11829    24.91582
      Manica |   26.04379   2.545458      21.04902    31.03856
      Sofala |    24.6624   4.468054      15.89506    33.42974
   Inhambane |   20.78922   1.974756       16.9143    24.66415
        Gaza |   28.10161   2.534854      23.12764    33.07557
  _subpop_10 |   31.84649    1.54562      28.81363    34.87935
  _subpop_11 |   11.84695   .9941033      9.896291    13.79761
-------------+------------------------------------------------
spg_flex     |
      Niassa |    6.10832   .9528432      4.238624    7.978016
   _subpop_2 |   4.327323   .6891115      2.975129    5.679517
     Nampula |   7.043551   .7563032      5.559511     8.52759
    Zambezia |   11.18847   .8871996       9.44758    12.92936
        Tete |   11.06548   1.711711      7.706712    14.42425
      Manica |   13.95762   1.777675      10.46942    17.44583
      Sofala |   15.48591   4.132064      7.377859    23.59396
   Inhambane |   10.03277   1.280385      7.520366    12.54518
        Gaza |   16.50816    1.97904      12.62484    20.39149
  _subpop_10 |   16.63279   1.146809      14.38249    18.88309
  _subpop_11 |   5.219064   .5561865        4.1277    6.310429
--------------------------------------------------------------

.         svy: mean h_flex pg_flex spg_flex , over(spdomain);
(running mean on estimation sample)

Survey: Mean estimation

Number of strata =      11        Number of obs    =     10832
Number of PSUs   =    1060        Population size  =  21537188
                                  Design df        =      1049

    _subpop_1: spdomain = Niassa & Cabo Delg.-rur
    _subpop_2: spdomain = Niassa & Cabo Delg.-urb
    _subpop_3: spdomain = Nampula-rural
    _subpop_4: spdomain = Nampula-urban
    _subpop_5: spdomain = Sofala & Zambezia-rural
    _subpop_6: spdomain = Sofala & Zambezia-urban
    _subpop_7: spdomain = Manica & Tete-rural
    _subpop_8: spdomain = Manica & Tete-urbana
    _subpop_9: spdomain = Gaza & Inhambane-rural
   _subpop_10: spdomain = Gaza & Inhambane-urban
   _subpop_11: spdomain = Maputo Province-rural
   _subpop_12: spdomain = Maputo Province-urban
   _subpop_13: spdomain = Maputo City

--------------------------------------------------------------
             |             Linearized
        Over |       Mean   Std. Err.     [95% Conf. Interval]
-------------+------------------------------------------------
h_flex       |
   _subpop_1 |   32.70239   2.684079      27.43562    37.96917
   _subpop_2 |   36.77545   4.470142      28.00401    45.54689
   _subpop_3 |   44.30778   3.683303       37.0803    51.53526
   _subpop_4 |   44.82531   4.862877      35.28323    54.36738
   _subpop_5 |   62.77361   3.611522      55.68698    69.86024
   _subpop_6 |   55.84249   4.514943      46.98314    64.70184
   _subpop_7 |   55.63668   3.458752      48.84982    62.42354
   _subpop_8 |   65.04103   3.928585      57.33225    72.74981
   _subpop_9 |    65.7624   3.459106      58.97485    72.54996
  _subpop_10 |   41.76953   3.687299      34.53421    49.00485
  _subpop_11 |   79.76367    4.51146      70.91116    88.61618
  _subpop_12 |    73.2545   2.721916      67.91348    78.59552
  _subpop_13 |   36.15261   2.381414      31.47973    40.82549
-------------+------------------------------------------------
pg_flex      |
   _subpop_1 |   10.56107   1.141266      8.321646    12.80049
   _subpop_2 |    13.0033      2.182      8.721716    17.28488
   _subpop_3 |   14.27009   1.617901       11.0954    17.44478
   _subpop_4 |    16.9236   2.341968      12.32813    21.51907
   _subpop_5 |   24.48648   2.177928      20.21289    28.76007
   _subpop_6 |   21.61656   2.228269      17.24418    25.98893
   _subpop_7 |   21.76416   2.110988      17.62192     25.9064
   _subpop_8 |   26.41708    2.47761      21.55544    31.27871
   _subpop_9 |    27.0474   2.080988      22.96403    31.13077
  _subpop_10 |    16.5564   1.968502      12.69375    20.41906
  _subpop_11 |   31.52562   3.094771      25.45297    37.59826
  _subpop_12 |   31.98388   1.762797      28.52487     35.4429
  _subpop_13 |   11.84695   .9941033      9.896291    13.79761
-------------+------------------------------------------------
spg_flex     |
   _subpop_1 |   4.764632   .6363643       3.51594    6.013323
   _subpop_2 |    6.26571   1.211505      3.888462    8.642959
   _subpop_3 |   6.430875   .8965672      4.671606    8.190144
   _subpop_4 |   8.505728   1.411224      5.736584    11.27487
   _subpop_5 |   12.85594    1.74251      9.436736    16.27514
   _subpop_6 |   11.13526   1.397726      8.392602    13.87792
   _subpop_7 |   11.91497   1.460001      9.050112    14.77982
   _subpop_8 |   14.08956   1.746104       10.6633    17.51581
   _subpop_9 |    14.7973   1.546357        11.763    17.83161
  _subpop_10 |   8.703565   1.312992      6.127176    11.27995
  _subpop_11 |   15.74374   2.330088      11.17157     20.3159
  _subpop_12 |   17.01349   1.284314      14.49337    19.53361
  _subpop_13 |   5.219064   .5561865        4.1277    6.310429
--------------------------------------------------------------

.         compress;
survquar was float now byte
reg_tpi was float now byte
spdomain was float now byte
one was float now byte
triwt was float now byte
h was float now byte
h_flex was float now byte
psu was float now int
survmon was float now byte
rural was float now byte
news was float now byte
strata was float now byte
bswt was float now byte

.         sort hhid;

. save "$path/work/cons_real.dta" , replace;
file C:\Users\Templeton\Desktop\GAPP\GAPP-UGANDA-HARUNA\ww-ug\10_MZ/work/cons_real.dta save
> d

.         collapse  (mean) h_flex pg_flex spg_flex [aw=hhweight*hhsize], by(strata);

. save "$path\work\povmeas.dta", replace;
file C:\Users\Templeton\Desktop\GAPP\GAPP-UGANDA-HARUNA\ww-ug\10_MZ\work\povmeas.dta saved

. **************************************************************************
> * 130_povmeas_flex.do           (end)
> **************************************************************************;
. log close;
      name:  <unnamed>
       log:  C:\Users\Templeton\Desktop\GAPP\GAPP-UGANDA-HARUNA\ww-ug\10_MZ/rep/130_povmeas
> _flex.log
  log type:  text
 closed on:  24 May 2013, 11:01:30
-------------------------------------------------------------------------------------------
