-------------------------------------------------------------------------------------------
      name:  <unnamed>
       log:  C:\Users\Templeton\Desktop\GAPP\GAPP-UGANDA-HARUNA\ww-ug\10_MZ/rep/140_iterate
> .log
  log type:  text
 opened on:  24 May 2013, 11:01:31

. clear

. set more off

. #delimit ;
delimiter now ;
. *global povline_initial "$path\in\povlines_first_iof.dta";
. **************************************************************************
> * 140_iterate.do        (start)
> *
> * Purpose: Create flexible food basket and poverty line with iterative procedure
> *
> * This program will take the results from the first pass at the
> * poverty lines and applies the corresponding spatial deflator to
> * re-select the relatively poor, their consumption bundles, and
> * their prices.
> *
> * Welfare indicator is here always temporally and spatially adjusted per capita
> * expenditure. Here called cr_it< >.
> *
> * We will iterate this process 5 times which here assures convergence.
> *
> * CA, Mar 2010: Relatively poor are those below last iterated poverty line
> * MAH, Apr 2010: Cleaning
> **************************************************************************;
. /*
> This file uses:
>             in/povlines_first_new.dta
>         work\hhdata.dta
>         work\consump_nom.dta
>         work\own.dta
>         work\daily.dta
>         work\temp_index_reg_tpi.dta
>         work\cons_cod.dta
>         work\food_cat.dta
>         work\cons_real.dta
>         work\products.dta
>         work\match96_02.dta
>         new\conversions.do
>         
> This file creates (where `pass' is the number of the iteration):
>         work\codes_food_basket_flex_it`pass'.dta
>         work\price_unit_flex_it`pass'.dta
>         work\quan_flex_it`pass'.dta
>         work\match_cod_flex_it`pass'.csv
>         work\relpoor_it`pass'.dta
>         work\povlines_it`pass'.dta
>         work\foodshares_it`pass'.dta
>         work\nat_pov_flex.csv
>         work\rur_pov_flex.csv
>         work\strata_pov_flex.csv
>         work\spdomain_pov_flex.csv
>         work\reg_tpi_pov_flex.csv
> */
> 
> **************************************************************************;
. * Make a key file that will be used over and over, without change
> * in every iteration. This will include the TEMPORALLY deflated consumption
> * and various HH data such as hhweight, spdomain, etc.
> **************************************************************************;
. use "$path/work/conpc.dta";

.         sort hhid;

.         merg hhid using "$path\work\hhdata.dta";

.         tab _merge;

     _merge |      Freq.     Percent        Cum.
------------+-----------------------------------
          3 |     10,832      100.00      100.00
------------+-----------------------------------
      Total |     10,832      100.00

.         drop _merge;

.         sort reg_tpi survquar;

.         merge reg_tpi survquar using "$path/work/temp_index_reg_tpi.dta";
variables reg_tpi survquar do not uniquely identify observations in the master data
(label survquar already defined)
(label news_ru_ur already defined)

.         tab _merge;

     _merge |      Freq.     Percent        Cum.
------------+-----------------------------------
          3 |     10,832      100.00      100.00
------------+-----------------------------------
      Total |     10,832      100.00

.         drop _merge;

.                 gen food_pc_tpi = food_pc_nom /tpi_trim;

.         gen cons_pc_tpi = food_pc_tpi + nf_pc_nom;

.         lab var food_pc_tpi "Temp-adjusted per capita food consumption/day";

.         lab var cons_pc_tpi "Temp adjusted total consumption/day";

.         tempfile contpi;

.         sort hhid;

. save `contpi', replace;
(note: file C:\Users\TEMPLE~1\AppData\Local\Temp\ST_0k000001.tmp not found)
file C:\Users\TEMPLE~1\AppData\Local\Temp\ST_0k000001.tmp saved

. *use "$path\in\povlines_first_iterate.dta", clear;
. *save "$path/work/povlines_first.dta", replace;
. **************************************************************************;
. * Now set some information pertaining to the iterations. For now we'll
> * manually set the number of iterations. Also specify the percentile
> * cutpoint that we will use for defining the relatively poor.
> **************************************************************************;
. local lastpass=0;

. local pass=1;

. * Use these two lines to manually specify the number of iterations
> * and the cutpoint here in the do file.;
.   *local maxit=5;
.   *local cutpt=50;
. * Use these few lines if you want to specify the number of iterations
> * and percentile cutpoint by passing them as parameters on the command
> * line, e.g.:   wstata do new\iterate1.do 5 50;
. if "`1'"=="" | "`2'"=="" {      ;
.         di in red "Error: you need to specify number of iterations as first parameter";
.         di in red "       and percentile cutpoint as second parameter on command line.";
. };

. local maxit=`1';

. local cutpt=`2';

. tempfile cutoff;

. while `pass' <= `maxit' {;
  2.         **************************************************************************;
. **************************************************************************;
. * Pick out the bottom X percent in real consumption per capita 
> * (temporally & spatially adjusted), as ranked by the previous iteration.
> * The percentile to use is defined by "cutpt". This produces a file that
> * has the hhid, and a dummy variable indicating if they were below the
> * cutpoint on the last iteration.
> **************************************************************************;
. **************************************************************************;
. /*
> * Comment out if IOF 2008/09. (This code included instead of below code in order to repli
> cate published figures 2002/03). ( START ) ;
> 
>         if "`pass'"=="1" {      ;
>               use `contpi', clear;
>               sort spdomain;
>               merge spdomain using "$path/work/povlines_first.dta";
>               tab _m;
>               drop _m;
> *              gen relpoor`pass'= cons_pc_tpi<=cutoff;
>                gen relpoor`pass'= cons_pc_tpi if cons_pc_tpi<=cutoff;
>               rename cons_pc_tpi cr_it0;
>               sort hhid;
>          save "$path\work\relpoor_it`pass'.dta", replace;
> *        use "$path/work/cons_real.dta", clear;
> *              gen cr_it0=cr2;
>         };
>         
> 
> * Comment out if IOF 2008/09. (This code included instead of below code in order to repli
> cate published figures 2002/03). ( END ) ;
> */
> 
> 
> 
> * Comment out if IAF 2002/03. (This code below excluded in order to replicate published f
> igures 2002/03). ( START ) ;
.         if "`pass'"=="1" { ;
  3. * Find real income at cut point initially;
.                 use "$path/work/cons_real.dta", clear;
  4.                                     gen cr_it0=cr2;
  5.                         cap drop one;
  6.             gen one=1;
  7.                                     collapse (p`cutpt') one cr_it`lastpass' [aw=popwt]
>  ;
  8.                                     rename cr_it`lastpass' cutoff;
  9.                                     sort one;
 10.             save `cutoff', replace;
 11.  * Find relatively poor initially;
.             use "$path/work/cons_real.dta", clear;
 12.                                                 gen cr_it`lastpass'=cr2;
 13.             cap drop one;
 14.             gen one=1;
 15.                                     sort one;
 16.             merge one using `cutoff';
 17.             tab _merge;
 18.             drop _merge;
 19.                                     drop one;
 20.                            gen relpoor`pass'=cr_it`lastpass'<=cutoff;
 21.             *lab var relpoor`pass' "=1 if in bottom of PCE";
.                                     tab relpoor`pass' [aw=popwt];
 22.                                     keep hhid cr_it`lastpass' relpoor`pass' popwt;
 23.             sort hhid;
 24.         save $path\work\relpoor_it`pass'.dta, replace;
 25.         };
 26. * Comment out if IAF 2002/03. (This code below excluded in order to replicate publishe
> d figures 2002/03). ( END ) ;
.                 if `pass'>1 {   ;
 27. * Find real income at cut point in iteration number `pass' ;
.                 use "$path/work/cons_real_it`lastpass'.dta" , clear;
 28.                                                 cap drop one;
 29.                 gen one=1;
 30.                                                                 *CA modified from hhwe
> ight*hhsize to popwt;
.                 collapse (p`cutpt') one cr_it`lastpass' [aw=popwt] ;
 31.                         rename cr_it`lastpass' cutoff;
 32.                                                                         sort one;
 33.         save `cutoff', replace;
 34.         * Find relatively poor in iteration number `pass' ;
.                 use "$path/work/cons_real_it`lastpass'.dta", clear;
 35.                                                 cap drop one;
 36.                 gen one=1;
 37.                                                 sort one;
 38.                 merge one using `cutoff';
 39.                 tab _merge;
 40.                 drop _merge;
 41.                                                 drop one;
 42.                 gen relpoor`pass'=cr_it`lastpass'<=cutoff;
 43.                 *lab var relpoor`pass' "=1 if in bottom of PCE";
.                                                 tab relpoor`pass' [aw=popwt];
 44. *CA modified to popwt above and to keep popwt below;
.                 keep hhid cr_it`lastpass' relpoor`pass' popwt;
 45.                 sort hhid;
 46.         save "$path\work\relpoor_it`pass'.dta", replace;
 47.         };
 48.         **************************************************************************;
. * Get the consumption file, and select only those codes that are food,
> * using our definition of "food", which includes alcoholic beverages.
> **************************************************************************;
.         use "$path/work/cons_cod.dta", clear;
 49. *CA modified to merge in work\hhdata.dta for bootstrap;
.     sort hhid;
 50.     merge hhid using "$path\work\hhdata.dta";
 51.     tab _m;
 52.     drop _m;
 53.         /*
>                 sort product;
>                 merge product using "$path/work/food_cat.dta";
>                 tab _merge;
>                 keep if _merge==3;
>                 drop _merge;
> */
> 
>                                 * Only food transactions ;
.                 keep if food_cat;
 54.                 sort hhid;
 55. **************************************************************************;
. * Merge with file that has temporally AND spatially adjusted consumption
> * per capita from the previous iteration, and also identifies those below 
> * the cutoff. Then select only those who are below the cutoff.
> **************************************************************************;
.                 merge hhid using "$path\work\relpoor_it`pass'.dta";
 56.                 tab _merge;
 57.                 drop _merge;
 58.                                 * Keep only transactions by the poor ;
.                 keep if relpoor`pass';
 59. **************************************************************************;
. * Calculate HH level food shares. Since we're only doing shares here, we can
> * work with the expenditures without doing temporal adjustment.
> **************************************************************************;
.                 gen  food_expenditure = cod_hh_nom3;
 60.                 *gen  food_expenditure= own_valued + daily_valued + monthly_valued + e
> duc_valued;
.                 egen tot_food_expen= sum (food_expen), by (hhid) ;
 61.                 count if food_expenditure==.;
 62.                 count if tot_food_expen==.;
 63.                 gen food_share= food_expenditure/tot_food_expen;
 64.                 count if food_share==.;
 65.                 drop if food_share==.;
 66.                 sort hhid product;
 67.                 tempfile foodshares;
 68.         save `foodshares', replace;
 69. ********************************************************************************;
. * Now find the total (economy wise, e.g. not by HH) shares by each product in
> * order to select the most important goods in each domain's basket.
> ********************************************************************************;
.                 collapse (mean) hhweight spdomain, by (hhid);
 70.                 sort hhid ;
 71.                  collapse (sum) hhweight , by(spdomain);
 72.                 rename hhweight tothhweight;
 73.                 tempfile tothhweight;
 74.                 sort spdomain;
 75.         save `tothhweight', replace;
 76.         use `foodshares', clear;
 77.                 sort spdomain;
 78.                 merge spdomain using `tothhweight';
 79.                 tab _merge;
 80.                 drop _merge;
 81.                 sort spdomain product;
 82.                 gen f_share_w`pass'=(food_share*hhweight)/tothhweight;
 83.                 collapse (sum) f_share_w`pass', by(spdomain product descript);
 84.                                sort spdomain f_share_w`pass';
 85.                 by spdomain: gen cumshr`pass'= sum(f_share_w`pass');
 86.                 count if cumshr`pass'<=.075;
 87.                 drop if cumshr`pass'<=.075;
 88.                 lab var f_share_w`pass' "average food share for the 13 spatial domains
> ";
 89.         save `foodshares', replace;
 90.                                                 * Number of spatials domains a food pr
> oduct appears ;
.                 gen numreg=1;
 91.                 collapse (sum) numreg cumshr`pass', by (product descript);
 92.                 keep product numreg descript;
 93.                 display _N;
 94.                 sort product;
 95.                                 * Include food product labels ;
. *                merge product using "$path\work\products.dta";
. *                tab _merge;
. *                keep if _merge==3;
.                 keep product descript numreg;
 96.                   sort product;
 97.                      display _N;
 98.           save "$path\work\codes_food_basket_flex_it`pass'.dta", replace;
 99. **************************************************************************;
. **************************************************************************;
. * That is pretty much the part equivalent to "100_food_basket_flex.do",
> * which figures out the food shares for the relevant reference group. Now
> * we figure out the prices with a code stream that is adapted from
> * "110_price_unit_flex.do".
> **************************************************************************;
. **************************************************************************;
. **************************************************************************************
> * Create sorted data set with daily + own expenditure and the matched codes
> **************************************************************************************;
. use "$path/in/cons_cod_trans.dta", clear;
100. *save "$path/work/cons_cod_trans.dta", replace;
. *drop value   ;
. *drop quantity;
. drop value    valued;
101. drop quantity quantityd;
102. rename valuez    value;
103. rename quantityz quantity;
104. *drop count;
. drop if quantity==0 ;
105.         tempfile dd_acsort;
106.         save    `dd_acsort', replace;
107. /*
>         use "$path\work\daily.dta", clear;
>                 drop days;
>                 sort product;
>                 tempfile dd_acsort;
>         save `dd_acsort', replace;
>         
>         use "$path\work\own.dta", clear;
>                 keep hhid product valued quantityd unit;
>                 rename valued value;
>                 rename quantityd quantity;
>         
>                 *CHECK THE ZEROS IN quantity FOR NOW DELETE;
>                 drop if quantity==0;
>         
>                 append using `dd_acsort';
> */
> 
>                 *CA modified to insert work\hhdata.dta for bootstrap;
.                 sort hhid;
108.                 merge hhid using "$path\work\hhdata.dta";
109.                 tab _m;
110.                  drop if _m==2;
111.                 drop _m;
112.                                 sort product;
113.                 gen count=1;
114.         save `dd_acsort', replace;
115.         **************************************************************************;
. * Merge the basket codes with the dd  and own data sets.
> * Drop all codes not a part of the flexible food basket
> **************************************************************************;
.                 merge product using "$path\work\codes_food_basket_flex_it`pass'.dta";
116.                         tab _merge;
117.                 drop if _merge~=3;
118.                 drop _merge;
119. **************************************************************************************
> * Drop observations where product code, quantity or value information is unavailable
> **************************************************************************************;
.                 drop if product==. | value==. | quantity==.  ;
120.         ******************************************************************************
> ********
> * Convert non-KG quantities (units, liters) into kilograms
> **************************************************************************************;
. *do "$path\new\110a_conversions.do"
> 
> ********************************************************************
> * There remain a few difficult to interpret observations such as liters
> * of fish and liters of pasta. These are dropped ;
. ********************************************************************;
.                 drop if unit~=2;
121.         **************************************************************************;
. * Bring in the spdomain and reg_tpi variables, and also the information on
> * relatively poor households.
> **************************************************************************;
.                 preserve;
122.                                                 * Temporally adjusted expenditure ;
.                         use `contpi', clear;
123.                                 keep hhid hhweight spdomain reg_tpi survquar tpi_trim 
> cons_pc_tpi ;
124.                                 sort hhid;
125.                                 tempfile hhd2;
126.                         save `hhd2', replace;
127.                 restore;
128.                                 compress;
129.                 sort hhid;
130.                 merge hhid using `hhd2';
131.                 tab _merge;
132.                 drop _merge;
133.                 sort hhid;
134.                 merge hhid using "$path\work\relpoor_it`pass'.dta";
135.                 tab _merge;
136.                 drop _merge;
137.                                                 * Keep nominal food transactions by po
> or people ;
.                 keep if relpoor`pass';
138.                 drop if product==.;
139.                                                                 * Temporally deflate t
> ransaction values ;
.                 gen value_r=value/tpi_trim;
140. **************************************************************************;
. * Toss out the bottom 5% and top 5% of the HH-LEVEL prices per kg in
> * each spdomain & product combination. This should eliminate outliers
> * that may have an undue influence on the price calculation. 
> **************************************************************************;
.                 gen hhppkg=value_r/quantity;
141.                 egen lower5=pctile(hhppkg), p(5)  by(spdomain product);
142.                 egen upper5=pctile(hhppkg), p(95) by(spdomain product);
143.                 keep if hhppkg>=lower5 & hhppkg<=upper5;
144. *********************************************************************
> * Note that we do prices in three ways. First, by summing quantity and value 
> * This average price price_uw is thus quantity/value weighted. Second, we
> * calculate the price and take simple means for a transaction weighted
> * price, price_ut. Last we take the median, price_um. But in the end
> * we only use price_unitw
> *********************************************************************;
.                 gen price_ut`pass'=value_r/(quantity*1000);
145.                 gen price_um`pass'=price_ut;
146.                 collapse (sum) 
>                         quantity value_r count bswt (mean) price_ut (median) price_um [aw
> =hhweight], 
>                         by(spdomain product);
147.                 *Generate weighted price per gram ;
.                 gen price_uw`pass'=value_r/(quantity*1000);
148.                 drop value_r quantity;
149.                 sort spdomain product;
150.                 lab var price_ut`pass' "Average of calculated prices - transaction wei
> ghted";
151.                 lab var price_um`pass' "Median of prices";
152.                 lab var price_uw`pass' "Value share weighted mean prices";
153. * Get an idea of the difference between the price measures;
.                 gen ratiotw`pass'=price_ut`pass'/price_uw`pass';
154.                 gen ratiomw`pass'=price_um`pass'/price_uw`pass';
155.                 sum ratiotw`pass' ratiomw`pass';
156.                 sort product;
157.                 merge product using "$path/work/codes_food_basket_flex_it`pass'.dta";
158.                 tab _m;
159.                 count if _merge~=3;
160.                 drop if _merge~=3;
161.                 drop _merge;
162.                 sort product spdomain;
163.         save "$path\work\price_unit_flex_it`pass'.dta", replace;
164. **************************************************************************;
. **************************************************************************;
. * That concludes the prices part. Now we move to calculating the food
> * poverty lines, which draws code from "120_povline_flex.do" with very few
> * changes:
> * - The changes facilitate accumulating vectors
> *   of intermediate results across iterations, rather than generating a
> *   bunch of new files.
> **************************************************************************;
. **************************************************************************;
. **************************************************************************;
. * Use the file with the food basket (`foodshares'), which is in shares. 
> * Then merge it with the prices file, and then with the calories file.
> * Along the way, drop those observations where we have no price information
> * or no calorie information, but list them out.
> **************************************************************************;
.         use `foodshares', clear;
165.                 sort product spdomain;
166.                 merge product spdomain using "$path\work\price_unit_flex_it`pass'.dta"
> ;
167.                         tab _merge;
168.                 list product spdomain descript if _merge==1;
169.                         drop if _merge ~=3;
170.                 drop _merge;
171.                 sort product;
172.                         merge product using "$path\work\calperg.dta";
173.                 tab _merge;
174.                                                 * This tells where we are lacking calo
> rie info or are lacking quantity info due to 
>                 * missing price info above;
.                 list product spdomain descript if _merge==1;
175.                         drop if _merge~=3;
176.                 drop _merge;
177.                 sort spdomain f_share_w`pass';
178.                                 *CA modified to change count bswt;
.                 by spdomain: count if round(bswt)<10;
179.                 drop if round(bswt) < 10;
180.                                                                 * Total food share in 
> spatial domain ;
.                 by spdomain: egen baskshr=sum(f_share_w`pass');
181.                                 * Cumulated food share in spatial domain ;
.                 by spdomain: gen  cumshr =sum(f_share_w`pass');
182.                 drop if cumshr<=baskshr-.9;
183.                         drop baskshr;
184.                 by spdomain: egen baskshr=sum(f_share_w`pass');
185.                 tabstat baskshr , by(spdomain) st(n mean sd min max);
186.                                                                 * How many grams in 1 
> MT exp on food item ;
.                                 gen quan`pass'=f_share_w`pass'/price_uw`pass';
187.                                 * How many calories in 1 MT exp on food item ;
.                 gen cal_ir`pass'=quan`pass'*calperg;
188.                                 * how many calories in 1 MT exp in food basket ;
.                 by spdomain: egen calreg=sum(cal_ir);
189.                         sort spdomain;
190.                 merge spdomain using "$path\work\calpp.dta";
191.                 tab _merge;
192.                 drop _merge;
193.                                                         * get the expansion factor to 
> hit 95% of calorie requirements ;
.                 gen ratio=.95*calpp/calreg;
194.                         replace quan`pass'=quan`pass'*ratio;
195.                 replace cal_ir`pass'=quan`pass'*calperg;
196.                         sort spdomain product;
197.                 by spdomain: egen chkcal=sum(cal_ir`pass');
198.                 replace chkcal=chkcal/.95-calpp ;
199.                                                 tabstat chkcal , by(spdomain) st(n mea
> n sd min max);
200.                         gen val_ir`pass'=quan`pass'*price_uw`pass';
201.                         by spdomain: egen povline_f_flex90_`pass'=sum(val_ir`pass');
202.                 replace povline_f=povline_f_flex90_`pass'/.9;
203.                 *drop product96;
. keep product spdomain quan`pass'  price_uw`pass' val_ir`pass' povline_f_flex90_`pass' cal
> pp calperg;
204.                     save "$path\work\quan_flex_it`pass'.dta", replace;
205.                         collapse (mean) povline_f_flex90_`pass', by (spdomain);
206.                                                 keep spdomain povline_f_flex90_`pass';
207.                 sort spdomain;
208.                 save "$path\work\povline_food_flex_it`pass'.dta", replace;
209.         **************************************************************************;
. **************************************************************************;
. * Now comes the part that draws the non-food and total poverty lines,
> * and generates estimates of poverty measures. This is drawn from 
> * "130_povmeas_flex.do" with a few changes.
> **************************************************************************;
. **************************************************************************;
. **************************************************************************
> * Calculate non-food expenditure for HH around the food poverty line
> *
> * Develop a discrete triangular weighted distribution. This gives a
> * weight of  1 to HH at +/- 18-20% from food poverty line, and
> * weight of  2 to HH at +/- 16-18% from food poverty line, and ...
> * weight of 10 to HH at +/-  0- 2% from food poverty line.
> * This weight is called triwt below.
> **************************************************************************;
.         use `contpi', clear;
210.                 sort spdomain;
211.                 merge spdomain using "$path/work/povline_food_flex_it`pass'.dta";
212.                 tab _merge;
213.                 drop _merge;
214.                 gen triwt=0 ;
215.                 replace triwt = 11 - round(50*abs(cons_pc_tpi/povline_f_flex90_`pass'-
> 1)+0.5)
>                 if abs(cons_pc_tpi/povline_f_flex90_`pass'-1)<=0.2;
216.                                                                 * Nearness to poverty 
> line and population weights ;
.                 gen tripopwt=triwt*hhweight*hhsize;
217.                                                 preserve;
218.                         collapse (mean) nf_pc_nom [aw=tripopwt] ,
>                                 by(spdomain);
219.                         rename nf_pc_nom povline_nf_flex`pass';
220.                         lab var povline_nf_flex`pass' "Nonfood poverty line. Flexible 
> bundle";
221.                         tempfile znf;
222.                         sort spdomain;
223.                         save `znf', replace;
224.                                                                 restore;
225.                                 sort spdomain;
226.                 merge spdomain using `znf';
227.                 tab _merge;
228.                 drop _merge;
229. **************************************************************************
> * Poverty line is the sum of the food and non-food poverty lines
> **************************************************************************;
.                 gen povline_flex`pass'=povline_f_flex90_`pass' + povline_nf_flex`pass';
230. keep spdomain povline_flex`pass';
231.                 sort spdomain;
232.         save "$path\work\povlines_it`pass'.dta", replace;
233. **************************************************************************;
. * Create spatial price index, based on the total poverty line, with
> * adjustment so that mean (and total) nominal consumption equals
> * mean (and total) spatially deflated consumption.
> *
> * Choose arbitrary strata to be the base at first: we just use the first stratum.
> **************************************************************************;
.         use `contpi', clear;
234.                 sort spdomain;
235.                 merge spdomain using "$path\work\povlines_it`pass'.dta";
236.                 tab _merge;
237.                 drop _merge;
238.                 gen cr= cons_pc_tpi ;
239.                 gen linpob`pass'=povline_flex`pass';
240.                 qui sum linpob`pass' if spdomain==1, meanonly;
241.                 global spi_base=r(mean);
242.                 gen spi`pass'=linpob`pass'/$spi_base;
243.                 gen cr_it`pass'=cr/spi`pass';
244.                 qui sum cr [aw=hhweight*hhsize];
245.                 global sumcr=r(sum);
246.                 qui sum cr_it`pass' [aw=hhweight*hhsize];
247.                 global sumcr2=r(sum);
248.                 replace spi`pass'=spi`pass'*$sumcr2/$sumcr;
249.                 gen linpobr`pass'=linpob`pass'/spi`pass';
250.                 replace cr_it`pass'=cr/spi`pass';
251.                 su cr cr_it`pass' linpob`pass' linpobr`pass' [aw=hhweight*hhsize];
252.                 lab var cr "Temporally-adjusted cons pc";
253.                 lab var cr_it`pass' "Spatially & temporally adjusted cons pc";
254.                 lab var linpob`pass' "Poverty line";
255.                 lab var linpobr`pass' "Real poverty line";
256.                 lab var spi`pass' "Spatial price index";
257.                 gen linpob=linpob`pass';
258. **************************************************************************
> * calculate poverty measures with the flexible food bundle
> **************************************************************************;
.                 gen h=100 if cr_it`pass'<=linpobr`pass' & linpobr`pass'~=. & cr_it`pass'~
> =.;
259.                 replace  h   = 0 if cr_it`pass' > linpobr`pass' & linpobr`pass'~=. & c
> r_it`pass'~=.;
260.                 gen      pg  = ((linpobr`pass' - cr_it`pass' )/linpobr`pass') *100;
261.                 replace  pg  = 0             if h==0;
262.                 gen      spg = ((( linpobr`pass' - cr_it`pass' )/ linpobr`pass' )^2)*1
> 00;
263.                 replace  spg = 0             if h==0;
264.                 gen h_flex`pass'  =h;
265.                 gen pg_flex`pass' =pg;
266.                 gen spg_flex`pass'=spg;
267.                                 lab var h_flex`pass'   "Poverty headcount. Flexible bu
> ndle";
268.                 lab var pg_flex`pass'  "Poverty gap. Flexible bundle";
269.                 lab var spg_flex`pass' "Squared poverty gap. Flexible bundle";
270.                 gen popwt=hhsize*hhweight;
271.                         * Stata 10.1 syntax ;
.                         svyset , clear;
272.                         svyset [pweight=popwt] , str(strata) psu(psu);
273.                 svy: mean h_flex`pass' pg_flex`pass' spg_flex`pass';
274.                 svy: mean h_flex`pass' pg_flex`pass' spg_flex`pass' , over(rural);
275.                 svy: mean h_flex`pass' pg_flex`pass' spg_flex`pass' , over(strata);
276.                 svy: mean h_flex`pass' pg_flex`pass' spg_flex`pass' , over(strata rura
> l);
277.                 svy: mean h_flex`pass' pg_flex`pass' spg_flex`pass' , over(spdomain);
278. *preserve;
. keep hhid popwt cr_it`pass' h_flex`pass' pg_flex`pass' spg_flex`pass' rural news reg_tpi 
> strata spdomain;
279.                 compress;
280.                 sort hhid;
281.         save "$path/work/cons_real_it`pass'.dta" , replace;
282. *restore;
.                                 * New cutoff point (percentile) to use in next iteration 
> is equal to the poverty ;
.                 * rate in this iteration ;
.                 sum h_flex`pass' [aw=popwt] ;
283.                                 * Comment out next line for IAF 2002/03 in order to re
> plicate official figures ( START );
.                 local cutpt= round(r(mean));
284.                 * Comment out next line for IAF 2002/03 in order to replicate official
>  figures ( END );
. *       save foodshares tempfile to disk;
.         use `foodshares', clear;
285.         save "$path/work/foodshares_it`pass'.dta", replace;
286.         local lastpass = `pass';
287.         local pass = `pass' + 1;
288.         };
(note: file C:\Users\TEMPLE~1\AppData\Local\Temp\ST_0k000002.tmp not found)
file C:\Users\TEMPLE~1\AppData\Local\Temp\ST_0k000002.tmp saved
variable one does not uniquely identify observations in the master data

     _merge |      Freq.     Percent        Cum.
------------+-----------------------------------
          3 |     10,832      100.00      100.00
------------+-----------------------------------
      Total |     10,832      100.00

   relpoor1 |      Freq.     Percent        Cum.
------------+-----------------------------------
          0 | 5,414.8994       49.99       49.99
          1 | 5,417.1006       50.01      100.00
------------+-----------------------------------
      Total |     10,832      100.00
file C:\Users\Templeton\Desktop\GAPP\GAPP-UGANDA-HARUNA\ww-ug\10_MZ\work\relpoor_it1.dta sa
> ved
variable hhid does not uniquely identify observations in the master data

     _merge |      Freq.     Percent        Cum.
------------+-----------------------------------
          3 |    257,521      100.00      100.00
------------+-----------------------------------
      Total |    257,521      100.00
(130896 observations deleted)
variable hhid does not uniquely identify observations in the master data

     _merge |      Freq.     Percent        Cum.
------------+-----------------------------------
          3 |    126,625      100.00      100.00
------------+-----------------------------------
      Total |    126,625      100.00
(80497 observations deleted)
    0
    0
(65 missing values generated)
   65
(65 observations deleted)
(note: file C:\Users\TEMPLE~1\AppData\Local\Temp\ST_0k000003.tmp not found)
file C:\Users\TEMPLE~1\AppData\Local\Temp\ST_0k000003.tmp saved
(note: file C:\Users\TEMPLE~1\AppData\Local\Temp\ST_0k000004.tmp not found)
file C:\Users\TEMPLE~1\AppData\Local\Temp\ST_0k000004.tmp saved
variable spdomain does not uniquely identify observations in the master data

     _merge |      Freq.     Percent        Cum.
------------+-----------------------------------
          3 |     46,063      100.00      100.00
------------+-----------------------------------
      Total |     46,063      100.00
 1039
(1039 observations deleted)
file C:\Users\TEMPLE~1\AppData\Local\Temp\ST_0k000003.tmp saved
71
71
file C:\Users\Templeton\Desktop\GAPP\GAPP-UGANDA-HARUNA\ww-ug\10_MZ\work\codes_food_basket_
> flex_it1.dta saved
(2671 observations deleted)
(note: file C:\Users\TEMPLE~1\AppData\Local\Temp\ST_0k000005.tmp not found)
file C:\Users\TEMPLE~1\AppData\Local\Temp\ST_0k000005.tmp saved
variable hhid does not uniquely identify observations in the master data

     _merge |      Freq.     Percent        Cum.
------------+-----------------------------------
          1 |      1,463        0.64        0.64
          3 |    228,040       99.36      100.00
------------+-----------------------------------
      Total |    229,503      100.00
(0 observations deleted)
file C:\Users\TEMPLE~1\AppData\Local\Temp\ST_0k000005.tmp saved
variable product does not uniquely identify observations in the master data

     _merge |      Freq.     Percent        Cum.
------------+-----------------------------------
          1 |     42,645       18.58       18.58
          3 |    186,858       81.42      100.00
------------+-----------------------------------
      Total |    229,503      100.00
(42645 observations deleted)
(2763 observations deleted)
(0 observations deleted)
(note: file C:\Users\TEMPLE~1\AppData\Local\Temp\ST_0k000007.tmp not found)
file C:\Users\TEMPLE~1\AppData\Local\Temp\ST_0k000007.tmp saved
daily_valued2 was float now int
days2 was float now int
food_cat was float now byte
psu was float now int
survmon was float now byte
survquar was float now byte
rural was float now byte
news was float now byte
reg_tpi was float now byte
strata was float now byte
spdomain was float now byte
bswt was float now byte
count was float now byte
product was double now long
numreg was double now byte
descript was str244 now str80
variable hhid does not uniquely identify observations in the master data
survquar was byte now float
reg_tpi was byte now float
spdomain was byte now float
(label survquar already defined)
(label news_ru_ur already defined)
(label reg13 already defined)

     _merge |      Freq.     Percent        Cum.
------------+-----------------------------------
          2 |         81        0.04        0.04
          3 |    184,095       99.96      100.00
------------+-----------------------------------
      Total |    184,176      100.00
variable hhid does not uniquely identify observations in the master data

     _merge |      Freq.     Percent        Cum.
------------+-----------------------------------
          3 |    184,176      100.00      100.00
------------+-----------------------------------
      Total |    184,176      100.00
(116135 observations deleted)
(67 observations deleted)
(5321 observations deleted)
(4 missing values generated)
(4 missing values generated)

    Variable |       Obs        Mean    Std. Dev.       Min        Max
-------------+--------------------------------------------------------
    ratiotw1 |       727    1.524302    6.513593   .4907718   156.1156
    ratiomw1 |       727    1.493582    10.35399          0   279.1747
variable product does not uniquely identify observations in the master data

     _merge |      Freq.     Percent        Cum.
------------+-----------------------------------
          2 |          1        0.14        0.14
          3 |        731       99.86      100.00
------------+-----------------------------------
      Total |        732      100.00
    1
(1 observation deleted)
file C:\Users\Templeton\Desktop\GAPP\GAPP-UGANDA-HARUNA\ww-ug\10_MZ\work\price_unit_flex_it
> 1.dta saved
(label reg13 already defined)

     _merge |      Freq.     Percent        Cum.
------------+-----------------------------------
          1 |          2        0.27        0.27
          2 |        344       46.93       47.20
          3 |        387       52.80      100.00
------------+-----------------------------------
      Total |        733      100.00

     +------------------------------------------------------------------------------+
     | product                  spdomain                                   descript |
     |------------------------------------------------------------------------------|
380. |  111111               Maputo City        Refeições completas em restaurantes |
381. |  111431   Niassa & Cabo Delg.-rur   Despesas em Moagem (Farinação de mapira) |
     +------------------------------------------------------------------------------+
(346 observations deleted)
variable product does not uniquely identify observations in the master data

     _merge |      Freq.     Percent        Cum.
------------+-----------------------------------
          1 |          1        0.13        0.13
          2 |        354       47.77       47.91
          3 |        386       52.09      100.00
------------+-----------------------------------
      Total |        741      100.00

     +----------------------------------------------------------+
     | product                  spdomain               descript |
     |----------------------------------------------------------|
380. |  113791   Sofala & Zambezia-rural   "Caracol, caramucho" |
     +----------------------------------------------------------+
(355 observations deleted)

-------------------------------------------------------------------------------------------
-> spdomain = Niassa & Cabo Delg.-rur
    2
-------------------------------------------------------------------------------------------
-> spdomain = Niassa & Cabo Delg.-urb
    7
-------------------------------------------------------------------------------------------
-> spdomain = Nampula-rural
    1
-------------------------------------------------------------------------------------------
-> spdomain = Nampula-urban
    1
-------------------------------------------------------------------------------------------
-> spdomain = Sofala & Zambezia-rural
    1
-------------------------------------------------------------------------------------------
-> spdomain = Sofala & Zambezia-urban
    1
-------------------------------------------------------------------------------------------
-> spdomain = Manica & Tete-rural
    2
-------------------------------------------------------------------------------------------
-> spdomain = Manica & Tete-urbana
    1
-------------------------------------------------------------------------------------------
-> spdomain = Gaza & Inhambane-rural
    0
-------------------------------------------------------------------------------------------
-> spdomain = Gaza & Inhambane-urban
    0
-------------------------------------------------------------------------------------------
-> spdomain = Maputo Province-rural
    0
-------------------------------------------------------------------------------------------
-> spdomain = Maputo Province-urban
    0
-------------------------------------------------------------------------------------------
-> spdomain = Maputo City
    0
(16 observations deleted)
(32 observations deleted)

Summary for variables: baskshr
     by categories of: spdomain 

        spdomain |         N      mean        sd       min       max
-----------------+--------------------------------------------------
Niassa & Cabo De |        30  .9019014         0  .9019014  .9019014
Niassa & Cabo De |        22  .8609066         0  .8609066  .8609066
   Nampula-rural |        30  .9028898         0  .9028898  .9028898
   Nampula-urban |        27  .9055395         0  .9055395  .9055395
Sofala & Zambezi |        27  .9007552         0  .9007552  .9007552
Sofala & Zambezi |        26  .9060773         0  .9060773  .9060773
Manica & Tete-ru |        24   .900457         0   .900457   .900457
Manica & Tete-ur |        22  .9020826         0  .9020826  .9020826
Gaza & Inhambane |        28  .9069819         0  .9069819  .9069819
Gaza & Inhambane |        29  .9018277         0  .9018277  .9018277
Maputo Province- |        22    .91113         0    .91113    .91113
Maputo Province- |        25  .9066793         0  .9066793  .9066793
     Maputo City |        26  .9002851         0  .9002851  .9002851
-----------------+--------------------------------------------------
           Total |       338  .9009946  .0110107  .8609066    .91113
--------------------------------------------------------------------
variable spdomain does not uniquely identify observations in the master data

     _merge |      Freq.     Percent        Cum.
------------+-----------------------------------
          3 |        338      100.00      100.00
------------+-----------------------------------
      Total |        338      100.00
(338 real changes made)
(338 real changes made)
(338 real changes made)

Summary for variables: chkcal
     by categories of: spdomain 

        spdomain |         N      mean        sd       min       max
-----------------+--------------------------------------------------
Niassa & Cabo De |        30 -.0001028         0 -.0001028 -.0001028
Niassa & Cabo De |        22 -.0000899         0 -.0000899 -.0000899
   Nampula-rural |        30  .0000257         0  .0000257  .0000257
   Nampula-urban |        27  .0002056         0  .0002056  .0002056
Sofala & Zambezi |        27  .0000899         0  .0000899  .0000899
Sofala & Zambezi |        26  .0001799         0  .0001799  .0001799
Manica & Tete-ru |        24  .0000771         0  .0000771  .0000771
Manica & Tete-ur |        22  .0000128         0  .0000128  .0000128
Gaza & Inhambane |        28  .0000771         0  .0000771  .0000771
Gaza & Inhambane |        29 -.0002441         0 -.0002441 -.0002441
Maputo Province- |        22 -.0000642         0 -.0000642 -.0000642
Maputo Province- |        25 -.0000642         0 -.0000642 -.0000642
     Maputo City |        26  .0000257         0  .0000257  .0000257
-----------------+--------------------------------------------------
           Total |       338  9.54e-06   .000121 -.0002441  .0002056
--------------------------------------------------------------------
(338 real changes made)
file C:\Users\Templeton\Desktop\GAPP\GAPP-UGANDA-HARUNA\ww-ug\10_MZ\work\quan_flex_it1.dta 
> saved
file C:\Users\Templeton\Desktop\GAPP\GAPP-UGANDA-HARUNA\ww-ug\10_MZ\work\povline_food_flex_
> it1.dta saved
variable spdomain does not uniquely identify observations in the master data
(label reg13 already defined)

     _merge |      Freq.     Percent        Cum.
------------+-----------------------------------
          3 |     10,832      100.00      100.00
------------+-----------------------------------
      Total |     10,832      100.00
(2020 real changes made)
(note: file C:\Users\TEMPLE~1\AppData\Local\Temp\ST_0k000009.tmp not found)
file C:\Users\TEMPLE~1\AppData\Local\Temp\ST_0k000009.tmp saved
variable spdomain does not uniquely identify observations in the master data
(label reg13 already defined)

     _merge |      Freq.     Percent        Cum.
------------+-----------------------------------
          3 |     10,832      100.00      100.00
------------+-----------------------------------
      Total |     10,832      100.00
file C:\Users\Templeton\Desktop\GAPP\GAPP-UGANDA-HARUNA\ww-ug\10_MZ\work\povlines_it1.dta s
> aved
variable spdomain does not uniquely identify observations in the master data
variable spdomain does not uniquely identify observations in
    C:\Users\Templeton\Desktop\GAPP\GAPP-UGANDA-HARUNA\ww-ug\10_MZ\work\povlines_it1.dta
(label reg13 already defined)

     _merge |      Freq.     Percent        Cum.
------------+-----------------------------------
          3 |     10,832      100.00      100.00
------------+-----------------------------------
      Total |     10,832      100.00
(10832 real changes made)
(10832 real changes made)

    Variable |     Obs      Weight        Mean   Std. Dev.       Min        Max
-------------+-----------------------------------------------------------------
          cr |   10832  21537187.8    23.78963   38.71481   .4552435   4744.847
      cr_it1 |   10832  21537187.8    23.78963   32.07629    .644331   2448.996
     linpob1 |   10832  21537187.8    18.34169   7.066233   11.83592   37.73229
    linpobr1 |   10832  21537187.8    18.42485   9.04e-07   18.42484   18.42485
(6000 missing values generated)
(6000 real changes made)
(6000 real changes made)
(6000 real changes made)

      pweight: popwt
          VCE: linearized
  Single unit: missing
     Strata 1: strata
         SU 1: psu
        FPC 1: <zero>
(running mean on estimation sample)

Survey: Mean estimation

Number of strata =      11        Number of obs    =     10832
Number of PSUs   =    1060        Population size  =  21537188
                                  Design df        =      1049

--------------------------------------------------------------
             |             Linearized
             |       Mean   Std. Err.     [95% Conf. Interval]
-------------+------------------------------------------------
     h_flex1 |   53.13632    1.34531      50.49651    55.77612
    pg_flex1 |   20.16491   .7170635      18.75786    21.57195
   spg_flex1 |   10.39059    .505002       9.39966    11.38152
--------------------------------------------------------------
(running mean on estimation sample)

Survey: Mean estimation

Number of strata =      11        Number of obs    =     10832
Number of PSUs   =    1060        Population size  =  21537188
                                  Design df        =      1049

            0: rural = 0
            1: rural = 1

--------------------------------------------------------------
             |             Linearized
        Over |       Mean   Std. Err.     [95% Conf. Interval]
-------------+------------------------------------------------
h_flex1      |
           0 |   51.02304   1.666799       47.7524    54.29368
           1 |   54.05946   1.798077      50.53122     57.5877
-------------+------------------------------------------------
pg_flex1     |
           0 |    19.9127   .8337252      18.27674    21.54866
           1 |   20.27508   .9719145      18.36796    22.18219
-------------+------------------------------------------------
spg_flex1    |
           0 |   10.18531   .5232048      9.158658    11.21195
           1 |   10.48026   .6917822      9.122829     11.8377
--------------------------------------------------------------
(running mean on estimation sample)

Survey: Mean estimation

Number of strata =      11        Number of obs    =     10832
Number of PSUs   =    1060        Population size  =  21537188
                                  Design df        =      1049

       Niassa: strata = Niassa
    _subpop_2: strata = Cabo Delgado
      Nampula: strata = Nampula
     Zambezia: strata = Zambezia
         Tete: strata = Tete
       Manica: strata = Manica
       Sofala: strata = Sofala
    Inhambane: strata = Inhambane
         Gaza: strata = Gaza
   _subpop_10: strata = Maputo Prov
   _subpop_11: strata = Maputo City

--------------------------------------------------------------
             |             Linearized
        Over |       Mean   Std. Err.     [95% Conf. Interval]
-------------+------------------------------------------------
h_flex1      |
      Niassa |   28.55713   2.986973      22.69601    34.41826
   _subpop_2 |   34.62086   3.379296      27.98991    41.25181
     Nampula |   43.62628   2.955739      37.82645    49.42612
    Zambezia |   66.46794   3.687767       59.2317    73.70418
        Tete |   49.35799   4.319448      40.88225    57.83373
      Manica |   65.06668    3.72128      57.76468    72.36868
      Sofala |   54.22203   4.750323      44.90081    63.54324
   Inhambane |   57.29357   4.357676      48.74282    65.84433
        Gaza |      62.35   3.420329      55.63853    69.06146
  _subpop_10 |   75.70949   2.328625      71.14019    80.27878
  _subpop_11 |   40.79346   2.654862      35.58401     46.0029
-------------+------------------------------------------------
pg_flex1     |
      Niassa |   11.01088   1.559427      7.950929    14.07083
   _subpop_2 |   10.05296   1.275364      7.550404    12.55552
     Nampula |   14.37238   1.301402      11.81873    16.92603
    Zambezia |   24.27709   1.740691      20.86146    27.69272
        Tete |   19.48776   2.472101      14.63693    24.33859
      Manica |   25.28734   2.536543      20.31006    30.26461
      Sofala |   25.25192   4.459255      16.50185      34.002
   Inhambane |   20.80814   1.972013       16.9386    24.67768
        Gaza |   28.14736   2.533518      23.17602     33.1187
  _subpop_10 |   32.05404   1.551169      29.01029    35.09779
  _subpop_11 |   13.69233   1.076161      11.58065      15.804
-------------+------------------------------------------------
spg_flex1    |
      Niassa |   5.798781   .9277637      3.978297    7.619265
   _subpop_2 |   3.966847   .6414371      2.708201    5.225492
     Nampula |   6.685031   .7320541      5.248574    8.121488
    Zambezia |   11.65218   .9128318      9.860993    13.44336
        Tete |   10.74406   1.688723      7.430397    14.05772
      Manica |   13.50863   1.757455       10.0601    16.95715
      Sofala |   15.85882   4.139054      7.737055    23.98059
   Inhambane |   10.04224   1.278158      7.534203    12.55028
        Gaza |   16.53909   1.977614      12.65856    20.41962
  _subpop_10 |   16.78869   1.154504      14.52329    19.05409
  _subpop_11 |   6.244767   .6166089      5.034839    7.454694
--------------------------------------------------------------
(running mean on estimation sample)

Survey: Mean estimation

Number of strata =      11        Number of obs    =     10832
Number of PSUs   =    1060        Population size  =  21537188
                                  Design df        =      1049

         Over: strata rural
    _subpop_1: Niassa 0
    _subpop_2: Niassa 1
    _subpop_3: Cabo Delgado 0
    _subpop_4: Cabo Delgado 1
    _subpop_5: Nampula 0
    _subpop_6: Nampula 1
    _subpop_7: Zambezia 0
    _subpop_8: Zambezia 1
    _subpop_9: Tete 0
   _subpop_10: Tete 1
   _subpop_11: Manica 0
   _subpop_12: Manica 1
   _subpop_13: Sofala 0
   _subpop_14: Sofala 1
   _subpop_15: Inhambane 0
   _subpop_16: Inhambane 1
   _subpop_17: Gaza 0
   _subpop_18: Gaza 1
   _subpop_19: Maputo Prov 0
   _subpop_20: Maputo Prov 1
   _subpop_21: Maputo City 0

--------------------------------------------------------------
             |             Linearized
        Over |       Mean   Std. Err.     [95% Conf. Interval]
-------------+------------------------------------------------
h_flex1      |
   _subpop_1 |   30.36068   3.227518      24.02755    36.69381
   _subpop_2 |   28.02887   3.755459       20.6598    35.39793
   _subpop_3 |   36.64239   7.438418      22.04652    51.23826
   _subpop_4 |   34.06911   3.752235      26.70637    41.43185
   _subpop_5 |   44.13292   4.832346      34.65075    53.61508
   _subpop_6 |   43.41399   3.675875      36.20109     50.6269
   _subpop_7 |   63.61965   6.456885      50.94977    76.28953
   _subpop_8 |   66.98703   4.143727      58.85609    75.11796
   _subpop_9 |   66.89753   6.424965      54.29028    79.50477
  _subpop_10 |   46.36832   4.863656      36.82472    55.91192
  _subpop_11 |   60.25228   4.899009       50.6393    69.86525
  _subpop_12 |   66.65027   4.673411      57.47997    75.82057
  _subpop_13 |    50.0509   6.766214      36.77405    63.32776
  _subpop_14 |   56.78646   6.289079      44.44585    69.12706
  _subpop_15 |   37.42051   4.206474      29.16645    45.67457
  _subpop_16 |   62.67033    5.53838      51.80277     73.5379
  _subpop_17 |   45.27174    5.70071      34.08565    56.45784
  _subpop_18 |   68.75016   3.832508       61.2299    76.27041
  _subpop_19 |   73.97349   2.636128       68.8008    79.14617
  _subpop_20 |   79.76367    4.51146      70.91116    88.61618
  _subpop_21 |   40.79346   2.654862      35.58401     46.0029
-------------+------------------------------------------------
pg_flex1     |
   _subpop_1 |   11.56269   1.391448      8.832351    14.29303
   _subpop_2 |   10.84925   1.978309       6.96736    14.73115
   _subpop_3 |   12.01002    3.53647      5.070656    18.94938
   _subpop_4 |   9.518802   1.250558      7.064921    11.97268
   _subpop_5 |   16.49896   2.308916      11.96834    21.02958
   _subpop_6 |   13.48131   1.577582      10.38574    16.57689
   _subpop_7 |     26.776   3.716748      19.48289     34.0691
   _subpop_8 |   23.82168   1.979359      19.93772    27.70563
   _subpop_9 |      28.15   4.370609      19.57387    36.72613
  _subpop_10 |   18.01125   2.782325       12.5517    23.47081
  _subpop_11 |   22.41924   2.676349      17.16763    27.67085
  _subpop_12 |   26.23074   3.259336      19.83518     32.6263
  _subpop_13 |   18.33125   2.629634      13.17131    23.49119
  _subpop_14 |   29.50679   6.684583      16.39012    42.62347
  _subpop_15 |    12.6845   1.874273       9.00675    16.36225
  _subpop_16 |   23.00604   2.472536      18.15436    27.85772
  _subpop_17 |   20.07374   3.148996      13.89469    26.25279
  _subpop_18 |   31.17299   3.194893      24.90388     37.4421
  _subpop_19 |   32.39564   1.767076      28.92824    35.86305
  _subpop_20 |   31.25628   3.094758      25.18366     37.3289
  _subpop_21 |   13.69233   1.076161      11.58065      15.804
-------------+------------------------------------------------
spg_flex1    |
   _subpop_1 |   5.985414   .9639756      4.093874    7.876953
   _subpop_2 |   5.744116   1.167259      3.453687    8.034545
   _subpop_3 |   5.302027   1.889496      1.594405    9.009648
   _subpop_4 |   3.602424   .5899709      2.444767    4.760081
   _subpop_5 |   8.249283   1.384162      5.533242    10.96532
   _subpop_6 |   6.029584   .8619717      4.338199    7.720969
   _subpop_7 |    14.5496   2.499169      9.645659    19.45354
   _subpop_8 |   11.12414   1.003415       9.15521    13.09307
   _subpop_9 |   15.51844   3.102943      9.429754    21.60712
  _subpop_10 |   9.930249   1.904236      6.193705    13.66679
  _subpop_11 |   11.33922   1.812229      7.783214    14.89523
  _subpop_12 |   14.22221    2.26178      9.784079    18.66033
  _subpop_13 |   8.894323   1.399581      6.148026    11.64062
  _subpop_14 |   20.14063   6.279262       7.81929    32.46198
  _subpop_15 |   5.545265   .9254458      3.729329      7.3612
  _subpop_16 |   11.25892   1.600423      8.118526    14.39932
  _subpop_17 |   11.46536   2.155998      7.234801    15.69592
  _subpop_18 |   18.44049   2.555181      13.42665    23.45434
  _subpop_19 |   17.31117   1.292901       14.7742    19.84813
  _subpop_20 |   15.56851   2.322388      11.01145    20.12556
  _subpop_21 |   6.244767   .6166089      5.034839    7.454694
--------------------------------------------------------------
(running mean on estimation sample)

Survey: Mean estimation

Number of strata =      11        Number of obs    =     10832
Number of PSUs   =    1060        Population size  =  21537188
                                  Design df        =      1049

    _subpop_1: spdomain = Niassa & Cabo Delg.-rur
    _subpop_2: spdomain = Niassa & Cabo Delg.-urb
    _subpop_3: spdomain = Nampula-rural
    _subpop_4: spdomain = Nampula-urban
    _subpop_5: spdomain = Sofala & Zambezia-rural
    _subpop_6: spdomain = Sofala & Zambezia-urban
    _subpop_7: spdomain = Manica & Tete-rural
    _subpop_8: spdomain = Manica & Tete-urbana
    _subpop_9: spdomain = Gaza & Inhambane-rural
   _subpop_10: spdomain = Gaza & Inhambane-urban
   _subpop_11: spdomain = Maputo Province-rural
   _subpop_12: spdomain = Maputo Province-urban
   _subpop_13: spdomain = Maputo City

--------------------------------------------------------------
             |             Linearized
        Over |       Mean   Std. Err.     [95% Conf. Interval]
-------------+------------------------------------------------
h_flex1      |
   _subpop_1 |   31.49083    2.66406      26.26334    36.71833
   _subpop_2 |   33.85204    4.56613      24.89225    42.81183
   _subpop_3 |   43.41399   3.675875      36.20109     50.6269
   _subpop_4 |   44.13292   4.832346      34.65075    53.61508
   _subpop_5 |   64.55829    3.62198      57.45114    71.66544
   _subpop_6 |   56.65612   4.654613      47.52271    65.78953
   _subpop_7 |   54.59727   3.479812      47.76909    61.42545
   _subpop_8 |   63.11971   3.958947      55.35136    70.88807
   _subpop_9 |   65.63265   3.470398      58.82294    72.44236
  _subpop_10 |   41.88201    3.68997      34.64145    49.12257
  _subpop_11 |   79.76367    4.51146      70.91116    88.61618
  _subpop_12 |   73.97349   2.636128       68.8008    79.14617
  _subpop_13 |   40.79346   2.654862      35.58401     46.0029
-------------+------------------------------------------------
pg_flex1     |
   _subpop_1 |    10.0867   1.114658      7.899491    12.27392
   _subpop_2 |   11.81131   2.072696       7.74421    15.87841
   _subpop_3 |   13.48131   1.577582      10.38574    16.57689
   _subpop_4 |   16.49896   2.308916      11.96834    21.02958
   _subpop_5 |   25.17529   2.189175      20.87963    29.47095
   _subpop_6 |   22.44212   2.274558      17.97892    26.90533
   _subpop_7 |   21.34613   2.099316      17.22679    25.46546
   _subpop_8 |   24.89207   2.440072       20.1041    29.68005
   _subpop_9 |   26.98528   2.079884      22.90407    31.06649
  _subpop_10 |   16.88347   1.986838      12.98484     20.7821
  _subpop_11 |   31.25628   3.094758      25.18366     37.3289
  _subpop_12 |   32.39564   1.767076      28.92824    35.86305
  _subpop_13 |   13.69233   1.076161      11.58065      15.804
-------------+------------------------------------------------
spg_flex1    |
   _subpop_1 |   4.516604    .616937      3.306033    5.727175
   _subpop_2 |   5.605589   1.116645      3.414478      7.7967
   _subpop_3 |   6.029584   .8619717      4.338199    7.720969
   _subpop_4 |   8.249283   1.384162      5.533242    10.96532
   _subpop_5 |   13.27095   1.751436      9.834235    16.70767
   _subpop_6 |   11.64729   1.434709      8.832067    14.46252
   _subpop_7 |   11.67162   1.444729      8.836727     14.5065
   _subpop_8 |   13.14256   1.693407       9.81971    16.46541
   _subpop_9 |   14.75805   1.544868      11.72667    17.78943
  _subpop_10 |   8.909386   1.329034      6.301519    11.51725
  _subpop_11 |   15.56851   2.322388      11.01145    20.12556
  _subpop_12 |   17.31117   1.292901       14.7742    19.84813
  _subpop_13 |   6.244767   .6166089      5.034839    7.454694
--------------------------------------------------------------
rural was float now byte
news was float now byte
reg_tpi was float now byte
strata was float now byte
spdomain was float now byte
h_flex1 was float now byte
file C:\Users\Templeton\Desktop\GAPP\GAPP-UGANDA-HARUNA\ww-ug\10_MZ/work/cons_real_it1.dta 
> saved

    Variable |     Obs      Weight        Mean   Std. Dev.       Min        Max
-------------+-----------------------------------------------------------------
     h_flex1 |   10832  21537187.8    53.13632   49.90384          0        100
file C:\Users\Templeton\Desktop\GAPP\GAPP-UGANDA-HARUNA\ww-ug\10_MZ/work/foodshares_it1.dta
>  saved
file C:\Users\TEMPLE~1\AppData\Local\Temp\ST_0k000002.tmp saved
variable one does not uniquely identify observations in the master data

     _merge |      Freq.     Percent        Cum.
------------+-----------------------------------
          3 |     10,832      100.00      100.00
------------+-----------------------------------
      Total |     10,832      100.00

   relpoor2 |      Freq.     Percent        Cum.
------------+-----------------------------------
          0 | 5,086.1936       46.96       46.96
          1 | 5,745.8064       53.04      100.00
------------+-----------------------------------
      Total |     10,832      100.00
file C:\Users\Templeton\Desktop\GAPP\GAPP-UGANDA-HARUNA\ww-ug\10_MZ\work\relpoor_it2.dta sa
> ved
variable hhid does not uniquely identify observations in the master data

     _merge |      Freq.     Percent        Cum.
------------+-----------------------------------
          3 |    257,521      100.00      100.00
------------+-----------------------------------
      Total |    257,521      100.00
(130896 observations deleted)
variable hhid does not uniquely identify observations in the master data

     _merge |      Freq.     Percent        Cum.
------------+-----------------------------------
          3 |    126,625      100.00      100.00
------------+-----------------------------------
      Total |    126,625      100.00
(76703 observations deleted)
    0
    0
(65 missing values generated)
   65
(65 observations deleted)
(note: file C:\Users\TEMPLE~1\AppData\Local\Temp\ST_0k00000a.tmp not found)
file C:\Users\TEMPLE~1\AppData\Local\Temp\ST_0k00000a.tmp saved
(note: file C:\Users\TEMPLE~1\AppData\Local\Temp\ST_0k00000b.tmp not found)
file C:\Users\TEMPLE~1\AppData\Local\Temp\ST_0k00000b.tmp saved
variable spdomain does not uniquely identify observations in the master data

     _merge |      Freq.     Percent        Cum.
------------+-----------------------------------
          3 |     49,857      100.00      100.00
------------+-----------------------------------
      Total |     49,857      100.00
 1066
(1066 observations deleted)
file C:\Users\TEMPLE~1\AppData\Local\Temp\ST_0k00000a.tmp saved
72
72
file C:\Users\Templeton\Desktop\GAPP\GAPP-UGANDA-HARUNA\ww-ug\10_MZ\work\codes_food_basket_
> flex_it2.dta saved
(2671 observations deleted)
(note: file C:\Users\TEMPLE~1\AppData\Local\Temp\ST_0k00000c.tmp not found)
file C:\Users\TEMPLE~1\AppData\Local\Temp\ST_0k00000c.tmp saved
variable hhid does not uniquely identify observations in the master data

     _merge |      Freq.     Percent        Cum.
------------+-----------------------------------
          1 |      1,463        0.64        0.64
          3 |    228,040       99.36      100.00
------------+-----------------------------------
      Total |    229,503      100.00
(0 observations deleted)
file C:\Users\TEMPLE~1\AppData\Local\Temp\ST_0k00000c.tmp saved
variable product does not uniquely identify observations in the master data

     _merge |      Freq.     Percent        Cum.
------------+-----------------------------------
          1 |     40,748       17.75       17.75
          3 |    188,755       82.25      100.00
------------+-----------------------------------
      Total |    229,503      100.00
(40748 observations deleted)
(2778 observations deleted)
(0 observations deleted)
(note: file C:\Users\TEMPLE~1\AppData\Local\Temp\ST_0k00000e.tmp not found)
file C:\Users\TEMPLE~1\AppData\Local\Temp\ST_0k00000e.tmp saved
daily_valued2 was float now int
days2 was float now int
food_cat was float now byte
psu was float now int
survmon was float now byte
survquar was float now byte
rural was float now byte
news was float now byte
reg_tpi was float now byte
strata was float now byte
spdomain was float now byte
bswt was float now byte
count was float now byte
product was double now long
numreg was double now byte
descript was str244 now str80
variable hhid does not uniquely identify observations in the master data
survquar was byte now float
reg_tpi was byte now float
spdomain was byte now float
(label survquar already defined)
(label news_ru_ur already defined)
(label reg13 already defined)

     _merge |      Freq.     Percent        Cum.
------------+-----------------------------------
          2 |         81        0.04        0.04
          3 |    185,977       99.96      100.00
------------+-----------------------------------
      Total |    186,058      100.00
variable hhid does not uniquely identify observations in the master data

     _merge |      Freq.     Percent        Cum.
------------+-----------------------------------
          3 |    186,058      100.00      100.00
------------+-----------------------------------
      Total |    186,058      100.00
(110933 observations deleted)
(67 observations deleted)
(5954 observations deleted)
(4 missing values generated)
(4 missing values generated)

    Variable |       Obs        Mean    Std. Dev.       Min        Max
-------------+--------------------------------------------------------
    ratiotw2 |       745    1.532361    6.438089   .4907718   156.1156
    ratiomw2 |       745    1.494559       10.23          0   279.1747
variable product does not uniquely identify observations in the master data

     _merge |      Freq.     Percent        Cum.
------------+-----------------------------------
          2 |          1        0.13        0.13
          3 |        749       99.87      100.00
------------+-----------------------------------
      Total |        750      100.00
    1
(1 observation deleted)
file C:\Users\Templeton\Desktop\GAPP\GAPP-UGANDA-HARUNA\ww-ug\10_MZ\work\price_unit_flex_it
> 2.dta saved
(label reg13 already defined)

     _merge |      Freq.     Percent        Cum.
------------+-----------------------------------
          1 |          2        0.27        0.27
          2 |        358       47.67       47.94
          3 |        391       52.06      100.00
------------+-----------------------------------
      Total |        751      100.00

     +------------------------------------------------------------------------------+
     | product                  spdomain                                   descript |
     |------------------------------------------------------------------------------|
384. |  111111               Maputo City        Refeições completas em restaurantes |
385. |  111431   Niassa & Cabo Delg.-rur   Despesas em Moagem (Farinação de mapira) |
     +------------------------------------------------------------------------------+
(360 observations deleted)
variable product does not uniquely identify observations in the master data

     _merge |      Freq.     Percent        Cum.
------------+-----------------------------------
          1 |          1        0.13        0.13
          2 |        353       47.45       47.58
          3 |        390       52.42      100.00
------------+-----------------------------------
      Total |        744      100.00

     +----------------------------------------------------------+
     | product                  spdomain               descript |
     |----------------------------------------------------------|
384. |  113791   Sofala & Zambezia-rural   "Caracol, caramucho" |
     +----------------------------------------------------------+
(354 observations deleted)

-------------------------------------------------------------------------------------------
-> spdomain = Niassa & Cabo Delg.-rur
    2
-------------------------------------------------------------------------------------------
-> spdomain = Niassa & Cabo Delg.-urb
    8
-------------------------------------------------------------------------------------------
-> spdomain = Nampula-rural
    1
-------------------------------------------------------------------------------------------
-> spdomain = Nampula-urban
    1
-------------------------------------------------------------------------------------------
-> spdomain = Sofala & Zambezia-rural
    1
-------------------------------------------------------------------------------------------
-> spdomain = Sofala & Zambezia-urban
    1
-------------------------------------------------------------------------------------------
-> spdomain = Manica & Tete-rural
    1
-------------------------------------------------------------------------------------------
-> spdomain = Manica & Tete-urbana
    1
-------------------------------------------------------------------------------------------
-> spdomain = Gaza & Inhambane-rural
    0
-------------------------------------------------------------------------------------------
-> spdomain = Gaza & Inhambane-urban
    0
-------------------------------------------------------------------------------------------
-> spdomain = Maputo Province-rural
    1
-------------------------------------------------------------------------------------------
-> spdomain = Maputo Province-urban
    0
-------------------------------------------------------------------------------------------
-> spdomain = Maputo City
    0
(17 observations deleted)
(30 observations deleted)

Summary for variables: baskshr
     by categories of: spdomain 

        spdomain |         N      mean        sd       min       max
-----------------+--------------------------------------------------
Niassa & Cabo De |        30  .9000965         0  .9000965  .9000965
Niassa & Cabo De |        22  .8599946         0  .8599946  .8599946
   Nampula-rural |        30  .9033107         0  .9033107  .9033107
   Nampula-urban |        27  .9008135         0  .9008135  .9008135
Sofala & Zambezi |        27  .9032176         0  .9032176  .9032176
Sofala & Zambezi |        26  .9058891         0  .9058891  .9058891
Manica & Tete-ru |        24  .9001858         0  .9001858  .9001858
Manica & Tete-ur |        22  .9021024         0  .9021024  .9021024
Gaza & Inhambane |        28  .9050567         0  .9050567  .9050567
Gaza & Inhambane |        29  .9039858         0  .9039858  .9039858
Maputo Province- |        24  .9056908         0  .9056908  .9056908
Maputo Province- |        25  .9052788         0  .9052788  .9052788
     Maputo City |        29  .9045118         0  .9045118  .9045118
-----------------+--------------------------------------------------
           Total |       343  .9005578  .0108107  .8599946  .9058891
--------------------------------------------------------------------
variable spdomain does not uniquely identify observations in the master data

     _merge |      Freq.     Percent        Cum.
------------+-----------------------------------
          3 |        343      100.00      100.00
------------+-----------------------------------
      Total |        343      100.00
(343 real changes made)
(343 real changes made)
(343 real changes made)

Summary for variables: chkcal
     by categories of: spdomain 

        spdomain |         N      mean        sd       min       max
-----------------+--------------------------------------------------
Niassa & Cabo De |        30  .0001542         0  .0001542  .0001542
Niassa & Cabo De |        22  .0000385         0  .0000385  .0000385
   Nampula-rural |        30  .0000257         0  .0000257  .0000257
   Nampula-urban |        27 -.0000514         0 -.0000514 -.0000514
Sofala & Zambezi |        27 -.0000385         0 -.0000385 -.0000385
Sofala & Zambezi |        26  .0001799         0  .0001799  .0001799
Manica & Tete-ru |        24 -.0000514         0 -.0000514 -.0000514
Manica & Tete-ur |        22  .0000128         0  .0000128  .0000128
Gaza & Inhambane |        28 -.0000514         0 -.0000514 -.0000514
Gaza & Inhambane |        29  .0001413         0  .0001413  .0001413
Maputo Province- |        24 -.0000642         0 -.0000642 -.0000642
Maputo Province- |        25  .0001927         0  .0001927  .0001927
     Maputo City |        29 -.0002313         0 -.0002313 -.0002313
-----------------+--------------------------------------------------
           Total |       343  .0000197  .0001195 -.0002313  .0001927
--------------------------------------------------------------------
(343 real changes made)
file C:\Users\Templeton\Desktop\GAPP\GAPP-UGANDA-HARUNA\ww-ug\10_MZ\work\quan_flex_it2.dta 
> saved
file C:\Users\Templeton\Desktop\GAPP\GAPP-UGANDA-HARUNA\ww-ug\10_MZ\work\povline_food_flex_
> it2.dta saved
variable spdomain does not uniquely identify observations in the master data
(label reg13 already defined)

     _merge |      Freq.     Percent        Cum.
------------+-----------------------------------
          3 |     10,832      100.00      100.00
------------+-----------------------------------
      Total |     10,832      100.00
(2064 real changes made)
(note: file C:\Users\TEMPLE~1\AppData\Local\Temp\ST_0k00000g.tmp not found)
file C:\Users\TEMPLE~1\AppData\Local\Temp\ST_0k00000g.tmp saved
variable spdomain does not uniquely identify observations in the master data
(label reg13 already defined)

     _merge |      Freq.     Percent        Cum.
------------+-----------------------------------
          3 |     10,832      100.00      100.00
------------+-----------------------------------
      Total |     10,832      100.00
file C:\Users\Templeton\Desktop\GAPP\GAPP-UGANDA-HARUNA\ww-ug\10_MZ\work\povlines_it2.dta s
> aved
variable spdomain does not uniquely identify observations in the master data
variable spdomain does not uniquely identify observations in
    C:\Users\Templeton\Desktop\GAPP\GAPP-UGANDA-HARUNA\ww-ug\10_MZ\work\povlines_it2.dta
(label reg13 already defined)

     _merge |      Freq.     Percent        Cum.
------------+-----------------------------------
          3 |     10,832      100.00      100.00
------------+-----------------------------------
      Total |     10,832      100.00
(10832 real changes made)
(10832 real changes made)

    Variable |     Obs      Weight        Mean   Std. Dev.       Min        Max
-------------+-----------------------------------------------------------------
          cr |   10832  21537187.8    23.78963   38.71481   .4552435   4744.847
      cr_it2 |   10832  21537187.8    23.78963   31.90858   .6444471   2364.806
     linpob2 |   10832  21537187.8    18.43697    7.28531   11.79985   37.83941
    linpobr2 |   10832  21537187.8    18.49319   9.47e-07   18.49319   18.49319
(5968 missing values generated)
(5968 real changes made)
(5968 real changes made)
(5968 real changes made)

      pweight: popwt
          VCE: linearized
  Single unit: missing
     Strata 1: strata
         SU 1: psu
        FPC 1: <zero>
(running mean on estimation sample)

Survey: Mean estimation

Number of strata =      11        Number of obs    =     10832
Number of PSUs   =    1060        Population size  =  21537188
                                  Design df        =      1049

--------------------------------------------------------------
             |             Linearized
             |       Mean   Std. Err.     [95% Conf. Interval]
-------------+------------------------------------------------
     h_flex2 |   53.21878   1.347172      50.57532    55.86224
    pg_flex2 |   20.25067   .7184619      18.84089    21.66046
   spg_flex2 |   10.44203   .5058891      9.449355    11.43469
--------------------------------------------------------------
(running mean on estimation sample)

Survey: Mean estimation

Number of strata =      11        Number of obs    =     10832
Number of PSUs   =    1060        Population size  =  21537188
                                  Design df        =      1049

            0: rural = 0
            1: rural = 1

--------------------------------------------------------------
             |             Linearized
        Over |       Mean   Std. Err.     [95% Conf. Interval]
-------------+------------------------------------------------
h_flex2      |
           0 |   51.59255   1.673437      48.30888    54.87621
           1 |   53.92917   1.805061      50.38723    57.47111
-------------+------------------------------------------------
pg_flex2     |
           0 |   20.29326   .8423856      18.64031    21.94622
           1 |   20.23207   .9752327      18.31844    22.14569
-------------+------------------------------------------------
spg_flex2    |
           0 |   10.41408   .5296067       9.37487    11.45329
           1 |   10.45423   .6933243      9.093772    11.81469
--------------------------------------------------------------
(running mean on estimation sample)

Survey: Mean estimation

Number of strata =      11        Number of obs    =     10832
Number of PSUs   =    1060        Population size  =  21537188
                                  Design df        =      1049

       Niassa: strata = Niassa
    _subpop_2: strata = Cabo Delgado
      Nampula: strata = Nampula
     Zambezia: strata = Zambezia
         Tete: strata = Tete
       Manica: strata = Manica
       Sofala: strata = Sofala
    Inhambane: strata = Inhambane
         Gaza: strata = Gaza
   _subpop_10: strata = Maputo Prov
   _subpop_11: strata = Maputo City

--------------------------------------------------------------
             |             Linearized
        Over |       Mean   Std. Err.     [95% Conf. Interval]
-------------+------------------------------------------------
h_flex2      |
      Niassa |   28.39242   3.009256      22.48757    34.29726
   _subpop_2 |   34.28286   3.374895      27.66054    40.90517
     Nampula |   43.19905   2.997975      37.31634    49.08176
    Zambezia |   66.69645   3.665737      59.50344    73.88946
        Tete |   50.13133   4.319204      41.65607    58.60659
      Manica |   66.21579   3.616695      59.11901    73.31257
      Sofala |   54.35549   4.748456      45.03794    63.67305
   Inhambane |   56.63656   4.315131      48.16929    65.10383
        Gaza |     60.874   3.400398      54.20165    67.54636
  _subpop_10 |   75.74509   2.328905      71.17525    80.31494
  _subpop_11 |    43.2407    2.67922      37.98346    48.49794
-------------+------------------------------------------------
pg_flex2     |
      Niassa |   10.88772    1.54993      7.846407    13.92904
   _subpop_2 |   9.879819   1.264788      7.398017    12.36162
     Nampula |   14.35826   1.300807      11.80578    16.91074
    Zambezia |   24.52707   1.741954      21.10896    27.94518
        Tete |   19.77946    2.48689      14.89961     24.6593
      Manica |   25.65261   2.542116       20.6644    30.64083
      Sofala |   25.56991   4.450849      16.83633    34.30349
   Inhambane |    20.0806    1.93754      16.27871     23.8825
        Gaza |   27.53426   2.523714      22.58216    32.48636
  _subpop_10 |   32.23268   1.550726       29.1898    35.27556
  _subpop_11 |   14.76822   1.123832        12.563    16.97343
-------------+------------------------------------------------
spg_flex2    |
      Niassa |   5.726192   .9184915      3.923902    7.528482
   _subpop_2 |   3.882008   .6350863      2.635824    5.128192
     Nampula |   6.683001   .7318086      5.247026    8.118977
    Zambezia |   11.81006   .9188467      10.00708    13.61305
        Tete |   10.91023    1.70443      7.565754    14.25471
      Manica |   13.72629   1.773478      10.24632    17.20626
      Sofala |   16.05672   4.134543      7.943804    24.16964
   Inhambane |    9.62057   1.249514       7.16874     12.0724
        Gaza |   16.11976   1.954206      12.28516    19.95436
  _subpop_10 |   16.91129   1.156283       14.6424    19.18018
  _subpop_11 |   6.839502   .6499067      5.564237    8.114767
--------------------------------------------------------------
(running mean on estimation sample)

Survey: Mean estimation

Number of strata =      11        Number of obs    =     10832
Number of PSUs   =    1060        Population size  =  21537188
                                  Design df        =      1049

         Over: strata rural
    _subpop_1: Niassa 0
    _subpop_2: Niassa 1
    _subpop_3: Cabo Delgado 0
    _subpop_4: Cabo Delgado 1
    _subpop_5: Nampula 0
    _subpop_6: Nampula 1
    _subpop_7: Zambezia 0
    _subpop_8: Zambezia 1
    _subpop_9: Tete 0
   _subpop_10: Tete 1
   _subpop_11: Manica 0
   _subpop_12: Manica 1
   _subpop_13: Sofala 0
   _subpop_14: Sofala 1
   _subpop_15: Inhambane 0
   _subpop_16: Inhambane 1
   _subpop_17: Gaza 0
   _subpop_18: Gaza 1
   _subpop_19: Maputo Prov 0
   _subpop_20: Maputo Prov 1
   _subpop_21: Maputo City 0

--------------------------------------------------------------
             |             Linearized
        Over |       Mean   Std. Err.     [95% Conf. Interval]
-------------+------------------------------------------------
h_flex2      |
   _subpop_1 |   30.36068   3.227518      24.02755    36.69381
   _subpop_2 |   27.81591   3.786038      20.38684    35.24498
   _subpop_3 |   36.64239   7.438418      22.04652    51.23826
   _subpop_4 |   33.63885   3.738007      26.30403    40.97367
   _subpop_5 |   44.13292   4.832346      34.65075    53.61508
   _subpop_6 |   42.80774    3.74569      35.45785    50.15764
   _subpop_7 |   64.20057   6.472002      51.50103    76.90012
   _subpop_8 |   67.15131   4.122506      59.06201    75.24061
   _subpop_9 |   66.89753   6.424965      54.29028    79.50477
  _subpop_10 |   47.27348   4.865671      37.72593    56.82104
  _subpop_11 |   61.13712   4.992907       51.3399    70.93434
  _subpop_12 |   67.88631    4.51062      59.03544    76.73717
  _subpop_13 |   50.40145    6.77745      37.10255    63.70035
  _subpop_14 |   56.78646   6.289079      44.44585    69.12706
  _subpop_15 |   37.42051   4.206474      29.16645    45.67457
  _subpop_16 |   61.83557   5.473371      51.09557    72.57557
  _subpop_17 |   45.27174    5.70071      34.08565    56.45784
  _subpop_18 |   66.72103     3.8852      59.09738    74.34467
  _subpop_19 |   74.02434   2.637282      68.84939    79.19929
  _subpop_20 |   79.76367    4.51146      70.91116    88.61618
  _subpop_21 |    43.2407    2.67922      37.98346    48.49794
-------------+------------------------------------------------
pg_flex2     |
   _subpop_1 |   11.48977   1.386357       8.76942    14.21012
   _subpop_2 |   10.71138    1.96637      6.852917    14.56985
   _subpop_3 |   11.91446   3.522008      5.003481    18.82545
   _subpop_4 |   9.324485   1.233739      6.903607    11.74536
   _subpop_5 |   16.66751   2.322113      12.11099    21.22402
   _subpop_6 |   13.39064   1.572796      10.30446    16.47683
   _subpop_7 |   27.56384   3.762874      20.18022    34.94746
   _subpop_8 |   23.97364    1.98519      20.07825    27.86904
   _subpop_9 |   28.17147   4.371341      19.59391    36.74904
  _subpop_10 |   18.34901    2.80181      12.85122     23.8468
  _subpop_11 |   22.44028   2.677093      17.18721    27.69334
  _subpop_12 |   26.70924   3.266469      20.29969     33.1188
  _subpop_13 |   19.01043   2.711138      13.69056     24.3303
  _subpop_14 |   29.60271   6.681395      16.49229    42.71313
  _subpop_15 |   12.76965    1.88088      9.078931    16.46036
  _subpop_16 |   22.05862   2.428437      17.29348    26.82377
  _subpop_17 |   20.16048    3.15663      13.96645    26.35451
  _subpop_18 |   30.29762   3.193289      24.03166    36.56359
  _subpop_19 |   32.51338   1.768226      29.04372    35.98304
  _subpop_20 |   31.57714   3.094786      25.50447    37.64982
  _subpop_21 |   14.76822   1.123832        12.563    16.97343
-------------+------------------------------------------------
spg_flex2    |
   _subpop_1 |   5.942342   .9612011      4.056247    7.828438
   _subpop_2 |   5.662881   1.155335       3.39585    7.929913
   _subpop_3 |   5.250254   1.876968      1.567215    8.933293
   _subpop_4 |   3.508561   .5806539      2.369186    4.647936
   _subpop_5 |   8.350637   1.394902      5.613522    11.08775
   _subpop_6 |   5.984235   .8579671      4.300708    7.667762
   _subpop_7 |   15.08182   2.547529      10.08298    20.08065
   _subpop_8 |   11.21381   1.009576      9.232788    13.19483
   _subpop_9 |   15.53244   3.104213       9.44127    21.62362
  _subpop_10 |   10.12236   1.923903      6.347229     13.8975
  _subpop_11 |   11.35151   1.813098      7.793797    14.90922
  _subpop_12 |   14.50742   2.283416      10.02684    18.98801
  _subpop_13 |   9.306621   1.450746      6.459927    12.15331
  _subpop_14 |   20.20672   6.281578      7.880832    32.53261
  _subpop_15 |   5.594622   .9317607      3.766295    7.422949
  _subpop_16 |   10.70981   1.565043      7.638839    13.78078
  _subpop_17 |   11.52482   2.162609      7.281289    15.76835
  _subpop_18 |   17.84173   2.527644      12.88192    22.80155
  _subpop_19 |   17.39678   1.295343      14.85502    19.93854
  _subpop_20 |   15.77749   2.331556      11.20244    20.35253
  _subpop_21 |   6.839502   .6499067      5.564237    8.114767
--------------------------------------------------------------
(running mean on estimation sample)

Survey: Mean estimation

Number of strata =      11        Number of obs    =     10832
Number of PSUs   =    1060        Population size  =  21537188
                                  Design df        =      1049

    _subpop_1: spdomain = Niassa & Cabo Delg.-rur
    _subpop_2: spdomain = Niassa & Cabo Delg.-urb
    _subpop_3: spdomain = Nampula-rural
    _subpop_4: spdomain = Nampula-urban
    _subpop_5: spdomain = Sofala & Zambezia-rural
    _subpop_6: spdomain = Sofala & Zambezia-urban
    _subpop_7: spdomain = Manica & Tete-rural
    _subpop_8: spdomain = Manica & Tete-urbana
    _subpop_9: spdomain = Gaza & Inhambane-rural
   _subpop_10: spdomain = Gaza & Inhambane-urban
   _subpop_11: spdomain = Maputo Province-rural
   _subpop_12: spdomain = Maputo Province-urban
   _subpop_13: spdomain = Maputo City

--------------------------------------------------------------
             |             Linearized
        Over |       Mean   Std. Err.     [95% Conf. Interval]
-------------+------------------------------------------------
h_flex2      |
   _subpop_1 |   31.15333   2.664804      25.92437    36.38228
   _subpop_2 |   33.85204    4.56613      24.89225    42.81183
   _subpop_3 |   42.80774    3.74569      35.45785    50.15764
   _subpop_4 |   44.13292   4.832346      34.65075    53.61508
   _subpop_5 |   64.68345   3.609576      57.60064    71.76626
   _subpop_6 |   57.11882   4.663749      47.96748    66.27016
   _subpop_7 |   55.63668   3.458752      48.84982    62.42354
   _subpop_8 |   63.62275   3.989597      55.79425    71.45124
   _subpop_9 |   64.21594   3.435865      57.47399    70.95789
  _subpop_10 |   41.88201    3.68997      34.64145    49.12257
  _subpop_11 |   79.76367    4.51146      70.91116    88.61618
  _subpop_12 |   74.02434   2.637282      68.84939    79.19929
  _subpop_13 |    43.2407    2.67922      37.98346    48.49794
-------------+------------------------------------------------
pg_flex2     |
   _subpop_1 |   9.916481    1.10488      7.748455    12.08451
   _subpop_2 |   11.72581   2.063716      7.676331     15.7753
   _subpop_3 |   13.39064   1.572796      10.30446    16.47683
   _subpop_4 |   16.66751   2.322113      12.11099    21.22402
   _subpop_5 |   25.31391    2.19133      21.01402     29.6138
   _subpop_6 |    23.1742     2.3164       18.6289    27.71951
   _subpop_7 |   21.74099   2.110376      17.59995    25.88203
   _subpop_8 |    24.9133   2.440594       20.1243     29.7023
   _subpop_9 |   26.07297   2.064352      22.02224     30.1237
  _subpop_10 |   16.96952   1.991691      13.06137    20.87767
  _subpop_11 |   31.57714   3.094786      25.50447    37.64982
  _subpop_12 |   32.51338   1.768226      29.04372    35.98304
  _subpop_13 |   14.76822   1.123832        12.563    16.97343
-------------+------------------------------------------------
spg_flex2    |
   _subpop_1 |   4.428132   .6098961      3.231376    5.624887
   _subpop_2 |   5.557682   1.109532      3.380526    7.734837
   _subpop_3 |   5.984235   .8579671      4.300708    7.667762
   _subpop_4 |   8.350637   1.394902      5.613522    11.08775
   _subpop_5 |   13.35501   1.753231      9.914767    16.79524
   _subpop_6 |   12.11797   1.468151       9.23712    14.99881
   _subpop_7 |    11.9015   1.459166      9.038288    14.76472
   _subpop_8 |   13.15559   1.694157      9.831267    16.47991
   _subpop_9 |   14.18475   1.522602      11.19706    17.17244
  _subpop_10 |   8.964484   1.333299      6.348248    11.58072
  _subpop_11 |   15.77749   2.331556      11.20244    20.35253
  _subpop_12 |   17.39678   1.295343      14.85502    19.93854
  _subpop_13 |   6.839502   .6499067      5.564237    8.114767
--------------------------------------------------------------
rural was float now byte
news was float now byte
reg_tpi was float now byte
strata was float now byte
spdomain was float now byte
h_flex2 was float now byte
file C:\Users\Templeton\Desktop\GAPP\GAPP-UGANDA-HARUNA\ww-ug\10_MZ/work/cons_real_it2.dta 
> saved

    Variable |     Obs      Weight        Mean   Std. Dev.       Min        Max
-------------+-----------------------------------------------------------------
     h_flex2 |   10832  21537187.8    53.21878   49.89859          0        100
file C:\Users\Templeton\Desktop\GAPP\GAPP-UGANDA-HARUNA\ww-ug\10_MZ/work/foodshares_it2.dta
>  saved
file C:\Users\TEMPLE~1\AppData\Local\Temp\ST_0k000002.tmp saved
variable one does not uniquely identify observations in the master data

     _merge |      Freq.     Percent        Cum.
------------+-----------------------------------
          3 |     10,832      100.00      100.00
------------+-----------------------------------
      Total |     10,832      100.00

   relpoor3 |      Freq.     Percent        Cum.
------------+-----------------------------------
          0 | 5,090.7845       47.00       47.00
          1 | 5,741.2155       53.00      100.00
------------+-----------------------------------
      Total |     10,832      100.00
file C:\Users\Templeton\Desktop\GAPP\GAPP-UGANDA-HARUNA\ww-ug\10_MZ\work\relpoor_it3.dta sa
> ved
variable hhid does not uniquely identify observations in the master data

     _merge |      Freq.     Percent        Cum.
------------+-----------------------------------
          3 |    257,521      100.00      100.00
------------+-----------------------------------
      Total |    257,521      100.00
(130896 observations deleted)
variable hhid does not uniquely identify observations in the master data

     _merge |      Freq.     Percent        Cum.
------------+-----------------------------------
          3 |    126,625      100.00      100.00
------------+-----------------------------------
      Total |    126,625      100.00
(76365 observations deleted)
    0
    0
(65 missing values generated)
   65
(65 observations deleted)
(note: file C:\Users\TEMPLE~1\AppData\Local\Temp\ST_0k00000h.tmp not found)
file C:\Users\TEMPLE~1\AppData\Local\Temp\ST_0k00000h.tmp saved
(note: file C:\Users\TEMPLE~1\AppData\Local\Temp\ST_0k00000i.tmp not found)
file C:\Users\TEMPLE~1\AppData\Local\Temp\ST_0k00000i.tmp saved
variable spdomain does not uniquely identify observations in the master data

     _merge |      Freq.     Percent        Cum.
------------+-----------------------------------
          3 |     50,195      100.00      100.00
------------+-----------------------------------
      Total |     50,195      100.00
 1067
(1067 observations deleted)
file C:\Users\TEMPLE~1\AppData\Local\Temp\ST_0k00000h.tmp saved
71
71
file C:\Users\Templeton\Desktop\GAPP\GAPP-UGANDA-HARUNA\ww-ug\10_MZ\work\codes_food_basket_
> flex_it3.dta saved
(2671 observations deleted)
(note: file C:\Users\TEMPLE~1\AppData\Local\Temp\ST_0k00000j.tmp not found)
file C:\Users\TEMPLE~1\AppData\Local\Temp\ST_0k00000j.tmp saved
variable hhid does not uniquely identify observations in the master data

     _merge |      Freq.     Percent        Cum.
------------+-----------------------------------
          1 |      1,463        0.64        0.64
          3 |    228,040       99.36      100.00
------------+-----------------------------------
      Total |    229,503      100.00
(0 observations deleted)
file C:\Users\TEMPLE~1\AppData\Local\Temp\ST_0k00000j.tmp saved
variable product does not uniquely identify observations in the master data

     _merge |      Freq.     Percent        Cum.
------------+-----------------------------------
          1 |     42,645       18.58       18.58
          3 |    186,858       81.42      100.00
------------+-----------------------------------
      Total |    229,503      100.00
(42645 observations deleted)
(2763 observations deleted)
(0 observations deleted)
(note: file C:\Users\TEMPLE~1\AppData\Local\Temp\ST_0k00000l.tmp not found)
file C:\Users\TEMPLE~1\AppData\Local\Temp\ST_0k00000l.tmp saved
daily_valued2 was float now int
days2 was float now int
food_cat was float now byte
psu was float now int
survmon was float now byte
survquar was float now byte
rural was float now byte
news was float now byte
reg_tpi was float now byte
strata was float now byte
spdomain was float now byte
bswt was float now byte
count was float now byte
product was double now long
numreg was double now byte
descript was str244 now str80
variable hhid does not uniquely identify observations in the master data
survquar was byte now float
reg_tpi was byte now float
spdomain was byte now float
(label survquar already defined)
(label news_ru_ur already defined)
(label reg13 already defined)

     _merge |      Freq.     Percent        Cum.
------------+-----------------------------------
          2 |         81        0.04        0.04
          3 |    184,095       99.96      100.00
------------+-----------------------------------
      Total |    184,176      100.00
variable hhid does not uniquely identify observations in the master data

     _merge |      Freq.     Percent        Cum.
------------+-----------------------------------
          3 |    184,176      100.00      100.00
------------+-----------------------------------
      Total |    184,176      100.00
(109010 observations deleted)
(68 observations deleted)
(5971 observations deleted)
(4 missing values generated)
(4 missing values generated)

    Variable |       Obs        Mean    Std. Dev.       Min        Max
-------------+--------------------------------------------------------
    ratiotw3 |       732    1.526139    6.492997   .4907718   156.1156
    ratiomw3 |       732    1.491799    10.31822          0   279.1747
variable product does not uniquely identify observations in the master data

     _merge |      Freq.     Percent        Cum.
------------+-----------------------------------
          2 |          1        0.14        0.14
          3 |        736       99.86      100.00
------------+-----------------------------------
      Total |        737      100.00
    1
(1 observation deleted)
file C:\Users\Templeton\Desktop\GAPP\GAPP-UGANDA-HARUNA\ww-ug\10_MZ\work\price_unit_flex_it
> 3.dta saved
(label reg13 already defined)

     _merge |      Freq.     Percent        Cum.
------------+-----------------------------------
          1 |          2        0.27        0.27
          2 |        344       46.61       46.88
          3 |        392       53.12      100.00
------------+-----------------------------------
      Total |        738      100.00

     +------------------------------------------------------------------------------+
     | product                  spdomain                                   descript |
     |------------------------------------------------------------------------------|
385. |  111111               Maputo City        Refeições completas em restaurantes |
386. |  111431   Niassa & Cabo Delg.-rur   Despesas em Moagem (Farinação de mapira) |
     +------------------------------------------------------------------------------+
(346 observations deleted)
variable product does not uniquely identify observations in the master data

     _merge |      Freq.     Percent        Cum.
------------+-----------------------------------
          1 |          1        0.13        0.13
          2 |        354       47.45       47.59
          3 |        391       52.41      100.00
------------+-----------------------------------
      Total |        746      100.00

     +----------------------------------------------------------+
     | product                  spdomain               descript |
     |----------------------------------------------------------|
385. |  113791   Sofala & Zambezia-rural   "Caracol, caramucho" |
     +----------------------------------------------------------+
(355 observations deleted)

-------------------------------------------------------------------------------------------
-> spdomain = Niassa & Cabo Delg.-rur
    2
-------------------------------------------------------------------------------------------
-> spdomain = Niassa & Cabo Delg.-urb
    8
-------------------------------------------------------------------------------------------
-> spdomain = Nampula-rural
    1
-------------------------------------------------------------------------------------------
-> spdomain = Nampula-urban
    1
-------------------------------------------------------------------------------------------
-> spdomain = Sofala & Zambezia-rural
    1
-------------------------------------------------------------------------------------------
-> spdomain = Sofala & Zambezia-urban
    1
-------------------------------------------------------------------------------------------
-> spdomain = Manica & Tete-rural
    1
-------------------------------------------------------------------------------------------
-> spdomain = Manica & Tete-urbana
    1
-------------------------------------------------------------------------------------------
-> spdomain = Gaza & Inhambane-rural
    0
-------------------------------------------------------------------------------------------
-> spdomain = Gaza & Inhambane-urban
    0
-------------------------------------------------------------------------------------------
-> spdomain = Maputo Province-rural
    1
-------------------------------------------------------------------------------------------
-> spdomain = Maputo Province-urban
    0
-------------------------------------------------------------------------------------------
-> spdomain = Maputo City
    0
(17 observations deleted)
(31 observations deleted)

Summary for variables: baskshr
     by categories of: spdomain 

        spdomain |         N      mean        sd       min       max
-----------------+--------------------------------------------------
Niassa & Cabo De |        30   .900046         0   .900046   .900046
Niassa & Cabo De |        22  .8593024         0  .8593024  .8593024
   Nampula-rural |        30  .9035552         0  .9035552  .9035552
   Nampula-urban |        27  .9008135         0  .9008135  .9008135
Sofala & Zambezi |        27  .9033145         0  .9033145  .9033145
Sofala & Zambezi |        26  .9055576         0  .9055576  .9055576
Manica & Tete-ru |        24  .9006978         0  .9006978  .9006978
Manica & Tete-ur |        22    .90207         0    .90207    .90207
Gaza & Inhambane |        28  .9074433         0  .9074433  .9074433
Gaza & Inhambane |        29  .9039858         0  .9039858  .9039858
Maputo Province- |        24  .9056908         0  .9056908  .9056908
Maputo Province- |        25  .9052788         0  .9052788  .9052788
     Maputo City |        29  .9013965         0  .9013965  .9013965
-----------------+--------------------------------------------------
           Total |       343  .9004781  .0110164  .8593024  .9074433
--------------------------------------------------------------------
variable spdomain does not uniquely identify observations in the master data

     _merge |      Freq.     Percent        Cum.
------------+-----------------------------------
          3 |        343      100.00      100.00
------------+-----------------------------------
      Total |        343      100.00
(343 real changes made)
(343 real changes made)
(343 real changes made)

Summary for variables: chkcal
     by categories of: spdomain 

        spdomain |         N      mean        sd       min       max
-----------------+--------------------------------------------------
Niassa & Cabo De |        30  .0000257         0  .0000257  .0000257
Niassa & Cabo De |        22  .0000385         0  .0000385  .0000385
   Nampula-rural |        30  .0001542         0  .0001542  .0001542
   Nampula-urban |        27 -.0000514         0 -.0000514 -.0000514
Sofala & Zambezi |        27 -.0000385         0 -.0000385 -.0000385
Sofala & Zambezi |        26 -.0000771         0 -.0000771 -.0000771
Manica & Tete-ru |        24  .0000771         0  .0000771  .0000771
Manica & Tete-ur |        22  .0000128         0  .0000128  .0000128
Gaza & Inhambane |        28 -.0000514         0 -.0000514 -.0000514
Gaza & Inhambane |        29  .0001413         0  .0001413  .0001413
Maputo Province- |        24 -.0000642         0 -.0000642 -.0000642
Maputo Province- |        25  .0001927         0  .0001927  .0001927
     Maputo City |        29  .0000257         0  .0000257  .0000257
-----------------+--------------------------------------------------
           Total |       343   .000031  .0000863 -.0000771  .0001927
--------------------------------------------------------------------
(343 real changes made)
file C:\Users\Templeton\Desktop\GAPP\GAPP-UGANDA-HARUNA\ww-ug\10_MZ\work\quan_flex_it3.dta 
> saved
file C:\Users\Templeton\Desktop\GAPP\GAPP-UGANDA-HARUNA\ww-ug\10_MZ\work\povline_food_flex_
> it3.dta saved
variable spdomain does not uniquely identify observations in the master data
(label reg13 already defined)

     _merge |      Freq.     Percent        Cum.
------------+-----------------------------------
          3 |     10,832      100.00      100.00
------------+-----------------------------------
      Total |     10,832      100.00
(2075 real changes made)
(note: file C:\Users\TEMPLE~1\AppData\Local\Temp\ST_0k00000n.tmp not found)
file C:\Users\TEMPLE~1\AppData\Local\Temp\ST_0k00000n.tmp saved
variable spdomain does not uniquely identify observations in the master data
(label reg13 already defined)

     _merge |      Freq.     Percent        Cum.
------------+-----------------------------------
          3 |     10,832      100.00      100.00
------------+-----------------------------------
      Total |     10,832      100.00
file C:\Users\Templeton\Desktop\GAPP\GAPP-UGANDA-HARUNA\ww-ug\10_MZ\work\povlines_it3.dta s
> aved
variable spdomain does not uniquely identify observations in the master data
variable spdomain does not uniquely identify observations in
    C:\Users\Templeton\Desktop\GAPP\GAPP-UGANDA-HARUNA\ww-ug\10_MZ\work\povlines_it3.dta
(label reg13 already defined)

     _merge |      Freq.     Percent        Cum.
------------+-----------------------------------
          3 |     10,832      100.00      100.00
------------+-----------------------------------
      Total |     10,832      100.00
(10832 real changes made)
(10832 real changes made)

    Variable |     Obs      Weight        Mean   Std. Dev.       Min        Max
-------------+-----------------------------------------------------------------
          cr |   10832  21537187.8    23.78963   38.71481   .4552435   4744.847
      cr_it3 |   10832  21537187.8    23.78963   31.93778   .6458083   2358.424
     linpob3 |   10832  21537187.8    18.47728   7.305007   11.87948   37.83941
    linpobr3 |   10832  21537187.8    18.53126   9.03e-07   18.53126   18.53126
(5953 missing values generated)
(5953 real changes made)
(5953 real changes made)
(5953 real changes made)

      pweight: popwt
          VCE: linearized
  Single unit: missing
     Strata 1: strata
         SU 1: psu
        FPC 1: <zero>
(running mean on estimation sample)

Survey: Mean estimation

Number of strata =      11        Number of obs    =     10832
Number of PSUs   =    1060        Population size  =  21537188
                                  Design df        =      1049

--------------------------------------------------------------
             |             Linearized
             |       Mean   Std. Err.     [95% Conf. Interval]
-------------+------------------------------------------------
     h_flex3 |   53.42185   1.340881      50.79073    56.05296
    pg_flex3 |    20.3205   .7184893      18.91066    21.73034
   spg_flex3 |   10.48123   .5063189      9.487719    11.47474
--------------------------------------------------------------
(running mean on estimation sample)

Survey: Mean estimation

Number of strata =      11        Number of obs    =     10832
Number of PSUs   =    1060        Population size  =  21537188
                                  Design df        =      1049

            0: rural = 0
            1: rural = 1

--------------------------------------------------------------
             |             Linearized
        Over |       Mean   Std. Err.     [95% Conf. Interval]
-------------+------------------------------------------------
h_flex3      |
           0 |     51.635   1.674069      48.35009     54.9199
           1 |    54.2024   1.793475      50.68319    57.72161
-------------+------------------------------------------------
pg_flex3     |
           0 |   20.33081   .8434613      18.67575    21.98587
           1 |   20.31599   .9749504      18.40292    22.22907
-------------+------------------------------------------------
spg_flex3    |
           0 |   10.43711   .5303516      9.396435    11.47778
           1 |   10.50051   .6938327       9.13905    11.86197
--------------------------------------------------------------
(running mean on estimation sample)

Survey: Mean estimation

Number of strata =      11        Number of obs    =     10832
Number of PSUs   =    1060        Population size  =  21537188
                                  Design df        =      1049

       Niassa: strata = Niassa
    _subpop_2: strata = Cabo Delgado
      Nampula: strata = Nampula
     Zambezia: strata = Zambezia
         Tete: strata = Tete
       Manica: strata = Manica
       Sofala: strata = Sofala
    Inhambane: strata = Inhambane
         Gaza: strata = Gaza
   _subpop_10: strata = Maputo Prov
   _subpop_11: strata = Maputo City

--------------------------------------------------------------
             |             Linearized
        Over |       Mean   Std. Err.     [95% Conf. Interval]
-------------+------------------------------------------------
h_flex3      |
      Niassa |   28.39242   3.009256      22.48757    34.29726
   _subpop_2 |   34.28286   3.374895      27.66054    40.90517
     Nampula |    43.8377   2.964348      38.02097    49.65442
    Zambezia |   66.72786   3.663256      59.53972    73.91601
        Tete |   50.27753   4.329126       41.7828    58.77226
      Manica |   66.12017   3.611174      59.03423    73.20612
      Sofala |    54.4782   4.750824        45.156     63.8004
   Inhambane |   56.95271   4.347979      48.42098    65.48444
        Gaza |   61.29514   3.281421      54.85624    67.73403
  _subpop_10 |   75.74509   2.328905      71.17525    80.31494
  _subpop_11 |   43.47456   2.692021       38.1922    48.75692
-------------+------------------------------------------------
pg_flex3     |
      Niassa |   10.87388   1.549757      7.832901    13.91485
   _subpop_2 |    9.86223   1.262134      7.385634    12.33882
     Nampula |   14.49985   1.306845      11.93552    17.06418
    Zambezia |   24.54614   1.741083      21.12974    27.96254
        Tete |   19.89415   2.492709      15.00289    24.78541
      Manica |   25.79324   2.543836      20.80165    30.78483
      Sofala |   25.61357   4.449414       16.8828    34.34433
   Inhambane |   20.17204   1.941642      16.36209    23.98198
        Gaza |   27.61158   2.525037      22.65688    32.56627
  _subpop_10 |   32.23268   1.550726       29.1898    35.27556
  _subpop_11 |   14.90438   1.129734      12.68758    17.12118
-------------+------------------------------------------------
spg_flex3    |
      Niassa |    5.71807   .9183345      3.916088    7.520052
   _subpop_2 |   3.872737   .6330391       2.63057    5.114904
     Nampula |   6.753687   .7366946      5.308125     8.19925
    Zambezia |   11.82326   .9189961      10.01998    13.62654
        Tete |   10.97508   1.710787      7.618122    14.33203
      Manica |    13.8101   1.780023      10.31729    17.30291
      Sofala |   16.08368   4.133204      7.973393    24.19397
   Inhambane |   9.672773   1.253004      7.214094    12.13145
        Gaza |   16.17267   1.957101      12.33239    20.01294
  _subpop_10 |   16.91129   1.156283       14.6424    19.18018
  _subpop_11 |   6.915252    .654073      5.631812    8.198693
--------------------------------------------------------------
(running mean on estimation sample)

Survey: Mean estimation

Number of strata =      11        Number of obs    =     10832
Number of PSUs   =    1060        Population size  =  21537188
                                  Design df        =      1049

         Over: strata rural
    _subpop_1: Niassa 0
    _subpop_2: Niassa 1
    _subpop_3: Cabo Delgado 0
    _subpop_4: Cabo Delgado 1
    _subpop_5: Nampula 0
    _subpop_6: Nampula 1
    _subpop_7: Zambezia 0
    _subpop_8: Zambezia 1
    _subpop_9: Tete 0
   _subpop_10: Tete 1
   _subpop_11: Manica 0
   _subpop_12: Manica 1
   _subpop_13: Sofala 0
   _subpop_14: Sofala 1
   _subpop_15: Inhambane 0
   _subpop_16: Inhambane 1
   _subpop_17: Gaza 0
   _subpop_18: Gaza 1
   _subpop_19: Maputo Prov 0
   _subpop_20: Maputo Prov 1
   _subpop_21: Maputo City 0

--------------------------------------------------------------
             |             Linearized
        Over |       Mean   Std. Err.     [95% Conf. Interval]
-------------+------------------------------------------------
h_flex3      |
   _subpop_1 |   30.36068   3.227518      24.02755    36.69381
   _subpop_2 |   27.81591   3.786038      20.38684    35.24498
   _subpop_3 |   36.64239   7.438418      22.04652    51.23826
   _subpop_4 |   33.63885   3.738007      26.30403    40.97367
   _subpop_5 |   44.13292   4.832346      34.65075    53.61508
   _subpop_6 |     43.714   3.688677      36.47597    50.95202
   _subpop_7 |   64.40435   6.476635      51.69572    77.11299
   _subpop_8 |   67.15131   4.122506      59.06201    75.24061
   _subpop_9 |   66.89753   6.424965      54.29028    79.50477
  _subpop_10 |    47.4446   4.878376      37.87211    57.01709
  _subpop_11 |   60.25228   4.899009       50.6393    69.86525
  _subpop_12 |   68.05029   4.510067      59.20051    76.90007
  _subpop_13 |   50.72375   6.808259      37.36439    64.08311
  _subpop_14 |   56.78646   6.289079      44.44585    69.12706
  _subpop_15 |   37.42051   4.206474      29.16645    45.67457
  _subpop_16 |   62.23725   5.519015      51.40768    73.06681
  _subpop_17 |   45.27174    5.70071      34.08565    56.45784
  _subpop_18 |   67.29998    3.65596      60.12616    74.47381
  _subpop_19 |   74.02434   2.637282      68.84939    79.19929
  _subpop_20 |   79.76367    4.51146      70.91116    88.61618
  _subpop_21 |   43.47456   2.692021       38.1922    48.75692
-------------+------------------------------------------------
pg_flex3     |
   _subpop_1 |    11.4377   1.382742      8.724447    14.15096
   _subpop_2 |   10.70873   1.966134      6.850728    14.56673
   _subpop_3 |   11.84624   3.511689      4.955506    18.73698
   _subpop_4 |   9.320716   1.233414      6.900476    11.74095
   _subpop_5 |   16.66751   2.322113      12.11099    21.22402
   _subpop_6 |   13.59156   1.583226      10.48491    16.69822
   _subpop_7 |   27.70023     3.7708      20.30106     35.0994
   _subpop_8 |   23.97132   1.985102       20.0761    27.86655
   _subpop_9 |   28.12232   4.369666      19.54804     36.6966
  _subpop_10 |   18.49163   2.809857      12.97806    24.00521
  _subpop_11 |   22.39221   2.675408      17.14245    27.64197
  _subpop_12 |   26.91194   3.268616      20.49817    33.32571
  _subpop_13 |   19.12748   2.725171      13.78007    24.47489
  _subpop_14 |   29.60125   6.681443      16.49074    42.71177
  _subpop_15 |   12.76965    1.88088       9.07893    16.46036
  _subpop_16 |   22.17479   2.433706      17.39931    26.95028
  _subpop_17 |   20.16048    3.15663      13.96645    26.35451
  _subpop_18 |   30.40391   3.193778      24.13699    36.67083
  _subpop_19 |   32.51338   1.768226      29.04372    35.98304
  _subpop_20 |   31.57714   3.094786      25.50447    37.64982
  _subpop_21 |   14.90438   1.129734      12.68758    17.12118
-------------+------------------------------------------------
spg_flex3    |
   _subpop_1 |   5.911833   .9592354      4.029595    7.794072
   _subpop_2 |   5.661316   1.155105      3.394738    7.927895
   _subpop_3 |   5.213618   1.868063      1.548053    8.879184
   _subpop_4 |   3.506758   .5804746      2.367735    4.645782
   _subpop_5 |   8.350637   1.394902      5.613522    11.08775
   _subpop_6 |    6.08454   .8667977      4.383685    7.785395
   _subpop_7 |   15.17496    2.55588      10.15974    20.19018
   _subpop_8 |   11.21244   1.009482      9.231603    13.19327
   _subpop_9 |    15.5004   3.101307      9.414928    21.58587
  _subpop_10 |   10.20372   1.932124      6.412454    13.99499
  _subpop_11 |    11.3234   1.811108      7.769593    14.87721
  _subpop_12 |   14.62805   2.292354      10.12993    19.12617
  _subpop_13 |   9.379071   1.459726      6.514756    12.24339
  _subpop_14 |   20.20571   6.281543      7.879892    32.53153
  _subpop_15 |   5.594622   .9317606      3.766295    7.422949
  _subpop_16 |   10.77614   1.569376      7.696665    13.85561
  _subpop_17 |   11.52482   2.162609      7.281289    15.76835
  _subpop_18 |   17.91447   2.531082      12.94791    22.88103
  _subpop_19 |   17.39678   1.295343      14.85502    19.93854
  _subpop_20 |   15.77749   2.331556      11.20244    20.35253
  _subpop_21 |   6.915252    .654073      5.631812    8.198693
--------------------------------------------------------------
(running mean on estimation sample)

Survey: Mean estimation

Number of strata =      11        Number of obs    =     10832
Number of PSUs   =    1060        Population size  =  21537188
                                  Design df        =      1049

    _subpop_1: spdomain = Niassa & Cabo Delg.-rur
    _subpop_2: spdomain = Niassa & Cabo Delg.-urb
    _subpop_3: spdomain = Nampula-rural
    _subpop_4: spdomain = Nampula-urban
    _subpop_5: spdomain = Sofala & Zambezia-rural
    _subpop_6: spdomain = Sofala & Zambezia-urban
    _subpop_7: spdomain = Manica & Tete-rural
    _subpop_8: spdomain = Manica & Tete-urbana
    _subpop_9: spdomain = Gaza & Inhambane-rural
   _subpop_10: spdomain = Gaza & Inhambane-urban
   _subpop_11: spdomain = Maputo Province-rural
   _subpop_12: spdomain = Maputo Province-urban
   _subpop_13: spdomain = Maputo City

--------------------------------------------------------------
             |             Linearized
        Over |       Mean   Std. Err.     [95% Conf. Interval]
-------------+------------------------------------------------
h_flex3      |
   _subpop_1 |   31.15333   2.664804      25.92437    36.38228
   _subpop_2 |   33.85204    4.56613      24.89225    42.81183
   _subpop_3 |     43.714   3.688677      36.47597    50.95202
   _subpop_4 |   44.13292   4.832346      34.65075    53.61508
   _subpop_5 |   64.68345   3.609576      57.60064    71.76626
   _subpop_6 |   57.38342   4.677189      48.20571    66.56113
   _subpop_7 |    55.8049   3.465423      49.00495    62.60485
   _subpop_8 |   63.11971   3.958947      55.35136    70.88807
   _subpop_9 |     64.704   3.399792      58.03283    71.37517
  _subpop_10 |   41.88201    3.68997      34.64145    49.12257
  _subpop_11 |   79.76367    4.51146      70.91116    88.61618
  _subpop_12 |   74.02434   2.637282      68.84939    79.19929
  _subpop_13 |   43.47456   2.692021       38.1922    48.75692
-------------+------------------------------------------------
pg_flex3     |
   _subpop_1 |    9.91319    1.10469      7.745536    12.08084
   _subpop_2 |   11.66477   2.057312      7.627852    15.70168
   _subpop_3 |   13.59156   1.583226      10.48491    16.69822
   _subpop_4 |   16.66751   2.322113      12.11099    21.22402
   _subpop_5 |    25.3118   2.191298      21.01198    29.61163
   _subpop_6 |   23.30067   2.323621      18.74119    27.86014
   _subpop_7 |   21.90798   2.114778      17.75831    26.05766
   _subpop_8 |   24.86476   2.439405      20.07809    29.65143
   _subpop_9 |   26.18432   2.066287       22.1298    30.23885
  _subpop_10 |   16.96952   1.991691      13.06137    20.87767
  _subpop_11 |   31.57714   3.094786      25.50447    37.64982
  _subpop_12 |   32.51338   1.768226      29.04372    35.98304
  _subpop_13 |   14.90438   1.129734      12.68758    17.12118
-------------+------------------------------------------------
spg_flex3    |
   _subpop_1 |    4.42643   .6097602      3.229942    5.622919
   _subpop_2 |   5.523767   1.104481      3.356524    7.691011
   _subpop_3 |    6.08454   .8667977      4.383685    7.785395
   _subpop_4 |   8.350637   1.394902      5.613522    11.08775
   _subpop_5 |   13.35372   1.753203      9.913537    16.79391
   _subpop_6 |   12.20049   1.473966      9.308231    15.09275
   _subpop_7 |   11.99879   1.465176      9.123785     14.8738
   _subpop_8 |   13.12578   1.692439      9.804832    16.44673
   _subpop_9 |    14.2542   1.525354      11.26111    17.24729
  _subpop_10 |   8.964484   1.333299      6.348248    11.58072
  _subpop_11 |   15.77749   2.331556      11.20244    20.35253
  _subpop_12 |   17.39678   1.295343      14.85502    19.93854
  _subpop_13 |   6.915252    .654073      5.631812    8.198693
--------------------------------------------------------------
rural was float now byte
news was float now byte
reg_tpi was float now byte
strata was float now byte
spdomain was float now byte
h_flex3 was float now byte
file C:\Users\Templeton\Desktop\GAPP\GAPP-UGANDA-HARUNA\ww-ug\10_MZ/work/cons_real_it3.dta 
> saved

    Variable |     Obs      Weight        Mean   Std. Dev.       Min        Max
-------------+-----------------------------------------------------------------
     h_flex3 |   10832  21537187.8    53.42185   49.88507          0        100
file C:\Users\Templeton\Desktop\GAPP\GAPP-UGANDA-HARUNA\ww-ug\10_MZ/work/foodshares_it3.dta
>  saved
file C:\Users\TEMPLE~1\AppData\Local\Temp\ST_0k000002.tmp saved
variable one does not uniquely identify observations in the master data

     _merge |      Freq.     Percent        Cum.
------------+-----------------------------------
          3 |     10,832      100.00      100.00
------------+-----------------------------------
      Total |     10,832      100.00

   relpoor4 |      Freq.     Percent        Cum.
------------+-----------------------------------
          0 | 5,090.6566       47.00       47.00
          1 | 5,741.3434       53.00      100.00
------------+-----------------------------------
      Total |     10,832      100.00
file C:\Users\Templeton\Desktop\GAPP\GAPP-UGANDA-HARUNA\ww-ug\10_MZ\work\relpoor_it4.dta sa
> ved
variable hhid does not uniquely identify observations in the master data

     _merge |      Freq.     Percent        Cum.
------------+-----------------------------------
          3 |    257,521      100.00      100.00
------------+-----------------------------------
      Total |    257,521      100.00
(130896 observations deleted)
variable hhid does not uniquely identify observations in the master data

     _merge |      Freq.     Percent        Cum.
------------+-----------------------------------
          3 |    126,625      100.00      100.00
------------+-----------------------------------
      Total |    126,625      100.00
(76371 observations deleted)
    0
    0
(65 missing values generated)
   65
(65 observations deleted)
(note: file C:\Users\TEMPLE~1\AppData\Local\Temp\ST_0k00000o.tmp not found)
file C:\Users\TEMPLE~1\AppData\Local\Temp\ST_0k00000o.tmp saved
(note: file C:\Users\TEMPLE~1\AppData\Local\Temp\ST_0k00000p.tmp not found)
file C:\Users\TEMPLE~1\AppData\Local\Temp\ST_0k00000p.tmp saved
variable spdomain does not uniquely identify observations in the master data

     _merge |      Freq.     Percent        Cum.
------------+-----------------------------------
          3 |     50,189      100.00      100.00
------------+-----------------------------------
      Total |     50,189      100.00
 1068
(1068 observations deleted)
file C:\Users\TEMPLE~1\AppData\Local\Temp\ST_0k00000o.tmp saved
71
71
file C:\Users\Templeton\Desktop\GAPP\GAPP-UGANDA-HARUNA\ww-ug\10_MZ\work\codes_food_basket_
> flex_it4.dta saved
(2671 observations deleted)
(note: file C:\Users\TEMPLE~1\AppData\Local\Temp\ST_0k00000q.tmp not found)
file C:\Users\TEMPLE~1\AppData\Local\Temp\ST_0k00000q.tmp saved
variable hhid does not uniquely identify observations in the master data

     _merge |      Freq.     Percent        Cum.
------------+-----------------------------------
          1 |      1,463        0.64        0.64
          3 |    228,040       99.36      100.00
------------+-----------------------------------
      Total |    229,503      100.00
(0 observations deleted)
file C:\Users\TEMPLE~1\AppData\Local\Temp\ST_0k00000q.tmp saved
variable product does not uniquely identify observations in the master data

     _merge |      Freq.     Percent        Cum.
------------+-----------------------------------
          1 |     42,645       18.58       18.58
          3 |    186,858       81.42      100.00
------------+-----------------------------------
      Total |    229,503      100.00
(42645 observations deleted)
(2763 observations deleted)
(0 observations deleted)
(note: file C:\Users\TEMPLE~1\AppData\Local\Temp\ST_0k00000s.tmp not found)
file C:\Users\TEMPLE~1\AppData\Local\Temp\ST_0k00000s.tmp saved
daily_valued2 was float now int
days2 was float now int
food_cat was float now byte
psu was float now int
survmon was float now byte
survquar was float now byte
rural was float now byte
news was float now byte
reg_tpi was float now byte
strata was float now byte
spdomain was float now byte
bswt was float now byte
count was float now byte
product was double now long
numreg was double now byte
descript was str244 now str80
variable hhid does not uniquely identify observations in the master data
survquar was byte now float
reg_tpi was byte now float
spdomain was byte now float
(label survquar already defined)
(label news_ru_ur already defined)
(label reg13 already defined)

     _merge |      Freq.     Percent        Cum.
------------+-----------------------------------
          2 |         81        0.04        0.04
          3 |    184,095       99.96      100.00
------------+-----------------------------------
      Total |    184,176      100.00
variable hhid does not uniquely identify observations in the master data

     _merge |      Freq.     Percent        Cum.
------------+-----------------------------------
          3 |    184,176      100.00      100.00
------------+-----------------------------------
      Total |    184,176      100.00
(109003 observations deleted)
(68 observations deleted)
(5975 observations deleted)
(4 missing values generated)
(4 missing values generated)

    Variable |       Obs        Mean    Std. Dev.       Min        Max
-------------+--------------------------------------------------------
    ratiotw4 |       732    1.526139    6.493002   .4907718   156.1156
    ratiomw4 |       732    1.491512    10.31824          0   279.1747
variable product does not uniquely identify observations in the master data

     _merge |      Freq.     Percent        Cum.
------------+-----------------------------------
          2 |          1        0.14        0.14
          3 |        736       99.86      100.00
------------+-----------------------------------
      Total |        737      100.00
    1
(1 observation deleted)
file C:\Users\Templeton\Desktop\GAPP\GAPP-UGANDA-HARUNA\ww-ug\10_MZ\work\price_unit_flex_it
> 4.dta saved
(label reg13 already defined)

     _merge |      Freq.     Percent        Cum.
------------+-----------------------------------
          1 |          2        0.27        0.27
          2 |        344       46.61       46.88
          3 |        392       53.12      100.00
------------+-----------------------------------
      Total |        738      100.00

     +------------------------------------------------------------------------------+
     | product                  spdomain                                   descript |
     |------------------------------------------------------------------------------|
385. |  111111               Maputo City        Refeições completas em restaurantes |
386. |  111431   Niassa & Cabo Delg.-rur   Despesas em Moagem (Farinação de mapira) |
     +------------------------------------------------------------------------------+
(346 observations deleted)
variable product does not uniquely identify observations in the master data

     _merge |      Freq.     Percent        Cum.
------------+-----------------------------------
          1 |          1        0.13        0.13
          2 |        354       47.45       47.59
          3 |        391       52.41      100.00
------------+-----------------------------------
      Total |        746      100.00

     +----------------------------------------------------------+
     | product                  spdomain               descript |
     |----------------------------------------------------------|
385. |  113791   Sofala & Zambezia-rural   "Caracol, caramucho" |
     +----------------------------------------------------------+
(355 observations deleted)

-------------------------------------------------------------------------------------------
-> spdomain = Niassa & Cabo Delg.-rur
    2
-------------------------------------------------------------------------------------------
-> spdomain = Niassa & Cabo Delg.-urb
    8
-------------------------------------------------------------------------------------------
-> spdomain = Nampula-rural
    1
-------------------------------------------------------------------------------------------
-> spdomain = Nampula-urban
    1
-------------------------------------------------------------------------------------------
-> spdomain = Sofala & Zambezia-rural
    1
-------------------------------------------------------------------------------------------
-> spdomain = Sofala & Zambezia-urban
    1
-------------------------------------------------------------------------------------------
-> spdomain = Manica & Tete-rural
    1
-------------------------------------------------------------------------------------------
-> spdomain = Manica & Tete-urbana
    1
-------------------------------------------------------------------------------------------
-> spdomain = Gaza & Inhambane-rural
    0
-------------------------------------------------------------------------------------------
-> spdomain = Gaza & Inhambane-urban
    0
-------------------------------------------------------------------------------------------
-> spdomain = Maputo Province-rural
    1
-------------------------------------------------------------------------------------------
-> spdomain = Maputo Province-urban
    0
-------------------------------------------------------------------------------------------
-> spdomain = Maputo City
    0
(17 observations deleted)
(31 observations deleted)

Summary for variables: baskshr
     by categories of: spdomain 

        spdomain |         N      mean        sd       min       max
-----------------+--------------------------------------------------
Niassa & Cabo De |        30   .900046         0   .900046   .900046
Niassa & Cabo De |        22  .8593024         0  .8593024  .8593024
   Nampula-rural |        30  .9037263         0  .9037263  .9037263
   Nampula-urban |        27  .9008135         0  .9008135  .9008135
Sofala & Zambezi |        27  .9032176         0  .9032176  .9032176
Sofala & Zambezi |        26  .9055576         0  .9055576  .9055576
Manica & Tete-ru |        24  .9010834         0  .9010834  .9010834
Manica & Tete-ur |        22  .9020826         0  .9020826  .9020826
Gaza & Inhambane |        28  .9074433         0  .9074433  .9074433
Gaza & Inhambane |        29  .9039858         0  .9039858  .9039858
Maputo Province- |        24  .9056908         0  .9056908  .9056908
Maputo Province- |        25  .9051639         0  .9051639  .9051639
     Maputo City |        29  .9016884         0  .9016884  .9016884
-----------------+--------------------------------------------------
           Total |       343  .9005295  .0110185  .8593024  .9074433
--------------------------------------------------------------------
variable spdomain does not uniquely identify observations in the master data

     _merge |      Freq.     Percent        Cum.
------------+-----------------------------------
          3 |        343      100.00      100.00
------------+-----------------------------------
      Total |        343      100.00
(343 real changes made)
(343 real changes made)
(343 real changes made)

Summary for variables: chkcal
     by categories of: spdomain 

        spdomain |         N      mean        sd       min       max
-----------------+--------------------------------------------------
Niassa & Cabo De |        30  .0000257         0  .0000257  .0000257
Niassa & Cabo De |        22  .0000385         0  .0000385  .0000385
   Nampula-rural |        30 -.0001028         0 -.0001028 -.0001028
   Nampula-urban |        27 -.0000514         0 -.0000514 -.0000514
Sofala & Zambezi |        27 -.0000385         0 -.0000385 -.0000385
Sofala & Zambezi |        26 -.0000771         0 -.0000771 -.0000771
Manica & Tete-ru |        24  .0000771         0  .0000771  .0000771
Manica & Tete-ur |        22  .0000128         0  .0000128  .0000128
Gaza & Inhambane |        28 -.0000514         0 -.0000514 -.0000514
Gaza & Inhambane |        29  .0001413         0  .0001413  .0001413
Maputo Province- |        24 -.0000642         0 -.0000642 -.0000642
Maputo Province- |        25 -.0000642         0 -.0000642 -.0000642
     Maputo City |        29 -.0002313         0 -.0002313 -.0002313
-----------------+--------------------------------------------------
           Total |       343  -.000032  .0000911 -.0002313  .0001413
--------------------------------------------------------------------
(343 real changes made)
file C:\Users\Templeton\Desktop\GAPP\GAPP-UGANDA-HARUNA\ww-ug\10_MZ\work\quan_flex_it4.dta 
> saved
file C:\Users\Templeton\Desktop\GAPP\GAPP-UGANDA-HARUNA\ww-ug\10_MZ\work\povline_food_flex_
> it4.dta saved
variable spdomain does not uniquely identify observations in the master data
(label reg13 already defined)

     _merge |      Freq.     Percent        Cum.
------------+-----------------------------------
          3 |     10,832      100.00      100.00
------------+-----------------------------------
      Total |     10,832      100.00
(2070 real changes made)
(note: file C:\Users\TEMPLE~1\AppData\Local\Temp\ST_0k00000u.tmp not found)
file C:\Users\TEMPLE~1\AppData\Local\Temp\ST_0k00000u.tmp saved
variable spdomain does not uniquely identify observations in the master data
(label reg13 already defined)

     _merge |      Freq.     Percent        Cum.
------------+-----------------------------------
          3 |     10,832      100.00      100.00
------------+-----------------------------------
      Total |     10,832      100.00
file C:\Users\Templeton\Desktop\GAPP\GAPP-UGANDA-HARUNA\ww-ug\10_MZ\work\povlines_it4.dta s
> aved
variable spdomain does not uniquely identify observations in the master data
variable spdomain does not uniquely identify observations in
    C:\Users\Templeton\Desktop\GAPP\GAPP-UGANDA-HARUNA\ww-ug\10_MZ\work\povlines_it4.dta
(label reg13 already defined)

     _merge |      Freq.     Percent        Cum.
------------+-----------------------------------
          3 |     10,832      100.00      100.00
------------+-----------------------------------
      Total |     10,832      100.00
(10832 real changes made)
(10832 real changes made)

    Variable |     Obs      Weight        Mean   Std. Dev.       Min        Max
-------------+-----------------------------------------------------------------
          cr |   10832  21537187.8    23.78963   38.71481   .4552435   4744.847
      cr_it4 |   10832  21537187.8    23.78963    31.9145   .6449506   2356.104
     linpob4 |   10832  21537187.8    18.46403   7.319118   11.75906    37.8297
    linpobr4 |   10832  21537187.8    18.50764   9.51e-07   18.50764   18.50764
(5961 missing values generated)
(5961 real changes made)
(5961 real changes made)
(5961 real changes made)

      pweight: popwt
          VCE: linearized
  Single unit: missing
     Strata 1: strata
         SU 1: psu
        FPC 1: <zero>
(running mean on estimation sample)

Survey: Mean estimation

Number of strata =      11        Number of obs    =     10832
Number of PSUs   =    1060        Population size  =  21537188
                                  Design df        =      1049

--------------------------------------------------------------
             |             Linearized
             |       Mean   Std. Err.     [95% Conf. Interval]
-------------+------------------------------------------------
     h_flex4 |   53.28264   1.346308      50.64088     55.9244
    pg_flex4 |   20.28513   .7185137      18.87524    21.69501
   spg_flex4 |     10.464   .5062163      9.470692    11.45732
--------------------------------------------------------------
(running mean on estimation sample)

Survey: Mean estimation

Number of strata =      11        Number of obs    =     10832
Number of PSUs   =    1060        Population size  =  21537188
                                  Design df        =      1049

            0: rural = 0
            1: rural = 1

--------------------------------------------------------------
             |             Linearized
        Over |       Mean   Std. Err.     [95% Conf. Interval]
-------------+------------------------------------------------
h_flex4      |
           0 |     51.635   1.674069      48.35009     54.9199
           1 |   54.00238   1.803413      50.46367    57.54109
-------------+------------------------------------------------
pg_flex4     |
           0 |   20.33056   .8434775      18.67546    21.98565
           1 |   20.26528   .9753187      18.35148    22.17908
-------------+------------------------------------------------
spg_flex4    |
           0 |   10.43685   .5303675      9.396151    11.47756
           1 |   10.47586   .6937972      9.114476    11.83725
--------------------------------------------------------------
(running mean on estimation sample)

Survey: Mean estimation

Number of strata =      11        Number of obs    =     10832
Number of PSUs   =    1060        Population size  =  21537188
                                  Design df        =      1049

       Niassa: strata = Niassa
    _subpop_2: strata = Cabo Delgado
      Nampula: strata = Nampula
     Zambezia: strata = Zambezia
         Tete: strata = Tete
       Manica: strata = Manica
       Sofala: strata = Sofala
    Inhambane: strata = Inhambane
         Gaza: strata = Gaza
   _subpop_10: strata = Maputo Prov
   _subpop_11: strata = Maputo City

--------------------------------------------------------------
             |             Linearized
        Over |       Mean   Std. Err.     [95% Conf. Interval]
-------------+------------------------------------------------
h_flex4      |
      Niassa |   28.39242   3.009256      22.48757    34.29726
   _subpop_2 |   34.28286   3.374895      27.66054    40.90517
     Nampula |   43.11224   2.998132      37.22922    48.99526
    Zambezia |   66.72786   3.663256      59.53972    73.91601
        Tete |   50.27753   4.329126       41.7828    58.77226
      Manica |   66.12017   3.611174      59.03423    73.20612
      Sofala |    54.4782   4.750824        45.156     63.8004
   Inhambane |   56.95271   4.347979      48.42098    65.48444
        Gaza |   61.29514   3.281421      54.85624    67.73403
  _subpop_10 |   75.74509   2.328905      71.17525    80.31494
  _subpop_11 |   43.47456   2.692021       38.1922    48.75692
-------------+------------------------------------------------
pg_flex4     |
      Niassa |   10.87388   1.549757      7.832902    13.91485
   _subpop_2 |    9.86223   1.262134      7.385635    12.33883
     Nampula |   14.28641   1.297597      11.74023    16.83259
    Zambezia |    24.5481   1.741172      21.13152    27.96468
        Tete |   19.92765   2.494328      15.03321    24.82209
      Manica |    25.8368   2.544301      20.84431     30.8293
      Sofala |   25.61447   4.449418       16.8837    34.34524
   Inhambane |   20.17204   1.941642      16.36209    23.98198
        Gaza |   27.61158   2.525037      22.65688    32.56627
  _subpop_10 |   32.22522   1.550616      29.18256    35.26788
  _subpop_11 |   14.89605   1.129372      12.67996    17.11214
-------------+------------------------------------------------
spg_flex4    |
      Niassa |    5.71807   .9183345      3.916089    7.520052
   _subpop_2 |   3.872737   .6330391       2.63057    5.114904
     Nampula |   6.646979   .7293139      5.215899    8.078059
    Zambezia |   11.82442   .9190692        10.021    13.62785
        Tete |    10.9946   1.712479      7.634324    14.35487
      Manica |   13.83607   1.781671      10.34002    17.33212
      Sofala |   16.08431   4.133249      7.973929    24.19468
   Inhambane |   9.672774   1.253004      7.214095    12.13145
        Gaza |   16.17267   1.957101      12.33239    20.01295
  _subpop_10 |   16.90586   1.156088      14.63735    19.17436
  _subpop_11 |   6.910595   .6538174      5.627657    8.193534
--------------------------------------------------------------
(running mean on estimation sample)

Survey: Mean estimation

Number of strata =      11        Number of obs    =     10832
Number of PSUs   =    1060        Population size  =  21537188
                                  Design df        =      1049

         Over: strata rural
    _subpop_1: Niassa 0
    _subpop_2: Niassa 1
    _subpop_3: Cabo Delgado 0
    _subpop_4: Cabo Delgado 1
    _subpop_5: Nampula 0
    _subpop_6: Nampula 1
    _subpop_7: Zambezia 0
    _subpop_8: Zambezia 1
    _subpop_9: Tete 0
   _subpop_10: Tete 1
   _subpop_11: Manica 0
   _subpop_12: Manica 1
   _subpop_13: Sofala 0
   _subpop_14: Sofala 1
   _subpop_15: Inhambane 0
   _subpop_16: Inhambane 1
   _subpop_17: Gaza 0
   _subpop_18: Gaza 1
   _subpop_19: Maputo Prov 0
   _subpop_20: Maputo Prov 1
   _subpop_21: Maputo City 0

--------------------------------------------------------------
             |             Linearized
        Over |       Mean   Std. Err.     [95% Conf. Interval]
-------------+------------------------------------------------
h_flex4      |
   _subpop_1 |   30.36068   3.227518      24.02755    36.69381
   _subpop_2 |   27.81591   3.786038      20.38684    35.24498
   _subpop_3 |   36.64239   7.438418      22.04652    51.23826
   _subpop_4 |   33.63885   3.738007      26.30403    40.97367
   _subpop_5 |   44.13292   4.832346      34.65075    53.61508
   _subpop_6 |   42.68456   3.746362      35.33335    50.03578
   _subpop_7 |   64.40435   6.476635      51.69572    77.11299
   _subpop_8 |   67.15131   4.122506      59.06201    75.24061
   _subpop_9 |   66.89753   6.424965      54.29028    79.50477
  _subpop_10 |    47.4446   4.878376      37.87211    57.01709
  _subpop_11 |   60.25228   4.899009       50.6393    69.86525
  _subpop_12 |   68.05029   4.510067      59.20051    76.90007
  _subpop_13 |   50.72375   6.808259      37.36439    64.08311
  _subpop_14 |   56.78646   6.289079      44.44585    69.12706
  _subpop_15 |   37.42051   4.206474      29.16645    45.67457
  _subpop_16 |   62.23725   5.519015      51.40768    73.06681
  _subpop_17 |   45.27174    5.70071      34.08565    56.45784
  _subpop_18 |   67.29998    3.65596      60.12616    74.47381
  _subpop_19 |   74.02434   2.637282      68.84939    79.19929
  _subpop_20 |   79.76367    4.51146      70.91116    88.61618
  _subpop_21 |   43.47456   2.692021       38.1922    48.75692
-------------+------------------------------------------------
pg_flex4     |
   _subpop_1 |    11.4377   1.382742      8.724447    14.15096
   _subpop_2 |   10.70873   1.966134      6.850729    14.56674
   _subpop_3 |   11.84624   3.511689      4.955506    18.73698
   _subpop_4 |   9.320716   1.233414      6.900477    11.74096
   _subpop_5 |   16.66751   2.322113      12.11099    21.22402
   _subpop_6 |   13.28869   1.567226      10.21343    16.36394
   _subpop_7 |   27.70023     3.7708      20.30106     35.0994
   _subpop_8 |   23.97364    1.98519      20.07825    27.86904
   _subpop_9 |      28.15   4.370609      19.57387    36.72614
  _subpop_10 |   18.52612   2.811801      13.00873    24.04352
  _subpop_11 |   22.41924   2.676349      17.16763    27.67085
  _subpop_12 |   26.96094   3.269133      20.54616    33.37572
  _subpop_13 |   19.12748   2.725171      13.78007    24.47489
  _subpop_14 |   29.60271   6.681395      16.49229    42.71313
  _subpop_15 |   12.76965    1.88088       9.07893    16.46036
  _subpop_16 |   22.17479   2.433706      17.39931    26.95028
  _subpop_17 |   20.16048    3.15663      13.96645    26.35451
  _subpop_18 |   30.40391   3.193778      24.13699    36.67084
  _subpop_19 |   32.50272   1.768122      29.03327    35.97218
  _subpop_20 |   31.57715   3.094786      25.50447    37.64982
  _subpop_21 |   14.89605   1.129372      12.67996    17.11214
-------------+------------------------------------------------
spg_flex4    |
   _subpop_1 |   5.911833   .9592354      4.029595    7.794072
   _subpop_2 |   5.661316   1.155105      3.394738    7.927895
   _subpop_3 |   5.213619   1.868063      1.548053    8.879184
   _subpop_4 |   3.506759   .5804746      2.367735    4.645782
   _subpop_5 |   8.350638   1.394902      5.613523    11.08775
   _subpop_6 |   5.933118   .8534302      4.258494    7.607743
   _subpop_7 |   15.17496    2.55588      10.15974    20.19018
   _subpop_8 |   11.21381   1.009576      9.232788    13.19483
   _subpop_9 |   15.51844   3.102943      9.429755    21.60712
  _subpop_10 |    10.2235   1.934112      6.428326    14.01866
  _subpop_11 |   11.33922   1.812229      7.783215    14.89523
  _subpop_12 |   14.65736   2.294506      10.15501     19.1597
  _subpop_13 |   9.379072   1.459726      6.514756    12.24339
  _subpop_14 |   20.20672   6.281578      7.880832    32.53261
  _subpop_15 |   5.594622   .9317607      3.766295    7.422949
  _subpop_16 |   10.77614   1.569376      7.696667    13.85561
  _subpop_17 |   11.52482   2.162609      7.281289    15.76835
  _subpop_18 |   17.91447   2.531082      12.94791    22.88103
  _subpop_19 |   17.38902   1.295122       14.8477    19.93035
  _subpop_20 |   15.77749   2.331556      11.20244    20.35253
  _subpop_21 |   6.910595   .6538174      5.627657    8.193534
--------------------------------------------------------------
(running mean on estimation sample)

Survey: Mean estimation

Number of strata =      11        Number of obs    =     10832
Number of PSUs   =    1060        Population size  =  21537188
                                  Design df        =      1049

    _subpop_1: spdomain = Niassa & Cabo Delg.-rur
    _subpop_2: spdomain = Niassa & Cabo Delg.-urb
    _subpop_3: spdomain = Nampula-rural
    _subpop_4: spdomain = Nampula-urban
    _subpop_5: spdomain = Sofala & Zambezia-rural
    _subpop_6: spdomain = Sofala & Zambezia-urban
    _subpop_7: spdomain = Manica & Tete-rural
    _subpop_8: spdomain = Manica & Tete-urbana
    _subpop_9: spdomain = Gaza & Inhambane-rural
   _subpop_10: spdomain = Gaza & Inhambane-urban
   _subpop_11: spdomain = Maputo Province-rural
   _subpop_12: spdomain = Maputo Province-urban
   _subpop_13: spdomain = Maputo City

--------------------------------------------------------------
             |             Linearized
        Over |       Mean   Std. Err.     [95% Conf. Interval]
-------------+------------------------------------------------
h_flex4      |
   _subpop_1 |   31.15333   2.664804      25.92437    36.38228
   _subpop_2 |   33.85204    4.56613      24.89225    42.81183
   _subpop_3 |   42.68456   3.746362      35.33335    50.03578
   _subpop_4 |   44.13292   4.832346      34.65075    53.61508
   _subpop_5 |   64.68345   3.609576      57.60064    71.76626
   _subpop_6 |   57.38342   4.677189      48.20571    66.56113
   _subpop_7 |    55.8049   3.465423      49.00495    62.60485
   _subpop_8 |   63.11971   3.958947      55.35136    70.88807
   _subpop_9 |     64.704   3.399792      58.03283    71.37517
  _subpop_10 |   41.88201    3.68997      34.64145    49.12257
  _subpop_11 |   79.76367    4.51146      70.91116    88.61618
  _subpop_12 |   74.02434   2.637282      68.84939    79.19929
  _subpop_13 |   43.47456   2.692021       38.1922    48.75692
-------------+------------------------------------------------
pg_flex4     |
   _subpop_1 |    9.91319    1.10469      7.745537    12.08084
   _subpop_2 |   11.66477   2.057312      7.627852    15.70168
   _subpop_3 |   13.28869   1.567226      10.21343    16.36394
   _subpop_4 |   16.66751   2.322113      12.11099    21.22402
   _subpop_5 |   25.31391    2.19133      21.01402     29.6138
   _subpop_6 |   23.30067   2.323621      18.74119    27.86014
   _subpop_7 |   21.94836   2.115842       17.7966    26.10013
   _subpop_8 |   24.89208   2.440072       20.1041    29.68005
   _subpop_9 |   26.18433   2.066287       22.1298    30.23885
  _subpop_10 |   16.96952   1.991691      13.06137    20.87767
  _subpop_11 |   31.57715   3.094786      25.50447    37.64982
  _subpop_12 |   32.50272   1.768122      29.03327    35.97218
  _subpop_13 |   14.89605   1.129372      12.67996    17.11214
-------------+------------------------------------------------
spg_flex4    |
   _subpop_1 |   4.426431   .6097602      3.229942    5.622919
   _subpop_2 |   5.523767   1.104481      3.356524    7.691011
   _subpop_3 |   5.933118   .8534302      4.258494    7.607743
   _subpop_4 |   8.350638   1.394902      5.613523    11.08775
   _subpop_5 |   13.35501   1.753231      9.914767    16.79524
   _subpop_6 |   12.20049   1.473967      9.308232    15.09275
   _subpop_7 |   12.02244   1.466628      9.144578    14.90029
   _subpop_8 |   13.14256   1.693407      9.819711    16.46541
   _subpop_9 |    14.2542   1.525354      11.26111    17.24729
  _subpop_10 |   8.964484   1.333299      6.348248    11.58072
  _subpop_11 |   15.77749   2.331556      11.20244    20.35253
  _subpop_12 |   17.38902   1.295122       14.8477    19.93035
  _subpop_13 |   6.910595   .6538174      5.627657    8.193534
--------------------------------------------------------------
rural was float now byte
news was float now byte
reg_tpi was float now byte
strata was float now byte
spdomain was float now byte
h_flex4 was float now byte
file C:\Users\Templeton\Desktop\GAPP\GAPP-UGANDA-HARUNA\ww-ug\10_MZ/work/cons_real_it4.dta 
> saved

    Variable |     Obs      Weight        Mean   Std. Dev.       Min        Max
-------------+-----------------------------------------------------------------
     h_flex4 |   10832  21537187.8    53.28264   49.89443          0        100
file C:\Users\Templeton\Desktop\GAPP\GAPP-UGANDA-HARUNA\ww-ug\10_MZ/work/foodshares_it4.dta
>  saved
file C:\Users\TEMPLE~1\AppData\Local\Temp\ST_0k000002.tmp saved
variable one does not uniquely identify observations in the master data

     _merge |      Freq.     Percent        Cum.
------------+-----------------------------------
          3 |     10,832      100.00      100.00
------------+-----------------------------------
      Total |     10,832      100.00

   relpoor5 |      Freq.     Percent        Cum.
------------+-----------------------------------
          0 | 5,090.2915       46.99       46.99
          1 | 5,741.7085       53.01      100.00
------------+-----------------------------------
      Total |     10,832      100.00
file C:\Users\Templeton\Desktop\GAPP\GAPP-UGANDA-HARUNA\ww-ug\10_MZ\work\relpoor_it5.dta sa
> ved
variable hhid does not uniquely identify observations in the master data

     _merge |      Freq.     Percent        Cum.
------------+-----------------------------------
          3 |    257,521      100.00      100.00
------------+-----------------------------------
      Total |    257,521      100.00
(130896 observations deleted)
variable hhid does not uniquely identify observations in the master data

     _merge |      Freq.     Percent        Cum.
------------+-----------------------------------
          3 |    126,625      100.00      100.00
------------+-----------------------------------
      Total |    126,625      100.00
(76320 observations deleted)
    0
    0
(65 missing values generated)
   65
(65 observations deleted)
(note: file C:\Users\TEMPLE~1\AppData\Local\Temp\ST_0k00000v.tmp not found)
file C:\Users\TEMPLE~1\AppData\Local\Temp\ST_0k00000v.tmp saved
(note: file C:\Users\TEMPLE~1\AppData\Local\Temp\ST_0k00000w.tmp not found)
file C:\Users\TEMPLE~1\AppData\Local\Temp\ST_0k00000w.tmp saved
variable spdomain does not uniquely identify observations in the master data

     _merge |      Freq.     Percent        Cum.
------------+-----------------------------------
          3 |     50,240      100.00      100.00
------------+-----------------------------------
      Total |     50,240      100.00
 1070
(1070 observations deleted)
file C:\Users\TEMPLE~1\AppData\Local\Temp\ST_0k00000v.tmp saved
72
72
file C:\Users\Templeton\Desktop\GAPP\GAPP-UGANDA-HARUNA\ww-ug\10_MZ\work\codes_food_basket_
> flex_it5.dta saved
(2671 observations deleted)
(note: file C:\Users\TEMPLE~1\AppData\Local\Temp\ST_0k00000x.tmp not found)
file C:\Users\TEMPLE~1\AppData\Local\Temp\ST_0k00000x.tmp saved
variable hhid does not uniquely identify observations in the master data

     _merge |      Freq.     Percent        Cum.
------------+-----------------------------------
          1 |      1,463        0.64        0.64
          3 |    228,040       99.36      100.00
------------+-----------------------------------
      Total |    229,503      100.00
(0 observations deleted)
file C:\Users\TEMPLE~1\AppData\Local\Temp\ST_0k00000x.tmp saved
variable product does not uniquely identify observations in the master data

     _merge |      Freq.     Percent        Cum.
------------+-----------------------------------
          1 |     40,748       17.75       17.75
          3 |    188,755       82.25      100.00
------------+-----------------------------------
      Total |    229,503      100.00
(40748 observations deleted)
(2778 observations deleted)
(0 observations deleted)
(note: file C:\Users\TEMPLE~1\AppData\Local\Temp\ST_0k000011.tmp not found)
file C:\Users\TEMPLE~1\AppData\Local\Temp\ST_0k000011.tmp saved
daily_valued2 was float now int
days2 was float now int
food_cat was float now byte
psu was float now int
survmon was float now byte
survquar was float now byte
rural was float now byte
news was float now byte
reg_tpi was float now byte
strata was float now byte
spdomain was float now byte
bswt was float now byte
count was float now byte
product was double now long
numreg was double now byte
descript was str244 now str80
variable hhid does not uniquely identify observations in the master data
survquar was byte now float
reg_tpi was byte now float
spdomain was byte now float
(label survquar already defined)
(label news_ru_ur already defined)
(label reg13 already defined)

     _merge |      Freq.     Percent        Cum.
------------+-----------------------------------
          2 |         81        0.04        0.04
          3 |    185,977       99.96      100.00
------------+-----------------------------------
      Total |    186,058      100.00
variable hhid does not uniquely identify observations in the master data

     _merge |      Freq.     Percent        Cum.
------------+-----------------------------------
          3 |    186,058      100.00      100.00
------------+-----------------------------------
      Total |    186,058      100.00
(109970 observations deleted)
(68 observations deleted)
(6063 observations deleted)
(4 missing values generated)
(4 missing values generated)

    Variable |       Obs        Mean    Std. Dev.       Min        Max
-------------+--------------------------------------------------------
    ratiotw5 |       745    1.526294    6.437134   .4907718   156.1156
    ratiomw5 |       745    1.484818    10.22783          0   279.1747
variable product does not uniquely identify observations in the master data

     _merge |      Freq.     Percent        Cum.
------------+-----------------------------------
          2 |          1        0.13        0.13
          3 |        749       99.87      100.00
------------+-----------------------------------
      Total |        750      100.00
    1
(1 observation deleted)
file C:\Users\Templeton\Desktop\GAPP\GAPP-UGANDA-HARUNA\ww-ug\10_MZ\work\price_unit_flex_it
> 5.dta saved
(label reg13 already defined)

     _merge |      Freq.     Percent        Cum.
------------+-----------------------------------
          1 |          2        0.27        0.27
          2 |        357       47.54       47.80
          3 |        392       52.20      100.00
------------+-----------------------------------
      Total |        751      100.00

     +------------------------------------------------------------------------------+
     | product                  spdomain                                   descript |
     |------------------------------------------------------------------------------|
385. |  111111               Maputo City        Refeições completas em restaurantes |
386. |  111431   Niassa & Cabo Delg.-rur   Despesas em Moagem (Farinação de mapira) |
     +------------------------------------------------------------------------------+
(359 observations deleted)
variable product does not uniquely identify observations in the master data

     _merge |      Freq.     Percent        Cum.
------------+-----------------------------------
          1 |          1        0.13        0.13
          2 |        353       47.38       47.52
          3 |        391       52.48      100.00
------------+-----------------------------------
      Total |        745      100.00

     +----------------------------------------------------------+
     | product                  spdomain               descript |
     |----------------------------------------------------------|
385. |  113791   Sofala & Zambezia-rural   "Caracol, caramucho" |
     +----------------------------------------------------------+
(354 observations deleted)

-------------------------------------------------------------------------------------------
-> spdomain = Niassa & Cabo Delg.-rur
    2
-------------------------------------------------------------------------------------------
-> spdomain = Niassa & Cabo Delg.-urb
    8
-------------------------------------------------------------------------------------------
-> spdomain = Nampula-rural
    1
-------------------------------------------------------------------------------------------
-> spdomain = Nampula-urban
    1
-------------------------------------------------------------------------------------------
-> spdomain = Sofala & Zambezia-rural
    1
-------------------------------------------------------------------------------------------
-> spdomain = Sofala & Zambezia-urban
    1
-------------------------------------------------------------------------------------------
-> spdomain = Manica & Tete-rural
    1
-------------------------------------------------------------------------------------------
-> spdomain = Manica & Tete-urbana
    1
-------------------------------------------------------------------------------------------
-> spdomain = Gaza & Inhambane-rural
    0
-------------------------------------------------------------------------------------------
-> spdomain = Gaza & Inhambane-urban
    0
-------------------------------------------------------------------------------------------
-> spdomain = Maputo Province-rural
    1
-------------------------------------------------------------------------------------------
-> spdomain = Maputo Province-urban
    0
-------------------------------------------------------------------------------------------
-> spdomain = Maputo City
    0
(17 observations deleted)
(31 observations deleted)

Summary for variables: baskshr
     by categories of: spdomain 

        spdomain |         N      mean        sd       min       max
-----------------+--------------------------------------------------
Niassa & Cabo De |        30   .900046         0   .900046   .900046
Niassa & Cabo De |        22  .8593024         0  .8593024  .8593024
   Nampula-rural |        30  .9024336         0  .9024336  .9024336
   Nampula-urban |        27  .9008135         0  .9008135  .9008135
Sofala & Zambezi |        27  .9033141         0  .9033141  .9033141
Sofala & Zambezi |        26  .9053407         0  .9053407  .9053407
Manica & Tete-ru |        24  .9012518         0  .9012518  .9012518
Manica & Tete-ur |        22    .90207         0    .90207    .90207
Gaza & Inhambane |        28  .9075978         0  .9075978  .9075978
Gaza & Inhambane |        29  .9039858         0  .9039858  .9039858
Maputo Province- |        24  .9056908         0  .9056908  .9056908
Maputo Province- |        25  .9052788         0  .9052788  .9052788
     Maputo City |        29   .901527         0   .901527   .901527
-----------------+--------------------------------------------------
           Total |       343  .9004259  .0109971  .8593024  .9075978
--------------------------------------------------------------------
variable spdomain does not uniquely identify observations in the master data

     _merge |      Freq.     Percent        Cum.
------------+-----------------------------------
          3 |        343      100.00      100.00
------------+-----------------------------------
      Total |        343      100.00
(343 real changes made)
(343 real changes made)
(343 real changes made)

Summary for variables: chkcal
     by categories of: spdomain 

        spdomain |         N      mean        sd       min       max
-----------------+--------------------------------------------------
Niassa & Cabo De |        30  .0000257         0  .0000257  .0000257
Niassa & Cabo De |        22  .0000385         0  .0000385  .0000385
   Nampula-rural |        30  .0000257         0  .0000257  .0000257
   Nampula-urban |        27 -.0000514         0 -.0000514 -.0000514
Sofala & Zambezi |        27  .0000899         0  .0000899  .0000899
Sofala & Zambezi |        26 -.0000771         0 -.0000771 -.0000771
Manica & Tete-ru |        24 -.0000514         0 -.0000514 -.0000514
Manica & Tete-ur |        22  .0000128         0  .0000128  .0000128
Gaza & Inhambane |        28 -.0001799         0 -.0001799 -.0001799
Gaza & Inhambane |        29  .0001413         0  .0001413  .0001413
Maputo Province- |        24 -.0000642         0 -.0000642 -.0000642
Maputo Province- |        25  .0001927         0  .0001927  .0001927
     Maputo City |        29  .0000257         0  .0000257  .0000257
-----------------+--------------------------------------------------
           Total |       343  .0000104  .0000949 -.0001799  .0001927
--------------------------------------------------------------------
(343 real changes made)
file C:\Users\Templeton\Desktop\GAPP\GAPP-UGANDA-HARUNA\ww-ug\10_MZ\work\quan_flex_it5.dta 
> saved
file C:\Users\Templeton\Desktop\GAPP\GAPP-UGANDA-HARUNA\ww-ug\10_MZ\work\povline_food_flex_
> it5.dta saved
variable spdomain does not uniquely identify observations in the master data
(label reg13 already defined)

     _merge |      Freq.     Percent        Cum.
------------+-----------------------------------
          3 |     10,832      100.00      100.00
------------+-----------------------------------
      Total |     10,832      100.00
(2069 real changes made)
(note: file C:\Users\TEMPLE~1\AppData\Local\Temp\ST_0k000013.tmp not found)
file C:\Users\TEMPLE~1\AppData\Local\Temp\ST_0k000013.tmp saved
variable spdomain does not uniquely identify observations in the master data
(label reg13 already defined)

     _merge |      Freq.     Percent        Cum.
------------+-----------------------------------
          3 |     10,832      100.00      100.00
------------+-----------------------------------
      Total |     10,832      100.00
file C:\Users\Templeton\Desktop\GAPP\GAPP-UGANDA-HARUNA\ww-ug\10_MZ\work\povlines_it5.dta s
> aved
variable spdomain does not uniquely identify observations in the master data
variable spdomain does not uniquely identify observations in
    C:\Users\Templeton\Desktop\GAPP\GAPP-UGANDA-HARUNA\ww-ug\10_MZ\work\povlines_it5.dta
(label reg13 already defined)

     _merge |      Freq.     Percent        Cum.
------------+-----------------------------------
          3 |     10,832      100.00      100.00
------------+-----------------------------------
      Total |     10,832      100.00
(10832 real changes made)
(10832 real changes made)

    Variable |     Obs      Weight        Mean   Std. Dev.       Min        Max
-------------+-----------------------------------------------------------------
          cr |   10832  21537187.8    23.78963   38.71481   .4552435   4744.847
      cr_it5 |   10832  21537187.8    23.78963   31.92561   .6452587   2358.714
     linpob5 |   10832  21537187.8     18.4665   7.310148   11.79988   37.83941
    linpobr5 |   10832  21537187.8    18.51401   9.35e-07   18.51401   18.51401
(5960 missing values generated)
(5960 real changes made)
(5960 real changes made)
(5960 real changes made)

      pweight: popwt
          VCE: linearized
  Single unit: missing
     Strata 1: strata
         SU 1: psu
        FPC 1: <zero>
(running mean on estimation sample)

Survey: Mean estimation

Number of strata =      11        Number of obs    =     10832
Number of PSUs   =    1060        Population size  =  21537188
                                  Design df        =      1049

--------------------------------------------------------------
             |             Linearized
             |       Mean   Std. Err.     [95% Conf. Interval]
-------------+------------------------------------------------
     h_flex5 |   53.29253   1.346085      50.65121    55.93386
    pg_flex5 |   20.29528   .7184631      18.88549    21.70507
   spg_flex5 |   10.46887   .5062258      9.475543     11.4622
--------------------------------------------------------------
(running mean on estimation sample)

Survey: Mean estimation

Number of strata =      11        Number of obs    =     10832
Number of PSUs   =    1060        Population size  =  21537188
                                  Design df        =      1049

            0: rural = 0
            1: rural = 1

--------------------------------------------------------------
             |             Linearized
        Over |       Mean   Std. Err.     [95% Conf. Interval]
-------------+------------------------------------------------
h_flex5      |
           0 |   51.61274   1.673021      48.32989    54.89559
           1 |   54.02632   1.802949      50.48852    57.56411
-------------+------------------------------------------------
pg_flex5     |
           0 |   20.32253   .8432711      18.66783    21.97722
           1 |   20.28338   .9751083         18.37    22.19677
-------------+------------------------------------------------
spg_flex5    |
           0 |   10.43219   .5302217      9.391773     11.4726
           1 |    10.4849   .6937676      9.123568    11.84623
--------------------------------------------------------------
(running mean on estimation sample)

Survey: Mean estimation

Number of strata =      11        Number of obs    =     10832
Number of PSUs   =    1060        Population size  =  21537188
                                  Design df        =      1049

       Niassa: strata = Niassa
    _subpop_2: strata = Cabo Delgado
      Nampula: strata = Nampula
     Zambezia: strata = Zambezia
         Tete: strata = Tete
       Manica: strata = Manica
       Sofala: strata = Sofala
    Inhambane: strata = Inhambane
         Gaza: strata = Gaza
   _subpop_10: strata = Maputo Prov
   _subpop_11: strata = Maputo City

--------------------------------------------------------------
             |             Linearized
        Over |       Mean   Std. Err.     [95% Conf. Interval]
-------------+------------------------------------------------
h_flex5      |
      Niassa |   28.39242   3.009256      22.48757    34.29726
   _subpop_2 |   34.28286   3.374895      27.66054    40.90517
     Nampula |   43.19905   2.997975      37.31634    49.08176
    Zambezia |   66.72786   3.663256      59.53972    73.91601
        Tete |   50.27753   4.329126       41.7828    58.77226
      Manica |   66.12017   3.611174      59.03423    73.20612
      Sofala |   54.39492   4.748974      45.07635    63.71349
   Inhambane |   56.95271   4.347979      48.42098    65.48444
        Gaza |   61.29514   3.281421      54.85624    67.73403
  _subpop_10 |   75.74509   2.328905      71.17525    80.31494
  _subpop_11 |   43.47456   2.692021       38.1922    48.75692
-------------+------------------------------------------------
pg_flex5     |
      Niassa |   10.87388   1.549757      7.832901    13.91485
   _subpop_2 |   9.862229   1.262134      7.385633    12.33882
     Nampula |   14.35832   1.300809      11.80583     16.9108
    Zambezia |   24.54063   1.741048      21.12429    27.95696
        Tete |    19.9073   2.493366      15.01475    24.79985
      Manica |    25.8097    2.54403      20.81773    30.80166
      Sofala |   25.60669   4.449584      16.87559    34.33779
   Inhambane |   20.19641   1.942743       16.3843    24.00851
        Gaza |   27.63232   2.525325      22.67705    32.58758
  _subpop_10 |   32.23268   1.550726       29.1898    35.27556
  _subpop_11 |   14.87425   1.128427      12.66002    17.08848
-------------+------------------------------------------------
spg_flex5    |
      Niassa |    5.71807   .9183344      3.916088    7.520051
   _subpop_2 |   3.872737   .6330391       2.63057    5.114903
     Nampula |   6.683031   .7318106      5.247052    8.119011
    Zambezia |   11.81977   .9188596      10.01676    13.62278
        Tete |   10.98261   1.711495      7.624266    14.34095
      Manica |   13.81994   1.780737      10.32572    17.31415
      Sofala |   16.07934   4.133297      7.968865    24.18981
   Inhambane |   9.686654    1.25393      7.226158    12.14715
        Gaza |   16.18672   1.957868      12.34494     20.0285
  _subpop_10 |   16.91129   1.156283       14.6424    19.18018
  _subpop_11 |   6.898425    .653149      5.616798    8.180052
--------------------------------------------------------------
(running mean on estimation sample)

Survey: Mean estimation

Number of strata =      11        Number of obs    =     10832
Number of PSUs   =    1060        Population size  =  21537188
                                  Design df        =      1049

         Over: strata rural
    _subpop_1: Niassa 0
    _subpop_2: Niassa 1
    _subpop_3: Cabo Delgado 0
    _subpop_4: Cabo Delgado 1
    _subpop_5: Nampula 0
    _subpop_6: Nampula 1
    _subpop_7: Zambezia 0
    _subpop_8: Zambezia 1
    _subpop_9: Tete 0
   _subpop_10: Tete 1
   _subpop_11: Manica 0
   _subpop_12: Manica 1
   _subpop_13: Sofala 0
   _subpop_14: Sofala 1
   _subpop_15: Inhambane 0
   _subpop_16: Inhambane 1
   _subpop_17: Gaza 0
   _subpop_18: Gaza 1
   _subpop_19: Maputo Prov 0
   _subpop_20: Maputo Prov 1
   _subpop_21: Maputo City 0

--------------------------------------------------------------
             |             Linearized
        Over |       Mean   Std. Err.     [95% Conf. Interval]
-------------+------------------------------------------------
h_flex5      |
   _subpop_1 |   30.36068   3.227518      24.02755    36.69381
   _subpop_2 |   27.81591   3.786038      20.38684    35.24498
   _subpop_3 |   36.64239   7.438418      22.04652    51.23826
   _subpop_4 |   33.63885   3.738007      26.30403    40.97367
   _subpop_5 |   44.13292   4.832346      34.65075    53.61508
   _subpop_6 |   42.80774    3.74569      35.45785    50.15764
   _subpop_7 |   64.40435   6.476635      51.69572    77.11299
   _subpop_8 |   67.15131   4.122506      59.06201    75.24061
   _subpop_9 |   66.89753   6.424965      54.29028    79.50477
  _subpop_10 |    47.4446   4.878376      37.87211    57.01709
  _subpop_11 |   60.25228   4.899009       50.6393    69.86525
  _subpop_12 |   68.05029   4.510067      59.20051    76.90007
  _subpop_13 |   50.50502     6.7856      37.19013    63.81992
  _subpop_14 |   56.78646   6.289079      44.44585    69.12706
  _subpop_15 |   37.42051   4.206474      29.16645    45.67457
  _subpop_16 |   62.23725   5.519015      51.40768    73.06681
  _subpop_17 |   45.27174    5.70071      34.08565    56.45784
  _subpop_18 |   67.29998    3.65596      60.12616    74.47381
  _subpop_19 |   74.02434   2.637282      68.84939    79.19929
  _subpop_20 |   79.76367    4.51146      70.91116    88.61618
  _subpop_21 |   43.47456   2.692021       38.1922    48.75692
-------------+------------------------------------------------
pg_flex5     |
   _subpop_1 |    11.4377   1.382742      8.724447    14.15096
   _subpop_2 |   10.70873   1.966134      6.850727    14.56673
   _subpop_3 |   11.84624   3.511689      4.955505    18.73698
   _subpop_4 |   9.320715   1.233414      6.900475    11.74095
   _subpop_5 |   16.66751   2.322113      12.11099    21.22402
   _subpop_6 |   13.39073   1.572801      10.30453    16.47692
   _subpop_7 |   27.68331   3.769819      20.28607    35.08056
   _subpop_8 |   23.96789   1.984971      20.07292    27.86286
   _subpop_9 |   28.12232   4.369666      19.54803     36.6966
  _subpop_10 |   18.50703   2.810724      12.99174    24.02231
  _subpop_11 |   22.39221   2.675408      17.14245    27.64197
  _subpop_12 |   26.93381   3.268846      20.51958    33.34803
  _subpop_13 |   19.11294   2.723429      13.76895    24.45692
  _subpop_14 |   29.59909   6.681515      16.48843    42.70974
  _subpop_15 |   12.76965    1.88088      9.078931    16.46036
  _subpop_16 |   22.20575   2.435121      17.42749    26.98402
  _subpop_17 |   20.16048    3.15663      13.96645    26.35451
  _subpop_18 |   30.43243   3.193803      24.16546     36.6994
  _subpop_19 |   32.51338   1.768226      29.04372    35.98304
  _subpop_20 |   31.57714   3.094786      25.50447    37.64982
  _subpop_21 |   14.87425   1.128427      12.66002    17.08848
-------------+------------------------------------------------
spg_flex5    |
   _subpop_1 |   5.911833   .9592353      4.029595    7.794072
   _subpop_2 |   5.661316   1.155104      3.394737    7.927894
   _subpop_3 |   5.213618   1.868063      1.548053    8.879184
   _subpop_4 |   3.506758   .5804745      2.367734    4.645781
   _subpop_5 |   8.350637   1.394902      5.613522    11.08775
   _subpop_6 |   5.984278   .8579708      4.300743    7.667812
   _subpop_7 |   15.16342   2.554847      10.15022    20.17661
   _subpop_8 |   11.21041   1.009343      9.229846    13.19097
   _subpop_9 |    15.5004   3.101307      9.414928    21.58587
  _subpop_10 |   10.21254   1.933011       6.41953    14.00555
  _subpop_11 |    11.3234   1.811108      7.769593    14.87721
  _subpop_12 |   14.64112   2.293315      10.14111    19.14113
  _subpop_13 |    9.37009   1.458613      6.507958    12.23222
  _subpop_14 |   20.20422   6.281491      7.878499    32.52994
  _subpop_15 |   5.594622   .9317606      3.766295    7.422949
  _subpop_16 |   10.79377   1.570524      7.712047     13.8755
  _subpop_17 |   11.52482   2.162609      7.281289    15.76835
  _subpop_18 |   17.93379   2.531991      12.96545    22.90213
  _subpop_19 |   17.39678   1.295343      14.85502    19.93854
  _subpop_20 |   15.77749   2.331556      11.20244    20.35253
  _subpop_21 |   6.898425    .653149      5.616798    8.180052
--------------------------------------------------------------
(running mean on estimation sample)

Survey: Mean estimation

Number of strata =      11        Number of obs    =     10832
Number of PSUs   =    1060        Population size  =  21537188
                                  Design df        =      1049

    _subpop_1: spdomain = Niassa & Cabo Delg.-rur
    _subpop_2: spdomain = Niassa & Cabo Delg.-urb
    _subpop_3: spdomain = Nampula-rural
    _subpop_4: spdomain = Nampula-urban
    _subpop_5: spdomain = Sofala & Zambezia-rural
    _subpop_6: spdomain = Sofala & Zambezia-urban
    _subpop_7: spdomain = Manica & Tete-rural
    _subpop_8: spdomain = Manica & Tete-urbana
    _subpop_9: spdomain = Gaza & Inhambane-rural
   _subpop_10: spdomain = Gaza & Inhambane-urban
   _subpop_11: spdomain = Maputo Province-rural
   _subpop_12: spdomain = Maputo Province-urban
   _subpop_13: spdomain = Maputo City

--------------------------------------------------------------
             |             Linearized
        Over |       Mean   Std. Err.     [95% Conf. Interval]
-------------+------------------------------------------------
h_flex5      |
   _subpop_1 |   31.15333   2.664804      25.92437    36.38228
   _subpop_2 |   33.85204    4.56613      24.89225    42.81183
   _subpop_3 |   42.80774    3.74569      35.45785    50.15764
   _subpop_4 |   44.13292   4.832346      34.65075    53.61508
   _subpop_5 |   64.68345   3.609576      57.60064    71.76626
   _subpop_6 |   57.27117   4.668152      48.11119    66.43115
   _subpop_7 |    55.8049   3.465423      49.00495    62.60485
   _subpop_8 |   63.11971   3.958947      55.35136    70.88807
   _subpop_9 |     64.704   3.399792      58.03283    71.37517
  _subpop_10 |   41.88201    3.68997      34.64145    49.12257
  _subpop_11 |   79.76367    4.51146      70.91116    88.61618
  _subpop_12 |   74.02434   2.637282      68.84939    79.19929
  _subpop_13 |   43.47456   2.692021       38.1922    48.75692
-------------+------------------------------------------------
pg_flex5     |
   _subpop_1 |   9.913189    1.10469      7.745535    12.08084
   _subpop_2 |   11.66477   2.057312      7.627852    15.70168
   _subpop_3 |   13.39073   1.572801      10.30453    16.47692
   _subpop_4 |   16.66751   2.322113      12.11099    21.22402
   _subpop_5 |   25.30867   2.191249      21.00894     29.6084
   _subpop_6 |   23.28497   2.322726      18.72725    27.84269
   _subpop_7 |     21.926   2.115253       17.7754    26.07661
   _subpop_8 |   24.86476   2.439405      20.07809    29.65143
   _subpop_9 |   26.21409   2.066774      22.15861    30.26957
  _subpop_10 |   16.96952   1.991691      13.06137    20.87767
  _subpop_11 |   31.57714   3.094786      25.50447    37.64982
  _subpop_12 |   32.51338   1.768226      29.04372    35.98304
  _subpop_13 |   14.87425   1.128427      12.66002    17.08848
-------------+------------------------------------------------
spg_flex5    |
   _subpop_1 |    4.42643   .6097601      3.229941    5.622918
   _subpop_2 |   5.523767   1.104481      3.356524    7.691011
   _subpop_3 |   5.984278   .8579708      4.300743    7.667812
   _subpop_4 |   8.350637   1.394902      5.613522    11.08775
   _subpop_5 |   13.35182   1.753163      9.911714    16.79192
   _subpop_6 |   12.19026   1.473246      9.299416    15.08111
   _subpop_7 |   12.00934   1.465824      9.133056    14.88562
   _subpop_8 |   13.12578   1.692439      9.804832    16.44673
   _subpop_9 |   14.27265   1.526082      11.27813    17.26718
  _subpop_10 |   8.964484   1.333299      6.348248    11.58072
  _subpop_11 |   15.77749   2.331556      11.20244    20.35253
  _subpop_12 |   17.39678   1.295343      14.85502    19.93854
  _subpop_13 |   6.898425    .653149      5.616798    8.180052
--------------------------------------------------------------
rural was float now byte
news was float now byte
reg_tpi was float now byte
strata was float now byte
spdomain was float now byte
h_flex5 was float now byte
file C:\Users\Templeton\Desktop\GAPP\GAPP-UGANDA-HARUNA\ww-ug\10_MZ/work/cons_real_it5.dta 
> saved

    Variable |     Obs      Weight        Mean   Std. Dev.       Min        Max
-------------+-----------------------------------------------------------------
     h_flex5 |   10832  21537187.8    53.29253   49.89378          0        100
file C:\Users\Templeton\Desktop\GAPP\GAPP-UGANDA-HARUNA\ww-ug\10_MZ/work/foodshares_it5.dta
>  saved

. **************************************************************************
> * Send results to one big csv-file
> **************************************************************************;
. use "$path/work/cons_real_it`lastpass'.dta", clear ;

.         gen dum=1;

.         collapse (mean) dum h_flex`lastpass' pg_flex`lastpass' spg_flex`lastpass' [aw=pop
> wt];

. gen geo="National";

. gen geono=dum;

. tempfile nat;

. save `nat';
file C:\Users\TEMPLE~1\AppData\Local\Temp\ST_0k000014.tmp saved

.         use "$path/work/cons_real_it`lastpass'.dta", clear ;

.         collapse (mean) h_flex`lastpass' pg_flex`lastpass' spg_flex`lastpass' [aw=popwt],
>  by(rural);

. gen geo="Rural/Urban";

. gen geono=rural;

. tempfile rur;

. save `rur';
file C:\Users\TEMPLE~1\AppData\Local\Temp\ST_0k000015.tmp saved

. use "$path/work/cons_real_it`lastpass'.dta", clear ;

.         collapse (mean) h_flex`lastpass' pg_flex`lastpass' spg_flex`lastpass' [aw=popwt],
>  by(news);

. gen geo="North/Center/South";

. gen geono=news;

. tempfile new;

. save `new';
file C:\Users\TEMPLE~1\AppData\Local\Temp\ST_0k000016.tmp saved

. use "$path/work/cons_real_it`lastpass'.dta", clear ;

.         collapse (mean) h_flex`lastpass' pg_flex`lastpass' spg_flex`lastpass' [aw=popwt],
>  by(reg_tpi);

. gen geo="TPI - 6 regions";

. gen geono=reg_tpi;

. tempfile rtp;

. save `rtp';
file C:\Users\TEMPLE~1\AppData\Local\Temp\ST_0k000017.tmp saved

. use "$path/work/cons_real_it`lastpass'.dta", clear ;

.         collapse (mean) h_flex`lastpass' pg_flex`lastpass' spg_flex`lastpass' [aw=popwt],
>  by(strata);

. gen geo="Provinces";

. gen geono=strata;

. tempfile str;

. save `str';
file C:\Users\TEMPLE~1\AppData\Local\Temp\ST_0k000018.tmp saved

. use "$path/work/cons_real_it`lastpass'.dta", clear ;

.         collapse (mean) h_flex`lastpass' pg_flex`lastpass' spg_flex`lastpass' [aw=popwt],
>  by(spdomain);

. gen geo="Spatial domains";

. gen geono=spdomain;

. tempfile r13;

. save `r13';
file C:\Users\TEMPLE~1\AppData\Local\Temp\ST_0k000019.tmp saved

. clear;

. set obs 1;
obs was 0, now 1

. gen geo=" ";

. tempfile one;

. save `one';
file C:\Users\TEMPLE~1\AppData\Local\Temp\ST_0k00001a.tmp saved

. use          `nat';

. append using `one';

. append using `rur';
geo was str8 now str11

. append using `one';

. append using `new';
geo was str11 now str18

. append using `one';

. append using `rtp';

. append using `one';

. append using `str';

. append using `one';

. append using `r13';

. outsheet geo geono h_flex`lastpass' pg_flex`lastpass' spg_flex`lastpass' dum rural news r
> eg_tpi strata spdomain using "$path\work\poverty_flexBask.csv", replace c;

. **************************************************************************
> * Convergence graph (based on 5 iterations)
> **************************************************************************;
. #delimit cr
delimiter now cr
. 
. clear

. set obs 1
obs was 0, now 1

. gen iteration=.
(1 missing value generated)

. tempfile converg

. save `converg'
file C:\Users\TEMPLE~1\AppData\Local\Temp\ST_0k00001b.tmp saved

. 
. forvalues X = 1/5 {
  2.         use "$path/work/cons_real_it`X'.dta", clear
  3.         collapse (mean) h_flex`X' pg_flex`X' spg_flex`X' [aw=popwt], by(strata)
  4.         rename h_flex`X' h_flex
  5.         rename pg_flex`X' pg_flex
  6.         rename spg_flex`X' spg_flex
  7.         gen iteration=`X'
  8.         order iteration
  9.         *sum
.         if `X' != 1     {
 10.                 append using `converg'
 11.                         }
 12.         save `converg', replace
 13.         }
file C:\Users\TEMPLE~1\AppData\Local\Temp\ST_0k00001b.tmp saved
(label province already defined)
file C:\Users\TEMPLE~1\AppData\Local\Temp\ST_0k00001b.tmp saved
(label province already defined)
file C:\Users\TEMPLE~1\AppData\Local\Temp\ST_0k00001b.tmp saved
(label province already defined)
file C:\Users\TEMPLE~1\AppData\Local\Temp\ST_0k00001b.tmp saved
(label province already defined)
file C:\Users\TEMPLE~1\AppData\Local\Temp\ST_0k00001b.tmp saved

. 
. use `converg', clear

. sum

    Variable |       Obs        Mean    Std. Dev.       Min        Max
-------------+--------------------------------------------------------
   iteration |        55           3    1.427248          1          5
      strata |        55           6    3.191424          1         11
      h_flex |        55    52.74801    13.99551   28.39242   75.74509
     pg_flex |        55    20.49937    7.032327   9.862228   32.23268
    spg_flex |        55    10.76584    4.424607   3.872736   16.91129

. 
. twoway (connected h_flex iteration), by(, title(Convergence graph: Poverty rate. %) subti
> tle(After iterative procedure)) by(strata)

. graph export "$path/work/converge_pov_rate.tif", replace
(file C:\Users\Templeton\Desktop\GAPP\GAPP-UGANDA-HARUNA\ww-ug\10_MZ/work/converge_pov_rate
> .tif written in TIFF format)

. 
. sort strata iteration

. 
. for var h_flex pg_flex spg_flex: replace X = round(X,0.01)

->  replace h_flex = round(h_flex,0.01)
(54 real changes made)

->  replace pg_flex = round(pg_flex,0.01)
(55 real changes made)

->  replace spg_flex = round(spg_flex,0.01)
(55 real changes made)

. 
. list strata iteration h_flex pg_flex spg_flex

     +-------------------------------------------------------+
     |       strata   iterat~n   h_flex   pg_flex   spg_flex |
     |-------------------------------------------------------|
  1. |       Niassa          1    28.56     11.01        5.8 |
  2. |       Niassa          2    28.39     10.89       5.73 |
  3. |       Niassa          3    28.39     10.87       5.72 |
  4. |       Niassa          4    28.39     10.87       5.72 |
  5. |       Niassa          5    28.39     10.87       5.72 |
     |-------------------------------------------------------|
  6. | Cabo Delgado          1    34.62     10.05       3.97 |
  7. | Cabo Delgado          2    34.28      9.88       3.88 |
  8. | Cabo Delgado          3    34.28      9.86       3.87 |
  9. | Cabo Delgado          4    34.28      9.86       3.87 |
 10. | Cabo Delgado          5    34.28      9.86       3.87 |
     |-------------------------------------------------------|
 11. |      Nampula          1    43.63     14.37       6.69 |
 12. |      Nampula          2     43.2     14.36       6.68 |
 13. |      Nampula          3    43.84      14.5       6.75 |
 14. |      Nampula          4    43.11     14.29       6.65 |
 15. |      Nampula          5     43.2     14.36       6.68 |
     |-------------------------------------------------------|
 16. |     Zambezia          1    66.47     24.28      11.65 |
 17. |     Zambezia          2     66.7     24.53      11.81 |
 18. |     Zambezia          3    66.73     24.55      11.82 |
 19. |     Zambezia          4    66.73     24.55      11.82 |
 20. |     Zambezia          5    66.73     24.54      11.82 |
     |-------------------------------------------------------|
 21. |         Tete          1    49.36     19.49      10.74 |
 22. |         Tete          2    50.13     19.78      10.91 |
 23. |         Tete          3    50.28     19.89      10.98 |
 24. |         Tete          4    50.28     19.93      10.99 |
 25. |         Tete          5    50.28     19.91      10.98 |
     |-------------------------------------------------------|
 26. |       Manica          1    65.07     25.29      13.51 |
 27. |       Manica          2    66.22     25.65      13.73 |
 28. |       Manica          3    66.12     25.79      13.81 |
 29. |       Manica          4    66.12     25.84      13.84 |
 30. |       Manica          5    66.12     25.81      13.82 |
     |-------------------------------------------------------|
 31. |       Sofala          1    54.22     25.25      15.86 |
 32. |       Sofala          2    54.36     25.57      16.06 |
 33. |       Sofala          3    54.48     25.61      16.08 |
 34. |       Sofala          4    54.48     25.61      16.08 |
 35. |       Sofala          5    54.39     25.61      16.08 |
     |-------------------------------------------------------|
 36. |    Inhambane          1    57.29     20.81      10.04 |
 37. |    Inhambane          2    56.64     20.08       9.62 |
 38. |    Inhambane          3    56.95     20.17       9.67 |
 39. |    Inhambane          4    56.95     20.17       9.67 |
 40. |    Inhambane          5    56.95      20.2       9.69 |
     |-------------------------------------------------------|
 41. |         Gaza          1    62.35     28.15      16.54 |
 42. |         Gaza          2    60.87     27.53      16.12 |
 43. |         Gaza          3     61.3     27.61      16.17 |
 44. |         Gaza          4     61.3     27.61      16.17 |
 45. |         Gaza          5     61.3     27.63      16.19 |
     |-------------------------------------------------------|
 46. |  Maputo Prov          1    75.71     32.05      16.79 |
 47. |  Maputo Prov          2    75.75     32.23      16.91 |
 48. |  Maputo Prov          3    75.75     32.23      16.91 |
 49. |  Maputo Prov          4    75.75     32.23      16.91 |
 50. |  Maputo Prov          5    75.75     32.23      16.91 |
     |-------------------------------------------------------|
 51. |  Maputo City          1    40.79     13.69       6.24 |
 52. |  Maputo City          2    43.24     14.77       6.84 |
 53. |  Maputo City          3    43.47      14.9       6.92 |
 54. |  Maputo City          4    43.47      14.9       6.91 |
 55. |  Maputo City          5    43.47     14.87        6.9 |
     +-------------------------------------------------------+

.         
. #delimit ;
delimiter now ;
. **************************************************************************
> * 140_iterate.do        (end)
> **************************************************************************;
. cap log close;
