-------------------------------------------------------------------------------------------
      name:  <unnamed>
       log:  C:\Users\Templeton\Desktop\GAPP\GAPP-UGANDA-HARUNA\ww-ug\10_MZ/rep/140_iterate
> .log
  log type:  text
 opened on:  17 May 2013, 16:44:35

. clear

. set more off

. #delimit ;
delimiter now ;
. *global povline_initial "$path\in\povlines_first_iof.dta";
. **************************************************************************
> * 140_iterate.do        (start)
> *
> * Purpose: Create flexible food basket and poverty line with iterative procedure
> *
> * This program will take the results from the first pass at the
> * poverty lines and applies the corresponding spatial deflator to
> * re-select the relatively poor, their consumption bundles, and
> * their prices.
> *
> * Welfare indicator is here always temporally and spatially adjusted per capita
> * expenditure. Here called cr_it< >.
> *
> * We will iterate this process 5 times which here assures convergence.
> *
> * CA, Mar 2010: Relatively poor are those below last iterated poverty line
> * MAH, Apr 2010: Cleaning
> **************************************************************************;
. /*
> This file uses:
>             in/povlines_first_new.dta
>         work\hhdata.dta
>         work\consump_nom.dta
>         work\own.dta
>         work\daily.dta
>         work\temp_index_reg_tpi.dta
>         work\cons_cod.dta
>         work\food_cat.dta
>         work\cons_real.dta
>         work\products.dta
>         work\match96_02.dta
>         new\conversions.do
>         
> This file creates (where `pass' is the number of the iteration):
>         work\codes_food_basket_flex_it`pass'.dta
>         work\price_unit_flex_it`pass'.dta
>         work\quan_flex_it`pass'.dta
>         work\match_cod_flex_it`pass'.csv
>         work\relpoor_it`pass'.dta
>         work\povlines_it`pass'.dta
>         work\foodshares_it`pass'.dta
>         work\nat_pov_flex.csv
>         work\rur_pov_flex.csv
>         work\strata_pov_flex.csv
>         work\spdomain_pov_flex.csv
>         work\reg_tpi_pov_flex.csv
> */
> 
> **************************************************************************;
. * Make a key file that will be used over and over, without change
> * in every iteration. This will include the TEMPORALLY deflated consumption
> * and various HH data such as hhweight, spdomain, etc.
> **************************************************************************;
. use "$path/work/conpc.dta";

.         sort hhid;

.         merg hhid using "$path\work\hhdata.dta";

.         tab _merge;

     _merge |      Freq.     Percent        Cum.
------------+-----------------------------------
          3 |     10,832      100.00      100.00
------------+-----------------------------------
      Total |     10,832      100.00

.         drop _merge;

.         sort reg_tpi survquar;

.         merge reg_tpi survquar using "$path/work/temp_index_reg_tpi.dta";
variables reg_tpi survquar do not uniquely identify observations in the master data
(label survquar already defined)
(label news_ru_ur already defined)

.         tab _merge;

     _merge |      Freq.     Percent        Cum.
------------+-----------------------------------
          3 |     10,832      100.00      100.00
------------+-----------------------------------
      Total |     10,832      100.00

.         drop _merge;

.                 gen food_pc_tpi = food_pc_nom /tpi_trim;

.         gen cons_pc_tpi = food_pc_tpi + nf_pc_nom;

.         lab var food_pc_tpi "Temp-adjusted per capita food consumption/day";

.         lab var cons_pc_tpi "Temp adjusted total consumption/day";

.         tempfile contpi;

.         sort hhid;

. save `contpi', replace;
(note: file C:\Users\TEMPLE~1\AppData\Local\Temp\ST_0j000001.tmp not found)
file C:\Users\TEMPLE~1\AppData\Local\Temp\ST_0j000001.tmp saved

. *use "$path\in\povlines_first_iterate.dta", clear;
. *save "$path/work/povlines_first.dta", replace;
. **************************************************************************;
. * Now set some information pertaining to the iterations. For now we'll
> * manually set the number of iterations. Also specify the percentile
> * cutpoint that we will use for defining the relatively poor.
> **************************************************************************;
. local lastpass=0;

. local pass=1;

. * Use these two lines to manually specify the number of iterations
> * and the cutpoint here in the do file.;
.   *local maxit=5;
.   *local cutpt=50;
. * Use these few lines if you want to specify the number of iterations
> * and percentile cutpoint by passing them as parameters on the command
> * line, e.g.:   wstata do new\iterate1.do 5 50;
. if "`1'"=="" | "`2'"=="" {      ;
.         di in red "Error: you need to specify number of iterations as first parameter";
.         di in red "       and percentile cutpoint as second parameter on command line.";
. };

. local maxit=`1';

. local cutpt=`2';

. tempfile cutoff;

. while `pass' <= `maxit' {;
  2.         **************************************************************************;
. **************************************************************************;
. * Pick out the bottom X percent in real consumption per capita 
> * (temporally & spatially adjusted), as ranked by the previous iteration.
> * The percentile to use is defined by "cutpt". This produces a file that
> * has the hhid, and a dummy variable indicating if they were below the
> * cutpoint on the last iteration.
> **************************************************************************;
. **************************************************************************;
. /*
> * Comment out if IOF 2008/09. (This code included instead of below code in order to repli
> cate published figures 2002/03). ( START ) ;
> 
>         if "`pass'"=="1" {      ;
>               use `contpi', clear;
>               sort spdomain;
>               merge spdomain using "$path/work/povlines_first.dta";
>               tab _m;
>               drop _m;
> *              gen relpoor`pass'= cons_pc_tpi<=cutoff;
>                gen relpoor`pass'= cons_pc_tpi if cons_pc_tpi<=cutoff;
>               rename cons_pc_tpi cr_it0;
>               sort hhid;
>          save "$path\work\relpoor_it`pass'.dta", replace;
> *        use "$path/work/cons_real.dta", clear;
> *              gen cr_it0=cr2;
>         };
>         
> 
> * Comment out if IOF 2008/09. (This code included instead of below code in order to repli
> cate published figures 2002/03). ( END ) ;
> */
> 
> 
> 
> * Comment out if IAF 2002/03. (This code below excluded in order to replicate published f
> igures 2002/03). ( START ) ;
.         if "`pass'"=="1" { ;
  3. * Find real income at cut point initially;
.                 use "$path/work/cons_real.dta", clear;
  4.                                     gen cr_it0=cr2;
  5.                         cap drop one;
  6.             gen one=1;
  7.                                     collapse (p`cutpt') one cr_it`lastpass' [aw=popwt]
>  ;
  8.                                     rename cr_it`lastpass' cutoff;
  9.                                     sort one;
 10.             save `cutoff', replace;
 11.  * Find relatively poor initially;
.             use "$path/work/cons_real.dta", clear;
 12.                                                 gen cr_it`lastpass'=cr2;
 13.             cap drop one;
 14.             gen one=1;
 15.                                     sort one;
 16.             merge one using `cutoff';
 17.             tab _merge;
 18.             drop _merge;
 19.                                     drop one;
 20.                            gen relpoor`pass'=cr_it`lastpass'<=cutoff;
 21.             *lab var relpoor`pass' "=1 if in bottom of PCE";
.                                     tab relpoor`pass' [aw=popwt];
 22.                                     keep hhid cr_it`lastpass' relpoor`pass' popwt;
 23.             sort hhid;
 24.         save $path\work\relpoor_it`pass'.dta, replace;
 25.         };
 26. * Comment out if IAF 2002/03. (This code below excluded in order to replicate publishe
> d figures 2002/03). ( END ) ;
.                 if `pass'>1 {   ;
 27. * Find real income at cut point in iteration number `pass' ;
.                 use "$path/work/cons_real_it`lastpass'.dta" , clear;
 28.                                                 cap drop one;
 29.                 gen one=1;
 30.                                                                 *CA modified from hhwe
> ight*hhsize to popwt;
.                 collapse (p`cutpt') one cr_it`lastpass' [aw=popwt] ;
 31.                         rename cr_it`lastpass' cutoff;
 32.                                                                         sort one;
 33.         save `cutoff', replace;
 34.         * Find relatively poor in iteration number `pass' ;
.                 use "$path/work/cons_real_it`lastpass'.dta", clear;
 35.                                                 cap drop one;
 36.                 gen one=1;
 37.                                                 sort one;
 38.                 merge one using `cutoff';
 39.                 tab _merge;
 40.                 drop _merge;
 41.                                                 drop one;
 42.                 gen relpoor`pass'=cr_it`lastpass'<=cutoff;
 43.                 *lab var relpoor`pass' "=1 if in bottom of PCE";
.                                                 tab relpoor`pass' [aw=popwt];
 44. *CA modified to popwt above and to keep popwt below;
.                 keep hhid cr_it`lastpass' relpoor`pass' popwt;
 45.                 sort hhid;
 46.         save "$path\work\relpoor_it`pass'.dta", replace;
 47.         };
 48.         **************************************************************************;
. * Get the consumption file, and select only those codes that are food,
> * using our definition of "food", which includes alcoholic beverages.
> **************************************************************************;
.         use "$path/work/cons_cod.dta", clear;
 49. *CA modified to merge in work\hhdata.dta for bootstrap;
.     sort hhid;
 50.     merge hhid using "$path\work\hhdata.dta";
 51.     tab _m;
 52.     drop _m;
 53.         /*
>                 sort product;
>                 merge product using "$path/work/food_cat.dta";
>                 tab _merge;
>                 keep if _merge==3;
>                 drop _merge;
> */
> 
>                                 * Only food transactions ;
.                 keep if food_cat;
 54.                 sort hhid;
 55. **************************************************************************;
. * Merge with file that has temporally AND spatially adjusted consumption
> * per capita from the previous iteration, and also identifies those below 
> * the cutoff. Then select only those who are below the cutoff.
> **************************************************************************;
.                 merge hhid using "$path\work\relpoor_it`pass'.dta";
 56.                 tab _merge;
 57.                 drop _merge;
 58.                                 * Keep only transactions by the poor ;
.                 keep if relpoor`pass';
 59. **************************************************************************;
. * Calculate HH level food shares. Since we're only doing shares here, we can
> * work with the expenditures without doing temporal adjustment.
> **************************************************************************;
.                 gen  food_expenditure = cod_hh_nom3;
 60.                 *gen  food_expenditure= own_valued + daily_valued + monthly_valued + e
> duc_valued;
.                 egen tot_food_expen= sum (food_expen), by (hhid) ;
 61.                 count if food_expenditure==.;
 62.                 count if tot_food_expen==.;
 63.                 gen food_share= food_expenditure/tot_food_expen;
 64.                 count if food_share==.;
 65.                 drop if food_share==.;
 66.                 sort hhid product;
 67.                 tempfile foodshares;
 68.         save `foodshares', replace;
 69. ********************************************************************************;
. * Now find the total (economy wise, e.g. not by HH) shares by each product in
> * order to select the most important goods in each domain's basket.
> ********************************************************************************;
.                 collapse (mean) hhweight spdomain, by (hhid);
 70.                 sort hhid ;
 71.                  collapse (sum) hhweight , by(spdomain);
 72.                 rename hhweight tothhweight;
 73.                 tempfile tothhweight;
 74.                 sort spdomain;
 75.         save `tothhweight', replace;
 76.         use `foodshares', clear;
 77.                 sort spdomain;
 78.                 merge spdomain using `tothhweight';
 79.                 tab _merge;
 80.                 drop _merge;
 81.                 sort spdomain product;
 82.                 gen f_share_w`pass'=(food_share*hhweight)/tothhweight;
 83.                 collapse (sum) f_share_w`pass', by(spdomain product descript);
 84.                                sort spdomain f_share_w`pass';
 85.                 by spdomain: gen cumshr`pass'= sum(f_share_w`pass');
 86.                 count if cumshr`pass'<=.075;
 87.                 drop if cumshr`pass'<=.075;
 88.                 lab var f_share_w`pass' "average food share for the 13 spatial domains
> ";
 89.         save `foodshares', replace;
 90.                                                 * Number of spatials domains a food pr
> oduct appears ;
.                 gen numreg=1;
 91.                 collapse (sum) numreg cumshr`pass', by (product descript);
 92.                 keep product numreg descript;
 93.                 display _N;
 94.                 sort product;
 95.                                 * Include food product labels ;
. *                merge product using "$path\work\products.dta";
. *                tab _merge;
. *                keep if _merge==3;
.                 keep product descript numreg;
 96.                   sort product;
 97.                      display _N;
 98.           save "$path\work\codes_food_basket_flex_it`pass'.dta", replace;
 99. **************************************************************************;
. **************************************************************************;
. * That is pretty much the part equivalent to "100_food_basket_flex.do",
> * which figures out the food shares for the relevant reference group. Now
> * we figure out the prices with a code stream that is adapted from
> * "110_price_unit_flex.do".
> **************************************************************************;
. **************************************************************************;
. **************************************************************************************
> * Create sorted data set with daily + own expenditure and the matched codes
> **************************************************************************************;
. use "$path/in/cons_cod_trans.dta", clear;
100. *save "$path/work/cons_cod_trans.dta", replace;
. *drop value   ;
. *drop quantity;
. drop value    valued;
101. drop quantity quantityd;
102. rename valuez    value;
103. rename quantityz quantity;
104. *drop count;
. drop if quantity==0 ;
105.         tempfile dd_acsort;
106.         save    `dd_acsort', replace;
107. /*
>         use "$path\work\daily.dta", clear;
>                 drop days;
>                 sort product;
>                 tempfile dd_acsort;
>         save `dd_acsort', replace;
>         
>         use "$path\work\own.dta", clear;
>                 keep hhid product valued quantityd unit;
>                 rename valued value;
>                 rename quantityd quantity;
>         
>                 *CHECK THE ZEROS IN quantity FOR NOW DELETE;
>                 drop if quantity==0;
>         
>                 append using `dd_acsort';
> */
> 
>                 *CA modified to insert work\hhdata.dta for bootstrap;
.                 sort hhid;
108.                 merge hhid using "$path\work\hhdata.dta";
109.                 tab _m;
110.                  drop if _m==2;
111.                 drop _m;
112.                                 sort product;
113.                 gen count=1;
114.         save `dd_acsort', replace;
115.         **************************************************************************;
. * Merge the basket codes with the dd  and own data sets.
> * Drop all codes not a part of the flexible food basket
> **************************************************************************;
.                 merge product using "$path\work\codes_food_basket_flex_it`pass'.dta";
116.                         tab _merge;
117.                 drop if _merge~=3;
118.                 drop _merge;
119. **************************************************************************************
> * Drop observations where product code, quantity or value information is unavailable
> **************************************************************************************;
.                 drop if product==. | value==. | quantity==.  ;
120.         ******************************************************************************
> ********
> * Convert non-KG quantities (units, liters) into kilograms
> **************************************************************************************;
. *do "$path\new\110a_conversions.do"
> 
> ********************************************************************
> * There remain a few difficult to interpret observations such as liters
> * of fish and liters of pasta. These are dropped ;
. ********************************************************************;
.                 drop if unit~=2;
121.         **************************************************************************;
. * Bring in the spdomain and reg_tpi variables, and also the information on
> * relatively poor households.
> **************************************************************************;
.                 preserve;
122.                                                 * Temporally adjusted expenditure ;
.                         use `contpi', clear;
123.                                 keep hhid hhweight spdomain reg_tpi survquar tpi_trim 
> cons_pc_tpi ;
124.                                 sort hhid;
125.                                 tempfile hhd2;
126.                         save `hhd2', replace;
127.                 restore;
128.                                 compress;
129.                 sort hhid;
130.                 merge hhid using `hhd2';
131.                 tab _merge;
132.                 drop _merge;
133.                 sort hhid;
134.                 merge hhid using "$path\work\relpoor_it`pass'.dta";
135.                 tab _merge;
136.                 drop _merge;
137.                                                 * Keep nominal food transactions by po
> or people ;
.                 keep if relpoor`pass';
138.                 drop if product==.;
139.                                                                 * Temporally deflate t
> ransaction values ;
.                 gen value_r=value/tpi_trim;
140. **************************************************************************;
. * Toss out the bottom 5% and top 5% of the HH-LEVEL prices per kg in
> * each spdomain & product combination. This should eliminate outliers
> * that may have an undue influence on the price calculation. 
> **************************************************************************;
.                 gen hhppkg=value_r/quantity;
141.                 egen lower5=pctile(hhppkg), p(5)  by(spdomain product);
142.                 egen upper5=pctile(hhppkg), p(95) by(spdomain product);
143.                 keep if hhppkg>=lower5 & hhppkg<=upper5;
144. *********************************************************************
> * Note that we do prices in three ways. First, by summing quantity and value 
> * This average price price_uw is thus quantity/value weighted. Second, we
> * calculate the price and take simple means for a transaction weighted
> * price, price_ut. Last we take the median, price_um. But in the end
> * we only use price_unitw
> *********************************************************************;
.                 gen price_ut`pass'=value_r/(quantity*1000);
145.                 gen price_um`pass'=price_ut;
146.                 collapse (sum) 
>                         quantity value_r count bswt (mean) price_ut (median) price_um [aw
> =hhweight], 
>                         by(spdomain product);
147.                 *Generate weighted price per gram ;
.                 gen price_uw`pass'=value_r/(quantity*1000);
148.                 drop value_r quantity;
149.                 sort spdomain product;
150.                 lab var price_ut`pass' "Average of calculated prices - transaction wei
> ghted";
151.                 lab var price_um`pass' "Median of prices";
152.                 lab var price_uw`pass' "Value share weighted mean prices";
153. * Get an idea of the difference between the price measures;
.                 gen ratiotw`pass'=price_ut`pass'/price_uw`pass';
154.                 gen ratiomw`pass'=price_um`pass'/price_uw`pass';
155.                 sum ratiotw`pass' ratiomw`pass';
156.                 sort product;
157.                 merge product using "$path/work/codes_food_basket_flex_it`pass'.dta";
158.                 tab _m;
159.                 count if _merge~=3;
160.                 drop if _merge~=3;
161.                 drop _merge;
162.                 sort product spdomain;
163.         save "$path\work\price_unit_flex_it`pass'.dta", replace;
164. **************************************************************************;
. **************************************************************************;
. * That concludes the prices part. Now we move to calculating the food
> * poverty lines, which draws code from "120_povline_flex.do" with very few
> * changes:
> * - The changes facilitate accumulating vectors
> *   of intermediate results across iterations, rather than generating a
> *   bunch of new files.
> **************************************************************************;
. **************************************************************************;
. **************************************************************************;
. * Use the file with the food basket (`foodshares'), which is in shares. 
> * Then merge it with the prices file, and then with the calories file.
> * Along the way, drop those observations where we have no price information
> * or no calorie information, but list them out.
> **************************************************************************;
.         use `foodshares', clear;
165.                 sort product spdomain;
166.                 merge product spdomain using "$path\work\price_unit_flex_it`pass'.dta"
> ;
167.                         tab _merge;
168.                 list product spdomain descript if _merge==1;
169.                         drop if _merge ~=3;
170.                 drop _merge;
171.                 sort product;
172.                         merge product using "$path\work\calperg.dta";
173.                 tab _merge;
174.                                                 * This tells where we are lacking calo
> rie info or are lacking quantity info due to 
>                 * missing price info above;
.                 list product spdomain descript if _merge==1;
175.                         drop if _merge~=3;
176.                 drop _merge;
177.                 sort spdomain f_share_w`pass';
178.                                 *CA modified to change count bswt;
.                 by spdomain: count if round(bswt)<10;
179.                 drop if round(bswt) < 10;
180.                                                                 * Total food share in 
> spatial domain ;
.                 by spdomain: egen baskshr=sum(f_share_w`pass');
181.                                 * Cumulated food share in spatial domain ;
.                 by spdomain: gen  cumshr =sum(f_share_w`pass');
182.                 drop if cumshr<=baskshr-.9;
183.                         drop baskshr;
184.                 by spdomain: egen baskshr=sum(f_share_w`pass');
185.                 tabstat baskshr , by(spdomain) st(n mean sd min max);
186.                                                                 * How many grams in 1 
> MT exp on food item ;
.                                 gen quan`pass'=f_share_w`pass'/price_uw`pass';
187.                                 * How many calories in 1 MT exp on food item ;
.                 gen cal_ir`pass'=quan`pass'*calperg;
188.                                 * how many calories in 1 MT exp in food basket ;
.                 by spdomain: egen calreg=sum(cal_ir);
189.                         sort spdomain;
190.                 merge spdomain using "$path\work\calpp.dta";
191.                 tab _merge;
192.                 drop _merge;
193.                                                         * get the expansion factor to 
> hit 95% of calorie requirements ;
.                 gen ratio=.95*calpp/calreg;
194.                         replace quan`pass'=quan`pass'*ratio;
195.                 replace cal_ir`pass'=quan`pass'*calperg;
196.                         sort spdomain product;
197.                 by spdomain: egen chkcal=sum(cal_ir`pass');
198.                 replace chkcal=chkcal/.95-calpp ;
199.                                                 tabstat chkcal , by(spdomain) st(n mea
> n sd min max);
200.                         gen val_ir`pass'=quan`pass'*price_uw`pass';
201.                         by spdomain: egen povline_f_flex90_`pass'=sum(val_ir`pass');
202.                 replace povline_f=povline_f_flex90_`pass'/.9;
203.                 *drop product96;
. keep product spdomain quan`pass'  price_uw`pass' val_ir`pass' povline_f_flex90_`pass' cal
> pp calperg;
204.                     save "$path\work\quan_flex_it`pass'.dta", replace;
205.                         collapse (mean) povline_f_flex90_`pass', by (spdomain);
206.                                                 keep spdomain povline_f_flex90_`pass';
207.                 sort spdomain;
208.                 save "$path\work\povline_food_flex_it`pass'.dta", replace;
209.         **************************************************************************;
. **************************************************************************;
. * Now comes the part that draws the non-food and total poverty lines,
> * and generates estimates of poverty measures. This is drawn from 
> * "130_povmeas_flex.do" with a few changes.
> **************************************************************************;
. **************************************************************************;
. **************************************************************************
> * Calculate non-food expenditure for HH around the food poverty line
> *
> * Develop a discrete triangular weighted distribution. This gives a
> * weight of  1 to HH at +/- 18-20% from food poverty line, and
> * weight of  2 to HH at +/- 16-18% from food poverty line, and ...
> * weight of 10 to HH at +/-  0- 2% from food poverty line.
> * This weight is called triwt below.
> **************************************************************************;
.         use `contpi', clear;
210.                 sort spdomain;
211.                 merge spdomain using "$path/work/povline_food_flex_it`pass'.dta";
212.                 tab _merge;
213.                 drop _merge;
214.                 gen triwt=0 ;
215.                 replace triwt = 11 - round(50*abs(cons_pc_tpi/povline_f_flex90_`pass'-
> 1)+0.5)
>                 if abs(cons_pc_tpi/povline_f_flex90_`pass'-1)<=0.2;
216.                                                                 * Nearness to poverty 
> line and population weights ;
.                 gen tripopwt=triwt*hhweight*hhsize;
217.                                                 preserve;
218.                         collapse (mean) nf_pc_nom [aw=tripopwt] ,
>                                 by(spdomain);
219.                         rename nf_pc_nom povline_nf_flex`pass';
220.                         lab var povline_nf_flex`pass' "Nonfood poverty line. Flexible 
> bundle";
221.                         tempfile znf;
222.                         sort spdomain;
223.                         save `znf', replace;
224.                                                                 restore;
225.                                 sort spdomain;
226.                 merge spdomain using `znf';
227.                 tab _merge;
228.                 drop _merge;
229. **************************************************************************
> * Poverty line is the sum of the food and non-food poverty lines
> **************************************************************************;
.                 gen povline_flex`pass'=povline_f_flex90_`pass' + povline_nf_flex`pass';
230. keep spdomain povline_flex`pass';
231.                 sort spdomain;
232.         save "$path\work\povlines_it`pass'.dta", replace;
233. **************************************************************************;
. * Create spatial price index, based on the total poverty line, with
> * adjustment so that mean (and total) nominal consumption equals
> * mean (and total) spatially deflated consumption.
> *
> * Choose arbitrary strata to be the base at first: we just use the first stratum.
> **************************************************************************;
.         use `contpi', clear;
234.                 sort spdomain;
235.                 merge spdomain using "$path\work\povlines_it`pass'.dta";
236.                 tab _merge;
237.                 drop _merge;
238.                 gen cr= cons_pc_tpi ;
239.                 gen linpob`pass'=povline_flex`pass';
240.                 qui sum linpob`pass' if spdomain==1, meanonly;
241.                 global spi_base=r(mean);
242.                 gen spi`pass'=linpob`pass'/$spi_base;
243.                 gen cr_it`pass'=cr/spi`pass';
244.                 qui sum cr [aw=hhweight*hhsize];
245.                 global sumcr=r(sum);
246.                 qui sum cr_it`pass' [aw=hhweight*hhsize];
247.                 global sumcr2=r(sum);
248.                 replace spi`pass'=spi`pass'*$sumcr2/$sumcr;
249.                 gen linpobr`pass'=linpob`pass'/spi`pass';
250.                 replace cr_it`pass'=cr/spi`pass';
251.                 su cr cr_it`pass' linpob`pass' linpobr`pass' [aw=hhweight*hhsize];
252.                 lab var cr "Temporally-adjusted cons pc";
253.                 lab var cr_it`pass' "Spatially & temporally adjusted cons pc";
254.                 lab var linpob`pass' "Poverty line";
255.                 lab var linpobr`pass' "Real poverty line";
256.                 lab var spi`pass' "Spatial price index";
257.                 gen linpob=linpob`pass';
258. **************************************************************************
> * calculate poverty measures with the flexible food bundle
> **************************************************************************;
.                 gen h=100 if cr_it`pass'<=linpobr`pass' & linpobr`pass'~=. & cr_it`pass'~
> =.;
259.                 replace  h   = 0 if cr_it`pass' > linpobr`pass' & linpobr`pass'~=. & c
> r_it`pass'~=.;
260.                 gen      pg  = ((linpobr`pass' - cr_it`pass' )/linpobr`pass') *100;
261.                 replace  pg  = 0             if h==0;
262.                 gen      spg = ((( linpobr`pass' - cr_it`pass' )/ linpobr`pass' )^2)*1
> 00;
263.                 replace  spg = 0             if h==0;
264.                 gen h_flex`pass'  =h;
265.                 gen pg_flex`pass' =pg;
266.                 gen spg_flex`pass'=spg;
267.                                 lab var h_flex`pass'   "Poverty headcount. Flexible bu
> ndle";
268.                 lab var pg_flex`pass'  "Poverty gap. Flexible bundle";
269.                 lab var spg_flex`pass' "Squared poverty gap. Flexible bundle";
270.                 gen popwt=hhsize*hhweight;
271.                         * Stata 10.1 syntax ;
.                         svyset , clear;
272.                         svyset [pweight=popwt] , str(strata) psu(psu);
273.                 svy: mean h_flex`pass' pg_flex`pass' spg_flex`pass';
274.                 svy: mean h_flex`pass' pg_flex`pass' spg_flex`pass' , over(rural);
275.                 svy: mean h_flex`pass' pg_flex`pass' spg_flex`pass' , over(strata);
276.                 svy: mean h_flex`pass' pg_flex`pass' spg_flex`pass' , over(strata rura
> l);
277.                 svy: mean h_flex`pass' pg_flex`pass' spg_flex`pass' , over(spdomain);
278. *preserve;
. keep hhid popwt cr_it`pass' h_flex`pass' pg_flex`pass' spg_flex`pass' rural news reg_tpi 
> strata spdomain;
279.                 compress;
280.                 sort hhid;
281.         save "$path/work/cons_real_it`pass'.dta" , replace;
282. *restore;
.                                 * New cutoff point (percentile) to use in next iteration 
> is equal to the poverty ;
.                 * rate in this iteration ;
.                 sum h_flex`pass' [aw=popwt] ;
283.                                 * Comment out next line for IAF 2002/03 in order to re
> plicate official figures ( START );
.                 local cutpt= round(r(mean));
284.                 * Comment out next line for IAF 2002/03 in order to replicate official
>  figures ( END );
. *       save foodshares tempfile to disk;
.         use `foodshares', clear;
285.         save "$path/work/foodshares_it`pass'.dta", replace;
286.         local lastpass = `pass';
287.         local pass = `pass' + 1;
288.         };
(note: file C:\Users\TEMPLE~1\AppData\Local\Temp\ST_0j000002.tmp not found)
file C:\Users\TEMPLE~1\AppData\Local\Temp\ST_0j000002.tmp saved
variable one does not uniquely identify observations in the master data

     _merge |      Freq.     Percent        Cum.
------------+-----------------------------------
          3 |     10,832      100.00      100.00
------------+-----------------------------------
      Total |     10,832      100.00

   relpoor1 |      Freq.     Percent        Cum.
------------+-----------------------------------
          0 | 4,331.7625       39.99       39.99
          1 | 6,500.2375       60.01      100.00
------------+-----------------------------------
      Total |     10,832      100.00
file C:\Users\Templeton\Desktop\GAPP\GAPP-UGANDA-HARUNA\ww-ug\10_MZ\work\relpoor_it1.dta sa
> ved
variable hhid does not uniquely identify observations in the master data

     _merge |      Freq.     Percent        Cum.
------------+-----------------------------------
          3 |    257,521      100.00      100.00
------------+-----------------------------------
      Total |    257,521      100.00
(130896 observations deleted)
variable hhid does not uniquely identify observations in the master data

     _merge |      Freq.     Percent        Cum.
------------+-----------------------------------
          3 |    126,625      100.00      100.00
------------+-----------------------------------
      Total |    126,625      100.00
(69016 observations deleted)
    0
    0
(66 missing values generated)
   66
(66 observations deleted)
(note: file C:\Users\TEMPLE~1\AppData\Local\Temp\ST_0j000003.tmp not found)
file C:\Users\TEMPLE~1\AppData\Local\Temp\ST_0j000003.tmp saved
(note: file C:\Users\TEMPLE~1\AppData\Local\Temp\ST_0j000004.tmp not found)
file C:\Users\TEMPLE~1\AppData\Local\Temp\ST_0j000004.tmp saved
variable spdomain does not uniquely identify observations in the master data

     _merge |      Freq.     Percent        Cum.
------------+-----------------------------------
          3 |     57,543      100.00      100.00
------------+-----------------------------------
      Total |     57,543      100.00
 1140
(1140 observations deleted)
file C:\Users\TEMPLE~1\AppData\Local\Temp\ST_0j000003.tmp saved
74
74
file C:\Users\Templeton\Desktop\GAPP\GAPP-UGANDA-HARUNA\ww-ug\10_MZ\work\codes_food_basket_
> flex_it1.dta saved
(2671 observations deleted)
(note: file C:\Users\TEMPLE~1\AppData\Local\Temp\ST_0j000005.tmp not found)
file C:\Users\TEMPLE~1\AppData\Local\Temp\ST_0j000005.tmp saved
variable hhid does not uniquely identify observations in the master data

     _merge |      Freq.     Percent        Cum.
------------+-----------------------------------
          1 |      1,463        0.64        0.64
          3 |    228,040       99.36      100.00
------------+-----------------------------------
      Total |    229,503      100.00
(0 observations deleted)
file C:\Users\TEMPLE~1\AppData\Local\Temp\ST_0j000005.tmp saved
variable product does not uniquely identify observations in the master data

     _merge |      Freq.     Percent        Cum.
------------+-----------------------------------
          1 |     40,310       17.56       17.56
          3 |    189,193       82.44      100.00
------------+-----------------------------------
      Total |    229,503      100.00
(40310 observations deleted)
(2909 observations deleted)
(0 observations deleted)
(note: file C:\Users\TEMPLE~1\AppData\Local\Temp\ST_0j000007.tmp not found)
file C:\Users\TEMPLE~1\AppData\Local\Temp\ST_0j000007.tmp saved
daily_valued2 was float now int
days2 was float now int
food_cat was float now byte
psu was float now int
survmon was float now byte
survquar was float now byte
rural was float now byte
news was float now byte
reg_tpi was float now byte
strata was float now byte
spdomain was float now byte
bswt was float now byte
count was float now byte
product was double now long
numreg was double now byte
descript was str244 now str80
variable hhid does not uniquely identify observations in the master data
survquar was byte now float
reg_tpi was byte now float
spdomain was byte now float
(label survquar already defined)
(label news_ru_ur already defined)
(label reg13 already defined)

     _merge |      Freq.     Percent        Cum.
------------+-----------------------------------
          2 |         81        0.04        0.04
          3 |    186,284       99.96      100.00
------------+-----------------------------------
      Total |    186,365      100.00
variable hhid does not uniquely identify observations in the master data

     _merge |      Freq.     Percent        Cum.
------------+-----------------------------------
          3 |    186,365      100.00      100.00
------------+-----------------------------------
      Total |    186,365      100.00
(100574 observations deleted)
(70 observations deleted)
(6839 observations deleted)
(3 missing values generated)
(3 missing values generated)

    Variable |       Obs        Mean    Std. Dev.       Min        Max
-------------+--------------------------------------------------------
    ratiotw1 |       775    1.629719     7.51157   .4907718   167.2426
    ratiomw1 |       775    1.295883    5.281672          0    147.162
variable product does not uniquely identify observations in the master data

     _merge |      Freq.     Percent        Cum.
------------+-----------------------------------
          2 |          2        0.26        0.26
          3 |        778       99.74      100.00
------------+-----------------------------------
      Total |        780      100.00
    2
(2 observations deleted)
file C:\Users\Templeton\Desktop\GAPP\GAPP-UGANDA-HARUNA\ww-ug\10_MZ\work\price_unit_flex_it
> 1.dta saved
(label reg13 already defined)

     _merge |      Freq.     Percent        Cum.
------------+-----------------------------------
          1 |          2        0.26        0.26
          2 |        379       48.59       48.85
          3 |        399       51.15      100.00
------------+-----------------------------------
      Total |        780      100.00

     +-----------------------------------------------------------------------+
     | product                spdomain                              descript |
     |-----------------------------------------------------------------------|
391. |   21211   Maputo Province-rural        Vinho maduro branco em garrafa |
393. |  111111             Maputo City   Refeições completas em restaurantes |
     +-----------------------------------------------------------------------+
(381 observations deleted)
variable product does not uniquely identify observations in the master data

     _merge |      Freq.     Percent        Cum.
------------+-----------------------------------
          1 |          1        0.13        0.13
          2 |        351       46.80       46.93
          3 |        398       53.07      100.00
------------+-----------------------------------
      Total |        750      100.00

     +----------------------------------------------------------+
     | product                  spdomain               descript |
     |----------------------------------------------------------|
392. |  113791   Sofala & Zambezia-rural   "Caracol, caramucho" |
     +----------------------------------------------------------+
(352 observations deleted)

-------------------------------------------------------------------------------------------
-> spdomain = Niassa & Cabo Delg.-rur
    1
-------------------------------------------------------------------------------------------
-> spdomain = Niassa & Cabo Delg.-urb
    3
-------------------------------------------------------------------------------------------
-> spdomain = Nampula-rural
    1
-------------------------------------------------------------------------------------------
-> spdomain = Nampula-urban
    1
-------------------------------------------------------------------------------------------
-> spdomain = Sofala & Zambezia-rural
    1
-------------------------------------------------------------------------------------------
-> spdomain = Sofala & Zambezia-urban
    0
-------------------------------------------------------------------------------------------
-> spdomain = Manica & Tete-rural
    1
-------------------------------------------------------------------------------------------
-> spdomain = Manica & Tete-urbana
    0
-------------------------------------------------------------------------------------------
-> spdomain = Gaza & Inhambane-rural
    0
-------------------------------------------------------------------------------------------
-> spdomain = Gaza & Inhambane-urban
    1
-------------------------------------------------------------------------------------------
-> spdomain = Maputo Province-rural
    1
-------------------------------------------------------------------------------------------
-> spdomain = Maputo Province-urban
    0
-------------------------------------------------------------------------------------------
-> spdomain = Maputo City
    0
(10 observations deleted)
(37 observations deleted)

Summary for variables: baskshr
     by categories of: spdomain 

        spdomain |         N      mean        sd       min       max
-----------------+--------------------------------------------------
Niassa & Cabo De |        30  .9008556         0  .9008556  .9008556
Niassa & Cabo De |        27  .9042454         0  .9042454  .9042454
   Nampula-rural |        29  .9036244         0  .9036244  .9036244
   Nampula-urban |        28  .9067503         0  .9067503  .9067503
Sofala & Zambezi |        28  .9044319         0  .9044319  .9044319
Sofala & Zambezi |        26  .9078475         0  .9078475  .9078475
Manica & Tete-ru |        24  .9048586         0  .9048586  .9048586
Manica & Tete-ur |        23  .9062073         0  .9062073  .9062073
Gaza & Inhambane |        28  .9010966         0  .9010966  .9010966
Gaza & Inhambane |        29  .9017588         0  .9017588  .9017588
Maputo Province- |        24  .9017082         0  .9017082  .9017082
Maputo Province- |        26  .9081279         0  .9081279  .9081279
     Maputo City |        29  .9018799         0  .9018799  .9018799
-----------------+--------------------------------------------------
           Total |       351  .9040184  .0024582  .9008556  .9081279
--------------------------------------------------------------------
variable spdomain does not uniquely identify observations in the master data

     _merge |      Freq.     Percent        Cum.
------------+-----------------------------------
          3 |        351      100.00      100.00
------------+-----------------------------------
      Total |        351      100.00
(351 real changes made)
(351 real changes made)
(351 real changes made)

Summary for variables: chkcal
     by categories of: spdomain 

        spdomain |         N      mean        sd       min       max
-----------------+--------------------------------------------------
Niassa & Cabo De |        30  .0000257         0  .0000257  .0000257
Niassa & Cabo De |        27  .0000385         0  .0000385  .0000385
   Nampula-rural |        29  .0000257         0  .0000257  .0000257
   Nampula-urban |        28 -.0000514         0 -.0000514 -.0000514
Sofala & Zambezi |        28  -.000167         0  -.000167  -.000167
Sofala & Zambezi |        26 -.0000771         0 -.0000771 -.0000771
Manica & Tete-ru |        24 -.0001799         0 -.0001799 -.0001799
Manica & Tete-ur |        23  .0000128         0  .0000128  .0000128
Gaza & Inhambane |        28  .0000771         0  .0000771  .0000771
Gaza & Inhambane |        29  .0000128         0  .0000128  .0000128
Maputo Province- |        24 -.0000642         0 -.0000642 -.0000642
Maputo Province- |        26 -.0000642         0 -.0000642 -.0000642
     Maputo City |        29  .0000257         0  .0000257  .0000257
-----------------+--------------------------------------------------
           Total |       351 -.0000271  .0000757 -.0001799  .0000771
--------------------------------------------------------------------
(351 real changes made)
file C:\Users\Templeton\Desktop\GAPP\GAPP-UGANDA-HARUNA\ww-ug\10_MZ\work\quan_flex_it1.dta 
> saved
file C:\Users\Templeton\Desktop\GAPP\GAPP-UGANDA-HARUNA\ww-ug\10_MZ\work\povline_food_flex_
> it1.dta saved
variable spdomain does not uniquely identify observations in the master data
(label reg13 already defined)

     _merge |      Freq.     Percent        Cum.
------------+-----------------------------------
          3 |     10,832      100.00      100.00
------------+-----------------------------------
      Total |     10,832      100.00
(2099 real changes made)
(note: file C:\Users\TEMPLE~1\AppData\Local\Temp\ST_0j000009.tmp not found)
file C:\Users\TEMPLE~1\AppData\Local\Temp\ST_0j000009.tmp saved
variable spdomain does not uniquely identify observations in the master data
(label reg13 already defined)

     _merge |      Freq.     Percent        Cum.
------------+-----------------------------------
          3 |     10,832      100.00      100.00
------------+-----------------------------------
      Total |     10,832      100.00
file C:\Users\Templeton\Desktop\GAPP\GAPP-UGANDA-HARUNA\ww-ug\10_MZ\work\povlines_it1.dta s
> aved
variable spdomain does not uniquely identify observations in the master data
variable spdomain does not uniquely identify observations in
    C:\Users\Templeton\Desktop\GAPP\GAPP-UGANDA-HARUNA\ww-ug\10_MZ\work\povlines_it1.dta
(label reg13 already defined)

     _merge |      Freq.     Percent        Cum.
------------+-----------------------------------
          3 |     10,832      100.00      100.00
------------+-----------------------------------
      Total |     10,832      100.00
(10832 real changes made)
(10832 real changes made)

    Variable |     Obs      Weight        Mean   Std. Dev.       Min        Max
-------------+-----------------------------------------------------------------
          cr |   10832  21537187.8    23.78963   38.71481   .4552435   4744.847
      cr_it1 |   10832  21537187.8    23.78963   31.88908   .6465812   2387.012
     linpob1 |   10832  21537187.8    18.68965   7.346795   11.93739   38.24329
    linpobr1 |   10832  21537187.8    18.74537   9.10e-07   18.74537   18.74537
(5887 missing values generated)
(5887 real changes made)
(5887 real changes made)
(5887 real changes made)

      pweight: popwt
          VCE: linearized
  Single unit: missing
     Strata 1: strata
         SU 1: psu
        FPC 1: <zero>
(running mean on estimation sample)

Survey: Mean estimation

Number of strata =      11        Number of obs    =     10832
Number of PSUs   =    1060        Population size  =  21537188
                                  Design df        =      1049

--------------------------------------------------------------
             |             Linearized
             |       Mean   Std. Err.     [95% Conf. Interval]
-------------+------------------------------------------------
     h_flex1 |   54.18398   1.335703      51.56303    56.80494
    pg_flex1 |   20.69699   .7230362      19.27823    22.11575
   spg_flex1 |   10.70603   .5103222      9.704661     11.7074
--------------------------------------------------------------
(running mean on estimation sample)

Survey: Mean estimation

Number of strata =      11        Number of obs    =     10832
Number of PSUs   =    1060        Population size  =  21537188
                                  Design df        =      1049

            0: rural = 0
            1: rural = 1

--------------------------------------------------------------
             |             Linearized
        Over |       Mean   Std. Err.     [95% Conf. Interval]
-------------+------------------------------------------------
h_flex1      |
           0 |   52.32346   1.669498      49.04752    55.59939
           1 |   54.99671   1.785768      51.49263     58.5008
-------------+------------------------------------------------
pg_flex1     |
           0 |   20.70364   .8512245      19.03334    22.37394
           1 |   20.69409    .980643      18.76984    22.61833
-------------+------------------------------------------------
spg_flex1    |
           0 |   10.66934   .5368415      9.615938    11.72275
           1 |   10.72205   .6990347      9.350389    12.09372
--------------------------------------------------------------
(running mean on estimation sample)

Survey: Mean estimation

Number of strata =      11        Number of obs    =     10832
Number of PSUs   =    1060        Population size  =  21537188
                                  Design df        =      1049

       Niassa: strata = Niassa
    _subpop_2: strata = Cabo Delgado
      Nampula: strata = Nampula
     Zambezia: strata = Zambezia
         Tete: strata = Tete
       Manica: strata = Manica
       Sofala: strata = Sofala
    Inhambane: strata = Inhambane
         Gaza: strata = Gaza
   _subpop_10: strata = Maputo Prov
   _subpop_11: strata = Maputo City

--------------------------------------------------------------
             |             Linearized
        Over |       Mean   Std. Err.     [95% Conf. Interval]
-------------+------------------------------------------------
h_flex1      |
      Niassa |   30.03756   3.035408       24.0814    35.99372
   _subpop_2 |   35.01859    3.38608      28.37433    41.66285
     Nampula |   43.99421   2.961261      38.18354    49.80488
    Zambezia |   67.34583   3.588145      60.30507    74.38659
        Tete |   53.82095   4.544524      44.90356    62.73834
      Manica |   67.07387   3.435281      60.33306    73.81467
      Sofala |   54.69782    4.75853       45.3605    64.03514
   Inhambane |   57.29873   4.360094      48.74323    65.85423
        Gaza |   61.62959   3.285131      55.18341    68.07576
  _subpop_10 |   75.97523   2.343669      71.37642    80.57404
  _subpop_11 |   43.47456   2.692021       38.1922    48.75692
-------------+------------------------------------------------
pg_flex1     |
      Niassa |   11.29942   1.562548      8.233342    14.36549
   _subpop_2 |   10.37548   1.324836      7.775852    12.97511
     Nampula |   14.63909   1.312769      12.06314    17.21504
    Zambezia |   24.98964   1.755263      21.54541    28.43386
        Tete |   20.51957   2.521118      15.57256    25.46657
      Manica |   26.56984   2.551051       21.5641    31.57559
      Sofala |   25.92712   4.445782      17.20348    34.65075
   Inhambane |   20.45158   1.950979      16.62332    24.27985
        Gaza |   27.88363   2.527189      22.92471    32.84255
  _subpop_10 |   32.72095   1.552495       29.6746     35.7673
  _subpop_11 |   14.88834   1.129038      12.67291    17.10377
-------------+------------------------------------------------
spg_flex1    |
      Niassa |   5.955312   .9305656      4.129331    7.781294
   _subpop_2 |   4.145489   .6817999      2.807642    5.483336
     Nampula |   6.827284   .7416766      5.371945    8.282623
    Zambezia |   12.09239   .9337479      10.26016    13.92461
        Tete |   11.32916    1.74148       7.91198    14.74634
      Manica |   14.27842   1.809766      10.72724    17.82959
      Sofala |   16.29141   4.137708      8.172287    24.41054
   Inhambane |   9.833058   1.260662      7.359352    12.30676
        Gaza |   16.35733   1.963913      12.50368    20.21097
  _subpop_10 |   17.25626   1.163605        14.973    19.53952
  _subpop_11 |    6.90629    .653581      5.623815    8.188765
--------------------------------------------------------------
(running mean on estimation sample)

Survey: Mean estimation

Number of strata =      11        Number of obs    =     10832
Number of PSUs   =    1060        Population size  =  21537188
                                  Design df        =      1049

         Over: strata rural
    _subpop_1: Niassa 0
    _subpop_2: Niassa 1
    _subpop_3: Cabo Delgado 0
    _subpop_4: Cabo Delgado 1
    _subpop_5: Nampula 0
    _subpop_6: Nampula 1
    _subpop_7: Zambezia 0
    _subpop_8: Zambezia 1
    _subpop_9: Tete 0
   _subpop_10: Tete 1
   _subpop_11: Manica 0
   _subpop_12: Manica 1
   _subpop_13: Sofala 0
   _subpop_14: Sofala 1
   _subpop_15: Inhambane 0
   _subpop_16: Inhambane 1
   _subpop_17: Gaza 0
   _subpop_18: Gaza 1
   _subpop_19: Maputo Prov 0
   _subpop_20: Maputo Prov 1
   _subpop_21: Maputo City 0

--------------------------------------------------------------
             |             Linearized
        Over |       Mean   Std. Err.     [95% Conf. Interval]
-------------+------------------------------------------------
h_flex1      |
   _subpop_1 |   35.62736   3.787085      28.19623    43.05848
   _subpop_2 |   28.40029   3.775529      20.99184    35.80874
   _subpop_3 |   37.69303   7.345273      23.27993    52.10613
   _subpop_4 |   34.28863   3.762068      26.90659    41.67067
   _subpop_5 |    44.4301   4.816435      34.97916    53.88104
   _subpop_6 |   43.81156   3.688073      36.57472     51.0484
   _subpop_7 |   65.00696   6.134419      52.96983    77.04409
   _subpop_8 |   67.77207   4.048237      59.82851    75.71564
   _subpop_9 |    67.1234   6.473965      54.42001     79.8268
  _subpop_10 |    51.5535   5.197204       41.3554     61.7516
  _subpop_11 |   61.48474    4.97228      51.72799    71.24148
  _subpop_12 |   68.91229   4.247171      60.57837    77.24621
  _subpop_13 |    51.3006   6.883884      37.79285    64.80835
  _subpop_14 |   56.78646   6.289079      44.44585    69.12706
  _subpop_15 |   39.04546   4.497554      30.22023    47.87069
  _subpop_16 |   62.23725   5.519015      51.40768    73.06681
  _subpop_17 |   46.11426   5.822423      34.68934    57.53918
  _subpop_18 |   67.44403   3.654716      60.27265    74.61542
  _subpop_19 |   74.22296   2.641605      69.03953    79.40639
  _subpop_20 |   80.06742   4.573792       71.0926    89.04224
  _subpop_21 |   43.47456   2.692021       38.1922    48.75692
-------------+------------------------------------------------
pg_flex1     |
   _subpop_1 |   12.68711   1.461614      9.819087    15.55513
   _subpop_2 |   10.89296   1.982018      7.003787    14.78213
   _subpop_3 |   13.28858   3.719806      5.989469    20.58769
   _subpop_4 |   9.580387   1.255831       7.11616    12.04461
   _subpop_5 |    16.7899   2.331634       12.2147     21.3651
   _subpop_6 |   13.73786   1.590725       10.6165    16.85923
   _subpop_7 |   28.12884   3.794715      20.68275    35.57494
   _subpop_8 |   24.41754   2.001514      20.49011    28.34496
   _subpop_9 |    28.5193   4.383428      19.91801    37.12058
  _subpop_10 |   19.15599   2.844994      13.57346    24.73851
  _subpop_11 |   22.78972   2.689961       17.5114    28.06803
  _subpop_12 |   27.81323   3.276176      21.38463    34.24184
  _subpop_13 |   19.49828    2.76964      14.06361    24.93294
  _subpop_14 |    29.8796   6.672256      16.78711    42.97209
  _subpop_15 |   13.12368   1.909593      9.376623    16.87074
  _subpop_16 |   22.43419   2.445653      17.63526    27.23311
  _subpop_17 |   20.51945   3.188445      14.26299     26.7759
  _subpop_18 |    30.6434   3.193976      24.37609    36.91071
  _subpop_19 |   32.95273    1.77254      29.47461    36.43086
  _subpop_20 |   32.17965   3.095803      26.10498    38.25432
  _subpop_21 |   14.88834   1.129038      12.67291    17.10377
-------------+------------------------------------------------
spg_flex1    |
   _subpop_1 |   6.588696    1.00232      4.621915    8.555477
   _subpop_2 |   5.769792   1.171003      3.472017    8.067568
   _subpop_3 |   6.026057   2.058225       1.98735    10.06476
   _subpop_4 |   3.632209   .5929203      2.468764    4.795653
   _subpop_5 |   8.424775   1.402721      5.672316    11.17723
   _subpop_6 |    6.15791   .8731953      4.444502    7.871318
   _subpop_7 |   15.46945   2.582071      10.40284    20.53606
   _subpop_8 |   11.47694   1.027501      9.460747    13.49313
   _subpop_9 |   15.76117   3.124765      9.629669    21.89267
  _subpop_10 |   10.57371   1.968697      6.710679    14.43674
  _subpop_11 |   11.55258   1.827207      7.967179    15.13797
  _subpop_12 |   15.17502   2.331337      10.60041    19.74964
  _subpop_13 |   9.608703   1.488169      6.688577    12.52883
  _subpop_14 |   20.39998   6.288097        8.0613    32.73866
  _subpop_15 |   5.797326   .9573984      3.918692     7.67596
  _subpop_16 |   10.92495   1.579033      7.826523    14.02337
  _subpop_17 |   11.76793   2.189501      7.471632    16.06423
  _subpop_18 |   18.07723   2.538681      13.09576     23.0587
  _subpop_19 |   17.71902   1.304419      15.15946    20.27859
  _subpop_20 |   16.17553    2.34852       11.5672    20.78387
  _subpop_21 |    6.90629    .653581      5.623815    8.188765
--------------------------------------------------------------
(running mean on estimation sample)

Survey: Mean estimation

Number of strata =      11        Number of obs    =     10832
Number of PSUs   =    1060        Population size  =  21537188
                                  Design df        =      1049

    _subpop_1: spdomain = Niassa & Cabo Delg.-rur
    _subpop_2: spdomain = Niassa & Cabo Delg.-urb
    _subpop_3: spdomain = Nampula-rural
    _subpop_4: spdomain = Nampula-urban
    _subpop_5: spdomain = Sofala & Zambezia-rural
    _subpop_6: spdomain = Sofala & Zambezia-urban
    _subpop_7: spdomain = Manica & Tete-rural
    _subpop_8: spdomain = Manica & Tete-urbana
    _subpop_9: spdomain = Gaza & Inhambane-rural
   _subpop_10: spdomain = Gaza & Inhambane-urban
   _subpop_11: spdomain = Maputo Province-rural
   _subpop_12: spdomain = Maputo Province-urban
   _subpop_13: spdomain = Maputo City

--------------------------------------------------------------
             |             Linearized
        Over |       Mean   Std. Err.     [95% Conf. Interval]
-------------+------------------------------------------------
h_flex1      |
   _subpop_1 |    31.7752   2.674357       26.5275    37.02289
   _subpop_2 |   36.77545   4.470142      28.00401    45.54689
   _subpop_3 |   43.81156   3.688073      36.57472     51.0484
   _subpop_4 |    44.4301   4.816435      34.97916    53.88104
   _subpop_5 |   65.15642   3.565769      58.15956    72.15327
   _subpop_6 |   57.97281   4.611803       48.9234    67.02222
   _subpop_7 |   58.59645   3.510227      51.70858    65.48431
   _subpop_8 |   63.91783   3.994303       56.0801    71.75556
   _subpop_9 |   64.77419   3.400935      58.10078     71.4476
  _subpop_10 |   43.06234    3.81343      35.57952    50.54516
  _subpop_11 |   80.06742   4.573792       71.0926    89.04224
  _subpop_12 |   74.22296   2.641605      69.03953    79.40639
  _subpop_13 |   43.47456   2.692021       38.1922    48.75692
-------------+------------------------------------------------
pg_flex1     |
   _subpop_1 |   10.14066   1.117714      7.947448    12.33387
   _subpop_2 |    13.0214   2.183586      8.736709     17.3061
   _subpop_3 |   13.73786   1.590725       10.6165    16.85923
   _subpop_4 |    16.7899   2.331634       12.2147     21.3651
   _subpop_5 |   25.71804   2.197396      21.40625    30.02984
   _subpop_6 |   23.69961   2.346134      19.09596    28.30326
   _subpop_7 |   22.66847   2.133375       18.4823    26.85464
   _subpop_8 |   25.26204   2.449335      20.45589     30.0682
   _subpop_9 |   26.43402   2.070396      22.37143    30.49661
  _subpop_10 |   17.32636   2.012142      13.37807    21.27464
  _subpop_11 |   32.17965   3.095803      26.10498    38.25432
  _subpop_12 |   32.95273    1.77254      29.47461    36.43086
  _subpop_13 |   14.88834   1.129038      12.67291    17.10377
-------------+------------------------------------------------
spg_flex1    |
   _subpop_1 |   4.544635   .6191555      3.329711     5.75956
   _subpop_2 |   6.275983   1.212933      3.895932    8.656034
   _subpop_3 |    6.15791   .8731953      4.444502    7.871318
   _subpop_4 |   8.424775   1.402721      5.672316    11.17723
   _subpop_5 |    13.6015   1.758469      10.15098    17.05202
   _subpop_6 |    12.4617   1.492287      9.533488     15.3899
   _subpop_7 |   12.44059   1.491728       9.51348     15.3677
   _subpop_8 |   13.36859   1.706322       10.0204    16.71679
   _subpop_9 |    14.4098   1.531463      11.40472    17.41488
  _subpop_10 |    9.19015    1.35065      6.539867    11.84043
  _subpop_11 |   16.17553    2.34852       11.5672    20.78387
  _subpop_12 |   17.71902   1.304419      15.15946    20.27859
  _subpop_13 |    6.90629    .653581      5.623815    8.188765
--------------------------------------------------------------
rural was float now byte
news was float now byte
reg_tpi was float now byte
strata was float now byte
spdomain was float now byte
h_flex1 was float now byte
file C:\Users\Templeton\Desktop\GAPP\GAPP-UGANDA-HARUNA\ww-ug\10_MZ/work/cons_real_it1.dta 
> saved

    Variable |     Obs      Weight        Mean   Std. Dev.       Min        Max
-------------+-----------------------------------------------------------------
     h_flex1 |   10832  21537187.8    54.18398   49.82694          0        100
file C:\Users\Templeton\Desktop\GAPP\GAPP-UGANDA-HARUNA\ww-ug\10_MZ/work/foodshares_it1.dta
>  saved
file C:\Users\TEMPLE~1\AppData\Local\Temp\ST_0j000002.tmp saved
variable one does not uniquely identify observations in the master data

     _merge |      Freq.     Percent        Cum.
------------+-----------------------------------
          3 |     10,832      100.00      100.00
------------+-----------------------------------
      Total |     10,832      100.00

   relpoor2 |      Freq.     Percent        Cum.
------------+-----------------------------------
          0 | 4,972.1089       45.90       45.90
          1 | 5,859.8911       54.10      100.00
------------+-----------------------------------
      Total |     10,832      100.00
file C:\Users\Templeton\Desktop\GAPP\GAPP-UGANDA-HARUNA\ww-ug\10_MZ\work\relpoor_it2.dta sa
> ved
variable hhid does not uniquely identify observations in the master data

     _merge |      Freq.     Percent        Cum.
------------+-----------------------------------
          3 |    257,521      100.00      100.00
------------+-----------------------------------
      Total |    257,521      100.00
(130896 observations deleted)
variable hhid does not uniquely identify observations in the master data

     _merge |      Freq.     Percent        Cum.
------------+-----------------------------------
          3 |    126,625      100.00      100.00
------------+-----------------------------------
      Total |    126,625      100.00
(75314 observations deleted)
    0
    0
(65 missing values generated)
   65
(65 observations deleted)
(note: file C:\Users\TEMPLE~1\AppData\Local\Temp\ST_0j00000a.tmp not found)
file C:\Users\TEMPLE~1\AppData\Local\Temp\ST_0j00000a.tmp saved
(note: file C:\Users\TEMPLE~1\AppData\Local\Temp\ST_0j00000b.tmp not found)
file C:\Users\TEMPLE~1\AppData\Local\Temp\ST_0j00000b.tmp saved
variable spdomain does not uniquely identify observations in the master data

     _merge |      Freq.     Percent        Cum.
------------+-----------------------------------
          3 |     51,246      100.00      100.00
------------+-----------------------------------
      Total |     51,246      100.00
 1076
(1076 observations deleted)
file C:\Users\TEMPLE~1\AppData\Local\Temp\ST_0j00000a.tmp saved
73
73
file C:\Users\Templeton\Desktop\GAPP\GAPP-UGANDA-HARUNA\ww-ug\10_MZ\work\codes_food_basket_
> flex_it2.dta saved
(2671 observations deleted)
(note: file C:\Users\TEMPLE~1\AppData\Local\Temp\ST_0j00000c.tmp not found)
file C:\Users\TEMPLE~1\AppData\Local\Temp\ST_0j00000c.tmp saved
variable hhid does not uniquely identify observations in the master data

     _merge |      Freq.     Percent        Cum.
------------+-----------------------------------
          1 |      1,463        0.64        0.64
          3 |    228,040       99.36      100.00
------------+-----------------------------------
      Total |    229,503      100.00
(0 observations deleted)
file C:\Users\TEMPLE~1\AppData\Local\Temp\ST_0j00000c.tmp saved
variable product does not uniquely identify observations in the master data

     _merge |      Freq.     Percent        Cum.
------------+-----------------------------------
          1 |     40,621       17.70       17.70
          3 |    188,882       82.30      100.00
------------+-----------------------------------
      Total |    229,503      100.00
(40621 observations deleted)
(2905 observations deleted)
(0 observations deleted)
(note: file C:\Users\TEMPLE~1\AppData\Local\Temp\ST_0j00000e.tmp not found)
file C:\Users\TEMPLE~1\AppData\Local\Temp\ST_0j00000e.tmp saved
daily_valued2 was float now int
days2 was float now int
food_cat was float now byte
psu was float now int
survmon was float now byte
survquar was float now byte
rural was float now byte
news was float now byte
reg_tpi was float now byte
strata was float now byte
spdomain was float now byte
bswt was float now byte
count was float now byte
product was double now long
numreg was double now byte
descript was str244 now str80
variable hhid does not uniquely identify observations in the master data
survquar was byte now float
reg_tpi was byte now float
spdomain was byte now float
(label survquar already defined)
(label news_ru_ur already defined)
(label reg13 already defined)

     _merge |      Freq.     Percent        Cum.
------------+-----------------------------------
          2 |         81        0.04        0.04
          3 |    185,977       99.96      100.00
------------+-----------------------------------
      Total |    186,058      100.00
variable hhid does not uniquely identify observations in the master data

     _merge |      Freq.     Percent        Cum.
------------+-----------------------------------
          3 |    186,058      100.00      100.00
------------+-----------------------------------
      Total |    186,058      100.00
(108472 observations deleted)
(68 observations deleted)
(6183 observations deleted)
(4 missing values generated)
(4 missing values generated)

    Variable |       Obs        Mean    Std. Dev.       Min        Max
-------------+--------------------------------------------------------
    ratiotw2 |       748    1.524659    6.424519   .4907718   156.1156
    ratiomw2 |       748    1.483198    10.20869          0   279.1747
variable product does not uniquely identify observations in the master data

     _merge |      Freq.     Percent        Cum.
------------+-----------------------------------
          2 |          2        0.27        0.27
          3 |        752       99.73      100.00
------------+-----------------------------------
      Total |        754      100.00
    2
(2 observations deleted)
file C:\Users\Templeton\Desktop\GAPP\GAPP-UGANDA-HARUNA\ww-ug\10_MZ\work\price_unit_flex_it
> 2.dta saved
(label reg13 already defined)

     _merge |      Freq.     Percent        Cum.
------------+-----------------------------------
          1 |          3        0.40        0.40
          2 |        360       47.68       48.08
          3 |        392       51.92      100.00
------------+-----------------------------------
      Total |        755      100.00

     +------------------------------------------------------------------------------+
     | product                  spdomain                                   descript |
     |------------------------------------------------------------------------------|
384. |   21211     Maputo Province-rural             Vinho maduro branco em garrafa |
386. |  111111               Maputo City        Refeições completas em restaurantes |
387. |  111431   Niassa & Cabo Delg.-rur   Despesas em Moagem (Farinação de mapira) |
     +------------------------------------------------------------------------------+
(363 observations deleted)
variable product does not uniquely identify observations in the master data

     _merge |      Freq.     Percent        Cum.
------------+-----------------------------------
          1 |          1        0.13        0.13
          2 |        353       47.38       47.52
          3 |        391       52.48      100.00
------------+-----------------------------------
      Total |        745      100.00

     +----------------------------------------------------------+
     | product                  spdomain               descript |
     |----------------------------------------------------------|
385. |  113791   Sofala & Zambezia-rural   "Caracol, caramucho" |
     +----------------------------------------------------------+
(354 observations deleted)

-------------------------------------------------------------------------------------------
-> spdomain = Niassa & Cabo Delg.-rur
    2
-------------------------------------------------------------------------------------------
-> spdomain = Niassa & Cabo Delg.-urb
    5
-------------------------------------------------------------------------------------------
-> spdomain = Nampula-rural
    1
-------------------------------------------------------------------------------------------
-> spdomain = Nampula-urban
    1
-------------------------------------------------------------------------------------------
-> spdomain = Sofala & Zambezia-rural
    1
-------------------------------------------------------------------------------------------
-> spdomain = Sofala & Zambezia-urban
    1
-------------------------------------------------------------------------------------------
-> spdomain = Manica & Tete-rural
    1
-------------------------------------------------------------------------------------------
-> spdomain = Manica & Tete-urbana
    1
-------------------------------------------------------------------------------------------
-> spdomain = Gaza & Inhambane-rural
    0
-------------------------------------------------------------------------------------------
-> spdomain = Gaza & Inhambane-urban
    0
-------------------------------------------------------------------------------------------
-> spdomain = Maputo Province-rural
    1
-------------------------------------------------------------------------------------------
-> spdomain = Maputo Province-urban
    0
-------------------------------------------------------------------------------------------
-> spdomain = Maputo City
    0
(14 observations deleted)
(31 observations deleted)

Summary for variables: baskshr
     by categories of: spdomain 

        spdomain |         N      mean        sd       min       max
-----------------+--------------------------------------------------
Niassa & Cabo De |        30  .9007236         0  .9007236  .9007236
Niassa & Cabo De |        25  .8948269         0  .8948269  .8948269
   Nampula-rural |        30  .9030488         0  .9030488  .9030488
   Nampula-urban |        27  .9008135         0  .9008135  .9008135
Sofala & Zambezi |        27   .903905         0   .903905   .903905
Sofala & Zambezi |        26  .9063715         0  .9063715  .9063715
Manica & Tete-ru |        24  .9009668         0  .9009668  .9009668
Manica & Tete-ur |        22  .9020792         0  .9020792  .9020792
Gaza & Inhambane |        28   .907018         0   .907018   .907018
Gaza & Inhambane |        29  .9040988         0  .9040988  .9040988
Maputo Province- |        24  .8990569         0  .8990569  .8990569
Maputo Province- |        25  .9049582         0  .9049582  .9049582
     Maputo City |        29  .9008744         0  .9008744  .9008744
-----------------+--------------------------------------------------
           Total |       346  .9022772  .0030911  .8948269   .907018
--------------------------------------------------------------------
variable spdomain does not uniquely identify observations in the master data

     _merge |      Freq.     Percent        Cum.
------------+-----------------------------------
          3 |        346      100.00      100.00
------------+-----------------------------------
      Total |        346      100.00
(346 real changes made)
(346 real changes made)
(346 real changes made)

Summary for variables: chkcal
     by categories of: spdomain 

        spdomain |         N      mean        sd       min       max
-----------------+--------------------------------------------------
Niassa & Cabo De |        30  .0000257         0  .0000257  .0000257
Niassa & Cabo De |        25  .0000385         0  .0000385  .0000385
   Nampula-rural |        30  .0000257         0  .0000257  .0000257
   Nampula-urban |        27 -.0000514         0 -.0000514 -.0000514
Sofala & Zambezi |        27  .0000899         0  .0000899  .0000899
Sofala & Zambezi |        26 -.0000771         0 -.0000771 -.0000771
Manica & Tete-ru |        24 -.0000514         0 -.0000514 -.0000514
Manica & Tete-ur |        22  .0000128         0  .0000128  .0000128
Gaza & Inhambane |        28  .0000771         0  .0000771  .0000771
Gaza & Inhambane |        29  .0000128         0  .0000128  .0000128
Maputo Province- |        24  .0000642         0  .0000642  .0000642
Maputo Province- |        25 -.0000642         0 -.0000642 -.0000642
     Maputo City |        29  .0000257         0  .0000257  .0000257
-----------------+--------------------------------------------------
           Total |       346   .000011  .0000522 -.0000771  .0000899
--------------------------------------------------------------------
(346 real changes made)
file C:\Users\Templeton\Desktop\GAPP\GAPP-UGANDA-HARUNA\ww-ug\10_MZ\work\quan_flex_it2.dta 
> saved
file C:\Users\Templeton\Desktop\GAPP\GAPP-UGANDA-HARUNA\ww-ug\10_MZ\work\povline_food_flex_
> it2.dta saved
variable spdomain does not uniquely identify observations in the master data
(label reg13 already defined)

     _merge |      Freq.     Percent        Cum.
------------+-----------------------------------
          3 |     10,832      100.00      100.00
------------+-----------------------------------
      Total |     10,832      100.00
(2078 real changes made)
(note: file C:\Users\TEMPLE~1\AppData\Local\Temp\ST_0j00000g.tmp not found)
file C:\Users\TEMPLE~1\AppData\Local\Temp\ST_0j00000g.tmp saved
variable spdomain does not uniquely identify observations in the master data
(label reg13 already defined)

     _merge |      Freq.     Percent        Cum.
------------+-----------------------------------
          3 |     10,832      100.00      100.00
------------+-----------------------------------
      Total |     10,832      100.00
file C:\Users\Templeton\Desktop\GAPP\GAPP-UGANDA-HARUNA\ww-ug\10_MZ\work\povlines_it2.dta s
> aved
variable spdomain does not uniquely identify observations in the master data
variable spdomain does not uniquely identify observations in
    C:\Users\Templeton\Desktop\GAPP\GAPP-UGANDA-HARUNA\ww-ug\10_MZ\work\povlines_it2.dta
(label reg13 already defined)

     _merge |      Freq.     Percent        Cum.
------------+-----------------------------------
          3 |     10,832      100.00      100.00
------------+-----------------------------------
      Total |     10,832      100.00
(10832 real changes made)
(10832 real changes made)

    Variable |     Obs      Weight        Mean   Std. Dev.       Min        Max
-------------+-----------------------------------------------------------------
          cr |   10832  21537187.8    23.78963   38.71481   .4552435   4744.847
      cr_it2 |   10832  21537187.8    23.78963   31.97436   .6465653    2365.78
     linpob2 |   10832  21537187.8    18.52387   7.319117   11.80664   37.86478
    linpobr2 |   10832  21537187.8     18.5645   7.40e-07    18.5645    18.5645
(5944 missing values generated)
(5944 real changes made)
(5944 real changes made)
(5944 real changes made)

      pweight: popwt
          VCE: linearized
  Single unit: missing
     Strata 1: strata
         SU 1: psu
        FPC 1: <zero>
(running mean on estimation sample)

Survey: Mean estimation

Number of strata =      11        Number of obs    =     10832
Number of PSUs   =    1060        Population size  =  21537188
                                  Design df        =      1049

--------------------------------------------------------------
             |             Linearized
             |       Mean   Std. Err.     [95% Conf. Interval]
-------------+------------------------------------------------
     h_flex2 |   53.57186    1.34158      50.93938    56.20435
    pg_flex2 |   20.39211   .7189619      18.98135    21.80288
   spg_flex2 |     10.525   .5071897      9.529776    11.52022
--------------------------------------------------------------
(running mean on estimation sample)

Survey: Mean estimation

Number of strata =      11        Number of obs    =     10832
Number of PSUs   =    1060        Population size  =  21537188
                                  Design df        =      1049

            0: rural = 0
            1: rural = 1

--------------------------------------------------------------
             |             Linearized
        Over |       Mean   Std. Err.     [95% Conf. Interval]
-------------+------------------------------------------------
h_flex2      |
           0 |   51.64324   1.674598       48.3573    54.92919
           1 |   54.41434   1.794165      50.89378     57.9349
-------------+------------------------------------------------
pg_flex2     |
           0 |   20.31135   .8430167      18.65716    21.96554
           1 |   20.42739   .9752394      18.51375    22.34103
-------------+------------------------------------------------
spg_flex2    |
           0 |   10.42524   .5300235      9.385214    11.46527
           1 |   10.56857   .6949819      9.204861    11.93229
--------------------------------------------------------------
(running mean on estimation sample)

Survey: Mean estimation

Number of strata =      11        Number of obs    =     10832
Number of PSUs   =    1060        Population size  =  21537188
                                  Design df        =      1049

       Niassa: strata = Niassa
    _subpop_2: strata = Cabo Delgado
      Nampula: strata = Nampula
     Zambezia: strata = Zambezia
         Tete: strata = Tete
       Manica: strata = Manica
       Sofala: strata = Sofala
    Inhambane: strata = Inhambane
         Gaza: strata = Gaza
   _subpop_10: strata = Maputo Prov
   _subpop_11: strata = Maputo City

--------------------------------------------------------------
             |             Linearized
        Over |       Mean   Std. Err.     [95% Conf. Interval]
-------------+------------------------------------------------
h_flex2      |
      Niassa |   28.55713   2.986973      22.69601    34.41826
   _subpop_2 |   34.62086   3.379296      27.98991    41.25181
     Nampula |   43.28486   3.003892      37.39054    49.17918
    Zambezia |   66.83249   3.659031      59.65263    74.01234
        Tete |   51.88012    4.31125      43.42046    60.33977
      Manica |   66.92613   3.434265      60.18732    73.66494
      Sofala |   54.39492   4.748974      45.07635    63.71349
   Inhambane |   56.95271   4.347979      48.42098    65.48444
        Gaza |   61.39992   3.281398      54.96107    67.83877
  _subpop_10 |   75.74509   2.328905      71.17525    80.31494
  _subpop_11 |   43.47456   2.692021       38.1922    48.75692
-------------+------------------------------------------------
pg_flex2     |
      Niassa |   10.98067    1.55925      7.921066    14.04028
   _subpop_2 |   10.01496   1.269371      7.524165    12.50575
     Nampula |   14.37021   1.301342      11.81668    16.92374
    Zambezia |   24.55892   1.742477      21.13979    27.97806
        Tete |   20.21542   2.508188      15.29378    25.13705
      Manica |   26.18885   2.548423      21.18826    31.18943
      Sofala |   25.60297   4.450135      16.87079    34.33515
   Inhambane |   20.35563   1.951044      16.52724    24.18402
        Gaza |   27.75847   2.527605      22.79873    32.71821
  _subpop_10 |   32.25956   1.550892      29.21635    35.30276
  _subpop_11 |   14.86658   1.128094      12.65301    17.08016
-------------+------------------------------------------------
spg_flex2    |
      Niassa |    5.78098   .9276077      3.960802    7.601158
   _subpop_2 |   3.946543   .6367436      2.697107    5.195979
     Nampula |   6.689016   .7322248      5.252224    8.125808
    Zambezia |   11.82989    .919738      10.02515    13.63463
        Tete |   11.15774   1.727561      7.767874    14.54761
      Manica |   14.04913   1.796736      10.52352    17.57473
      Sofala |   16.07787   4.134337      7.965361    24.19039
   Inhambane |   9.777983    1.26089      7.303829    12.25214
        Gaza |   16.27235   1.963472      12.41957    20.12513
  _subpop_10 |   16.93034   1.156765       14.6605    19.20017
  _subpop_11 |    6.89415   .6529141      5.612984    8.175317
--------------------------------------------------------------
(running mean on estimation sample)

Survey: Mean estimation

Number of strata =      11        Number of obs    =     10832
Number of PSUs   =    1060        Population size  =  21537188
                                  Design df        =      1049

         Over: strata rural
    _subpop_1: Niassa 0
    _subpop_2: Niassa 1
    _subpop_3: Cabo Delgado 0
    _subpop_4: Cabo Delgado 1
    _subpop_5: Nampula 0
    _subpop_6: Nampula 1
    _subpop_7: Zambezia 0
    _subpop_8: Zambezia 1
    _subpop_9: Tete 0
   _subpop_10: Tete 1
   _subpop_11: Manica 0
   _subpop_12: Manica 1
   _subpop_13: Sofala 0
   _subpop_14: Sofala 1
   _subpop_15: Inhambane 0
   _subpop_16: Inhambane 1
   _subpop_17: Gaza 0
   _subpop_18: Gaza 1
   _subpop_19: Maputo Prov 0
   _subpop_20: Maputo Prov 1
   _subpop_21: Maputo City 0

--------------------------------------------------------------
             |             Linearized
        Over |       Mean   Std. Err.     [95% Conf. Interval]
-------------+------------------------------------------------
h_flex2      |
   _subpop_1 |   30.36068   3.227518      24.02755    36.69381
   _subpop_2 |   28.02887   3.755459       20.6598    35.39793
   _subpop_3 |   36.64239   7.438418      22.04652    51.23826
   _subpop_4 |   34.06911   3.752235      26.70637    41.43185
   _subpop_5 |   44.13292   4.832346      34.65075    53.61508
   _subpop_6 |   42.92951   3.754878      35.56159    50.29744
   _subpop_7 |   64.20057   6.472002      51.50103    76.90012
   _subpop_8 |   67.31214   4.111688      59.24407    75.38021
   _subpop_9 |   66.89753   6.424965      54.29028    79.50477
  _subpop_10 |   49.32036   4.880487      39.74373    58.89698
  _subpop_11 |   61.13712   4.992907       51.3399    70.93434
  _subpop_12 |    68.8303   4.241543      60.50742    77.15317
  _subpop_13 |   50.50502     6.7856      37.19013    63.81992
  _subpop_14 |   56.78646   6.289079      44.44585    69.12706
  _subpop_15 |   37.42051   4.206474      29.16645    45.67457
  _subpop_16 |   62.23725   5.519015      51.40768    73.06681
  _subpop_17 |   45.27174    5.70071      34.08565    56.45784
  _subpop_18 |   67.44403   3.654716      60.27265    74.61542
  _subpop_19 |   74.02434   2.637282      68.84939    79.19929
  _subpop_20 |   79.76367    4.51146      70.91116    88.61618
  _subpop_21 |   43.47456   2.692021       38.1922    48.75692
-------------+------------------------------------------------
pg_flex2     |
   _subpop_1 |   11.44052   1.382937      8.726878    14.15416
   _subpop_2 |   10.84598   1.978025      6.964644    14.72732
   _subpop_3 |   11.84993   3.512247      4.958098    18.74176
   _subpop_4 |   9.514125   1.250158      7.061029    11.96722
   _subpop_5 |   16.66751   2.322113      12.11099    21.22402
   _subpop_6 |   13.40761   1.573722       10.3196    16.49561
   _subpop_7 |   27.63581   3.767059      20.24399    35.02764
   _subpop_8 |   23.99818   1.986116      20.10096    27.89539
   _subpop_9 |   28.17027     4.3713      19.59278    36.74776
  _subpop_10 |   18.85949   2.830006      13.30637    24.41261
  _subpop_11 |   22.43907   2.677047       17.1861    27.69205
  _subpop_12 |   27.42225   3.273887      20.99814    33.84637
  _subpop_13 |   19.07219   2.718543      13.73778    24.40659
  _subpop_14 |   29.61813   6.680884      16.50871    42.72754
  _subpop_15 |   12.66795   1.872991      8.992713    16.34318
  _subpop_16 |   22.43557   2.445717      17.63652    27.23463
  _subpop_17 |   20.05688   3.147514      13.88074    26.23302
  _subpop_18 |   30.64468   3.193977      24.37737    36.91199
  _subpop_19 |    32.5412   1.768498        29.071    36.01139
  _subpop_20 |   31.60183   3.094795      25.52913    37.67452
  _subpop_21 |   14.86658   1.128094      12.65301    17.08016
-------------+------------------------------------------------
spg_flex2    |
   _subpop_1 |   5.913477   .9593413       4.03103    7.795923
   _subpop_2 |   5.742171   1.166975      3.452299    8.032043
   _subpop_3 |   5.215591   1.868543      1.549083    8.882099
   _subpop_4 |    3.60017   .5897476      2.442951     4.75739
   _subpop_5 |   8.350637   1.394902      5.613523    11.08775
   _subpop_6 |   5.992769   .8587222      4.307761    7.677778
   _subpop_7 |   15.13095   2.551939      10.12347    20.13844
   _subpop_8 |   11.22829   1.010569      9.245323    13.21126
   _subpop_9 |   15.53166   3.104142      9.440624    21.62269
  _subpop_10 |    10.4122   1.952902      6.580157    14.24423
  _subpop_11 |   11.35082    1.81305      7.793203    14.90844
  _subpop_12 |   14.93668   2.314658      10.39479    19.47856
  _subpop_13 |   9.344832   1.455482      6.488843    12.20082
  _subpop_14 |   20.21738   6.281948       7.89077      32.544
  _subpop_15 |   5.535718   .9242209      3.722186     7.34925
  _subpop_16 |   10.92575   1.579085      7.827224    14.02427
  _subpop_17 |   11.45385   2.154716      7.225803    15.68189
  _subpop_18 |    18.0781   2.538722      13.09655    23.05965
  _subpop_19 |   17.41705   1.295919      14.87417    19.95994
  _subpop_20 |   15.79368   2.332259      11.21726    20.37011
  _subpop_21 |    6.89415   .6529141      5.612984    8.175317
--------------------------------------------------------------
(running mean on estimation sample)

Survey: Mean estimation

Number of strata =      11        Number of obs    =     10832
Number of PSUs   =    1060        Population size  =  21537188
                                  Design df        =      1049

    _subpop_1: spdomain = Niassa & Cabo Delg.-rur
    _subpop_2: spdomain = Niassa & Cabo Delg.-urb
    _subpop_3: spdomain = Nampula-rural
    _subpop_4: spdomain = Nampula-urban
    _subpop_5: spdomain = Sofala & Zambezia-rural
    _subpop_6: spdomain = Sofala & Zambezia-urban
    _subpop_7: spdomain = Manica & Tete-rural
    _subpop_8: spdomain = Manica & Tete-urbana
    _subpop_9: spdomain = Gaza & Inhambane-rural
   _subpop_10: spdomain = Gaza & Inhambane-urban
   _subpop_11: spdomain = Maputo Province-rural
   _subpop_12: spdomain = Maputo Province-urban
   _subpop_13: spdomain = Maputo City

--------------------------------------------------------------
             |             Linearized
        Over |       Mean   Std. Err.     [95% Conf. Interval]
-------------+------------------------------------------------
h_flex2      |
   _subpop_1 |   31.49083    2.66406      26.26334    36.71833
   _subpop_2 |   33.85204    4.56613      24.89225    42.81183
   _subpop_3 |   42.92951   3.754878      35.56159    50.29744
   _subpop_4 |   44.13292   4.832346      34.65075    53.61508
   _subpop_5 |   64.80599   3.603897      57.73432    71.87766
   _subpop_6 |   57.17197   4.667622      48.01303    66.33091
   _subpop_7 |   57.23608   3.396365      50.57164    63.90052
   _subpop_8 |   63.62275   3.989597      55.79425    71.45124
   _subpop_9 |   64.77419   3.400935      58.10078     71.4476
  _subpop_10 |   41.88201    3.68997      34.64145    49.12257
  _subpop_11 |   79.76367    4.51146      70.91116    88.61618
  _subpop_12 |   74.02434   2.637282      68.84939    79.19929
  _subpop_13 |   43.47456   2.692021       38.1922    48.75692
-------------+------------------------------------------------
pg_flex2     |
   _subpop_1 |   10.08263   1.114426      7.895869    12.26939
   _subpop_2 |   11.66807   2.057658      7.630472    15.70566
   _subpop_3 |   13.40761   1.573722       10.3196    16.49561
   _subpop_4 |   16.66751   2.322113      12.11099    21.22402
   _subpop_5 |   25.33628   2.191673      21.03572    29.63684
   _subpop_6 |   23.24093   2.320211      18.68815    27.79371
   _subpop_7 |   22.33364    2.12575      18.16243    26.50485
   _subpop_8 |    24.9121   2.440564      20.12315    29.70104
   _subpop_9 |   26.43535   2.070418      22.37272    30.49799
  _subpop_10 |   16.86674   1.985897      12.96996    20.76352
  _subpop_11 |   31.60183   3.094795      25.52913    37.67452
  _subpop_12 |    32.5412   1.768498        29.071    36.01139
  _subpop_13 |   14.86658   1.128094      12.65301    17.08016
-------------+------------------------------------------------
spg_flex2    |
   _subpop_1 |   4.514483   .6167688      3.304242    5.724724
   _subpop_2 |   5.525594   1.104753      3.357816    7.693372
   _subpop_3 |   5.992769   .8587222      4.307761    7.677778
   _subpop_4 |   8.350637   1.394902      5.613523    11.08775
   _subpop_5 |   13.36858    1.75352      9.927773    16.80939
   _subpop_6 |    12.1615    1.47122      9.274627    15.04837
   _subpop_7 |    12.2479   1.480298      9.343221    15.15259
   _subpop_8 |   13.15486   1.694115      9.830619     16.4791
   _subpop_9 |   14.41064   1.531496       11.4055    17.41579
  _subpop_10 |   8.898722   1.328207      6.292477    11.50497
  _subpop_11 |   15.79368   2.332259      11.21726    20.37011
  _subpop_12 |   17.41705   1.295919      14.87417    19.95994
  _subpop_13 |    6.89415   .6529141      5.612984    8.175317
--------------------------------------------------------------
rural was float now byte
news was float now byte
reg_tpi was float now byte
strata was float now byte
spdomain was float now byte
h_flex2 was float now byte
file C:\Users\Templeton\Desktop\GAPP\GAPP-UGANDA-HARUNA\ww-ug\10_MZ/work/cons_real_it2.dta 
> saved

    Variable |     Obs      Weight        Mean   Std. Dev.       Min        Max
-------------+-----------------------------------------------------------------
     h_flex2 |   10832  21537187.8    53.57186   49.87456          0        100
file C:\Users\Templeton\Desktop\GAPP\GAPP-UGANDA-HARUNA\ww-ug\10_MZ/work/foodshares_it2.dta
>  saved
file C:\Users\TEMPLE~1\AppData\Local\Temp\ST_0j000002.tmp saved
variable one does not uniquely identify observations in the master data

     _merge |      Freq.     Percent        Cum.
------------+-----------------------------------
          3 |     10,832      100.00      100.00
------------+-----------------------------------
      Total |     10,832      100.00

   relpoor3 |      Freq.     Percent        Cum.
------------+-----------------------------------
          0 | 4,977.8152       45.95       45.95
          1 | 5,854.1848       54.05      100.00
------------+-----------------------------------
      Total |     10,832      100.00
file C:\Users\Templeton\Desktop\GAPP\GAPP-UGANDA-HARUNA\ww-ug\10_MZ\work\relpoor_it3.dta sa
> ved
variable hhid does not uniquely identify observations in the master data

     _merge |      Freq.     Percent        Cum.
------------+-----------------------------------
          3 |    257,521      100.00      100.00
------------+-----------------------------------
      Total |    257,521      100.00
(130896 observations deleted)
variable hhid does not uniquely identify observations in the master data

     _merge |      Freq.     Percent        Cum.
------------+-----------------------------------
          3 |    126,625      100.00      100.00
------------+-----------------------------------
      Total |    126,625      100.00
(75465 observations deleted)
    0
    0
(65 missing values generated)
   65
(65 observations deleted)
(note: file C:\Users\TEMPLE~1\AppData\Local\Temp\ST_0j00000h.tmp not found)
file C:\Users\TEMPLE~1\AppData\Local\Temp\ST_0j00000h.tmp saved
(note: file C:\Users\TEMPLE~1\AppData\Local\Temp\ST_0j00000i.tmp not found)
file C:\Users\TEMPLE~1\AppData\Local\Temp\ST_0j00000i.tmp saved
variable spdomain does not uniquely identify observations in the master data

     _merge |      Freq.     Percent        Cum.
------------+-----------------------------------
          3 |     51,095      100.00      100.00
------------+-----------------------------------
      Total |     51,095      100.00
 1079
(1079 observations deleted)
file C:\Users\TEMPLE~1\AppData\Local\Temp\ST_0j00000h.tmp saved
73
73
file C:\Users\Templeton\Desktop\GAPP\GAPP-UGANDA-HARUNA\ww-ug\10_MZ\work\codes_food_basket_
> flex_it3.dta saved
(2671 observations deleted)
(note: file C:\Users\TEMPLE~1\AppData\Local\Temp\ST_0j00000j.tmp not found)
file C:\Users\TEMPLE~1\AppData\Local\Temp\ST_0j00000j.tmp saved
variable hhid does not uniquely identify observations in the master data

     _merge |      Freq.     Percent        Cum.
------------+-----------------------------------
          1 |      1,463        0.64        0.64
          3 |    228,040       99.36      100.00
------------+-----------------------------------
      Total |    229,503      100.00
(0 observations deleted)
file C:\Users\TEMPLE~1\AppData\Local\Temp\ST_0j00000j.tmp saved
variable product does not uniquely identify observations in the master data

     _merge |      Freq.     Percent        Cum.
------------+-----------------------------------
          1 |     40,621       17.70       17.70
          3 |    188,882       82.30      100.00
------------+-----------------------------------
      Total |    229,503      100.00
(40621 observations deleted)
(2905 observations deleted)
(0 observations deleted)
(note: file C:\Users\TEMPLE~1\AppData\Local\Temp\ST_0j00000l.tmp not found)
file C:\Users\TEMPLE~1\AppData\Local\Temp\ST_0j00000l.tmp saved
daily_valued2 was float now int
days2 was float now int
food_cat was float now byte
psu was float now int
survmon was float now byte
survquar was float now byte
rural was float now byte
news was float now byte
reg_tpi was float now byte
strata was float now byte
spdomain was float now byte
bswt was float now byte
count was float now byte
product was double now long
numreg was double now byte
descript was str244 now str80
variable hhid does not uniquely identify observations in the master data
survquar was byte now float
reg_tpi was byte now float
spdomain was byte now float
(label survquar already defined)
(label news_ru_ur already defined)
(label reg13 already defined)

     _merge |      Freq.     Percent        Cum.
------------+-----------------------------------
          2 |         81        0.04        0.04
          3 |    185,977       99.96      100.00
------------+-----------------------------------
      Total |    186,058      100.00
variable hhid does not uniquely identify observations in the master data

     _merge |      Freq.     Percent        Cum.
------------+-----------------------------------
          3 |    186,058      100.00      100.00
------------+-----------------------------------
      Total |    186,058      100.00
(108728 observations deleted)
(68 observations deleted)
(6161 observations deleted)
(4 missing values generated)
(4 missing values generated)

    Variable |       Obs        Mean    Std. Dev.       Min        Max
-------------+--------------------------------------------------------
    ratiotw3 |       748    1.526807    6.424895   .4907718   156.1156
    ratiomw3 |       748    1.486998    10.20924          0   279.1747
variable product does not uniquely identify observations in the master data

     _merge |      Freq.     Percent        Cum.
------------+-----------------------------------
          2 |          2        0.27        0.27
          3 |        752       99.73      100.00
------------+-----------------------------------
      Total |        754      100.00
    2
(2 observations deleted)
file C:\Users\Templeton\Desktop\GAPP\GAPP-UGANDA-HARUNA\ww-ug\10_MZ\work\price_unit_flex_it
> 3.dta saved
(label reg13 already defined)

     _merge |      Freq.     Percent        Cum.
------------+-----------------------------------
          1 |          3        0.40        0.40
          2 |        360       47.68       48.08
          3 |        392       51.92      100.00
------------+-----------------------------------
      Total |        755      100.00

     +------------------------------------------------------------------------------+
     | product                  spdomain                                   descript |
     |------------------------------------------------------------------------------|
384. |   21211     Maputo Province-rural             Vinho maduro branco em garrafa |
386. |  111111               Maputo City        Refeições completas em restaurantes |
387. |  111431   Niassa & Cabo Delg.-rur   Despesas em Moagem (Farinação de mapira) |
     +------------------------------------------------------------------------------+
(363 observations deleted)
variable product does not uniquely identify observations in the master data

     _merge |      Freq.     Percent        Cum.
------------+-----------------------------------
          1 |          1        0.13        0.13
          2 |        353       47.38       47.52
          3 |        391       52.48      100.00
------------+-----------------------------------
      Total |        745      100.00

     +----------------------------------------------------------+
     | product                  spdomain               descript |
     |----------------------------------------------------------|
385. |  113791   Sofala & Zambezia-rural   "Caracol, caramucho" |
     +----------------------------------------------------------+
(354 observations deleted)

-------------------------------------------------------------------------------------------
-> spdomain = Niassa & Cabo Delg.-rur
    2
-------------------------------------------------------------------------------------------
-> spdomain = Niassa & Cabo Delg.-urb
    8
-------------------------------------------------------------------------------------------
-> spdomain = Nampula-rural
    1
-------------------------------------------------------------------------------------------
-> spdomain = Nampula-urban
    1
-------------------------------------------------------------------------------------------
-> spdomain = Sofala & Zambezia-rural
    1
-------------------------------------------------------------------------------------------
-> spdomain = Sofala & Zambezia-urban
    1
-------------------------------------------------------------------------------------------
-> spdomain = Manica & Tete-rural
    1
-------------------------------------------------------------------------------------------
-> spdomain = Manica & Tete-urbana
    0
-------------------------------------------------------------------------------------------
-> spdomain = Gaza & Inhambane-rural
    0
-------------------------------------------------------------------------------------------
-> spdomain = Gaza & Inhambane-urban
    0
-------------------------------------------------------------------------------------------
-> spdomain = Maputo Province-rural
    1
-------------------------------------------------------------------------------------------
-> spdomain = Maputo Province-urban
    0
-------------------------------------------------------------------------------------------
-> spdomain = Maputo City
    0
(16 observations deleted)
(32 observations deleted)

Summary for variables: baskshr
     by categories of: spdomain 

        spdomain |         N      mean        sd       min       max
-----------------+--------------------------------------------------
Niassa & Cabo De |        30  .9012879         0  .9012879  .9012879
Niassa & Cabo De |        22  .8599946         0  .8599946  .8599946
   Nampula-rural |        30  .9030488         0  .9030488  .9030488
   Nampula-urban |        27  .9009309         0  .9009309  .9009309
Sofala & Zambezi |        27   .903905         0   .903905   .903905
Sofala & Zambezi |        26   .905732         0   .905732   .905732
Manica & Tete-ru |        24  .9009668         0  .9009668  .9009668
Manica & Tete-ur |        22   .902003         0   .902003   .902003
Gaza & Inhambane |        28  .9067987         0  .9067987  .9067987
Gaza & Inhambane |        29  .9045255         0  .9045255  .9045255
Maputo Province- |        24  .8990569         0  .8990569  .8990569
Maputo Province- |        25  .9049582         0  .9049582  .9049582
     Maputo City |        29  .9011375         0  .9011375  .9011375
-----------------+--------------------------------------------------
           Total |       343  .9001538  .0107458  .8599946  .9067987
--------------------------------------------------------------------
variable spdomain does not uniquely identify observations in the master data

     _merge |      Freq.     Percent        Cum.
------------+-----------------------------------
          3 |        343      100.00      100.00
------------+-----------------------------------
      Total |        343      100.00
(343 real changes made)
(343 real changes made)
(343 real changes made)

Summary for variables: chkcal
     by categories of: spdomain 

        spdomain |         N      mean        sd       min       max
-----------------+--------------------------------------------------
Niassa & Cabo De |        30  .0000257         0  .0000257  .0000257
Niassa & Cabo De |        22  .0000385         0  .0000385  .0000385
   Nampula-rural |        30  .0000257         0  .0000257  .0000257
   Nampula-urban |        27  .0002056         0  .0002056  .0002056
Sofala & Zambezi |        27  .0000899         0  .0000899  .0000899
Sofala & Zambezi |        26 -.0000771         0 -.0000771 -.0000771
Manica & Tete-ru |        24 -.0000514         0 -.0000514 -.0000514
Manica & Tete-ur |        22  .0000128         0  .0000128  .0000128
Gaza & Inhambane |        28 -.0000514         0 -.0000514 -.0000514
Gaza & Inhambane |        29  .0000128         0  .0000128  .0000128
Maputo Province- |        24  .0000642         0  .0000642  .0000642
Maputo Province- |        25 -.0000642         0 -.0000642 -.0000642
     Maputo City |        29  .0000257         0  .0000257  .0000257
-----------------+--------------------------------------------------
           Total |       343  .0000205  .0000727 -.0000771  .0002056
--------------------------------------------------------------------
(343 real changes made)
file C:\Users\Templeton\Desktop\GAPP\GAPP-UGANDA-HARUNA\ww-ug\10_MZ\work\quan_flex_it3.dta 
> saved
file C:\Users\Templeton\Desktop\GAPP\GAPP-UGANDA-HARUNA\ww-ug\10_MZ\work\povline_food_flex_
> it3.dta saved
variable spdomain does not uniquely identify observations in the master data
(label reg13 already defined)

     _merge |      Freq.     Percent        Cum.
------------+-----------------------------------
          3 |     10,832      100.00      100.00
------------+-----------------------------------
      Total |     10,832      100.00
(2074 real changes made)
(note: file C:\Users\TEMPLE~1\AppData\Local\Temp\ST_0j00000n.tmp not found)
file C:\Users\TEMPLE~1\AppData\Local\Temp\ST_0j00000n.tmp saved
variable spdomain does not uniquely identify observations in the master data
(label reg13 already defined)

     _merge |      Freq.     Percent        Cum.
------------+-----------------------------------
          3 |     10,832      100.00      100.00
------------+-----------------------------------
      Total |     10,832      100.00
file C:\Users\Templeton\Desktop\GAPP\GAPP-UGANDA-HARUNA\ww-ug\10_MZ\work\povlines_it3.dta s
> aved
variable spdomain does not uniquely identify observations in the master data
variable spdomain does not uniquely identify observations in
    C:\Users\Templeton\Desktop\GAPP\GAPP-UGANDA-HARUNA\ww-ug\10_MZ\work\povlines_it3.dta
(label reg13 already defined)

     _merge |      Freq.     Percent        Cum.
------------+-----------------------------------
          3 |     10,832      100.00      100.00
------------+-----------------------------------
      Total |     10,832      100.00
(10832 real changes made)
(10832 real changes made)

    Variable |     Obs      Weight        Mean   Std. Dev.       Min        Max
-------------+-----------------------------------------------------------------
          cr |   10832  21537187.8    23.78963   38.71481   .4552435   4744.847
      cr_it3 |   10832  21537187.8    23.78963   31.99362   .6464432   2364.648
     linpob3 |   10832  21537187.8    18.52255   7.323906   11.80664   37.86478
    linpobr3 |   10832  21537187.8      18.561   9.54e-07     18.561     18.561
(5940 missing values generated)
(5940 real changes made)
(5940 real changes made)
(5940 real changes made)

      pweight: popwt
          VCE: linearized
  Single unit: missing
     Strata 1: strata
         SU 1: psu
        FPC 1: <zero>
(running mean on estimation sample)

Survey: Mean estimation

Number of strata =      11        Number of obs    =     10832
Number of PSUs   =    1060        Population size  =  21537188
                                  Design df        =      1049

--------------------------------------------------------------
             |             Linearized
             |       Mean   Std. Err.     [95% Conf. Interval]
-------------+------------------------------------------------
     h_flex3 |   53.58382   1.341477      50.95153     56.2161
    pg_flex3 |   20.38369    .718879      18.97309     21.7943
   spg_flex3 |   10.52014     .50705      9.525192    11.51509
--------------------------------------------------------------
(running mean on estimation sample)

Survey: Mean estimation

Number of strata =      11        Number of obs    =     10832
Number of PSUs   =    1060        Population size  =  21537188
                                  Design df        =      1049

            0: rural = 0
            1: rural = 1

--------------------------------------------------------------
             |             Linearized
        Over |       Mean   Std. Err.     [95% Conf. Interval]
-------------+------------------------------------------------
h_flex3      |
           0 |   51.68257   1.675271       48.3953    54.96983
           1 |   54.41434   1.794165      50.89378     57.9349
-------------+------------------------------------------------
pg_flex3     |
           0 |   20.32834   .8437861      18.67264    21.98404
           1 |   20.40787   .9753571        18.494    22.32175
-------------+------------------------------------------------
spg_flex3    |
           0 |   10.43691   .5303889      9.396168    11.47766
           1 |    10.5565   .6949108      9.192923    11.92007
--------------------------------------------------------------
(running mean on estimation sample)

Survey: Mean estimation

Number of strata =      11        Number of obs    =     10832
Number of PSUs   =    1060        Population size  =  21537188
                                  Design df        =      1049

       Niassa: strata = Niassa
    _subpop_2: strata = Cabo Delgado
      Nampula: strata = Nampula
     Zambezia: strata = Zambezia
         Tete: strata = Tete
       Manica: strata = Manica
       Sofala: strata = Sofala
    Inhambane: strata = Inhambane
         Gaza: strata = Gaza
   _subpop_10: strata = Maputo Prov
   _subpop_11: strata = Maputo City

--------------------------------------------------------------
             |             Linearized
        Over |       Mean   Std. Err.     [95% Conf. Interval]
-------------+------------------------------------------------
h_flex3      |
      Niassa |   28.55713   2.986973      22.69601    34.41826
   _subpop_2 |   34.62086   3.379296      27.98991    41.25181
     Nampula |   43.28486   3.003892      37.39054    49.17918
    Zambezia |    66.8639   3.656553      59.68891    74.03889
        Tete |   51.88012    4.31125      43.42046    60.33977
      Manica |   66.70712   3.429548      59.97756    73.43667
      Sofala |    54.4782   4.750824        45.156     63.8004
   Inhambane |   56.95271   4.347979      48.42098    65.48444
        Gaza |   61.62959   3.285131      55.18341    68.07576
  _subpop_10 |   75.74509   2.328905      71.17525    80.31494
  _subpop_11 |   43.47456   2.692021       38.1922    48.75692
-------------+------------------------------------------------
pg_flex3     |
      Niassa |    10.9873   1.558821      7.928533    14.04606
   _subpop_2 |   10.02222   1.271407      7.527428    12.51701
     Nampula |   14.32262   1.299249       11.7732    16.87204
    Zambezia |   24.57411   1.741912      21.15608    27.99214
        Tete |   20.21255   2.508088      15.29111    25.13399
      Manica |   26.18408   2.548408      21.18353    31.18464
      Sofala |   25.63521   4.449105      16.90505    34.36537
   Inhambane |    20.2942   1.945886      16.47593    24.11247
        Gaza |   27.72922   2.526045      22.77255     32.6859
  _subpop_10 |   32.25956   1.550892      29.21636    35.30276
  _subpop_11 |   14.87487   1.128454      12.66059    17.08915
-------------+------------------------------------------------
spg_flex3    |
      Niassa |   5.784828   .9271823      3.965485    7.604171
   _subpop_2 |   3.950808   .6384328      2.698057    5.203559
     Nampula |   6.660389    .730333      5.227309    8.093469
    Zambezia |   11.84027   .9198989      10.03522    13.64532
        Tete |   11.15587   1.727489      7.766148     14.5456
      Manica |   14.04634   1.796705       10.5208    17.57189
      Sofala |   16.09782   4.133403      7.987141     24.2085
   Inhambane |   9.742965   1.256528       7.27737    12.20856
        Gaza |   16.25238   1.960206      12.40601    20.09875
  _subpop_10 |   16.93034   1.156765       14.6605    19.20018
  _subpop_11 |   6.898771    .653168      5.617107    8.180436
--------------------------------------------------------------
(running mean on estimation sample)

Survey: Mean estimation

Number of strata =      11        Number of obs    =     10832
Number of PSUs   =    1060        Population size  =  21537188
                                  Design df        =      1049

         Over: strata rural
    _subpop_1: Niassa 0
    _subpop_2: Niassa 1
    _subpop_3: Cabo Delgado 0
    _subpop_4: Cabo Delgado 1
    _subpop_5: Nampula 0
    _subpop_6: Nampula 1
    _subpop_7: Zambezia 0
    _subpop_8: Zambezia 1
    _subpop_9: Tete 0
   _subpop_10: Tete 1
   _subpop_11: Manica 0
   _subpop_12: Manica 1
   _subpop_13: Sofala 0
   _subpop_14: Sofala 1
   _subpop_15: Inhambane 0
   _subpop_16: Inhambane 1
   _subpop_17: Gaza 0
   _subpop_18: Gaza 1
   _subpop_19: Maputo Prov 0
   _subpop_20: Maputo Prov 1
   _subpop_21: Maputo City 0

--------------------------------------------------------------
             |             Linearized
        Over |       Mean   Std. Err.     [95% Conf. Interval]
-------------+------------------------------------------------
h_flex3      |
   _subpop_1 |   30.36068   3.227518      24.02755    36.69381
   _subpop_2 |   28.02887   3.755459       20.6598    35.39793
   _subpop_3 |   36.64239   7.438418      22.04652    51.23826
   _subpop_4 |   34.06911   3.752235      26.70637    41.43185
   _subpop_5 |   44.13292   4.832346      34.65075    53.61508
   _subpop_6 |   42.92951   3.754878      35.56159    50.29744
   _subpop_7 |   64.40435   6.476635      51.69572    77.11299
   _subpop_8 |   67.31214   4.111688      59.24407    75.38021
   _subpop_9 |   66.89753   6.424965      54.29028    79.50477
  _subpop_10 |   49.32036   4.880487      39.74373    58.89698
  _subpop_11 |   60.25228   4.899009       50.6393    69.86525
  _subpop_12 |    68.8303   4.241543      60.50742    77.15317
  _subpop_13 |   50.72375   6.808259      37.36439    64.08311
  _subpop_14 |   56.78646   6.289079      44.44585    69.12706
  _subpop_15 |   37.42051   4.206474      29.16645    45.67457
  _subpop_16 |   62.23725   5.519015      51.40768    73.06681
  _subpop_17 |   46.11426   5.822423      34.68934    57.53918
  _subpop_18 |   67.44403   3.654716      60.27265    74.61542
  _subpop_19 |   74.02434   2.637282      68.84939    79.19929
  _subpop_20 |   79.76367    4.51146      70.91116    88.61618
  _subpop_21 |   43.47456   2.692021       38.1922    48.75692
-------------+------------------------------------------------
pg_flex3     |
   _subpop_1 |   11.48977   1.386357      8.769421    14.21012
   _subpop_2 |   10.84012   1.977518      6.959779    14.72046
   _subpop_3 |   11.91447   3.522009      5.003482    18.82545
   _subpop_4 |    9.50575   1.249442      7.054059    11.95744
   _subpop_5 |   16.50634   2.309493      11.97459     21.0381
   _subpop_6 |    13.4076   1.573722       10.3196    16.49561
   _subpop_7 |   27.73437   3.772781      20.33131    35.13742
   _subpop_8 |   23.99818   1.986116      20.10096    27.89539
   _subpop_9 |   28.15061    4.37063      19.57444    36.72678
  _subpop_10 |   18.85949   2.830006      13.30637    24.41261
  _subpop_11 |   22.41983    2.67637      17.16818    27.67148
  _subpop_12 |   27.42225   3.273887      20.99814    33.84637
  _subpop_13 |   19.15686    2.72869      13.80255    24.51118
  _subpop_14 |   29.61813   6.680884      16.50871    42.72754
  _subpop_15 |    12.9019   1.891184      9.190967    16.61284
  _subpop_16 |   22.29422    2.43918        17.508    27.08045
  _subpop_17 |   20.29832   3.168871      14.08027    26.51636
  _subpop_18 |   30.51399   3.193873      24.24689     36.7811
  _subpop_19 |    32.5412   1.768498        29.071    36.01139
  _subpop_20 |   31.60183   3.094795      25.52914    37.67452
  _subpop_21 |   14.87487   1.128454      12.66059    17.08915
-------------+------------------------------------------------
spg_flex3    |
   _subpop_1 |   5.942343   .9612012      4.056247    7.828439
   _subpop_2 |   5.738691   1.166467      3.449817    8.027565
   _subpop_3 |   5.250255   1.876968      1.567215    8.933294
   _subpop_4 |   3.596138    .589348      2.439703    4.752574
   _subpop_5 |   8.253693    1.38463      5.536732    10.97065
   _subpop_6 |   5.992769   .8587222       4.30776    7.677778
   _subpop_7 |   15.19828   2.557966      10.17896    20.21759
   _subpop_8 |   11.22829   1.010569      9.245323    13.21126
   _subpop_9 |   15.51883   3.102979      9.430079    21.60758
  _subpop_10 |    10.4122   1.952902      6.580157    14.24423
  _subpop_11 |   11.33957   1.812253      7.783513    14.89562
  _subpop_12 |   14.93668   2.314658      10.39479    19.47856
  _subpop_13 |   9.397222   1.461975      6.528493    12.26595
  _subpop_14 |   20.21738   6.281948       7.89077      32.544
  _subpop_15 |   5.672115   .9416149      3.824452    7.519778
  _subpop_16 |   10.84436   1.573813      7.756175    13.93254
  _subpop_17 |   11.61797   2.172939      7.354168    15.88177
  _subpop_18 |   17.98915   2.534585      13.01572    22.96259
  _subpop_19 |   17.41705   1.295919      14.87417    19.95994
  _subpop_20 |   15.79368   2.332259      11.21726    20.37011
  _subpop_21 |   6.898771    .653168      5.617107    8.180436
--------------------------------------------------------------
(running mean on estimation sample)

Survey: Mean estimation

Number of strata =      11        Number of obs    =     10832
Number of PSUs   =    1060        Population size  =  21537188
                                  Design df        =      1049

    _subpop_1: spdomain = Niassa & Cabo Delg.-rur
    _subpop_2: spdomain = Niassa & Cabo Delg.-urb
    _subpop_3: spdomain = Nampula-rural
    _subpop_4: spdomain = Nampula-urban
    _subpop_5: spdomain = Sofala & Zambezia-rural
    _subpop_6: spdomain = Sofala & Zambezia-urban
    _subpop_7: spdomain = Manica & Tete-rural
    _subpop_8: spdomain = Manica & Tete-urbana
    _subpop_9: spdomain = Gaza & Inhambane-rural
   _subpop_10: spdomain = Gaza & Inhambane-urban
   _subpop_11: spdomain = Maputo Province-rural
   _subpop_12: spdomain = Maputo Province-urban
   _subpop_13: spdomain = Maputo City

--------------------------------------------------------------
             |             Linearized
        Over |       Mean   Std. Err.     [95% Conf. Interval]
-------------+------------------------------------------------
h_flex3      |
   _subpop_1 |   31.49083    2.66406      26.26334    36.71833
   _subpop_2 |   33.85204    4.56613      24.89225    42.81183
   _subpop_3 |   42.92951   3.754878      35.56159    50.29744
   _subpop_4 |   44.13292   4.832346      34.65075    53.61508
   _subpop_5 |   64.80599   3.603897      57.73432    71.87766
   _subpop_6 |   57.38342   4.677189      48.20571    66.56113
   _subpop_7 |   57.23608   3.396365      50.57164    63.90052
   _subpop_8 |   63.11971   3.958947      55.35136    70.88807
   _subpop_9 |   64.77419   3.400935      58.10078     71.4476
  _subpop_10 |   42.36077   3.749233      35.00392    49.71762
  _subpop_11 |   79.76367    4.51146      70.91116    88.61618
  _subpop_12 |   74.02434   2.637282      68.84939    79.19929
  _subpop_13 |   43.47456   2.692021       38.1922    48.75692
-------------+------------------------------------------------
pg_flex3     |
   _subpop_1 |   10.07533    1.11401      7.889383    12.26127
   _subpop_2 |   11.72581   2.063717      7.676332     15.7753
   _subpop_3 |    13.4076   1.573722       10.3196    16.49561
   _subpop_4 |   16.50634   2.309493      11.97459     21.0381
   _subpop_5 |   25.33628   2.191673      21.03571    29.63684
   _subpop_6 |   23.33236    2.32543      18.76934    27.89539
   _subpop_7 |   22.33364    2.12575      18.16243    26.50485
   _subpop_8 |   24.89267   2.440087      20.10467    29.68068
   _subpop_9 |    26.2992    2.06817      22.24098    30.35742
  _subpop_10 |   17.10495   1.999452      13.18157    21.02833
  _subpop_11 |   31.60183   3.094795      25.52914    37.67452
  _subpop_12 |    32.5412   1.768498        29.071    36.01139
  _subpop_13 |   14.87487   1.128454      12.66059    17.08915
-------------+------------------------------------------------
spg_flex3    |
   _subpop_1 |   4.510686   .6164678      3.301036    5.720336
   _subpop_2 |   5.557682   1.109532      3.380527    7.734838
   _subpop_3 |   5.992769   .8587222       4.30776    7.677778
   _subpop_4 |   8.253693    1.38463      5.536732    10.97065
   _subpop_5 |   13.36858    1.75352      9.927772    16.80939
   _subpop_6 |   12.22116   1.475421      9.326043    15.11627
   _subpop_7 |    12.2479   1.480298       9.34322    15.15259
   _subpop_8 |   13.14293   1.693428      9.820036    16.46582
   _subpop_9 |   14.32556   1.528165      11.32696    17.32417
  _subpop_10 |   9.050874   1.339963       6.42156    11.68019
  _subpop_11 |   15.79368   2.332259      11.21726    20.37011
  _subpop_12 |   17.41705   1.295919      14.87417    19.95994
  _subpop_13 |   6.898771    .653168      5.617107    8.180436
--------------------------------------------------------------
rural was float now byte
news was float now byte
reg_tpi was float now byte
strata was float now byte
spdomain was float now byte
h_flex3 was float now byte
file C:\Users\Templeton\Desktop\GAPP\GAPP-UGANDA-HARUNA\ww-ug\10_MZ/work/cons_real_it3.dta 
> saved

    Variable |     Obs      Weight        Mean   Std. Dev.       Min        Max
-------------+-----------------------------------------------------------------
     h_flex3 |   10832  21537187.8    53.58382    49.8737          0        100
file C:\Users\Templeton\Desktop\GAPP\GAPP-UGANDA-HARUNA\ww-ug\10_MZ/work/foodshares_it3.dta
>  saved
file C:\Users\TEMPLE~1\AppData\Local\Temp\ST_0j000002.tmp saved
variable one does not uniquely identify observations in the master data

     _merge |      Freq.     Percent        Cum.
------------+-----------------------------------
          3 |     10,832      100.00      100.00
------------+-----------------------------------
      Total |     10,832      100.00

   relpoor4 |      Freq.     Percent        Cum.
------------+-----------------------------------
          0 |  4,976.812       45.95       45.95
          1 |  5,855.188       54.05      100.00
------------+-----------------------------------
      Total |     10,832      100.00
file C:\Users\Templeton\Desktop\GAPP\GAPP-UGANDA-HARUNA\ww-ug\10_MZ\work\relpoor_it4.dta sa
> ved
variable hhid does not uniquely identify observations in the master data

     _merge |      Freq.     Percent        Cum.
------------+-----------------------------------
          3 |    257,521      100.00      100.00
------------+-----------------------------------
      Total |    257,521      100.00
(130896 observations deleted)
variable hhid does not uniquely identify observations in the master data

     _merge |      Freq.     Percent        Cum.
------------+-----------------------------------
          3 |    126,625      100.00      100.00
------------+-----------------------------------
      Total |    126,625      100.00
(75459 observations deleted)
    0
    0
(65 missing values generated)
   65
(65 observations deleted)
(note: file C:\Users\TEMPLE~1\AppData\Local\Temp\ST_0j00000o.tmp not found)
file C:\Users\TEMPLE~1\AppData\Local\Temp\ST_0j00000o.tmp saved
(note: file C:\Users\TEMPLE~1\AppData\Local\Temp\ST_0j00000p.tmp not found)
file C:\Users\TEMPLE~1\AppData\Local\Temp\ST_0j00000p.tmp saved
variable spdomain does not uniquely identify observations in the master data

     _merge |      Freq.     Percent        Cum.
------------+-----------------------------------
          3 |     51,101      100.00      100.00
------------+-----------------------------------
      Total |     51,101      100.00
 1077
(1077 observations deleted)
file C:\Users\TEMPLE~1\AppData\Local\Temp\ST_0j00000o.tmp saved
73
73
file C:\Users\Templeton\Desktop\GAPP\GAPP-UGANDA-HARUNA\ww-ug\10_MZ\work\codes_food_basket_
> flex_it4.dta saved
(2671 observations deleted)
(note: file C:\Users\TEMPLE~1\AppData\Local\Temp\ST_0j00000q.tmp not found)
file C:\Users\TEMPLE~1\AppData\Local\Temp\ST_0j00000q.tmp saved
variable hhid does not uniquely identify observations in the master data

     _merge |      Freq.     Percent        Cum.
------------+-----------------------------------
          1 |      1,463        0.64        0.64
          3 |    228,040       99.36      100.00
------------+-----------------------------------
      Total |    229,503      100.00
(0 observations deleted)
file C:\Users\TEMPLE~1\AppData\Local\Temp\ST_0j00000q.tmp saved
variable product does not uniquely identify observations in the master data

     _merge |      Freq.     Percent        Cum.
------------+-----------------------------------
          1 |     40,621       17.70       17.70
          3 |    188,882       82.30      100.00
------------+-----------------------------------
      Total |    229,503      100.00
(40621 observations deleted)
(2905 observations deleted)
(0 observations deleted)
(note: file C:\Users\TEMPLE~1\AppData\Local\Temp\ST_0j00000s.tmp not found)
file C:\Users\TEMPLE~1\AppData\Local\Temp\ST_0j00000s.tmp saved
daily_valued2 was float now int
days2 was float now int
food_cat was float now byte
psu was float now int
survmon was float now byte
survquar was float now byte
rural was float now byte
news was float now byte
reg_tpi was float now byte
strata was float now byte
spdomain was float now byte
bswt was float now byte
count was float now byte
product was double now long
numreg was double now byte
descript was str244 now str80
variable hhid does not uniquely identify observations in the master data
survquar was byte now float
reg_tpi was byte now float
spdomain was byte now float
(label survquar already defined)
(label news_ru_ur already defined)
(label reg13 already defined)

     _merge |      Freq.     Percent        Cum.
------------+-----------------------------------
          2 |         81        0.04        0.04
          3 |    185,977       99.96      100.00
------------+-----------------------------------
      Total |    186,058      100.00
variable hhid does not uniquely identify observations in the master data

     _merge |      Freq.     Percent        Cum.
------------+-----------------------------------
          3 |    186,058      100.00      100.00
------------+-----------------------------------
      Total |    186,058      100.00
(108704 observations deleted)
(68 observations deleted)
(6177 observations deleted)
(4 missing values generated)
(4 missing values generated)

    Variable |       Obs        Mean    Std. Dev.       Min        Max
-------------+--------------------------------------------------------
    ratiotw4 |       748    1.526386    6.424887   .4907718   156.1156
    ratiomw4 |       748    1.486791    10.20921          0   279.1747
variable product does not uniquely identify observations in the master data

     _merge |      Freq.     Percent        Cum.
------------+-----------------------------------
          2 |          2        0.27        0.27
          3 |        752       99.73      100.00
------------+-----------------------------------
      Total |        754      100.00
    2
(2 observations deleted)
file C:\Users\Templeton\Desktop\GAPP\GAPP-UGANDA-HARUNA\ww-ug\10_MZ\work\price_unit_flex_it
> 4.dta saved
(label reg13 already defined)

     _merge |      Freq.     Percent        Cum.
------------+-----------------------------------
          1 |          3        0.40        0.40
          2 |        361       47.81       48.21
          3 |        391       51.79      100.00
------------+-----------------------------------
      Total |        755      100.00

     +------------------------------------------------------------------------------+
     | product                  spdomain                                   descript |
     |------------------------------------------------------------------------------|
383. |   21211     Maputo Province-rural             Vinho maduro branco em garrafa |
385. |  111111               Maputo City        Refeições completas em restaurantes |
386. |  111431   Niassa & Cabo Delg.-rur   Despesas em Moagem (Farinação de mapira) |
     +------------------------------------------------------------------------------+
(364 observations deleted)
variable product does not uniquely identify observations in the master data

     _merge |      Freq.     Percent        Cum.
------------+-----------------------------------
          1 |          1        0.13        0.13
          2 |        353       47.45       47.58
          3 |        390       52.42      100.00
------------+-----------------------------------
      Total |        744      100.00

     +----------------------------------------------------------+
     | product                  spdomain               descript |
     |----------------------------------------------------------|
384. |  113791   Sofala & Zambezia-rural   "Caracol, caramucho" |
     +----------------------------------------------------------+
(354 observations deleted)

-------------------------------------------------------------------------------------------
-> spdomain = Niassa & Cabo Delg.-rur
    2
-------------------------------------------------------------------------------------------
-> spdomain = Niassa & Cabo Delg.-urb
    7
-------------------------------------------------------------------------------------------
-> spdomain = Nampula-rural
    1
-------------------------------------------------------------------------------------------
-> spdomain = Nampula-urban
    1
-------------------------------------------------------------------------------------------
-> spdomain = Sofala & Zambezia-rural
    1
-------------------------------------------------------------------------------------------
-> spdomain = Sofala & Zambezia-urban
    1
-------------------------------------------------------------------------------------------
-> spdomain = Manica & Tete-rural
    1
-------------------------------------------------------------------------------------------
-> spdomain = Manica & Tete-urbana
    1
-------------------------------------------------------------------------------------------
-> spdomain = Gaza & Inhambane-rural
    0
-------------------------------------------------------------------------------------------
-> spdomain = Gaza & Inhambane-urban
    0
-------------------------------------------------------------------------------------------
-> spdomain = Maputo Province-rural
    1
-------------------------------------------------------------------------------------------
-> spdomain = Maputo Province-urban
    0
-------------------------------------------------------------------------------------------
-> spdomain = Maputo City
    0
(16 observations deleted)
(31 observations deleted)

Summary for variables: baskshr
     by categories of: spdomain 

        spdomain |         N      mean        sd       min       max
-----------------+--------------------------------------------------
Niassa & Cabo De |        30  .9015116         0  .9015116  .9015116
Niassa & Cabo De |        22  .8609066         0  .8609066  .8609066
   Nampula-rural |        30  .9030488         0  .9030488  .9030488
   Nampula-urban |        27  .9008135         0  .9008135  .9008135
Sofala & Zambezi |        27   .903905         0   .903905   .903905
Sofala & Zambezi |        26  .9057403         0  .9057403  .9057403
Manica & Tete-ru |        24  .9009668         0  .9009668  .9009668
Manica & Tete-ur |        22  .9020792         0  .9020792  .9020792
Gaza & Inhambane |        28  .9067892         0  .9067892  .9067892
Gaza & Inhambane |        29  .9040988         0  .9040988  .9040988
Maputo Province- |        24  .8990569         0  .8990569  .8990569
Maputo Province- |        25  .9049582         0  .9049582  .9049582
     Maputo City |        29  .9011375         0  .9011375  .9011375
-----------------+--------------------------------------------------
           Total |       343  .9001913  .0105149  .8609066  .9067892
--------------------------------------------------------------------
variable spdomain does not uniquely identify observations in the master data

     _merge |      Freq.     Percent        Cum.
------------+-----------------------------------
          3 |        343      100.00      100.00
------------+-----------------------------------
      Total |        343      100.00
(343 real changes made)
(343 real changes made)
(343 real changes made)

Summary for variables: chkcal
     by categories of: spdomain 

        spdomain |         N      mean        sd       min       max
-----------------+--------------------------------------------------
Niassa & Cabo De |        30  .0000257         0  .0000257  .0000257
Niassa & Cabo De |        22 -.0000899         0 -.0000899 -.0000899
   Nampula-rural |        30  .0000257         0  .0000257  .0000257
   Nampula-urban |        27 -.0000514         0 -.0000514 -.0000514
Sofala & Zambezi |        27  .0000899         0  .0000899  .0000899
Sofala & Zambezi |        26  .0001799         0  .0001799  .0001799
Manica & Tete-ru |        24 -.0000514         0 -.0000514 -.0000514
Manica & Tete-ur |        22  .0000128         0  .0000128  .0000128
Gaza & Inhambane |        28  .0000771         0  .0000771  .0000771
Gaza & Inhambane |        29  .0000128         0  .0000128  .0000128
Maputo Province- |        24  .0000642         0  .0000642  .0000642
Maputo Province- |        25 -.0000642         0 -.0000642 -.0000642
     Maputo City |        29  .0000257         0  .0000257  .0000257
-----------------+--------------------------------------------------
           Total |       343   .000022  .0000693 -.0000899  .0001799
--------------------------------------------------------------------
(343 real changes made)
file C:\Users\Templeton\Desktop\GAPP\GAPP-UGANDA-HARUNA\ww-ug\10_MZ\work\quan_flex_it4.dta 
> saved
file C:\Users\Templeton\Desktop\GAPP\GAPP-UGANDA-HARUNA\ww-ug\10_MZ\work\povline_food_flex_
> it4.dta saved
variable spdomain does not uniquely identify observations in the master data
(label reg13 already defined)

     _merge |      Freq.     Percent        Cum.
------------+-----------------------------------
          3 |     10,832      100.00      100.00
------------+-----------------------------------
      Total |     10,832      100.00
(2074 real changes made)
(note: file C:\Users\TEMPLE~1\AppData\Local\Temp\ST_0j00000u.tmp not found)
file C:\Users\TEMPLE~1\AppData\Local\Temp\ST_0j00000u.tmp saved
variable spdomain does not uniquely identify observations in the master data
(label reg13 already defined)

     _merge |      Freq.     Percent        Cum.
------------+-----------------------------------
          3 |     10,832      100.00      100.00
------------+-----------------------------------
      Total |     10,832      100.00
file C:\Users\Templeton\Desktop\GAPP\GAPP-UGANDA-HARUNA\ww-ug\10_MZ\work\povlines_it4.dta s
> aved
variable spdomain does not uniquely identify observations in the master data
variable spdomain does not uniquely identify observations in
    C:\Users\Templeton\Desktop\GAPP\GAPP-UGANDA-HARUNA\ww-ug\10_MZ\work\povlines_it4.dta
(label reg13 already defined)

     _merge |      Freq.     Percent        Cum.
------------+-----------------------------------
          3 |     10,832      100.00      100.00
------------+-----------------------------------
      Total |     10,832      100.00
(10832 real changes made)
(10832 real changes made)

    Variable |     Obs      Weight        Mean   Std. Dev.       Min        Max
-------------+-----------------------------------------------------------------
          cr |   10832  21537187.8    23.78963   38.71481   .4552435   4744.847
      cr_it4 |   10832  21537187.8    23.78963   31.94658   .6467975   2365.945
     linpob4 |   10832  21537187.8    18.52728   7.320494   11.80664   37.86478
    linpobr4 |   10832  21537187.8    18.57117   8.63e-07   18.57117   18.57117
(5941 missing values generated)
(5941 real changes made)
(5941 real changes made)
(5941 real changes made)

      pweight: popwt
          VCE: linearized
  Single unit: missing
     Strata 1: strata
         SU 1: psu
        FPC 1: <zero>
(running mean on estimation sample)

Survey: Mean estimation

Number of strata =      11        Number of obs    =     10832
Number of PSUs   =    1060        Population size  =  21537188
                                  Design df        =      1049

--------------------------------------------------------------
             |             Linearized
             |       Mean   Std. Err.     [95% Conf. Interval]
-------------+------------------------------------------------
     h_flex4 |   53.58778   1.341447      50.95556    56.22001
    pg_flex4 |    20.3942    .718973      18.98341    21.80499
   spg_flex4 |   10.52628   .5071425       9.53115    11.52141
--------------------------------------------------------------
(running mean on estimation sample)

Survey: Mean estimation

Number of strata =      11        Number of obs    =     10832
Number of PSUs   =    1060        Population size  =  21537188
                                  Design df        =      1049

            0: rural = 0
            1: rural = 1

--------------------------------------------------------------
             |             Linearized
        Over |       Mean   Std. Err.     [95% Conf. Interval]
-------------+------------------------------------------------
h_flex4      |
           0 |   51.69561   1.675702       48.4075    54.98372
           1 |   54.41434   1.794165      50.89378     57.9349
-------------+------------------------------------------------
pg_flex4     |
           0 |   20.36117   .8444902      18.70409    22.01825
           1 |   20.40862   .9753492      18.49476    22.32248
-------------+------------------------------------------------
spg_flex4    |
           0 |   10.45629   .5311127      9.414126    11.49845
           1 |   10.55685   .6949077      9.193286    11.92042
--------------------------------------------------------------
(running mean on estimation sample)

Survey: Mean estimation

Number of strata =      11        Number of obs    =     10832
Number of PSUs   =    1060        Population size  =  21537188
                                  Design df        =      1049

       Niassa: strata = Niassa
    _subpop_2: strata = Cabo Delgado
      Nampula: strata = Nampula
     Zambezia: strata = Zambezia
         Tete: strata = Tete
       Manica: strata = Manica
       Sofala: strata = Sofala
    Inhambane: strata = Inhambane
         Gaza: strata = Gaza
   _subpop_10: strata = Maputo Prov
   _subpop_11: strata = Maputo City

--------------------------------------------------------------
             |             Linearized
        Over |       Mean   Std. Err.     [95% Conf. Interval]
-------------+------------------------------------------------
h_flex4      |
      Niassa |   28.55713   2.986973      22.69601    34.41826
   _subpop_2 |   34.62086   3.379296      27.98991    41.25181
     Nampula |   43.28486   3.003892      37.39054    49.17918
    Zambezia |    66.8639   3.656553      59.68891    74.03889
        Tete |   51.88012    4.31125      43.42046    60.33977
      Manica |   66.92613   3.434265      60.18732    73.66494
      Sofala |   54.51726   4.749127      45.19839    63.83613
   Inhambane |   56.95271   4.347979      48.42098    65.48444
        Gaza |   61.39992   3.281398      54.96107    67.83877
  _subpop_10 |   75.74509   2.328905      71.17525    80.31494
  _subpop_11 |   43.47456   2.692021       38.1922    48.75692
-------------+------------------------------------------------
pg_flex4     |
      Niassa |   11.00811   1.559179      7.948645    14.06757
   _subpop_2 |   10.04894   1.275181      7.546744    12.55113
     Nampula |   14.37021   1.301342      11.81668    16.92374
    Zambezia |   24.58752   1.741419      21.17046    28.00458
        Tete |   20.21542   2.508188      15.29378    25.13705
      Manica |   26.18885   2.548423      21.18826    31.18943
      Sofala |   25.66378   4.448201       16.9354    34.39217
   Inhambane |   20.24246   1.945848      16.42426    24.06066
        Gaza |   27.66177   2.526236      22.70472    32.61882
  _subpop_10 |   32.25956   1.550892      29.21635    35.30276
  _subpop_11 |   14.87487   1.128454      12.66059    17.08915
-------------+------------------------------------------------
spg_flex4    |
      Niassa |   5.797135    .927521      3.977128    7.617143
   _subpop_2 |    3.96491   .6413429      2.706449    5.223371
     Nampula |   6.689015   .7322248      5.252223    8.125807
    Zambezia |   11.84946   .9200452      10.04412    13.65479
        Tete |   11.15774   1.727561      7.767874    14.54761
      Manica |   14.04913   1.796736      10.52352    17.57473
      Sofala |   16.11549   4.132577      8.006435    24.22455
   Inhambane |   9.712819   1.256557      7.247168    12.17847
        Gaza |   16.20653   1.959897      12.36077    20.05229
  _subpop_10 |   16.93034   1.156765       14.6605    19.20017
  _subpop_11 |    6.89877   .6531679      5.617106    8.180435
--------------------------------------------------------------
(running mean on estimation sample)

Survey: Mean estimation

Number of strata =      11        Number of obs    =     10832
Number of PSUs   =    1060        Population size  =  21537188
                                  Design df        =      1049

         Over: strata rural
    _subpop_1: Niassa 0
    _subpop_2: Niassa 1
    _subpop_3: Cabo Delgado 0
    _subpop_4: Cabo Delgado 1
    _subpop_5: Nampula 0
    _subpop_6: Nampula 1
    _subpop_7: Zambezia 0
    _subpop_8: Zambezia 1
    _subpop_9: Tete 0
   _subpop_10: Tete 1
   _subpop_11: Manica 0
   _subpop_12: Manica 1
   _subpop_13: Sofala 0
   _subpop_14: Sofala 1
   _subpop_15: Inhambane 0
   _subpop_16: Inhambane 1
   _subpop_17: Gaza 0
   _subpop_18: Gaza 1
   _subpop_19: Maputo Prov 0
   _subpop_20: Maputo Prov 1
   _subpop_21: Maputo City 0

--------------------------------------------------------------
             |             Linearized
        Over |       Mean   Std. Err.     [95% Conf. Interval]
-------------+------------------------------------------------
h_flex4      |
   _subpop_1 |   30.36068   3.227518      24.02755    36.69381
   _subpop_2 |   28.02887   3.755459       20.6598    35.39793
   _subpop_3 |   36.64239   7.438418      22.04652    51.23826
   _subpop_4 |   34.06911   3.752235      26.70637    41.43185
   _subpop_5 |   44.13292   4.832346      34.65075    53.61508
   _subpop_6 |   42.92951   3.754878      35.56159    50.29744
   _subpop_7 |   64.40435   6.476635      51.69572    77.11299
   _subpop_8 |   67.31214   4.111688      59.24407    75.38021
   _subpop_9 |   66.89753   6.424965      54.29028    79.50477
  _subpop_10 |   49.32036   4.880487      39.74373    58.89698
  _subpop_11 |   61.13712   4.992907       51.3399    70.93434
  _subpop_12 |    68.8303   4.241543      60.50742    77.15317
  _subpop_13 |   50.82634   6.805982      37.47146    64.18123
  _subpop_14 |   56.78646   6.289079      44.44585    69.12706
  _subpop_15 |   37.42051   4.206474      29.16645    45.67457
  _subpop_16 |   62.23725   5.519015      51.40768    73.06681
  _subpop_17 |   45.27174    5.70071      34.08565    56.45784
  _subpop_18 |   67.44403   3.654716      60.27265    74.61542
  _subpop_19 |   74.02434   2.637282      68.84939    79.19929
  _subpop_20 |   79.76367    4.51146      70.91116    88.61618
  _subpop_21 |   43.47456   2.692021       38.1922    48.75692
-------------+------------------------------------------------
pg_flex4     |
   _subpop_1 |   11.56269   1.391448      8.832351    14.29303
   _subpop_2 |   10.84567   1.977999      6.964388    14.72696
   _subpop_3 |   12.01002   3.536471      5.070656    18.94938
   _subpop_4 |   9.513685   1.250121      7.060663    11.96671
   _subpop_5 |   16.66751   2.322113      12.11099    21.22402
   _subpop_6 |   13.40761   1.573722       10.3196    16.49561
   _subpop_7 |   27.82135   3.777835      20.40838    35.23433
   _subpop_8 |   23.99817   1.986116      20.10096    27.89539
   _subpop_9 |   28.17027     4.3713      19.59278    36.74776
  _subpop_10 |   18.85949   2.830006      13.30637    24.41261
  _subpop_11 |   22.43907   2.677047       17.1861    27.69205
  _subpop_12 |   27.42225   3.273887      20.99814    33.84637
  _subpop_13 |   19.23193   2.737666         13.86    24.60385
  _subpop_14 |   29.61812   6.680884      16.50871    42.72754
  _subpop_15 |   12.66795   1.872991      8.992713    16.34318
  _subpop_16 |   22.29178   2.439068      17.50577    27.07779
  _subpop_17 |   20.05688   3.147514      13.88074    26.23302
  _subpop_18 |   30.51174   3.193871      24.24463    36.77884
  _subpop_19 |    32.5412   1.768498        29.071    36.01139
  _subpop_20 |   31.60183   3.094795      25.52913    37.67452
  _subpop_21 |   14.87487   1.128454      12.66059    17.08915
-------------+------------------------------------------------
spg_flex4    |
   _subpop_1 |   5.985414   .9639756      4.093874    7.876953
   _subpop_2 |   5.741988   1.166949      3.452169    8.031807
   _subpop_3 |   5.302027   1.889496      1.594405    9.009648
   _subpop_4 |   3.599958   .5897266       2.44278    4.757136
   _subpop_5 |   8.350637   1.394901      5.613522    11.08775
   _subpop_6 |   5.992769   .8587222      4.307761    7.677778
   _subpop_7 |   15.25789   2.563288      10.22813    20.28764
   _subpop_8 |   11.22829   1.010569      9.245322    13.21126
   _subpop_9 |   15.53166   3.104142      9.440624    21.62269
  _subpop_10 |    10.4122   1.952902      6.580157    14.24423
  _subpop_11 |   11.35082    1.81305      7.793203    14.90844
  _subpop_12 |   14.93668   2.314658      10.39479    19.47856
  _subpop_13 |   9.443648   1.467728      6.563631    12.32366
  _subpop_14 |   20.21738   6.281947      7.890769      32.544
  _subpop_15 |   5.535718   .9242209      3.722186     7.34925
  _subpop_16 |   10.84296   1.573722      7.754953    13.93096
  _subpop_17 |   11.45385   2.154716      7.225803    15.68189
  _subpop_18 |   17.98762   2.534514      13.01433    22.96092
  _subpop_19 |   17.41705   1.295919      14.87416    19.95994
  _subpop_20 |   15.79368   2.332259      11.21726    20.37011
  _subpop_21 |    6.89877   .6531679      5.617106    8.180435
--------------------------------------------------------------
(running mean on estimation sample)

Survey: Mean estimation

Number of strata =      11        Number of obs    =     10832
Number of PSUs   =    1060        Population size  =  21537188
                                  Design df        =      1049

    _subpop_1: spdomain = Niassa & Cabo Delg.-rur
    _subpop_2: spdomain = Niassa & Cabo Delg.-urb
    _subpop_3: spdomain = Nampula-rural
    _subpop_4: spdomain = Nampula-urban
    _subpop_5: spdomain = Sofala & Zambezia-rural
    _subpop_6: spdomain = Sofala & Zambezia-urban
    _subpop_7: spdomain = Manica & Tete-rural
    _subpop_8: spdomain = Manica & Tete-urbana
    _subpop_9: spdomain = Gaza & Inhambane-rural
   _subpop_10: spdomain = Gaza & Inhambane-urban
   _subpop_11: spdomain = Maputo Province-rural
   _subpop_12: spdomain = Maputo Province-urban
   _subpop_13: spdomain = Maputo City

--------------------------------------------------------------
             |             Linearized
        Over |       Mean   Std. Err.     [95% Conf. Interval]
-------------+------------------------------------------------
h_flex4      |
   _subpop_1 |   31.49083    2.66406      26.26334    36.71833
   _subpop_2 |   33.85204    4.56613      24.89225    42.81183
   _subpop_3 |   42.92951   3.754878      35.56159    50.29744
   _subpop_4 |   44.13292   4.832346      34.65075    53.61508
   _subpop_5 |   64.80599   3.603897      57.73432    71.87766
   _subpop_6 |   57.43607   4.676836      48.25906    66.61309
   _subpop_7 |   57.23608   3.396365      50.57164    63.90052
   _subpop_8 |   63.62275   3.989597      55.79425    71.45124
   _subpop_9 |   64.77419   3.400935      58.10078     71.4476
  _subpop_10 |   41.88201    3.68997      34.64145    49.12257
  _subpop_11 |   79.76367    4.51146      70.91116    88.61618
  _subpop_12 |   74.02434   2.637282      68.84939    79.19929
  _subpop_13 |   43.47456   2.692021       38.1922    48.75692
-------------+------------------------------------------------
pg_flex4     |
   _subpop_1 |   10.08224   1.114404      7.895528    12.26896
   _subpop_2 |   11.81131   2.072696       7.74421    15.87842
   _subpop_3 |   13.40761   1.573722       10.3196    16.49561
   _subpop_4 |   16.66751   2.322113      12.11099    21.22402
   _subpop_5 |   25.33627   2.191673      21.03571    29.63684
   _subpop_6 |   23.41323   2.330047      18.84115    27.98531
   _subpop_7 |   22.33364    2.12575      18.16243    26.50485
   _subpop_8 |    24.9121   2.440564      20.12315    29.70104
   _subpop_9 |   26.29685   2.068131       22.2387    30.35499
  _subpop_10 |   16.86674   1.985897      12.96996    20.76352
  _subpop_11 |   31.60183   3.094795      25.52913    37.67452
  _subpop_12 |    32.5412   1.768498        29.071    36.01139
  _subpop_13 |   14.87487   1.128454      12.66059    17.08915
-------------+------------------------------------------------
spg_flex4    |
   _subpop_1 |   4.514283    .616753      3.304073    5.724493
   _subpop_2 |   5.605589   1.116645      3.414478      7.7967
   _subpop_3 |   5.992769   .8587222      4.307761    7.677778
   _subpop_4 |   8.350637   1.394901      5.613522    11.08775
   _subpop_5 |   13.36858    1.75352      9.927771    16.80938
   _subpop_6 |     12.274   1.479136      9.371598     15.1764
   _subpop_7 |    12.2479   1.480298       9.34322    15.15259
   _subpop_8 |   13.15486   1.694115      9.830619     16.4791
   _subpop_9 |    14.3241   1.528108       11.3256     17.3226
  _subpop_10 |   8.898722   1.328207      6.292477    11.50497
  _subpop_11 |   15.79368   2.332259      11.21726    20.37011
  _subpop_12 |   17.41705   1.295919      14.87416    19.95994
  _subpop_13 |    6.89877   .6531679      5.617106    8.180435
--------------------------------------------------------------
rural was float now byte
news was float now byte
reg_tpi was float now byte
strata was float now byte
spdomain was float now byte
h_flex4 was float now byte
file C:\Users\Templeton\Desktop\GAPP\GAPP-UGANDA-HARUNA\ww-ug\10_MZ/work/cons_real_it4.dta 
> saved

    Variable |     Obs      Weight        Mean   Std. Dev.       Min        Max
-------------+-----------------------------------------------------------------
     h_flex4 |   10832  21537187.8    53.58778   49.87341          0        100
file C:\Users\Templeton\Desktop\GAPP\GAPP-UGANDA-HARUNA\ww-ug\10_MZ/work/foodshares_it4.dta
>  saved
file C:\Users\TEMPLE~1\AppData\Local\Temp\ST_0j000002.tmp saved
variable one does not uniquely identify observations in the master data

     _merge |      Freq.     Percent        Cum.
------------+-----------------------------------
          3 |     10,832      100.00      100.00
------------+-----------------------------------
      Total |     10,832      100.00

   relpoor5 |      Freq.     Percent        Cum.
------------+-----------------------------------
          0 |  4,973.188       45.91       45.91
          1 |  5,858.812       54.09      100.00
------------+-----------------------------------
      Total |     10,832      100.00
file C:\Users\Templeton\Desktop\GAPP\GAPP-UGANDA-HARUNA\ww-ug\10_MZ\work\relpoor_it5.dta sa
> ved
variable hhid does not uniquely identify observations in the master data

     _merge |      Freq.     Percent        Cum.
------------+-----------------------------------
          3 |    257,521      100.00      100.00
------------+-----------------------------------
      Total |    257,521      100.00
(130896 observations deleted)
variable hhid does not uniquely identify observations in the master data

     _merge |      Freq.     Percent        Cum.
------------+-----------------------------------
          3 |    126,625      100.00      100.00
------------+-----------------------------------
      Total |    126,625      100.00
(75395 observations deleted)
    0
    0
(65 missing values generated)
   65
(65 observations deleted)
(note: file C:\Users\TEMPLE~1\AppData\Local\Temp\ST_0j00000v.tmp not found)
file C:\Users\TEMPLE~1\AppData\Local\Temp\ST_0j00000v.tmp saved
(note: file C:\Users\TEMPLE~1\AppData\Local\Temp\ST_0j00000w.tmp not found)
file C:\Users\TEMPLE~1\AppData\Local\Temp\ST_0j00000w.tmp saved
variable spdomain does not uniquely identify observations in the master data

     _merge |      Freq.     Percent        Cum.
------------+-----------------------------------
          3 |     51,165      100.00      100.00
------------+-----------------------------------
      Total |     51,165      100.00
 1080
(1080 observations deleted)
file C:\Users\TEMPLE~1\AppData\Local\Temp\ST_0j00000v.tmp saved
73
73
file C:\Users\Templeton\Desktop\GAPP\GAPP-UGANDA-HARUNA\ww-ug\10_MZ\work\codes_food_basket_
> flex_it5.dta saved
(2671 observations deleted)
(note: file C:\Users\TEMPLE~1\AppData\Local\Temp\ST_0j00000x.tmp not found)
file C:\Users\TEMPLE~1\AppData\Local\Temp\ST_0j00000x.tmp saved
variable hhid does not uniquely identify observations in the master data

     _merge |      Freq.     Percent        Cum.
------------+-----------------------------------
          1 |      1,463        0.64        0.64
          3 |    228,040       99.36      100.00
------------+-----------------------------------
      Total |    229,503      100.00
(0 observations deleted)
file C:\Users\TEMPLE~1\AppData\Local\Temp\ST_0j00000x.tmp saved
variable product does not uniquely identify observations in the master data

     _merge |      Freq.     Percent        Cum.
------------+-----------------------------------
          1 |     40,621       17.70       17.70
          3 |    188,882       82.30      100.00
------------+-----------------------------------
      Total |    229,503      100.00
(40621 observations deleted)
(2905 observations deleted)
(0 observations deleted)
(note: file C:\Users\TEMPLE~1\AppData\Local\Temp\ST_0j000011.tmp not found)
file C:\Users\TEMPLE~1\AppData\Local\Temp\ST_0j000011.tmp saved
daily_valued2 was float now int
days2 was float now int
food_cat was float now byte
psu was float now int
survmon was float now byte
survquar was float now byte
rural was float now byte
news was float now byte
reg_tpi was float now byte
strata was float now byte
spdomain was float now byte
bswt was float now byte
count was float now byte
product was double now long
numreg was double now byte
descript was str244 now str80
variable hhid does not uniquely identify observations in the master data
survquar was byte now float
reg_tpi was byte now float
spdomain was byte now float
(label survquar already defined)
(label news_ru_ur already defined)
(label reg13 already defined)

     _merge |      Freq.     Percent        Cum.
------------+-----------------------------------
          2 |         81        0.04        0.04
          3 |    185,977       99.96      100.00
------------+-----------------------------------
      Total |    186,058      100.00
variable hhid does not uniquely identify observations in the master data

     _merge |      Freq.     Percent        Cum.
------------+-----------------------------------
          3 |    186,058      100.00      100.00
------------+-----------------------------------
      Total |    186,058      100.00
(108590 observations deleted)
(68 observations deleted)
(6176 observations deleted)
(4 missing values generated)
(4 missing values generated)

    Variable |       Obs        Mean    Std. Dev.       Min        Max
-------------+--------------------------------------------------------
    ratiotw5 |       748    1.527484    6.424876   .4907718   156.1156
    ratiomw5 |       748    1.487251    10.20932          0   279.1747
variable product does not uniquely identify observations in the master data

     _merge |      Freq.     Percent        Cum.
------------+-----------------------------------
          2 |          2        0.27        0.27
          3 |        752       99.73      100.00
------------+-----------------------------------
      Total |        754      100.00
    2
(2 observations deleted)
file C:\Users\Templeton\Desktop\GAPP\GAPP-UGANDA-HARUNA\ww-ug\10_MZ\work\price_unit_flex_it
> 5.dta saved
(label reg13 already defined)

     _merge |      Freq.     Percent        Cum.
------------+-----------------------------------
          1 |          3        0.40        0.40
          2 |        360       47.68       48.08
          3 |        392       51.92      100.00
------------+-----------------------------------
      Total |        755      100.00

     +------------------------------------------------------------------------------+
     | product                  spdomain                                   descript |
     |------------------------------------------------------------------------------|
384. |   21211     Maputo Province-rural             Vinho maduro branco em garrafa |
386. |  111111               Maputo City        Refeições completas em restaurantes |
387. |  111431   Niassa & Cabo Delg.-rur   Despesas em Moagem (Farinação de mapira) |
     +------------------------------------------------------------------------------+
(363 observations deleted)
variable product does not uniquely identify observations in the master data

     _merge |      Freq.     Percent        Cum.
------------+-----------------------------------
          1 |          1        0.13        0.13
          2 |        353       47.38       47.52
          3 |        391       52.48      100.00
------------+-----------------------------------
      Total |        745      100.00

     +----------------------------------------------------------+
     | product                  spdomain               descript |
     |----------------------------------------------------------|
385. |  113791   Sofala & Zambezia-rural   "Caracol, caramucho" |
     +----------------------------------------------------------+
(354 observations deleted)

-------------------------------------------------------------------------------------------
-> spdomain = Niassa & Cabo Delg.-rur
    2
-------------------------------------------------------------------------------------------
-> spdomain = Niassa & Cabo Delg.-urb
    6
-------------------------------------------------------------------------------------------
-> spdomain = Nampula-rural
    1
-------------------------------------------------------------------------------------------
-> spdomain = Nampula-urban
    1
-------------------------------------------------------------------------------------------
-> spdomain = Sofala & Zambezia-rural
    1
-------------------------------------------------------------------------------------------
-> spdomain = Sofala & Zambezia-urban
    1
-------------------------------------------------------------------------------------------
-> spdomain = Manica & Tete-rural
    1
-------------------------------------------------------------------------------------------
-> spdomain = Manica & Tete-urbana
    0
-------------------------------------------------------------------------------------------
-> spdomain = Gaza & Inhambane-rural
    0
-------------------------------------------------------------------------------------------
-> spdomain = Gaza & Inhambane-urban
    0
-------------------------------------------------------------------------------------------
-> spdomain = Maputo Province-rural
    1
-------------------------------------------------------------------------------------------
-> spdomain = Maputo Province-urban
    0
-------------------------------------------------------------------------------------------
-> spdomain = Maputo City
    0
(14 observations deleted)
(32 observations deleted)

Summary for variables: baskshr
     by categories of: spdomain 

        spdomain |         N      mean        sd       min       max
-----------------+--------------------------------------------------
Niassa & Cabo De |        30  .9012879         0  .9012879  .9012879
Niassa & Cabo De |        24  .8784887         0  .8784887  .8784887
   Nampula-rural |        30  .9030488         0  .9030488  .9030488
   Nampula-urban |        27  .9009309         0  .9009309  .9009309
Sofala & Zambezi |        27   .903905         0   .903905   .903905
Sofala & Zambezi |        26  .9063715         0  .9063715  .9063715
Manica & Tete-ru |        24  .9009668         0  .9009668  .9009668
Manica & Tete-ur |        22   .902003         0   .902003   .902003
Gaza & Inhambane |        28  .9067892         0  .9067892  .9067892
Gaza & Inhambane |        29  .9045255         0  .9045255  .9045255
Maputo Province- |        24  .8990569         0  .8990569  .8990569
Maputo Province- |        25  .9049582         0  .9049582  .9049582
     Maputo City |        29  .9011375         0  .9011375  .9011375
-----------------+--------------------------------------------------
           Total |       345   .901255  .0066144  .8784887  .9067892
--------------------------------------------------------------------
variable spdomain does not uniquely identify observations in the master data

     _merge |      Freq.     Percent        Cum.
------------+-----------------------------------
          3 |        345      100.00      100.00
------------+-----------------------------------
      Total |        345      100.00
(345 real changes made)
(345 real changes made)
(345 real changes made)

Summary for variables: chkcal
     by categories of: spdomain 

        spdomain |         N      mean        sd       min       max
-----------------+--------------------------------------------------
Niassa & Cabo De |        30  .0000257         0  .0000257  .0000257
Niassa & Cabo De |        24  .0000385         0  .0000385  .0000385
   Nampula-rural |        30  .0000257         0  .0000257  .0000257
   Nampula-urban |        27  .0002056         0  .0002056  .0002056
Sofala & Zambezi |        27  .0000899         0  .0000899  .0000899
Sofala & Zambezi |        26 -.0000771         0 -.0000771 -.0000771
Manica & Tete-ru |        24 -.0000514         0 -.0000514 -.0000514
Manica & Tete-ur |        22  .0000128         0  .0000128  .0000128
Gaza & Inhambane |        28  .0000771         0  .0000771  .0000771
Gaza & Inhambane |        29  .0000128         0  .0000128  .0000128
Maputo Province- |        24  .0000642         0  .0000642  .0000642
Maputo Province- |        25 -.0000642         0 -.0000642 -.0000642
     Maputo City |        29  .0000257         0  .0000257  .0000257
-----------------+--------------------------------------------------
           Total |       345   .000031  .0000707 -.0000771  .0002056
--------------------------------------------------------------------
(345 real changes made)
file C:\Users\Templeton\Desktop\GAPP\GAPP-UGANDA-HARUNA\ww-ug\10_MZ\work\quan_flex_it5.dta 
> saved
file C:\Users\Templeton\Desktop\GAPP\GAPP-UGANDA-HARUNA\ww-ug\10_MZ\work\povline_food_flex_
> it5.dta saved
variable spdomain does not uniquely identify observations in the master data
(label reg13 already defined)

     _merge |      Freq.     Percent        Cum.
------------+-----------------------------------
          3 |     10,832      100.00      100.00
------------+-----------------------------------
      Total |     10,832      100.00
(2078 real changes made)
(note: file C:\Users\TEMPLE~1\AppData\Local\Temp\ST_0j000013.tmp not found)
file C:\Users\TEMPLE~1\AppData\Local\Temp\ST_0j000013.tmp saved
variable spdomain does not uniquely identify observations in the master data
(label reg13 already defined)

     _merge |      Freq.     Percent        Cum.
------------+-----------------------------------
          3 |     10,832      100.00      100.00
------------+-----------------------------------
      Total |     10,832      100.00
file C:\Users\Templeton\Desktop\GAPP\GAPP-UGANDA-HARUNA\ww-ug\10_MZ\work\povlines_it5.dta s
> aved
variable spdomain does not uniquely identify observations in the master data
variable spdomain does not uniquely identify observations in
    C:\Users\Templeton\Desktop\GAPP\GAPP-UGANDA-HARUNA\ww-ug\10_MZ\work\povlines_it5.dta
(label reg13 already defined)

     _merge |      Freq.     Percent        Cum.
------------+-----------------------------------
          3 |     10,832      100.00      100.00
------------+-----------------------------------
      Total |     10,832      100.00
(10832 real changes made)
(10832 real changes made)

    Variable |     Obs      Weight        Mean   Std. Dev.       Min        Max
-------------+-----------------------------------------------------------------
          cr |   10832  21537187.8    23.78963   38.71481   .4552435   4744.847
      cr_it5 |   10832  21537187.8    23.78963   31.93263   .6469304    2366.43
     linpob5 |   10832  21537187.8    18.52925   7.319805   11.80664   37.86478
    linpobr5 |   10832  21537187.8    18.57499   8.72e-07   18.57498   18.57499
(5934 missing values generated)
(5934 real changes made)
(5934 real changes made)
(5934 real changes made)

      pweight: popwt
          VCE: linearized
  Single unit: missing
     Strata 1: strata
         SU 1: psu
        FPC 1: <zero>
(running mean on estimation sample)

Survey: Mean estimation

Number of strata =      11        Number of obs    =     10832
Number of PSUs   =    1060        Population size  =  21537188
                                  Design df        =      1049

--------------------------------------------------------------
             |             Linearized
             |       Mean   Std. Err.     [95% Conf. Interval]
-------------+------------------------------------------------
     h_flex5 |   53.61547   1.341373      50.98339    56.24755
    pg_flex5 |   20.39215    .718967      18.98137    21.80293
   spg_flex5 |    10.5243   .5070999      9.529258    11.51935
--------------------------------------------------------------
(running mean on estimation sample)

Survey: Mean estimation

Number of strata =      11        Number of obs    =     10832
Number of PSUs   =    1060        Population size  =  21537188
                                  Design df        =      1049

            0: rural = 0
            1: rural = 1

--------------------------------------------------------------
             |             Linearized
        Over |       Mean   Std. Err.     [95% Conf. Interval]
-------------+------------------------------------------------
h_flex5      |
           0 |   51.78667   1.672645      48.50456    55.06878
           1 |   54.41434   1.794165      50.89378     57.9349
-------------+------------------------------------------------
pg_flex5     |
           0 |   20.35688   .8436316      18.70148    22.01228
           1 |   20.40756    .975359      18.49368    22.32143
-------------+------------------------------------------------
spg_flex5    |
           0 |   10.45106   .5302436      9.410603    11.49152
           1 |    10.5563   .6949095      9.192727    11.91987
--------------------------------------------------------------
(running mean on estimation sample)

Survey: Mean estimation

Number of strata =      11        Number of obs    =     10832
Number of PSUs   =    1060        Population size  =  21537188
                                  Design df        =      1049

       Niassa: strata = Niassa
    _subpop_2: strata = Cabo Delgado
      Nampula: strata = Nampula
     Zambezia: strata = Zambezia
         Tete: strata = Tete
       Manica: strata = Manica
       Sofala: strata = Sofala
    Inhambane: strata = Inhambane
         Gaza: strata = Gaza
   _subpop_10: strata = Maputo Prov
   _subpop_11: strata = Maputo City

--------------------------------------------------------------
             |             Linearized
        Over |       Mean   Std. Err.     [95% Conf. Interval]
-------------+------------------------------------------------
h_flex5      |
      Niassa |   29.14878   3.002913      23.25638    35.04118
   _subpop_2 |   34.74024   3.372507      28.12261    41.35787
     Nampula |   43.28486   3.003892      37.39054    49.17918
    Zambezia |   66.83249   3.659031      59.65263    74.01234
        Tete |   51.88012    4.31125      43.42046    60.33977
      Manica |   66.70712   3.429548      59.97756    73.43667
      Sofala |   54.39492   4.748974      45.07635    63.71349
   Inhambane |   56.95271   4.347979      48.42098    65.48444
        Gaza |   61.62959   3.285131      55.18341    68.07576
  _subpop_10 |   75.74509   2.328905      71.17525    80.31494
  _subpop_11 |   43.47456   2.692021       38.1922    48.75692
-------------+------------------------------------------------
pg_flex5     |
      Niassa |   11.08082   1.558695       8.02231    14.13934
   _subpop_2 |   10.13265   1.290248      7.600887    12.66441
     Nampula |   14.32262   1.299249       11.7732    16.87204
    Zambezia |   24.55892   1.742476      21.13978    27.97806
        Tete |   20.21255   2.508088      15.29111    25.13399
      Manica |   26.18408   2.548408      21.18353    31.18464
      Sofala |   25.60297   4.450135      16.87079    34.33515
   Inhambane |   20.29228   1.945799      16.47418    24.11038
        Gaza |   27.72758   2.526022      22.77095    32.68421
  _subpop_10 |   32.25956   1.550892      29.21636    35.30276
  _subpop_11 |   14.87487   1.128454      12.66059    17.08916
-------------+------------------------------------------------
spg_flex5    |
      Niassa |   5.838021    .927032      4.018973    7.657069
   _subpop_2 |   4.011423   .6536254      2.728861    5.293985
     Nampula |   6.660389    .730333      5.227309    8.093469
    Zambezia |   11.82989   .9197379      10.02515    13.63462
        Tete |   11.15587   1.727489      7.766148     14.5456
      Manica |   14.04634   1.796705       10.5208    17.57189
      Sofala |   16.07787   4.134337      7.965361    24.19038
   Inhambane |   9.741864   1.256455      7.276412    12.20732
        Gaza |   16.25127   1.960146      12.40502    20.09752
  _subpop_10 |   16.93034   1.156765       14.6605    19.20017
  _subpop_11 |   6.898771    .653168      5.617107    8.180436
--------------------------------------------------------------
(running mean on estimation sample)

Survey: Mean estimation

Number of strata =      11        Number of obs    =     10832
Number of PSUs   =    1060        Population size  =  21537188
                                  Design df        =      1049

         Over: strata rural
    _subpop_1: Niassa 0
    _subpop_2: Niassa 1
    _subpop_3: Cabo Delgado 0
    _subpop_4: Cabo Delgado 1
    _subpop_5: Nampula 0
    _subpop_6: Nampula 1
    _subpop_7: Zambezia 0
    _subpop_8: Zambezia 1
    _subpop_9: Tete 0
   _subpop_10: Tete 1
   _subpop_11: Manica 0
   _subpop_12: Manica 1
   _subpop_13: Sofala 0
   _subpop_14: Sofala 1
   _subpop_15: Inhambane 0
   _subpop_16: Inhambane 1
   _subpop_17: Gaza 0
   _subpop_18: Gaza 1
   _subpop_19: Maputo Prov 0
   _subpop_20: Maputo Prov 1
   _subpop_21: Maputo City 0

--------------------------------------------------------------
             |             Linearized
        Over |       Mean   Std. Err.     [95% Conf. Interval]
-------------+------------------------------------------------
h_flex5      |
   _subpop_1 |   32.97227   3.583955      25.93974    40.00481
   _subpop_2 |   28.02887   3.755459       20.6598    35.39793
   _subpop_3 |   37.19915    7.30807      22.85905    51.53925
   _subpop_4 |   34.06911   3.752235      26.70637    41.43185
   _subpop_5 |   44.13292   4.832346      34.65075    53.61508
   _subpop_6 |   42.92951   3.754878      35.56159    50.29744
   _subpop_7 |   64.20057   6.472002      51.50103    76.90012
   _subpop_8 |   67.31214   4.111688      59.24407    75.38021
   _subpop_9 |   66.89753   6.424965      54.29028    79.50477
  _subpop_10 |   49.32036   4.880487      39.74373    58.89698
  _subpop_11 |   60.25228   4.899009       50.6393    69.86525
  _subpop_12 |    68.8303   4.241543      60.50742    77.15317
  _subpop_13 |   50.50502     6.7856      37.19013    63.81992
  _subpop_14 |   56.78646   6.289079      44.44585    69.12706
  _subpop_15 |   37.42051   4.206474      29.16645    45.67457
  _subpop_16 |   62.23725   5.519015      51.40768    73.06681
  _subpop_17 |   46.11426   5.822423      34.68934    57.53918
  _subpop_18 |   67.44403   3.654716      60.27265    74.61542
  _subpop_19 |   74.02434   2.637282      68.84939    79.19929
  _subpop_20 |   79.76367    4.51146      70.91116    88.61618
  _subpop_21 |   43.47456   2.692021       38.1922    48.75692
-------------+------------------------------------------------
pg_flex5     |
   _subpop_1 |   11.90261   1.413436       9.12913     14.6761
   _subpop_2 |   10.84012   1.977518      6.959779    14.72046
   _subpop_3 |   12.42949   3.598055      5.369287     19.4897
   _subpop_4 |   9.505749   1.249442      7.054059    11.95744
   _subpop_5 |   16.50635   2.309493      11.97459     21.0381
   _subpop_6 |    13.4076   1.573722       10.3196    16.49561
   _subpop_7 |   27.63582   3.767059      20.24399    35.02764
   _subpop_8 |   23.99817   1.986116      20.10096    27.89539
   _subpop_9 |   28.15061    4.37063      19.57444    36.72678
  _subpop_10 |   18.85949   2.830006      13.30637    24.41261
  _subpop_11 |   22.41983    2.67637      17.16818    27.67148
  _subpop_12 |   27.42225   3.273887      20.99814    33.84637
  _subpop_13 |   19.07219   2.718543      13.73778    24.40659
  _subpop_14 |   29.61812   6.680884      16.50871    42.72754
  _subpop_15 |    12.9019   1.891184      9.190968    16.61284
  _subpop_16 |   22.29178   2.439068      17.50577    27.07779
  _subpop_17 |   20.29832   3.168871      14.08027    26.51636
  _subpop_18 |   30.51174   3.193871      24.24463    36.77884
  _subpop_19 |    32.5412   1.768498        29.071    36.01139
  _subpop_20 |   31.60183   3.094795      25.52914    37.67452
  _subpop_21 |   14.87487   1.128454      12.66059    17.08916
-------------+------------------------------------------------
spg_flex5    |
   _subpop_1 |   6.177146   .9763027      4.261417    8.092874
   _subpop_2 |    5.73869   1.166467      3.449817    8.027564
   _subpop_3 |   5.532956   1.944601      1.717205    9.348707
   _subpop_4 |   3.596138   .5893479      2.439703    4.752573
   _subpop_5 |   8.253694    1.38463      5.536733    10.97065
   _subpop_6 |   5.992769   .8587222       4.30776    7.677777
   _subpop_7 |   15.13095   2.551939      10.12347    20.13844
   _subpop_8 |   11.22829   1.010569      9.245322    13.21126
   _subpop_9 |   15.51883   3.102979      9.430079    21.60758
  _subpop_10 |    10.4122   1.952902      6.580157    14.24423
  _subpop_11 |   11.33957   1.812253      7.783513    14.89562
  _subpop_12 |   14.93668   2.314658      10.39479    19.47856
  _subpop_13 |   9.344832   1.455483      6.488844    12.20082
  _subpop_14 |   20.21738   6.281948      7.890769      32.544
  _subpop_15 |   5.672116    .941615      3.824453     7.51978
  _subpop_16 |   10.84296   1.573722      7.754953    13.93096
  _subpop_17 |   11.61797   2.172939      7.354169    15.88177
  _subpop_18 |   17.98762   2.534514      13.01433    22.96092
  _subpop_19 |   17.41705   1.295919      14.87417    19.95994
  _subpop_20 |   15.79368   2.332259      11.21726    20.37011
  _subpop_21 |   6.898771    .653168      5.617107    8.180436
--------------------------------------------------------------
(running mean on estimation sample)

Survey: Mean estimation

Number of strata =      11        Number of obs    =     10832
Number of PSUs   =    1060        Population size  =  21537188
                                  Design df        =      1049

    _subpop_1: spdomain = Niassa & Cabo Delg.-rur
    _subpop_2: spdomain = Niassa & Cabo Delg.-urb
    _subpop_3: spdomain = Nampula-rural
    _subpop_4: spdomain = Nampula-urban
    _subpop_5: spdomain = Sofala & Zambezia-rural
    _subpop_6: spdomain = Sofala & Zambezia-urban
    _subpop_7: spdomain = Manica & Tete-rural
    _subpop_8: spdomain = Manica & Tete-urbana
    _subpop_9: spdomain = Gaza & Inhambane-rural
   _subpop_10: spdomain = Gaza & Inhambane-urban
   _subpop_11: spdomain = Maputo Province-rural
   _subpop_12: spdomain = Maputo Province-urban
   _subpop_13: spdomain = Maputo City

--------------------------------------------------------------
             |             Linearized
        Over |       Mean   Std. Err.     [95% Conf. Interval]
-------------+------------------------------------------------
h_flex5      |
   _subpop_1 |   31.49083    2.66406      26.26334    36.71833
   _subpop_2 |   35.32156   4.485973      26.51906    44.12406
   _subpop_3 |   42.92951   3.754878      35.56159    50.29744
   _subpop_4 |   44.13292   4.832346      34.65075    53.61508
   _subpop_5 |   64.80599   3.603897      57.73432    71.87766
   _subpop_6 |   57.17197   4.667622      48.01303    66.33091
   _subpop_7 |   57.23608   3.396365      50.57164    63.90052
   _subpop_8 |   63.11971   3.958947      55.35136    70.88807
   _subpop_9 |   64.77419   3.400935      58.10078     71.4476
  _subpop_10 |   42.36077   3.749233      35.00392    49.71762
  _subpop_11 |   79.76367    4.51146      70.91116    88.61618
  _subpop_12 |   74.02434   2.637282      68.84939    79.19929
  _subpop_13 |   43.47456   2.692021       38.1922    48.75692
-------------+------------------------------------------------
pg_flex5     |
   _subpop_1 |   10.07532    1.11401      7.889382    12.26127
   _subpop_2 |   12.19545   2.110525       8.05412    16.33678
   _subpop_3 |    13.4076   1.573722       10.3196    16.49561
   _subpop_4 |   16.50635   2.309493      11.97459     21.0381
   _subpop_5 |   25.33627   2.191673      21.03571    29.63684
   _subpop_6 |   23.24093   2.320211      18.68815    27.79372
   _subpop_7 |   22.33364    2.12575      18.16243    26.50485
   _subpop_8 |   24.89267   2.440087      20.10467    29.68068
   _subpop_9 |   26.29685   2.068131       22.2387    30.35499
  _subpop_10 |   17.10495   1.999452      13.18157    21.02833
  _subpop_11 |   31.60183   3.094795      25.52914    37.67452
  _subpop_12 |    32.5412   1.768498        29.071    36.01139
  _subpop_13 |   14.87487   1.128454      12.66059    17.08916
-------------+------------------------------------------------
spg_flex5    |
   _subpop_1 |   4.510686   .6164678      3.301035    5.720336
   _subpop_2 |   5.819107   1.148004       3.56646    8.071753
   _subpop_3 |   5.992769   .8587222       4.30776    7.677777
   _subpop_4 |   8.253694    1.38463      5.536733    10.97065
   _subpop_5 |   13.36858    1.75352      9.927771    16.80938
   _subpop_6 |    12.1615    1.47122      9.274628    15.04837
   _subpop_7 |    12.2479   1.480298       9.34322    15.15259
   _subpop_8 |   13.14293   1.693428      9.820036    16.46582
   _subpop_9 |    14.3241   1.528108       11.3256     17.3226
  _subpop_10 |   9.050875   1.339963      6.421561    11.68019
  _subpop_11 |   15.79368   2.332259      11.21726    20.37011
  _subpop_12 |   17.41705   1.295919      14.87417    19.95994
  _subpop_13 |   6.898771    .653168      5.617107    8.180436
--------------------------------------------------------------
rural was float now byte
news was float now byte
reg_tpi was float now byte
strata was float now byte
spdomain was float now byte
h_flex5 was float now byte
file C:\Users\Templeton\Desktop\GAPP\GAPP-UGANDA-HARUNA\ww-ug\10_MZ/work/cons_real_it5.dta 
> saved

    Variable |     Obs      Weight        Mean   Std. Dev.       Min        Max
-------------+-----------------------------------------------------------------
     h_flex5 |   10832  21537187.8    53.61547   49.87141          0        100
file C:\Users\Templeton\Desktop\GAPP\GAPP-UGANDA-HARUNA\ww-ug\10_MZ/work/foodshares_it5.dta
>  saved

. **************************************************************************
> * Send results to one big csv-file
> **************************************************************************;
. use "$path/work/cons_real_it`lastpass'.dta", clear ;

.         gen dum=1;

.         collapse (mean) dum h_flex`lastpass' pg_flex`lastpass' spg_flex`lastpass' [aw=pop
> wt];

. gen geo="National";

. gen geono=dum;

. tempfile nat;

. save `nat';
file C:\Users\TEMPLE~1\AppData\Local\Temp\ST_0j000014.tmp saved

.         use "$path/work/cons_real_it`lastpass'.dta", clear ;

.         collapse (mean) h_flex`lastpass' pg_flex`lastpass' spg_flex`lastpass' [aw=popwt],
>  by(rural);

. gen geo="Rural/Urban";

. gen geono=rural;

. tempfile rur;

. save `rur';
file C:\Users\TEMPLE~1\AppData\Local\Temp\ST_0j000015.tmp saved

. use "$path/work/cons_real_it`lastpass'.dta", clear ;

.         collapse (mean) h_flex`lastpass' pg_flex`lastpass' spg_flex`lastpass' [aw=popwt],
>  by(news);

. gen geo="North/Center/South";

. gen geono=news;

. tempfile new;

. save `new';
file C:\Users\TEMPLE~1\AppData\Local\Temp\ST_0j000016.tmp saved

. use "$path/work/cons_real_it`lastpass'.dta", clear ;

.         collapse (mean) h_flex`lastpass' pg_flex`lastpass' spg_flex`lastpass' [aw=popwt],
>  by(reg_tpi);

. gen geo="TPI - 6 regions";

. gen geono=reg_tpi;

. tempfile rtp;

. save `rtp';
file C:\Users\TEMPLE~1\AppData\Local\Temp\ST_0j000017.tmp saved

. use "$path/work/cons_real_it`lastpass'.dta", clear ;

.         collapse (mean) h_flex`lastpass' pg_flex`lastpass' spg_flex`lastpass' [aw=popwt],
>  by(strata);

. gen geo="Provinces";

. gen geono=strata;

. tempfile str;

. save `str';
file C:\Users\TEMPLE~1\AppData\Local\Temp\ST_0j000018.tmp saved

. use "$path/work/cons_real_it`lastpass'.dta", clear ;

.         collapse (mean) h_flex`lastpass' pg_flex`lastpass' spg_flex`lastpass' [aw=popwt],
>  by(spdomain);

. gen geo="Spatial domains";

. gen geono=spdomain;

. tempfile r13;

. save `r13';
file C:\Users\TEMPLE~1\AppData\Local\Temp\ST_0j000019.tmp saved

. clear;

. set obs 1;
obs was 0, now 1

. gen geo=" ";

. tempfile one;

. save `one';
file C:\Users\TEMPLE~1\AppData\Local\Temp\ST_0j00001a.tmp saved

. use          `nat';

. append using `one';

. append using `rur';
geo was str8 now str11

. append using `one';

. append using `new';
geo was str11 now str18

. append using `one';

. append using `rtp';

. append using `one';

. append using `str';

. append using `one';

. append using `r13';

. outsheet geo geono h_flex`lastpass' pg_flex`lastpass' spg_flex`lastpass' dum rural news r
> eg_tpi strata spdomain using "$path\work\poverty_flexBask.csv", replace c;

. **************************************************************************
> * Convergence graph (based on 5 iterations)
> **************************************************************************;
. #delimit cr
delimiter now cr
. 
. clear

. set obs 1
obs was 0, now 1

. gen iteration=.
(1 missing value generated)

. tempfile converg

. save `converg'
file C:\Users\TEMPLE~1\AppData\Local\Temp\ST_0j00001b.tmp saved

. 
. forvalues X = 1/5 {
  2.         use "$path/work/cons_real_it`X'.dta", clear
  3.         collapse (mean) h_flex`X' pg_flex`X' spg_flex`X' [aw=popwt], by(strata)
  4.         rename h_flex`X' h_flex
  5.         rename pg_flex`X' pg_flex
  6.         rename spg_flex`X' spg_flex
  7.         gen iteration=`X'
  8.         order iteration
  9.         *sum
.         if `X' != 1     {
 10.                 append using `converg'
 11.                         }
 12.         save `converg', replace
 13.         }
file C:\Users\TEMPLE~1\AppData\Local\Temp\ST_0j00001b.tmp saved
(label province already defined)
file C:\Users\TEMPLE~1\AppData\Local\Temp\ST_0j00001b.tmp saved
(label province already defined)
file C:\Users\TEMPLE~1\AppData\Local\Temp\ST_0j00001b.tmp saved
(label province already defined)
file C:\Users\TEMPLE~1\AppData\Local\Temp\ST_0j00001b.tmp saved
(label province already defined)
file C:\Users\TEMPLE~1\AppData\Local\Temp\ST_0j00001b.tmp saved

. 
. use `converg', clear

. sum

    Variable |       Obs        Mean    Std. Dev.       Min        Max
-------------+--------------------------------------------------------
   iteration |        55           3    1.427248          1          5
      strata |        55           6    3.191424          1         11
      h_flex |        55    53.22987     13.9193   28.55713   75.97523
     pg_flex |        55    20.70733    7.042571   10.01496   32.72095
    spg_flex |        55    10.88823    4.439071   3.946543   17.25626

. 
. twoway (connected h_flex iteration), by(, title(Convergence graph: Poverty rate. %) subti
> tle(After iterative procedure)) by(strata)

. graph export "$path/work/converge_pov_rate.tif", replace
(file C:\Users\Templeton\Desktop\GAPP\GAPP-UGANDA-HARUNA\ww-ug\10_MZ/work/converge_pov_rate
> .tif written in TIFF format)

. 
. sort strata iteration

. 
. for var h_flex pg_flex spg_flex: replace X = round(X,0.01)

->  replace h_flex = round(h_flex,0.01)
(55 real changes made)

->  replace pg_flex = round(pg_flex,0.01)
(55 real changes made)

->  replace spg_flex = round(spg_flex,0.01)
(55 real changes made)

. 
. list strata iteration h_flex pg_flex spg_flex

     +-------------------------------------------------------+
     |       strata   iterat~n   h_flex   pg_flex   spg_flex |
     |-------------------------------------------------------|
  1. |       Niassa          1    30.04      11.3       5.96 |
  2. |       Niassa          2    28.56     10.98       5.78 |
  3. |       Niassa          3    28.56     10.99       5.78 |
  4. |       Niassa          4    28.56     11.01        5.8 |
  5. |       Niassa          5    29.15     11.08       5.84 |
     |-------------------------------------------------------|
  6. | Cabo Delgado          1    35.02     10.38       4.15 |
  7. | Cabo Delgado          2    34.62     10.01       3.95 |
  8. | Cabo Delgado          3    34.62     10.02       3.95 |
  9. | Cabo Delgado          4    34.62     10.05       3.96 |
 10. | Cabo Delgado          5    34.74     10.13       4.01 |
     |-------------------------------------------------------|
 11. |      Nampula          1    43.99     14.64       6.83 |
 12. |      Nampula          2    43.28     14.37       6.69 |
 13. |      Nampula          3    43.28     14.32       6.66 |
 14. |      Nampula          4    43.28     14.37       6.69 |
 15. |      Nampula          5    43.28     14.32       6.66 |
     |-------------------------------------------------------|
 16. |     Zambezia          1    67.35     24.99      12.09 |
 17. |     Zambezia          2    66.83     24.56      11.83 |
 18. |     Zambezia          3    66.86     24.57      11.84 |
 19. |     Zambezia          4    66.86     24.59      11.85 |
 20. |     Zambezia          5    66.83     24.56      11.83 |
     |-------------------------------------------------------|
 21. |         Tete          1    53.82     20.52      11.33 |
 22. |         Tete          2    51.88     20.22      11.16 |
 23. |         Tete          3    51.88     20.21      11.16 |
 24. |         Tete          4    51.88     20.22      11.16 |
 25. |         Tete          5    51.88     20.21      11.16 |
     |-------------------------------------------------------|
 26. |       Manica          1    67.07     26.57      14.28 |
 27. |       Manica          2    66.93     26.19      14.05 |
 28. |       Manica          3    66.71     26.18      14.05 |
 29. |       Manica          4    66.93     26.19      14.05 |
 30. |       Manica          5    66.71     26.18      14.05 |
     |-------------------------------------------------------|
 31. |       Sofala          1     54.7     25.93      16.29 |
 32. |       Sofala          2    54.39      25.6      16.08 |
 33. |       Sofala          3    54.48     25.64       16.1 |
 34. |       Sofala          4    54.52     25.66      16.12 |
 35. |       Sofala          5    54.39      25.6      16.08 |
     |-------------------------------------------------------|
 36. |    Inhambane          1     57.3     20.45       9.83 |
 37. |    Inhambane          2    56.95     20.36       9.78 |
 38. |    Inhambane          3    56.95     20.29       9.74 |
 39. |    Inhambane          4    56.95     20.24       9.71 |
 40. |    Inhambane          5    56.95     20.29       9.74 |
     |-------------------------------------------------------|
 41. |         Gaza          1    61.63     27.88      16.36 |
 42. |         Gaza          2     61.4     27.76      16.27 |
 43. |         Gaza          3    61.63     27.73      16.25 |
 44. |         Gaza          4     61.4     27.66      16.21 |
 45. |         Gaza          5    61.63     27.73      16.25 |
     |-------------------------------------------------------|
 46. |  Maputo Prov          1    75.98     32.72      17.26 |
 47. |  Maputo Prov          2    75.75     32.26      16.93 |
 48. |  Maputo Prov          3    75.75     32.26      16.93 |
 49. |  Maputo Prov          4    75.75     32.26      16.93 |
 50. |  Maputo Prov          5    75.75     32.26      16.93 |
     |-------------------------------------------------------|
 51. |  Maputo City          1    43.47     14.89       6.91 |
 52. |  Maputo City          2    43.47     14.87       6.89 |
 53. |  Maputo City          3    43.47     14.87        6.9 |
 54. |  Maputo City          4    43.47     14.87        6.9 |
 55. |  Maputo City          5    43.47     14.87        6.9 |
     +-------------------------------------------------------+

.         
. #delimit ;
delimiter now ;
. **************************************************************************
> * 140_iterate.do        (end)
> **************************************************************************;
. cap log close;
