--------------------------------------------------------------------------------------------------------------------------
      name:  <unnamed>
       log:  /home/bjvca/data/data/GAP/Haruna/UNPS_2011/GAPP3//rep/020_hhdata.log
  log type:  text
 opened on:   8 Jul 2013, 20:05:46

. clear

. set more off

. #delimit ;
delimiter now ;
. **************************************************************************
> * 020_hhdata.do         (start)
> *
> * Organize the hhid identifier in the HHData file the same way, and keep
> * only the relevant variables.
> *
> * This file sets:
> * - interview month, quarter and year
> * - regions: make all needed regions. But in the end only the one specified
> *            in initial.do are kept. These are
> *            - rural: 0=urban, 1=rural
> *            - news: speficifying North, East, West, South. But combinations
> *                    are also possible, eg. North-East, Center,...
> *            - reg_tpi: regions with own TPI
> *            - strata: strata regions
> *            - spdomain: spatial domains (regions with own poverty line)
> *            - news_ru_ur: combination of news and rural
> **************************************************************************;
. use "$path/in/hhdata.dta", clear;
(Household master record (1 record per household))

. *recode spdomain 10=1 11=2 20=3 30=4 40=5 these have been set to five for Uganda to ensure hwe have at least 1000 househ
> olds per domain;
. tab spdomain, missing;

      Spatial |
domains: each |
     with own |
 poverty line |
 (they are 5) |      Freq.     Percent        Cum.
--------------+-----------------------------------
Central Urban |        304       11.19       11.19
Central Rural |        529       19.48       30.67
      Eastern |        647       23.82       54.49
     Northern |        693       25.52       80.01
      Western |        535       19.70       99.71
            . |          8        0.29      100.00
--------------+-----------------------------------
        Total |      2,716      100.00

.         sort hhid;

.         save "$path/work/hhdata.dta", replace;
(note: file /home/bjvca/data/data/GAP/Haruna/UNPS_2011/GAPP3//work/hhdata.dta not found)
file /home/bjvca/data/data/GAP/Haruna/UNPS_2011/GAPP3//work/hhdata.dta saved

.         sum;

    Variable |       Obs        Mean    Std. Dev.       Min        Max
-------------+--------------------------------------------------------
        hhid |      2716    1.32e+11    4.07e+12   1.01e+09   2.12e+14
      region |      2716    2.271723    1.217652          0          4
       urban |      2716    .2249632     .417635          0          1
      regurb |      2708    23.65694    11.05195         10         41
      strata |      2716    3.830265    1.511984          1          6
-------------+--------------------------------------------------------
         psu |      2716     2435254     1116982    1010002    4190035
       h1aq1 |         0
      h1aq2b |         0
      h1aq3b |         0
      h1aq4b |         0
-------------+--------------------------------------------------------
         day |      2661     18.1879    8.160423          1         31
       month |      2668    6.456147     3.54244          1         12
        year |      2668    2010.741    .4379588       2010       2011
interview_~t |      2716    1.021723    .1458049          1          2
      reason |        49    46.42857    48.00477          1         99
-------------+--------------------------------------------------------
   hh_status |      2716    1.037555    .2688009          1          3
spitoff09_10 |      2716    .0942563    .2922387          0          1
spitoff10_11 |      2716    .0180412     .133125          0          1
    hhweight |      2715    2207.802    1694.047   308.1181   8736.727
    survquar |      2668    2.452024    1.105744          1          4
-------------+--------------------------------------------------------
     survmon |      2668    6.352699    3.368011          1         12
       rural |      2716    .7750368     .417635          0          1
     reg_tpi |      2716    2.271723    1.217652          0          4
    spdomain |      2708    3.231167    1.279732          1          5
        news |      2708    2.343427    1.111882          1          4
-------------+--------------------------------------------------------
        bswt |      2716           1           0          1          1
      hhsize |      2714     7.06706    3.584677          1         29

. use "$path/in/indata.dta", clear;
(One record per person per household (i.e. The roster information) Sections 2 -5)

.         *sort hhid;
.         save "$path/work/indata.dta", replace;
(note: file /home/bjvca/data/data/GAP/Haruna/UNPS_2011/GAPP3//work/indata.dta not found)
file /home/bjvca/data/data/GAP/Haruna/UNPS_2011/GAPP3//work/indata.dta saved

.         sum;

    Variable |       Obs        Mean    Std. Dev.       Min        Max
-------------+--------------------------------------------------------
       indid |     16725    1.03e+13    3.30e+14   1.24e+11   4.23e+16
    motherhh |     15196    .4197157    .4935286          0          1
        hhid |     16592    5.58e+10    1.66e+12   1.01e+09   2.12e+14
         sex |     16592    .4836668    .4997482          0          1
         age |     15924    20.66874    18.32459          0        100

. use "$path/in/calperg.dta", clear;

.         *sort hhid;
.         save "$path/work/calperg.dta", replace;
(note: file /home/bjvca/data/data/GAP/Haruna/UNPS_2011/GAPP3//work/calperg.dta not found)
file /home/bjvca/data/data/GAP/Haruna/UNPS_2011/GAPP3//work/calperg.dta saved

.         sum;

    Variable |       Obs        Mean    Std. Dev.       Min        Max
-------------+--------------------------------------------------------
     product |        62       130.5    18.04162        100        161
    descript |         0
     calperg |        62    1.980935    2.136932          0       8.84

. use "$path/in/cons_cod.dta", clear;

.                 save "$path/work/cons_cod.dta", replace;
(note: file /home/bjvca/data/data/GAP/Haruna/UNPS_2011/GAPP3//work/cons_cod.dta not found)
file /home/bjvca/data/data/GAP/Haruna/UNPS_2011/GAPP3//work/cons_cod.dta saved

. use "$path/in/cons_cod_trans.dta", clear;
(HH food cons. (1 rec per item cons. cat A& B per HH; Cat B: only T6SQ1 + T6AEQ3))

.                 save "$path/work/cons_cod_trans.dta", replace;
(note: file /home/bjvca/data/data/GAP/Haruna/UNPS_2011/GAPP3//work/cons_cod_trans.dta not found)
file /home/bjvca/data/data/GAP/Haruna/UNPS_2011/GAPP3//work/cons_cod_trans.dta saved

. /*
> use "$path/in/cons_cod_trans.dta", clear;
>         *sort hhid;
>         sum;
> for var value quantityd cod_hh_nom cod_hh_nom2 cod_hh_nom3: replace X=0 if X==.;
> collapse food_cat prod_cat (sum) value quantityd cod_hh_nom cod_hh_nom2 cod_hh_nom3, by(hhid product descript);
>         save "$path/work/cons_cod.dta", replace;
>         sum;
> */
>  
> **************************************************************************
> * 020_hhdata.do         (end)
> **************************************************************************;
. cap log close;
