--------------------------------------------------------------------------------------------------------------------------
      name:  <unnamed>
       log:  /home/bjvca/data/data/GAP/Haruna/UNPS_2011/GAPP3//rep/110_price_unit_flex.log
  log type:  text
 opened on:   8 Jul 2013, 20:15:22

. clear

. set more off

. #delimit ;
delimiter now ;
. ****************************************************************************************
> * 110_price_unit_flex.do                (start)
> *
> * Purpose: This do file creates a price_unit_flex database with the unit prices of the
> * goods of the flexible food basket in order to determine the poverty lines per spatial
> * domain. It uses the files work/daily.dta and work/own.dta file and draw unit prices
> * by: sum of values and quantity
> ****************************************************************************************;
. *CA modified to bring in work/hhdata.dta for bootstrap
> *CA check for price calcs conditional on number of observations;
. /*
> This file uses:
>         work/daily.dta
>         work/own.dta
>         work/hhdata.dta
>         work/consump_nom.dta
>         work/codes_food_basket_flex.dta
>         work/temp_index_reg_tpi.dta
>           new/conversions.do
> 
> This file creates:
>         work/price_unit_flex.dta
>         work/bottom_basket.dta
> */
> 
> 
> 
> 
> *do "$path/new/010_initial.do";
. **************************************************************************************
> * Create sorted data set with daily and own and the matched codes
> **************************************************************************************;
. use "$path/work/cons_cod_trans.dta", clear;
(HH food cons. (1 rec per item cons. cat A& B per HH; Cat B: only T6SQ1 + T6AEQ3))

. *use "$path/in/cons_cod_trans.dta", clear;
. *save "$path/work/cons_cod_trans.dta", replace;
. *drop if quantityd==0 ;
. keep hhid product food_cat valuez quantityz unit;

. rename valuez    value;

. rename quantityz quantity;

. drop if quantity==0 ;
(779 observations deleted)

. *drop count;
.         sort product;

.         gen count=1;

.                 tempfile dd_acsort;

. save `dd_acsort', replace;
(note: file /tmp/St02337.000001 not found)
file /tmp/St02337.000001 saved

. /*
> use "$path/work/daily.dta";
> tempfile dd_acsort;
>         drop days;
>         sort product;
>         tempfile dd_acsort;
> save `dd_acsort', replace;
> 
> use "$path/work/own.dta";
>         keep hhid product valued quantityd unit;
>         rename valued value;
>         rename quantityd quantity;
> 
>         *CHECK THE ZEROS IN quantity FOR NOW DELETE;
>         drop if quantity==0;
> 
>         append using `dd_acsort';
> 
> *CA modified to merge in work/hhdata.dta for bootstrap;
>         sort hhid;
>       merge hhid using "$path/work/hhdata.dta";
>       tab _m;
> 
> * Drop observations if non existent in HH data set;
> drop if _m!=3;
> drop _m;
> 
> 
>         sort product;
>         gen count=1;
> 
> 
> save `dd_acsort', replace;
> */
> 
> 
> **************************************************************************************;
. * Merge the flexible food basket codes with the daily and own data sets
> * Drop all codes not a part of the flexible food basket
> **************************************************************************************;
.         merge product using "$path/work/codes_food_basket_flex.dta";
variable product does not uniquely identify observations in the master data
product was int now float

.         tab _merge;

     _merge |      Freq.     Percent        Cum.
------------+-----------------------------------
          1 |      5,447       16.20       16.20
          2 |          2        0.01       16.20
          3 |     28,178       83.80      100.00
------------+-----------------------------------
      Total |     33,627      100.00

.         drop if _merge~=3;
(5449 observations deleted)

.         drop _merge;

. **************************************************************************************;
. * Drop observations where product code or quantity or value information is unavailable
> **************************************************************************************;
.                                 codebook hhid;

--------------------------------------------------------------------------------------------------------------------------
hhid                                                                                                          household id
--------------------------------------------------------------------------------------------------------------------------

                  type:  numeric (double)

                 range:  [1.013e+09,2.115e+14]        units:  1
         unique values:  2582                     missing .:  140/28178

                  mean:   1.5e+11
              std. dev:   4.4e+12

           percentiles:        10%       25%       50%       75%       90%
                           1.1e+09   1.1e+09   2.2e+09   4.0e+09   1.1e+11

. *        drop if product==. | value==. | quantity==.  ;
.                                 codebook hhid;

--------------------------------------------------------------------------------------------------------------------------
hhid                                                                                                          household id
--------------------------------------------------------------------------------------------------------------------------

                  type:  numeric (double)

                 range:  [1.013e+09,2.115e+14]        units:  1
         unique values:  2582                     missing .:  140/28178

                  mean:   1.5e+11
              std. dev:   4.4e+12

           percentiles:        10%       25%       50%       75%       90%
                           1.1e+09   1.1e+09   2.2e+09   4.0e+09   1.1e+11

. **************************************************************************************;
. * Convert non-KG quantities (units and liters) to kilograms;
. **************************************************************************************;
. *do "$path/new/110a_conversions.do"
> 
> ********************************************************************
> * There remain a few difficult to interpret observations such as liters
> * of fish and liters of pasta. These are dropped
> ********************************************************************;
. *        drop if unit~=2;
. ********************************************************************
> * Merge in labels for the 13 spatial domains
> ********************************************************************;
.         preserve;

.                 use "$path/work/hhdata.dta", clear;
(Household master record (1 record per household))

.                                                                         keep hhid spdomain reg_tpi survquar;

.                         sort hhid;

.                         tempfile spdomainreg_tpi;

.                 save `spdomainreg_tpi', replace;
(note: file /tmp/St02337.000003 not found)
file /tmp/St02337.000003 saved

.                                 codebook hhid;

--------------------------------------------------------------------------------------------------------------------------
hhid                                                                                                          Household ID
--------------------------------------------------------------------------------------------------------------------------

                  type:  numeric (double)

                 range:  [1.013e+09,2.115e+14]        units:  1
         unique values:  2716                     missing .:  0/2716

                  mean:   1.3e+11
              std. dev:   4.1e+12

           percentiles:        10%       25%       50%       75%       90%
                           1.1e+09   1.1e+09   3.0e+09   4.0e+09   1.1e+11

.         restore;

.                 sort hhid;

.         merge hhid using `spdomainreg_tpi';
variable hhid does not uniquely identify observations in the master data

.         tab _merge;

     _merge |      Freq.     Percent        Cum.
------------+-----------------------------------
          1 |        140        0.49        0.49
          2 |        134        0.47        0.97
          3 |     28,038       99.03      100.00
------------+-----------------------------------
      Total |     28,312      100.00

.         drop _merge;

.         drop if product==.;
(156 observations deleted)

. codebook hhid;

--------------------------------------------------------------------------------------------------------------------------
hhid                                                                                                          household id
--------------------------------------------------------------------------------------------------------------------------

                  type:  numeric (double)

                 range:  [1.013e+09,2.115e+14]        units:  1
         unique values:  2560                     missing .:  140/28156

                  mean:   1.5e+11
              std. dev:   4.4e+12

           percentiles:        10%       25%       50%       75%       90%
                           1.1e+09   1.1e+09   2.2e+09   4.0e+09   1.1e+11

. tab spd;

      Spatial |
domains: each |
     with own |
 poverty line |
 (they are 5) |      Freq.     Percent        Cum.
--------------+-----------------------------------
Central Urban |      3,776       13.48       13.48
Central Rural |      5,379       19.20       32.68
      Eastern |      7,082       25.28       57.96
     Northern |      7,190       25.66       83.62
      Western |      4,589       16.38      100.00
--------------+-----------------------------------
        Total |     28,016      100.00

. sum if spd>=3;

    Variable |       Obs        Mean    Std. Dev.       Min        Max
-------------+--------------------------------------------------------
        hhid |     18861    5.33e+10    2.43e+11   1.07e+09   2.32e+12
     product |     19001    130.8395     15.6652        101        171
    quantity |     18861    .6004119    1.229895   .0071429         60
       value |     18861    437.4125    671.2989   2.857143      15000
        unit |     18861           1           0          1          1
-------------+--------------------------------------------------------
    food_cat |     18861           1           0          1          1
       count |     19001           1           0          1          1
    descript |     19001           1           0          1          1
      numreg |     19001     3.68428    1.336039          1          5
    survquar |     18861    2.513228    1.123261          1          4
-------------+--------------------------------------------------------
     reg_tpi |     18861    2.867822    .7754683          2          4
    spdomain |     18861    3.867822    .7754683          3          5

. table spdomain, content(mean quantity count quantity count hhid) row missing;

--------------------------------------------------------------
Spatial       |
domains: each |
with own      |
poverty line  |
(they are 5)  | mean(quantity)     N(quantity)         N(hhid)
--------------+-----------------------------------------------
Central Urban |       .4677047           3,776           3,776
Central Rural |       .5302123           5,379           5,379
      Eastern |       .6385076           7,082           7,082
     Northern |       .5574299           7,190           7,190
      Western |       .6089644           4,589           4,589
              | 
        Total |       .5690475          28,016          28,016
--------------------------------------------------------------

.         drop if product==. | value==. | quantity==.  ;
(140 observations deleted)

. codebook hhid;

--------------------------------------------------------------------------------------------------------------------------
hhid                                                                                                          household id
--------------------------------------------------------------------------------------------------------------------------

                  type:  numeric (double)

                 range:  [1.013e+09,2.115e+14]        units:  1
         unique values:  2560                     missing .:  0/28016

                  mean:   1.5e+11
              std. dev:   4.4e+12

           percentiles:        10%       25%       50%       75%       90%
                           1.1e+09   1.1e+09   2.2e+09   4.0e+09   1.1e+11

. tab spd;

      Spatial |
domains: each |
     with own |
 poverty line |
 (they are 5) |      Freq.     Percent        Cum.
--------------+-----------------------------------
Central Urban |      3,776       13.48       13.48
Central Rural |      5,379       19.20       32.68
      Eastern |      7,082       25.28       57.96
     Northern |      7,190       25.66       83.62
      Western |      4,589       16.38      100.00
--------------+-----------------------------------
        Total |     28,016      100.00

. ********************************************************************
> * Merge in temporal price index to convert nominal value to real
> ********************************************************************;
.         sort reg_tpi survquar;

.         merge reg_tpi survquar using "$path/work/temp_index_reg_tpi.dta";
variables reg_tpi survquar do not uniquely identify observations in the master data
(label lsurvquar already defined)
(label lbreg already defined)

.         tab _merge;

     _merge |      Freq.     Percent        Cum.
------------+-----------------------------------
          1 |      2,243        8.01        8.01
          3 |     25,773       91.99      100.00
------------+-----------------------------------
      Total |     28,016      100.00

.         drop if _merge ~= 3;
(2243 observations deleted)

.         drop _merge;

.         gen value_r=value/tpi_trim;

. **************************************************************************;
. * Identify relatively poor households, based on nominal temporally adjusted
> * consumption per capita. Only work with these households for the price
> * calculations.
> **************************************************************************;
.                 preserve;

.                         use "$path/work/conpc.dta", clear;

. *                       use "$path/work/consump_nom.dta", clear;
. *CA modified to merge in work/hhdata.dta for bootstrap;
.         sort hhid;

.       merge hhid using "$path/work/hhdata.dta";

.       tab _m;

     _merge |      Freq.     Percent        Cum.
------------+-----------------------------------
          1 |          1        0.04        0.04
          3 |      2,716       99.96      100.00
------------+-----------------------------------
      Total |      2,717      100.00

.       drop _m;

. *CA modified to keep bswt;
.                                 keep hhid hhweight hhsize cons_pc_nom bswt ;

.                                 sort hhid;

.                                 merge hhid using `spdomainreg_tpi';
(label lbreg already defined)
(label lsurvquar already defined)
(label lspdomain already defined)

.                                 tab _merge;

     _merge |      Freq.     Percent        Cum.
------------+-----------------------------------
          1 |          1        0.04        0.04
          3 |      2,716       99.96      100.00
------------+-----------------------------------
      Total |      2,717      100.00

.                                 drop _merge;

.                                 sort reg_tpi survquar;

.                                 cap drop _merge;

.                                 merge reg_tpi survquar using "$path/work/temp_index_reg_tpi.dta";
variables reg_tpi survquar do not uniquely identify observations in the master data
(label lsurvquar already defined)
(label lbreg already defined)

.                                 tab _merge;

     _merge |      Freq.     Percent        Cum.
------------+-----------------------------------
          1 |        225        8.28        8.28
          3 |      2,492       91.72      100.00
------------+-----------------------------------
      Total |      2,717      100.00

.                                 drop _merge;

.                                 sort hhid;

.                                 merge hhid using "$path/work/conpc.dta";

.                                 tab _merge;

     _merge |      Freq.     Percent        Cum.
------------+-----------------------------------
          3 |      2,717      100.00      100.00
------------+-----------------------------------
      Total |      2,717      100.00

.                                 drop _merge;

.                                 gen food_pc_tpi  = food_pc_nom /tpi_trim;
(225 missing values generated)

.                                 lab var food_pc_tpi "Temp-adjusted per capita food consumption/day";

.                                                                 * Non-food not TPI adjusted ;
.                                 gen cons_pc_tpi = food_pc_tpi + nf_pc_nom;
(225 missing values generated)

.                                 lab var cons_pc_tpi "Temp adjusted total consumption/day";

.                                 gen one=1;

.                                 tempfile contpi;

.                                 save `contpi', replace;
(note: file /tmp/St02337.000005 not found)
file /tmp/St02337.000005 saved

.                                 collapse (p$bottom) one cons_pc_tpi [aw=hhsize*hhweight], by(spdomain) ;

.                                 rename cons_pc_tpi pctile_60;

.                                 tempfile 60pct;

.                                 sort spdomain;

.                                 save `60pct', replace;
(note: file /tmp/St02337.000006 not found)
file /tmp/St02337.000006 saved

.                                 use `contpi';

.                                         sort spdomain;

.                                         merge spdomain using `60pct';
variable spdomain does not uniquely identify observations in the master data
(label lspdomain already defined)

.                                         tab _merge;

     _merge |      Freq.     Percent        Cum.
------------+-----------------------------------
          3 |      2,717      100.00      100.00
------------+-----------------------------------
      Total |      2,717      100.00

.                                         drop _merge;

.                                         drop one;

.                                         sort spdomain;

.                                         gen bottom_basket=cons_pc_tpi< pctile_60;

.                                         by spdomain: tab bottom_basket [aw=hhsize*hhweight];

--------------------------------------------------------------------------------------------------------------------------
-> spdomain = Central Urban

bottom_bask |
         et |      Freq.     Percent        Cum.
------------+-----------------------------------
          0 | 217.154212       71.43       71.43
          1 | 86.8457882       28.57      100.00
------------+-----------------------------------
      Total |        304      100.00

--------------------------------------------------------------------------------------------------------------------------
-> spdomain = Central Rural

bottom_bask |
         et |      Freq.     Percent        Cum.
------------+-----------------------------------
          0 | 162.297213       30.68       30.68
          1 | 366.702787       69.32      100.00
------------+-----------------------------------
      Total |        529      100.00

--------------------------------------------------------------------------------------------------------------------------
-> spdomain = Eastern

bottom_bask |
         et |      Freq.     Percent        Cum.
------------+-----------------------------------
          0 |   200.1663       30.99       30.99
          1 |   445.8337       69.01      100.00
------------+-----------------------------------
      Total |        646      100.00

--------------------------------------------------------------------------------------------------------------------------
-> spdomain = Northern

bottom_bask |
         et |      Freq.     Percent        Cum.
------------+-----------------------------------
          0 | 213.532491       30.81       30.81
          1 | 479.467509       69.19      100.00
------------+-----------------------------------
      Total |        693      100.00

--------------------------------------------------------------------------------------------------------------------------
-> spdomain = Western

bottom_bask |
         et |      Freq.     Percent        Cum.
------------+-----------------------------------
          0 | 174.838781       32.68       32.68
          1 | 360.161219       67.32      100.00
------------+-----------------------------------
      Total |        535      100.00

--------------------------------------------------------------------------------------------------------------------------
-> spdomain = .

bottom_bask |
         et |      Freq.     Percent        Cum.
------------+-----------------------------------
          0 |          7      100.00      100.00
------------+-----------------------------------
      Total |          7      100.00


.                                         lab var bottom_basket "=1 if in bottom (60%) of PCE";

.                                         sort hhid;

.                                                                 save "$path/work/bottom_basket.dta", replace;
(note: file /home/bjvca/data/data/GAP/Haruna/UNPS_2011/GAPP3//work/bottom_basket.dta not found)
file /home/bjvca/data/data/GAP/Haruna/UNPS_2011/GAPP3//work/bottom_basket.dta saved

.         restore;

.         sort hhid;

.         merge hhid using "$path/work/bottom_basket.dta";
variable hhid does not uniquely identify observations in the master data
(label lspdomain already defined)
(label lsurvquar already defined)
(label lbreg already defined)

.         tab _merge;

     _merge |      Freq.     Percent        Cum.
------------+-----------------------------------
          2 |        319        1.22        1.22
          3 |     25,773       98.78      100.00
------------+-----------------------------------
      Total |     26,092      100.00

.         drop _merge;

.                         * Only keep price observations for the poor ;
.         keep if bottom_basket==1;
(9978 observations deleted)

.         **************************************************************************;
. * Toss out the bottom 5% and top 5% of the HH-LEVEL prices per kg in
> * for each spdomain & product combination. This should eliminate outliers
> * that may have an undue influence on the price calculation. 
> **************************************************************************;
.                 gen hhppkg=value_r/quantity;
(56 missing values generated)

.                 egen lower5=pctile(hhppkg), p(5) by(spdomain product);
(56 missing values generated)

.                 egen upper5=pctile(hhppkg), p(95) by(spdomain product);
(56 missing values generated)

. sum;

    Variable |       Obs        Mean    Std. Dev.       Min        Max
-------------+--------------------------------------------------------
        hhid |     16114    4.29e+10    2.24e+11   1.01e+09   2.32e+12
     product |     16058    131.1113    15.78549        101        171
    quantity |     16058    .5736999    1.048957   .0071429   34.28571
       value |     16058    408.0044     606.284   2.857143   10285.71
        unit |     16058           1           0          1          1
-------------+--------------------------------------------------------
    food_cat |     16058           1           0          1          1
       count |     16058           1           0          1          1
    descript |     16058           1           0          1          1
      numreg |     16058    3.728858     1.30724          1          5
    survquar |     16114    2.437197    1.092476          1          4
-------------+--------------------------------------------------------
     reg_tpi |     16114    2.322328    1.060154          1          4
    spdomain |     16114    3.260022    1.160665          1          5
    tpi_trim |     16114    .9148665    .1034583   .7488575   1.185341
     value_r |     16058    445.8989     656.778   3.668811   11975.82
 cons_pc_nom |     16114    1136.326    523.1695          0   3796.331
-------------+--------------------------------------------------------
    hhweight |     16114    2054.267     1543.94   308.1181   8736.727
        bswt |     16114           1           0          1          1
      hhsize |     16114    7.670163    3.205511          1         29
 cons_hh_nom |     16114    8605.981    5600.623          0      51206
 food_pc_nom |     16114    677.1563    357.7267          0   3616.072
-------------+--------------------------------------------------------
   nf_pc_nom |     16114    459.1693    313.5306          0   2553.836
 food_pc_tpi |     16114    745.3005    394.3738          0   3616.072
 cons_pc_tpi |     16114     1204.47    552.3329          0   3796.331
   pctile_60 |     16114    1988.621     561.186   1604.367   3877.697
bottom_bas~t |     16114           1           0          1          1
-------------+--------------------------------------------------------
      hhppkg |     16058    1419.686     2017.35   3.128083    77609.8
      lower5 |     16058    523.3717     835.048   20.85389   6420.419
      upper5 |     16058    2880.575    2765.386   84.36391   38522.51

. describe;

Contains data from /tmp/St02337.000001
  obs:        16,114                          HH food cons. (1 rec per item cons. cat A& B per HH; Cat B: only T6SQ1 +
                                                T6AEQ3)
 vars:            28                          8 Jul 2013 20:15
 size:     1,949,794                          (_dta has notes)
--------------------------------------------------------------------------------------------------------------------------
              storage  display     value
variable name   type   format      label      variable label
--------------------------------------------------------------------------------------------------------------------------
hhid            double %10.0g                 household id
product         float  %39.0g      itmds      Food product code: numerical
quantity        float  %9.0g                  daily household food consumption
value           float  %9.0g                  daily value of consumption in UGX per per household
unit            float  %9.0g                  set equal to one since all observations are converted into kg
food_cat        float  %9.0g                  food category equals 1, if product is food and 0 if non food
count           float  %9.0g                  
descript        float  %9.0g       descrip    product description including product code but equals 2 for all non-foods
numreg          double %9.0g                  number of goods in the basket
survquar        float  %14.0g      lsurvquar
                                              Sequential Survey Quarter (Oct-Dec 10 = 1)
reg_tpi         byte   %24.0g      lbreg      Regions used for temporal price index calculations
spdomain        float  %13.0g      lspdomain
                                              Spatial domains: each with own poverty line (they are 5)
tpi_trim        float  %9.0g                  TRIMMED Temporal price index (Q4=1)
value_r         float  %9.0g                  
cons_pc_nom     float  %9.0g                  
hhweight        float  %9.0g                  Household sample weight
bswt            float  %9.0g                  bootstrap weights; and all equal to 1 for all households, as a toolkit
                                                requireme
hhsize          long   %9.0g                  number of household menbers
cons_hh_nom     double %9.0g                  (sum) cod_hh_nom
food_pc_nom     float  %9.0g                  nominal food consumption per capita
nf_pc_nom       float  %9.0g                  nominal non-food consumption per capita
food_pc_tpi     float  %9.0g                  Temp-adjusted per capita food consumption/day
cons_pc_tpi     float  %9.0g                  Temp adjusted total consumption/day
pctile_60       float  %9.0g                  (p 70) cons_pc_tpi
bottom_basket   float  %9.0g                  =1 if in bottom (60%) of PCE
hhppkg          float  %9.0g                  
lower5          float  %9.0g                  
upper5          float  %9.0g                  
--------------------------------------------------------------------------------------------------------------------------
Sorted by:  
     Note:  dataset has changed since last saved

. keep if hhppkg-lower5>=0 & hhppkg-upper5<=0;
(1294 observations deleted)

. *********************************************************************
> * Note that we do prices in three ways. First, by summing quantity and value 
> * This average price price_unitw is thus quantity/value weighted. Second, we
> * calculate the price and take simple means for a transaction weighted
> * price, price_unitt. Last we take the median, price_unitm. But in the end
> * we only use price_unitw
> *********************************************************************;
.         gen price_unitt=value_r/(quantity*1000);

.         gen price_unitm=price_unitt;

.                 *CA modified to count the boot sample weight bswt;
.         collapse (sum) quantity value_r count bswt 
>                  (mean) price_unitt 
>                  (median) price_unitm [aw=hhweight], by(spdomain product);

.         *Generate weighted price per gram ;
.         gen price_unitw=value_r/(quantity*1000);

.         drop value_r quantity;

.         sort spdomain product;

.         lab var price_unitt "simple average of calculated prices - transaction weighted";

.         lab var price_unitm "median of prices";

.         lab var price_unitw "value share weighted mean prices";

. * Get an idea of the difference between the price measures;
.         gen ratiotw=price_unitt/price_unitw;

.         gen ratiomw=price_unitm/price_unitw;

.         sum ratiotw ratiomw;

    Variable |       Obs        Mean    Std. Dev.       Min        Max
-------------+--------------------------------------------------------
     ratiotw |       189    1.258554    .4945715   .5507623   3.923727
     ratiomw |       189    1.078488    .5008593   .2610922   5.840994

.         sort product;

.         merge product using "$path/work/codes_food_basket_flex.dta";
variable product does not uniquely identify observations in the master data

.         tab _m;

     _merge |      Freq.     Percent        Cum.
------------+-----------------------------------
          2 |          3        1.56        1.56
          3 |        189       98.44      100.00
------------+-----------------------------------
      Total |        192      100.00

.         count if _merge~=3;
    3

.         drop if _merge~=3;
(3 observations deleted)

.         drop _merge;

.         sort product spdomain;

. save "$path/work/price_unit_flex.dta", replace;
(note: file /home/bjvca/data/data/GAP/Haruna/UNPS_2011/GAPP3//work/price_unit_flex.dta not found)
file /home/bjvca/data/data/GAP/Haruna/UNPS_2011/GAPP3//work/price_unit_flex.dta saved

. ****************************************************************************************
> * 110_price_unit_flex.do                (end)
> ****************************************************************************************;
. cap log close;
