--------------------------------------------------------------------------------------------------------------------------
      name:  <unnamed>
       log:  /home/bjvca/data/data/GAP/Haruna/UNPS_2011/GAPP3//rep/140_iterate.log
  log type:  text
 opened on:   8 Jul 2013, 20:16:10

. clear

. set more off

. #delimit ;
delimiter now ;
. *global povline_initial "$path/in/povlines_first_iof.dta";
. **************************************************************************
> * 140_iterate.do        (start)
> *
> * Purpose: Create flexible food basket and poverty line with iterative procedure
> *
> * This program will take the results from the first pass at the
> * poverty lines and applies the corresponding spatial deflator to
> * re-select the relatively poor, their consumption bundles, and
> * their prices.
> *
> * Welfare indicator is here always temporally and spatially adjusted per capita
> * expenditure. Here called cr_it< >.
> *
> * We will iterate this process 5 times which here assures convergence.
> *
> * CA, Mar 2010: Relatively poor are those below last iterated poverty line
> * MAH, Apr 2010: Cleaning
> * URB, feb 2012: Commented out "drop if unit~=2"
> **************************************************************************;
. /*
> This file uses:
>             in/povlines_first_new.dta
>         work/hhdata.dta
>         work/consump_nom.dta
>         work/own.dta
>         work/daily.dta
>         work/temp_index_reg_tpi.dta
>         work/cons_cod.dta
>         work/food_cat.dta
>         work/cons_real.dta
>         work/products.dta
>         work/match96_02.dta
>         new/conversions.do
>         
> This file creates (where `pass' is the number of the iteration):
>         work/codes_food_basket_flex_it`pass'.dta
>         work/price_unit_flex_it`pass'.dta
>         work/quan_flex_it`pass'.dta
>         work/match_cod_flex_it`pass'.csv
>         work/relpoor_it`pass'.dta
>         work/povlines_it`pass'.dta
>         work/foodshares_it`pass'.dta
>         work/nat_pov_flex.csv
>         work/rur_pov_flex.csv
>         work/strata_pov_flex.csv
>         work/spdomain_pov_flex.csv
>         work/reg_tpi_pov_flex.csv
> */
> 
> **************************************************************************;
. * Make a key file that will be used over and over, without change
> * in every iteration. This will include the TEMPORALLY deflated consumption
> * and various HH data such as hhweight, spdomain, etc.
> **************************************************************************;
. use "$path/work/conpc.dta";

.         sort hhid;

.         merg hhid using "$path/work/hhdata.dta";

.         tab _merge;

     _merge |      Freq.     Percent        Cum.
------------+-----------------------------------
          1 |          1        0.04        0.04
          3 |      2,716       99.96      100.00
------------+-----------------------------------
      Total |      2,717      100.00

.         drop _merge;

.         sort reg_tpi survquar;

.         merge reg_tpi survquar using "$path/work/temp_index_reg_tpi.dta";
variables reg_tpi survquar do not uniquely identify observations in the master data
(label lsurvquar already defined)
(label lbreg already defined)

.         tab _merge;

     _merge |      Freq.     Percent        Cum.
------------+-----------------------------------
          1 |        225        8.28        8.28
          3 |      2,492       91.72      100.00
------------+-----------------------------------
      Total |      2,717      100.00

.         drop _merge;

.                 gen food_pc_tpi = food_pc_nom /tpi_trim;
(225 missing values generated)

.         gen cons_pc_tpi = food_pc_tpi + nf_pc_nom;
(225 missing values generated)

.         lab var food_pc_tpi "Temp-adjusted per capita food consumption/day";

.         lab var cons_pc_tpi "Temp adjusted total consumption/day";

.         tempfile contpi;

.         sort hhid;

. save `contpi', replace;
(note: file /tmp/St02337.000001 not found)
file /tmp/St02337.000001 saved

. save contpi_, replace;
file contpi_.dta saved

. *use "$path/in/povlines_first_iterate.dta", clear;
. *save "$path/work/povlines_first.dta", replace;
. **************************************************************************;
. * Now set some information pertaining to the iterations. For now we'll
> * manually set the number of iterations. Also specify the percentile
> * cutpoint that we will use for defining the relatively poor.
> **************************************************************************;
. local lastpass=0;

. local pass=1;

. * Use these two lines to manually specify the number of iterations
> * and the cutpoint here in the do file.;
.   *local maxit=5;
.   *local cutpt=50;
. * Use these few lines if you want to specify the number of iterations
> * and percentile cutpoint by passing them as parameters on the command
> * line, e.g.:   wstata do new/iterate1.do 5 50;
. if "`1'"=="" | "`2'"=="" {      ;
.         di in red "Error: you need to specify number of iterations as first parameter";
.         di in red "       and percentile cutpoint as second parameter on command line.";
. };

. local maxit `1';

. local cutpt `2';

. tempfile cutoff;

. di "**********************************************************************";
**********************************************************************

. while `pass' <= `maxit' {;
  2.         **************************************************************************;
. **************************************************************************;
. * Pick out the bottom X percent in real consumption per capita 
> * (temporally & spatially adjusted), as ranked by the previous iteration.
> * The percentile to use is defined by "cutpt". This produces a file that
> * has the hhid, and a dummy variable indicating if they were below the
> * cutpoint on the last iteration.
> **************************************************************************;
. **************************************************************************;
. /*
> * Comment out if IOF 2008/09. (This code included instead of below code in order to replicate published figures 2002/03)
> . ( START ) ;
> 
>         if "`pass'"=="1" {      ;
>               use `contpi', clear;
>               sort spdomain;
>               merge spdomain using "$path/work/povlines_first.dta";
>               tab _m;
>               drop _m;
> *              gen relpoor`pass'= cons_pc_tpi<=cutoff;
>                gen relpoor`pass'= cons_pc_tpi if cons_pc_tpi<=cutoff;
>               rename cons_pc_tpi cr_it0;
>               sort hhid;
>          save "$path/work/relpoor_it`pass'.dta", replace;
> *        use "$path/work/cons_real.dta", clear;
> *              gen cr_it0=cr2;
>         };
>         
> 
> * Comment out if IOF 2008/09. (This code included instead of below code in order to replicate published figures 2002/03)
> . ( END ) ;
> */
> 
> 
> 
> * Comment out if IAF 2002/03. (This code below excluded in order to replicate published figures 2002/03). ( START ) ;
.         if "`pass'"=="1" { ;
  3. * Find real income at cut point initially;
.                 use "$path/work/cons_real.dta", clear;
  4.                                     gen cr_it0=cr2;
  5.                         cap drop one;
  6.             gen one=1;
  7.                                     collapse (p`cutpt') one cr_it`lastpass' [aw=popwt] ;
  8.                                     rename cr_it`lastpass' cutoff;
  9.                                     sort one;
 10.             save `cutoff', replace;
 11.             save cutoff, replace;
 12.  * Find relatively poor initially;
.             use "$path/work/cons_real.dta", clear;
 13.                                                 gen cr_it`lastpass'=cr2;
 14.             cap drop one;
 15.             cap drop cutoff;
 16.             gen one=1;
 17.                                     sort one;
 18.             merge one using `cutoff';
 19.             tab _merge;
 20.             drop _merge;
 21.                                     drop one;
 22.                            gen relpoor`pass'=cr_it`lastpass'<=cutoff;
 23.             *lab var relpoor`pass' "=1 if in bottom of PCE";
.                                     tab relpoor`pass' [aw=popwt];
 24.                                     keep hhid cr_it`lastpass' relpoor`pass' popwt;
 25.             sort hhid;
 26.         save "$path/work/relpoor_it`pass'.dta", replace;
 27.         };
 28. * Comment out if IAF 2002/03. (This code below excluded in order to replicate published figures 2002/03). ( END ) ;
.                 if `pass'>1 {   ;
 29. * Find real income at cut point in iteration number `pass' ;
.                 use "$path/work/cons_real_it`lastpass'.dta" , clear;
 30.                                                 cap drop one;
 31.                 gen one=1;
 32.                                                                 *CA modified from hhweight*hhsize to popwt;
.                 collapse (p`cutpt') one cr_it`lastpass' [aw=popwt] ;
 33.                         rename cr_it`lastpass' cutoff;
 34.                                                                         sort one;
 35.         save `cutoff', replace;
 36.         * Find relatively poor in iteration number `pass' ;
.                 use "$path/work/cons_real_it`lastpass'.dta", clear;
 37.                                                 cap drop one;
 38.                 gen one=1;
 39.                                                 sort one;
 40.                 merge one using `cutoff';
 41.                 tab _merge;
 42.                 drop _merge;
 43.                                                 drop one;
 44.                 gen relpoor`pass'=cr_it`lastpass'<=cutoff;
 45.                 *lab var relpoor`pass' "=1 if in bottom of PCE";
.                                                 tab relpoor`pass' [aw=popwt];
 46. *CA modified to popwt above and to keep popwt below;
.                 keep hhid cr_it`lastpass' relpoor`pass' popwt;
 47.                 sort hhid;
 48.         save "$path/work/relpoor_it`pass'.dta", replace;
 49.         };
 50.         **************************************************************************;
. * Get the consumption file, and select only those codes that are food,
> * using our definition of "food", which includes alcoholic beverages.
> **************************************************************************;
.         use "$path/work/cons_cod.dta", clear;
 51. *CA modified to merge in work/hhdata.dta for bootstrap;
.     sort hhid;
 52.     merge hhid using "$path/work/hhdata.dta";
 53.     tab _m;
 54.     drop _m;
 55.         /*
>                 sort product;
>                 merge product using "$path/work/food_cat.dta";
>                 tab _merge;
>                 keep if _merge==3;
>                 drop _merge;
> */
> 
>                                 * Only food transactions ;
.                 keep if food_cat==1;
 56.                 sort hhid;
 57. **************************************************************************;
. * Merge with file that has temporally AND spatially adjusted consumption
> * per capita from the previous iteration, and also identifies those below 
> * the cutoff. Then select only those who are below the cutoff.
> **************************************************************************;
.                 merge hhid using "$path/work/relpoor_it`pass'.dta";
 58.                 tab _merge;
 59.                 drop _merge;
 60.                                 * Keep only transactions by the poor ;
.                 keep if relpoor`pass';
 61. **************************************************************************;
. * Calculate HH level food shares. Since we're only doing shares here, we can
> * work with the expenditures without doing temporal adjustment.
> **************************************************************************;
.                 gen  food_expenditure = cod_hh_nom;
 62.                 *gen  food_expenditure= own_valued + daily_valued + monthly_valued + educ_valued;
.                 egen tot_food_expen= sum (food_expen), by (hhid) ;
 63.                 count if food_expenditure==.;
 64.                 count if tot_food_expen==.;
 65.                 gen food_share= food_expenditure/tot_food_expen;
 66.                 count if food_share==.;
 67.                 drop if food_share==.;
 68.                 sort hhid product;
 69.                 tempfile foodshares;
 70.         save `foodshares', replace;
 71. ********************************************************************************;
. * Now find the total (economy wise, e.g. not by HH) shares by each product in
> * order to select the most important goods in each domain's basket.
> ********************************************************************************;
.                 collapse (mean) hhweight spdomain, by (hhid);
 72.                 sort hhid ;
 73.                  collapse (sum) hhweight , by(spdomain);
 74.                 rename hhweight tothhweight;
 75.                 tempfile tothhweight;
 76.                 sort spdomain;
 77.         save `tothhweight', replace;
 78.         use `foodshares', clear;
 79.                 sort spdomain;
 80.                 merge spdomain using `tothhweight';
 81.                 tab _merge;
 82.                 drop _merge;
 83.                 sort spdomain product;
 84.                 gen f_share_w`pass'=(food_share*hhweight)/tothhweight;
 85.                 collapse (sum) f_share_w`pass', by(spdomain product descript);
 86.                                sort spdomain f_share_w`pass';
 87.                 by spdomain: gen cumshr`pass'= sum(f_share_w`pass');
 88.                 count if cumshr`pass'<=.075;
 89.                 drop if cumshr`pass'<=.075;
 90.                 lab var f_share_w`pass' "average food share for the 13 spatial domains";
 91.         save `foodshares', replace;
 92.                                                 * Number of spatials domains a food product appears ;
.                 gen numreg=1;
 93.                 collapse (sum) numreg cumshr`pass', by (product descript);
 94.                 keep product numreg descript;
 95.                 display _N;
 96.                 sort product;
 97.                                 * Include food product labels ;
. *                merge product using "$path/work/products.dta";
. *                tab _merge;
. *                keep if _merge==3;
.                 keep product descript numreg;
 98.                   sort product;
 99.                      display _N;
100.           save "$path/work/codes_food_basket_flex_it`pass'.dta", replace;
101. **************************************************************************;
. **************************************************************************;
. * That is pretty much the part equivalent to "100_food_basket_flex.do",
> * which figures out the food shares for the relevant reference group. Now
> * we figure out the prices with a code stream that is adapted from
> * "110_price_unit_flex.do".
> **************************************************************************;
. **************************************************************************;
. **************************************************************************************
> * Create sorted data set with daily + own expenditure and the matched codes
> **************************************************************************************;
. use "$path/in/cons_cod_trans.dta", clear;
102. *save "$path/work/cons_cod_trans.dta", replace;
. *drop value   ;
. *drop quantity;
. keep hhid product food_cat valuez quantityz unit;
103. rename valuez    value;
104. rename quantityz quantity;
105. *drop count;
. drop if quantity==0 ;
106.         tempfile dd_acsort;
107.         save    `dd_acsort', replace;
108. /*
>         use "$path/work/daily.dta", clear;
>                 drop days;
>                 sort product;
>                 tempfile dd_acsort;
>         save `dd_acsort', replace;
>         
>         use "$path/work/own.dta", clear;
>                 keep hhid product valued quantityd unit;
>                 rename valued value;
>                 rename quantityd quantity;
>         
>                 *CHECK THE ZEROS IN quantity FOR NOW DELETE;
>                 drop if quantity==0;
>         
>                 append using `dd_acsort';
> */
> 
>                 *CA modified to insert work/hhdata.dta for bootstrap;
.                 sort hhid;
109.                 merge hhid using "$path/work/hhdata.dta";
110.                 tab _m;
111.                  drop if _m==2;
112.                 drop _m;
113.                                 sort product;
114.                 gen count=1;
115.         save `dd_acsort', replace;
116.         **************************************************************************;
. * Merge the basket codes with the dd  and own data sets.
> * Drop all codes not a part of the flexible food basket
> **************************************************************************;
.                 merge product using "$path/work/codes_food_basket_flex_it`pass'.dta";
117.                         tab _merge;
118.                 drop if _merge~=3;
119.                 drop _merge;
120. **************************************************************************************
> * Drop observations where product code, quantity or value information is unavailable
> **************************************************************************************;
.                 drop if product==. | value==. | quantity==.  ;
121.         **************************************************************************************
> * Convert non-KG quantities (units, liters) into kilograms
> **************************************************************************************;
. *do "$path/new/110a_conversions.do"
> 
> ********************************************************************
> * There remain a few difficult to interpret observations such as liters
> * of fish and liters of pasta. These are dropped.
> ********************************************************************;
. *                $MZ drop if unit~=2;
.         **************************************************************************;
. * Bring in the spdomain and reg_tpi variables, and also the information on
> * relatively poor households.
> **************************************************************************;
.                 preserve;
122.                                                 * Temporally adjusted expenditure ;
.                         use `contpi', clear;
123.                                 keep hhid hhweight spdomain reg_tpi survquar tpi_trim cons_pc_tpi ;
124.                                 sort hhid;
125.                                 tempfile hhd2;
126.                         save `hhd2', replace;
127.                 restore;
128.                                 compress;
129.                 sort hhid;
130.                 merge hhid using `hhd2';
131.                 tab _merge;
132.                 drop _merge;
133.                 sort hhid;
134.                 merge hhid using "$path/work/relpoor_it`pass'.dta";
135.                 tab _merge;
136.                 drop _merge;
137.                                                 * Keep nominal food transactions by poor people ;
.                 keep if relpoor`pass';
138.                 drop if product==.;
139.                                                                 * Temporally deflate transaction values ;
.                 gen value_r=value/tpi_trim;
140. **************************************************************************;
. * Toss out the bottom 5% and top 5% of the HH-LEVEL prices per kg in
> * each spdomain & product combination. This should eliminate outliers
> * that may have an undue influence on the price calculation. 
> **************************************************************************;
.                 gen hhppkg=value_r/quantity;
141.                 egen lower5=pctile(hhppkg), p(5)  by(spdomain product);
142.                 egen upper5=pctile(hhppkg), p(95) by(spdomain product);
143.                 keep if hhppkg>=lower5 & hhppkg<=upper5;
144. *********************************************************************
> * Note that we do prices in three ways. First, by summing quantity and value 
> * This average price price_uw is thus quantity/value weighted. Second, we
> * calculate the price and take simple means for a transaction weighted
> * price, price_ut. Last we take the median, price_um. But in the end
> * we only use price_unitw
> *********************************************************************;
.                 gen price_ut`pass'=value_r/(quantity*1000);
145.                 gen price_um`pass'=price_ut;
146.                 collapse (sum) 
>                         quantity value_r count bswt (mean) price_ut (median) price_um [aw=hhweight], 
>                         by(spdomain product);
147.                 *Generate weighted price per gram ;
.                 gen price_uw`pass'=value_r/(quantity*1000);
148.                 drop value_r quantity;
149.                 sort spdomain product;
150.                 lab var price_ut`pass' "Average of calculated prices - transaction weighted";
151.                 lab var price_um`pass' "Median of prices";
152.                 lab var price_uw`pass' "Value share weighted mean prices";
153. * Get an idea of the difference between the price measures;
.                 gen ratiotw`pass'=price_ut`pass'/price_uw`pass';
154.                 gen ratiomw`pass'=price_um`pass'/price_uw`pass';
155.                 sum ratiotw`pass' ratiomw`pass';
156.                 sort product;
157.                 merge product using "$path/work/codes_food_basket_flex_it`pass'.dta";
158.                 tab _m;
159.                 count if _merge~=3;
160.                 drop if _merge~=3;
161.                 drop _merge;
162.                 sort product spdomain;
163.         save "$path/work/price_unit_flex_it`pass'.dta", replace;
164. **************************************************************************;
. **************************************************************************;
. * That concludes the prices part. Now we move to calculating the food
> * poverty lines, which draws code from "120_povline_flex.do" with very few
> * changes:
> * - The changes facilitate accumulating vectors
> *   of intermediate results across iterations, rather than generating a
> *   bunch of new files.
> **************************************************************************;
. **************************************************************************;
. **************************************************************************;
. * Use the file with the food basket (`foodshares'), which is in shares. 
> * Then merge it with the prices file, and then with the calories file.
> * Along the way, drop those observations where we have no price information
> * or no calorie information, but list them out.
> **************************************************************************;
.         use `foodshares', clear;
165.                 sort product spdomain;
166.                 merge product spdomain using "$path/work/price_unit_flex_it`pass'.dta";
167.                         tab _merge;
168.                 list product spdomain descript if _merge==1;
169.                         drop if _merge ~=3;
170.                 drop _merge;
171.                 sort product;
172.                         merge product using "$path/work/calperg.dta";
173.                 tab _merge;
174.                                                 * This tells where we are lacking calorie info or are lacking quantit
> y info due to 
>                 * missing price info above;
.                 list product spdomain descript if _merge==1;
175.                         drop if _merge~=3;
176.                 drop _merge;
177.                 sort spdomain f_share_w`pass';
178.                                 *CA modified to change count bswt;
.                 by spdomain: count if round(bswt)<10;
179.                                 sum bswt;
180.                                                 drop if round(bswt) < 10;
181.                                                                 * Total food share in spatial domain ;
.                 by spdomain: egen baskshr=sum(f_share_w`pass');
182.                                 * Cumulated food share in spatial domain ;
.                 by spdomain: gen  cumshr =sum(f_share_w`pass');
183.                 drop if cumshr<=baskshr-.9;
184.                         drop baskshr;
185.                 by spdomain: egen baskshr=sum(f_share_w`pass');
186.                 tabstat baskshr , by(spdomain) st(n mean sd min max);
187.                                                                 * How many grams in 1 MT exp on food item ;
.                                 gen quan`pass'=f_share_w`pass'/price_uw`pass';
188.                                 * How many calories in 1 MT exp on food item ;
.                 gen cal_ir`pass'=quan`pass'*calperg;
189.                                 * how many calories in 1 MT exp in food basket ;
.                 by spdomain: egen calreg=sum(cal_ir);
190.                         sort spdomain;
191.                 merge spdomain using "$path/work/calpp.dta";
192.                 tab _merge;
193.                 drop _merge;
194.                                                         * get the expansion factor to hit 95% of calorie requirements
>  ;
.                 gen ratio=.95*calpp/calreg;
195.                         replace quan`pass'=quan`pass'*ratio;
196.                 replace cal_ir`pass'=quan`pass'*calperg;
197.                         sort spdomain product;
198.                 by spdomain: egen chkcal=sum(cal_ir`pass');
199.                 replace chkcal=chkcal/.95-calpp ;
200.                                                 tabstat chkcal , by(spdomain) st(n mean sd min max);
201.                         gen val_ir`pass'=quan`pass'*price_uw`pass';
202.                         by spdomain: egen povline_f_flex90_`pass'=sum(val_ir`pass');
203.                 replace povline_f=povline_f_flex90_`pass'/.9;
204.                 *drop product96;
. keep product spdomain quan`pass'  price_uw`pass' val_ir`pass' povline_f_flex90_`pass' calpp calperg;
205.                     save "$path/work/quan_flex_it`pass'.dta", replace;
206.                         collapse (mean) povline_f_flex90_`pass', by (spdomain);
207.                                                 keep spdomain povline_f_flex90_`pass';
208.                 sort spdomain;
209.                 save "$path/work/povline_food_flex_it`pass'.dta", replace;
210.         **************************************************************************;
. **************************************************************************;
. * Now comes the part that draws the non-food and total poverty lines,
> * and generates estimates of poverty measures. This is drawn from 
> * "130_povmeas_flex.do" with a few changes.
> **************************************************************************;
. **************************************************************************;
. **************************************************************************
> * Calculate non-food expenditure for HH around the food poverty line
> *
> * Develop a discrete triangular weighted distribution. This gives a
> * weight of  1 to HH at +/- 18-20% from food poverty line, and
> * weight of  2 to HH at +/- 16-18% from food poverty line, and ...
> * weight of 10 to HH at +/-  0- 2% from food poverty line.
> * This weight is called triwt below.
> **************************************************************************;
.         use `contpi', clear;
211.                 sort spdomain;
212.                 merge spdomain using "$path/work/povline_food_flex_it`pass'.dta";
213.                 tab _merge;
214.                 drop _merge;
215.                 gen triwt=0;
216.                 replace triwt = 11 - round(50*abs(cons_pc_tpi/povline_f_flex90_`pass'-1)+0.5) if abs(cons_pc_tpi/povl
> ine_f_flex90_`pass'-1) <= 0.2;
217.                                 ***since the poor were very few in Kampala and Central urban for Uganda we added 1 to
>  weights****;
.                                 * Nearness to poverty line and population weights ;
.                 gen tripopwt=(0.001+triwt)*hhweight*hhsize;
218.                                                 preserve;
219.                         collapse (mean) nf_pc_nom [aw=tripopwt] , by(spdomain);
220.                         rename nf_pc_nom povline_nf_flex`pass';
221.                         lab var povline_nf_flex`pass' "Nonfood poverty line. Flexible bundle";
222.                         tempfile znf;
223.                         sort spdomain;
224.                         save `znf', replace;
225.                                                                 restore;
226.                                 sort spdomain;
227.                 merge spdomain using `znf';
228.                 tab _merge;
229.                 drop _merge;
230. **************************************************************************
> * Poverty line is the sum of the food and non-food poverty lines
> **************************************************************************;
.                 gen povline_flex`pass'=povline_f_flex90_`pass' + povline_nf_flex`pass';
231. keep spdomain povline_flex`pass';
232.                 sort spdomain;
233.         save "$path/work/povlines_it`pass'.dta", replace;
234. **************************************************************************;
. * Create spatial price index, based on the total poverty line, with
> * adjustment so that mean (and total) nominal consumption equals
> * mean (and total) spatially deflated consumption.
> *
> * Choose arbitrary strata to be the base at first: we just use the first stratum.
> **************************************************************************;
.         use `contpi', clear;
235.                 sort spdomain;
236.                 merge spdomain using "$path/work/povlines_it`pass'.dta";
237.                 tab _merge;
238.                 drop _merge;
239.                 gen cr= cons_pc_tpi ;
240.                 gen linpob`pass'=povline_flex`pass';
241.                 qui sum linpob`pass' if spdomain==1, meanonly;
242.                 global spi_base=r(mean);
243.                 gen spi`pass'=linpob`pass'/$spi_base;
244.                 gen cr_it`pass'=cr/spi`pass';
245.                 qui sum cr [aw=hhweight*hhsize];
246.                 global sumcr=r(sum);
247.                 qui sum cr_it`pass' [aw=hhweight*hhsize];
248.                 global sumcr2=r(sum);
249.                 replace spi`pass'=spi`pass'*$sumcr2/$sumcr;
250.                 gen linpobr`pass'=linpob`pass'/spi`pass';
251.                 replace cr_it`pass'=cr/spi`pass';
252.                 su cr cr_it`pass' linpob`pass' linpobr`pass' [aw=hhweight*hhsize];
253.                 lab var cr "Temporally-adjusted cons pc";
254.                 lab var cr_it`pass' "Spatially & temporally adjusted cons pc";
255.                 lab var linpob`pass' "Poverty line";
256.                 lab var linpobr`pass' "Real poverty line";
257.                 lab var spi`pass' "Spatial price index";
258.                 gen linpob=linpob`pass';
259. **************************************************************************
> * calculate poverty measures with the flexible food bundle
> **************************************************************************;
.                 gen h=100 if cr_it`pass'<=linpobr`pass' & linpobr`pass'~=. & cr_it`pass'~=.;
260.                 replace  h   = 0 if cr_it`pass' > linpobr`pass' & linpobr`pass'~=. & cr_it`pass'~=.;
261.                 gen      pg  = ((linpobr`pass' - cr_it`pass' )/linpobr`pass') *100;
262.                 replace  pg  = 0             if h==0;
263.                 gen      spg = ((( linpobr`pass' - cr_it`pass' )/ linpobr`pass' )^2)*100;
264.                 replace  spg = 0             if h==0;
265.                 gen h_flex`pass'  =h;
266.                 gen pg_flex`pass' =pg;
267.                 gen spg_flex`pass'=spg;
268.                                 lab var h_flex`pass'   "Poverty headcount. Flexible bundle";
269.                 lab var pg_flex`pass'  "Poverty gap. Flexible bundle";
270.                 lab var spg_flex`pass' "Squared poverty gap. Flexible bundle";
271.                 gen popwt=hhsize*hhweight;
272.                         * Stata 10.1 syntax ;
.                         svyset , clear;
273.                         svyset [pweight=popwt] , str(strata) psu(psu);
274.                 svy: mean h_flex`pass' pg_flex`pass' spg_flex`pass';
275.                 svy: mean h_flex`pass' pg_flex`pass' spg_flex`pass' , over(rural);
276.                 svy: mean h_flex`pass' pg_flex`pass' spg_flex`pass' , over(strata);
277.                 svy: mean h_flex`pass' pg_flex`pass' spg_flex`pass' , over(strata rural);
278.                 svy: mean h_flex`pass' pg_flex`pass' spg_flex`pass' , over(spdomain);
279. *preserve;
. keep hhid popwt cr_it`pass' h_flex`pass' pg_flex`pass' spg_flex`pass' rural news reg_tpi strata spdomain;
280.                 compress;
281.                 sort hhid;
282.         save "$path/work/cons_real_it`pass'.dta" , replace;
283. *restore;
.                                 * New cutoff point (percentile) to use in next iteration is equal to the poverty ;
.                 * rate in this iteration ;
.                                                 sum h_flex`pass' [aw=popwt] ;
284.                                 * Comment out next line for IAF 2002/03 in order to replicate official figures ( STAR
> T );
.                 * URB: In this case, we just use the poorest 50% as there are too few actually poor to calculate the bun
> dle and prices..;
.                 local cutpt= $tpi_bottom;
285. *               local cutpt= round(r(mean));
.                 * Comment out next line for IAF 2002/03 in order to replicate official figures ( END );
. *       save foodshares tempfile to disk;
.         use `foodshares', clear;
286.         save "$path/work/foodshares_it`pass'.dta", replace;
287.         local lastpass = `pass';
288.         local pass = `pass' + 1;
289.         };
(224 missing values generated)
(note: file /tmp/St02337.000002 not found)
file /tmp/St02337.000002 saved
file cutoff.dta saved
(224 missing values generated)
variable one does not uniquely identify observations in the master data

     _merge |      Freq.     Percent        Cum.
------------+-----------------------------------
          3 |      2,716      100.00      100.00
------------+-----------------------------------
      Total |      2,716      100.00

   relpoor1 |      Freq.     Percent        Cum.
------------+-----------------------------------
          0 | 948.049143       34.93       34.93
          1 | 1,765.9509       65.07      100.00
------------+-----------------------------------
      Total |      2,714      100.00
(note: file /home/bjvca/data/data/GAP/Haruna/UNPS_2011/GAPP3//work/relpoor_it1.dta not found)
file /home/bjvca/data/data/GAP/Haruna/UNPS_2011/GAPP3//work/relpoor_it1.dta saved
variable hhid does not uniquely identify observations in the master data

     _merge |      Freq.     Percent        Cum.
------------+-----------------------------------
          1 |        283        0.76        0.76
          2 |          4        0.01        0.77
          3 |     36,833       99.23      100.00
------------+-----------------------------------
      Total |     37,120      100.00
(2999 observations deleted)
variable hhid does not uniquely identify observations in the master data

     _merge |      Freq.     Percent        Cum.
------------+-----------------------------------
          2 |         60        0.18        0.18
          3 |     34,121       99.82      100.00
------------+-----------------------------------
      Total |     34,181      100.00
(15573 observations deleted)
(10 missing values generated)
   10
    0
(10 missing values generated)
   10
(10 observations deleted)
(note: file /tmp/St02337.000003 not found)
file /tmp/St02337.000003 saved
(note: file /tmp/St02337.000004 not found)
file /tmp/St02337.000004 saved
variable spdomain does not uniquely identify observations in the master data

     _merge |      Freq.     Percent        Cum.
------------+-----------------------------------
          3 |     18,598      100.00      100.00
------------+-----------------------------------
      Total |     18,598      100.00
  157
(157 observations deleted)
file /tmp/St02337.000003 saved
45
45
(note: file /home/bjvca/data/data/GAP/Haruna/UNPS_2011/GAPP3//work/codes_food_basket_flex_it1.dta not found)
file /home/bjvca/data/data/GAP/Haruna/UNPS_2011/GAPP3//work/codes_food_basket_flex_it1.dta saved
(HH food cons. (1 rec per item cons. cat A& B per HH; Cat B: only T6SQ1 + T6AEQ3))
(779 observations deleted)
(note: file /tmp/St02337.000005 not found)
file /tmp/St02337.000005 saved
variable hhid does not uniquely identify observations in the master data

     _merge |      Freq.     Percent        Cum.
------------+-----------------------------------
          1 |        283        0.84        0.84
          2 |        110        0.33        1.16
          3 |     33,342       98.84      100.00
------------+-----------------------------------
      Total |     33,735      100.00
(110 observations deleted)
file /tmp/St02337.000005 saved
variable product does not uniquely identify observations in the master data
product was int now float

     _merge |      Freq.     Percent        Cum.
------------+-----------------------------------
          1 |      3,096        9.21        9.21
          2 |          1        0.00        9.21
          3 |     30,529       90.79      100.00
------------+-----------------------------------
      Total |     33,626      100.00
(3097 observations deleted)
(181 observations deleted)
(note: file /tmp/St02337.000007 not found)
file /tmp/St02337.000007 saved
product was float now int
unit was float now byte
food_cat was float now byte
survquar was float now byte
survmon was float now byte
rural was float now byte
spdomain was float now byte
news was float now byte
bswt was float now byte
hhsize was long now byte
count was float now byte
descript was float now byte
numreg was double now byte
variable hhid does not uniquely identify observations in the master data
survquar was byte now float
spdomain was byte now float
(label lspdomain already defined)
(label lsurvquar already defined)
(label lbreg already defined)

     _merge |      Freq.     Percent        Cum.
------------+-----------------------------------
          2 |        156        0.51        0.51
          3 |     30,348       99.49      100.00
------------+-----------------------------------
      Total |     30,504      100.00
variable hhid does not uniquely identify observations in the master data

     _merge |      Freq.     Percent        Cum.
------------+-----------------------------------
          1 |          1        0.00        0.00
          3 |     30,503      100.00      100.00
------------+-----------------------------------
      Total |     30,504      100.00
(13357 observations deleted)
(54 observations deleted)
(1303 observations deleted)

    Variable |       Obs        Mean    Std. Dev.       Min        Max
-------------+--------------------------------------------------------
    ratiotw1 |       208    1.267721    .4887439   .6020459   3.923727
    ratiomw1 |       208     1.05857    .4772086   .2961278   5.840994
variable product does not uniquely identify observations in the master data
product was int now float

     _merge |      Freq.     Percent        Cum.
------------+-----------------------------------
          2 |          2        0.95        0.95
          3 |        208       99.05      100.00
------------+-----------------------------------
      Total |        210      100.00
    2
(2 observations deleted)
(note: file /home/bjvca/data/data/GAP/Haruna/UNPS_2011/GAPP3//work/price_unit_flex_it1.dta not found)
file /home/bjvca/data/data/GAP/Haruna/UNPS_2011/GAPP3//work/price_unit_flex_it1.dta saved
(label lspdomain already defined)

     _merge |      Freq.     Percent        Cum.
------------+-----------------------------------
          1 |          7        3.26        3.26
          2 |         69       32.09       35.35
          3 |        139       64.65      100.00
------------+-----------------------------------
      Total |        215      100.00

     +------------------------------------+
     | product        spdomain   descript |
     |------------------------------------|
136. |     157   Central Urban          1 |
137. |     157   Central Rural          1 |
138. |     157         Eastern          1 |
139. |     157        Northern          1 |
140. |     157         Western          1 |
     |------------------------------------|
145. |       .   Central Urban          1 |
146. |       .   Central Rural          1 |
     +------------------------------------+
(76 observations deleted)
variable product does not uniquely identify observations in the master data
(note: descript is str26 in using data but will be float now)

     _merge |      Freq.     Percent        Cum.
------------+-----------------------------------
          1 |          4        2.48        2.48
          2 |         22       13.66       16.15
          3 |        135       83.85      100.00
------------+-----------------------------------
      Total |        161      100.00

     +------------------------------------+
     | product        spdomain   descript |
     |------------------------------------|
136. |     162        Northern          1 |
137. |     166   Central Urban          1 |
138. |     166         Western          1 |
139. |     171   Central Rural          1 |
     +------------------------------------+
(26 observations deleted)

--------------------------------------------------------------------------------------------------------------------------
-> spdomain = Central Urban
   14
--------------------------------------------------------------------------------------------------------------------------
-> spdomain = Central Rural
    0
--------------------------------------------------------------------------------------------------------------------------
-> spdomain = Eastern
    0
--------------------------------------------------------------------------------------------------------------------------
-> spdomain = Northern
    0
--------------------------------------------------------------------------------------------------------------------------
-> spdomain = Western
    0

    Variable |       Obs        Mean    Std. Dev.       Min        Max
-------------+--------------------------------------------------------
        bswt |       135    102.8148    94.39439          1        397
(14 observations deleted)
(0 observations deleted)

Summary for variables: baskshr
     by categories of: spdomain (Spatial domains: each with own poverty line (they are 5))

     spdomain |         N      mean        sd       min       max
--------------+--------------------------------------------------
Central Urban |        11  .5221686         0  .5221686  .5221686
Central Rural |        28  .7908835         0  .7908835  .7908835
      Eastern |        30  .8930709         0  .8930709  .8930709
     Northern |        29  .8572496         0  .8572496  .8572496
      Western |        23  .8807663         0  .8807663  .8807663
--------------+--------------------------------------------------
        Total |       121  .8247817  .1033625  .5221686  .8930709
-----------------------------------------------------------------
variable spdomain does not uniquely identify observations in the master data

     _merge |      Freq.     Percent        Cum.
------------+-----------------------------------
          2 |          1        0.82        0.82
          3 |        121       99.18      100.00
------------+-----------------------------------
      Total |        122      100.00
(1 missing value generated)
(121 real changes made)
(114 real changes made)
(122 real changes made)

Summary for variables: chkcal
     by categories of: spdomain (Spatial domains: each with own poverty line (they are 5))

     spdomain |         N      mean        sd       min       max
--------------+--------------------------------------------------
Central Urban |        11  6.42e-06         0  6.42e-06  6.42e-06
Central Rural |        28  .0000257         0  .0000257  .0000257
      Eastern |        30  .0000385         0  .0000385  .0000385
     Northern |        29  .0000321         0  .0000321  .0000321
      Western |        23  .0000578         0  .0000578  .0000578
--------------+--------------------------------------------------
        Total |       121  .0000348  .0000141  6.42e-06  .0000578
-----------------------------------------------------------------
(1 missing value generated)
(121 real changes made)
(note: file /home/bjvca/data/data/GAP/Haruna/UNPS_2011/GAPP3//work/quan_flex_it1.dta not found)
file /home/bjvca/data/data/GAP/Haruna/UNPS_2011/GAPP3//work/quan_flex_it1.dta saved
(note: file /home/bjvca/data/data/GAP/Haruna/UNPS_2011/GAPP3//work/povline_food_flex_it1.dta not found)
file /home/bjvca/data/data/GAP/Haruna/UNPS_2011/GAPP3//work/povline_food_flex_it1.dta saved
variable spdomain does not uniquely identify observations in the master data
(label lspdomain already defined)

     _merge |      Freq.     Percent        Cum.
------------+-----------------------------------
          3 |      2,717      100.00      100.00
------------+-----------------------------------
      Total |      2,717      100.00
(69 real changes made)
(3 missing values generated)
(note: file /tmp/St02337.000009 not found)
file /tmp/St02337.000009 saved
variable spdomain does not uniquely identify observations in the master data
(label lspdomain already defined)

     _merge |      Freq.     Percent        Cum.
------------+-----------------------------------
          3 |      2,717      100.00      100.00
------------+-----------------------------------
      Total |      2,717      100.00
(note: file /home/bjvca/data/data/GAP/Haruna/UNPS_2011/GAPP3//work/povlines_it1.dta not found)
file /home/bjvca/data/data/GAP/Haruna/UNPS_2011/GAPP3//work/povlines_it1.dta saved
variable spdomain does not uniquely identify observations in the master data
variable spdomain does not uniquely identify observations in
    /home/bjvca/data/data/GAP/Haruna/UNPS_2011/GAPP3//work/povlines_it1.dta
(label lspdomain already defined)

     _merge |      Freq.     Percent        Cum.
------------+-----------------------------------
          3 |      2,717      100.00      100.00
------------+-----------------------------------
      Total |      2,717      100.00
(225 missing values generated)
(225 missing values generated)
(2708 real changes made)
(9 missing values generated)
(2482 real changes made)

    Variable |     Obs      Weight        Mean   Std. Dev.       Min        Max
-------------+-----------------------------------------------------------------
          cr |    2492  34690902.7    1990.349   5527.795          0   252488.6
      cr_it1 |    2492  34690902.7    1990.349   7051.711          0   352670.1
     linpob1 |    2714  37328356.8     732.834    606.844          0   2598.683
    linpobr1 |    2707    37257099    554.9532   .0000303   554.9531   554.9532
(2453 missing values generated)
(2228 real changes made)
(225 missing values generated)
(2228 real changes made)
(225 missing values generated)
(2228 real changes made)
(225 missing values generated)
(225 missing values generated)
(225 missing values generated)
(3 missing values generated)

      pweight: popwt
          VCE: linearized
  Single unit: missing
     Strata 1: strata
         SU 1: psu
        FPC 1: <zero>
(running mean on estimation sample)

Survey: Mean estimation

Number of strata =       6        Number of obs    =      2492
Number of PSUs   =     317        Population size  =  34690903
                                  Design df        =       311

--------------------------------------------------------------
             |             Linearized
             |       Mean   Std. Err.     [95% Conf. Interval]
-------------+------------------------------------------------
     h_flex1 |   11.30399          .             .           .
    pg_flex1 |   4.161427          .             .           .
   spg_flex1 |   2.622783          .             .           .
--------------------------------------------------------------
Note: missing standard errors because of stratum with single
      sampling unit.
(running mean on estimation sample)

Survey: Mean estimation

Number of strata =       6        Number of obs    =      2492
Number of PSUs   =     317        Population size  =  34690903
                                  Design df        =       311

            0: rural = 0
            1: rural = 1

--------------------------------------------------------------
             |             Linearized
        Over |       Mean   Std. Err.     [95% Conf. Interval]
-------------+------------------------------------------------
h_flex1      |
           0 |   20.41518          .             .           .
           1 |   10.26365          .             .           .
-------------+------------------------------------------------
pg_flex1     |
           0 |    7.15136          .             .           .
           1 |   3.820029          .             .           .
-------------+------------------------------------------------
spg_flex1    |
           0 |   3.746596          .             .           .
           1 |   2.494463          .             .           .
--------------------------------------------------------------
Note: missing standard errors because of stratum with single
      sampling unit.
(running mean on estimation sample)

Survey: Mean estimation

Number of strata =       6        Number of obs    =      2492
Number of PSUs   =     317        Population size  =  34690903
                                  Design df        =       311

      Kampala: strata = Kampala
    _subpop_2: strata = Other Urban
    _subpop_3: strata = Central rural
    _subpop_4: strata = East rural
    _subpop_5: strata = North rural
    _subpop_6: strata = West rural

--------------------------------------------------------------
             |             Linearized
        Over |       Mean   Std. Err.     [95% Conf. Interval]
-------------+------------------------------------------------
h_flex1      |
     Kampala |          0  (omitted)
   _subpop_2 |   20.41518          .             .           .
   _subpop_3 |    13.1653          .             .           .
   _subpop_4 |   2.995052          .             .           .
   _subpop_5 |   6.394424          .             .           .
   _subpop_6 |   19.42525          .             .           .
-------------+------------------------------------------------
pg_flex1     |
     Kampala |          0  (omitted)
   _subpop_2 |    7.15136          .             .           .
   _subpop_3 |   7.918178          .             .           .
   _subpop_4 |   .9382142          .             .           .
   _subpop_5 |    1.50798          .             .           .
   _subpop_6 |   5.760272          .             .           .
-------------+------------------------------------------------
spg_flex1    |
     Kampala |          0  (omitted)
   _subpop_2 |   3.746596          .             .           .
   _subpop_3 |    6.47575          .             .           .
   _subpop_4 |   .4369273          .             .           .
   _subpop_5 |   .5540385          .             .           .
   _subpop_6 |   3.283556          .             .           .
--------------------------------------------------------------
Note: missing standard errors because of stratum with single
      sampling unit.
(running mean on estimation sample)

Survey: Mean estimation

Number of strata =       6        Number of obs    =      2492
Number of PSUs   =     317        Population size  =  34690903
                                  Design df        =       311

         Over: strata rural
    _subpop_1: Kampala 1
    _subpop_2: Other Urban 0
    _subpop_3: Central rural 1
    _subpop_4: East rural 1
    _subpop_5: North rural 1
    _subpop_6: West rural 1

--------------------------------------------------------------
             |             Linearized
        Over |       Mean   Std. Err.     [95% Conf. Interval]
-------------+------------------------------------------------
h_flex1      |
   _subpop_1 |          0  (omitted)
   _subpop_2 |   20.41518          .             .           .
   _subpop_3 |    13.1653          .             .           .
   _subpop_4 |   2.995052          .             .           .
   _subpop_5 |   6.394424          .             .           .
   _subpop_6 |   19.42525          .             .           .
-------------+------------------------------------------------
pg_flex1     |
   _subpop_1 |          0  (omitted)
   _subpop_2 |    7.15136          .             .           .
   _subpop_3 |   7.918178          .             .           .
   _subpop_4 |   .9382142          .             .           .
   _subpop_5 |    1.50798          .             .           .
   _subpop_6 |   5.760272          .             .           .
-------------+------------------------------------------------
spg_flex1    |
   _subpop_1 |          0  (omitted)
   _subpop_2 |   3.746596          .             .           .
   _subpop_3 |    6.47575          .             .           .
   _subpop_4 |   .4369273          .             .           .
   _subpop_5 |   .5540385          .             .           .
   _subpop_6 |   3.283556          .             .           .
--------------------------------------------------------------
Note: missing standard errors because of stratum with single
      sampling unit.
(running mean on estimation sample)

Survey: Mean estimation

Number of strata =       6        Number of obs    =      2492
Number of PSUs   =     317        Population size  =  34690903
                                  Design df        =       311

    _subpop_1: spdomain = Central Urban
    _subpop_2: spdomain = Central Rural
      Eastern: spdomain = Eastern
     Northern: spdomain = Northern
      Western: spdomain = Western

--------------------------------------------------------------
             |             Linearized
        Over |       Mean   Std. Err.     [95% Conf. Interval]
-------------+------------------------------------------------
h_flex1      |
   _subpop_1 |   46.39306          .             .           .
   _subpop_2 |   13.09757          .             .           .
     Eastern |   2.938117          .             .           .
    Northern |   6.036822          .             .           .
     Western |   18.45243          .             .           .
-------------+------------------------------------------------
pg_flex1     |
   _subpop_1 |   16.92961          .             .           .
   _subpop_2 |   7.877442          .             .           .
     Eastern |   .8997628          .             .           .
    Northern |   1.392303          .             .           .
     Western |   5.474222          .             .           .
-------------+------------------------------------------------
spg_flex1    |
   _subpop_1 |   9.029231          .             .           .
   _subpop_2 |   6.442435          .             .           .
     Eastern |   .4175686          .             .           .
    Northern |   .5032006          .             .           .
     Western |   3.105699          .             .           .
--------------------------------------------------------------
Note: missing standard errors because of stratum with single
      sampling unit.
rural was float now byte
spdomain was float now byte
news was float now byte
h_flex1 was float now byte
(note: file /home/bjvca/data/data/GAP/Haruna/UNPS_2011/GAPP3//work/cons_real_it1.dta not found)
file /home/bjvca/data/data/GAP/Haruna/UNPS_2011/GAPP3//work/cons_real_it1.dta saved

    Variable |     Obs      Weight        Mean   Std. Dev.       Min        Max
-------------+-----------------------------------------------------------------
     h_flex1 |    2492  34690902.7    11.30399   31.67051          0        100
(note: file /home/bjvca/data/data/GAP/Haruna/UNPS_2011/GAPP3//work/foodshares_it1.dta not found)
file /home/bjvca/data/data/GAP/Haruna/UNPS_2011/GAPP3//work/foodshares_it1.dta saved
file /tmp/St02337.000002 saved
variable one does not uniquely identify observations in the master data

     _merge |      Freq.     Percent        Cum.
------------+-----------------------------------
          3 |      2,717      100.00      100.00
------------+-----------------------------------
      Total |      2,717      100.00

   relpoor2 |      Freq.     Percent        Cum.
------------+-----------------------------------
          0 | 1,452.5749       53.52       53.52
          1 | 1,261.4251       46.48      100.00
------------+-----------------------------------
      Total |      2,714      100.00
(note: file /home/bjvca/data/data/GAP/Haruna/UNPS_2011/GAPP3//work/relpoor_it2.dta not found)
file /home/bjvca/data/data/GAP/Haruna/UNPS_2011/GAPP3//work/relpoor_it2.dta saved
variable hhid does not uniquely identify observations in the master data

     _merge |      Freq.     Percent        Cum.
------------+-----------------------------------
          1 |        283        0.76        0.76
          2 |          4        0.01        0.77
          3 |     36,833       99.23      100.00
------------+-----------------------------------
      Total |     37,120      100.00
(2999 observations deleted)
variable hhid does not uniquely identify observations in the master data

     _merge |      Freq.     Percent        Cum.
------------+-----------------------------------
          2 |         61        0.18        0.18
          3 |     34,121       99.82      100.00
------------+-----------------------------------
      Total |     34,182      100.00
(22021 observations deleted)
(10 missing values generated)
   10
    0
(10 missing values generated)
   10
(10 observations deleted)
(note: file /tmp/St02337.00000a not found)
file /tmp/St02337.00000a saved
(note: file /tmp/St02337.00000b not found)
file /tmp/St02337.00000b saved
variable spdomain does not uniquely identify observations in the master data

     _merge |      Freq.     Percent        Cum.
------------+-----------------------------------
          3 |     12,151      100.00      100.00
------------+-----------------------------------
      Total |     12,151      100.00
  164
(164 observations deleted)
file /tmp/St02337.00000a saved
45
45
(note: file /home/bjvca/data/data/GAP/Haruna/UNPS_2011/GAPP3//work/codes_food_basket_flex_it2.dta not found)
file /home/bjvca/data/data/GAP/Haruna/UNPS_2011/GAPP3//work/codes_food_basket_flex_it2.dta saved
(HH food cons. (1 rec per item cons. cat A& B per HH; Cat B: only T6SQ1 + T6AEQ3))
(779 observations deleted)
(note: file /tmp/St02337.00000c not found)
file /tmp/St02337.00000c saved
variable hhid does not uniquely identify observations in the master data

     _merge |      Freq.     Percent        Cum.
------------+-----------------------------------
          1 |        283        0.84        0.84
          2 |        110        0.33        1.16
          3 |     33,342       98.84      100.00
------------+-----------------------------------
      Total |     33,735      100.00
(110 observations deleted)
file /tmp/St02337.00000c saved
variable product does not uniquely identify observations in the master data
product was int now float

     _merge |      Freq.     Percent        Cum.
------------+-----------------------------------
          1 |      3,103        9.23        9.23
          2 |          1        0.00        9.23
          3 |     30,522       90.77      100.00
------------+-----------------------------------
      Total |     33,626      100.00
(3104 observations deleted)
(177 observations deleted)
(note: file /tmp/St02337.00000e not found)
file /tmp/St02337.00000e saved
product was float now int
unit was float now byte
food_cat was float now byte
survquar was float now byte
survmon was float now byte
rural was float now byte
spdomain was float now byte
news was float now byte
bswt was float now byte
hhsize was long now byte
count was float now byte
descript was float now byte
numreg was double now byte
variable hhid does not uniquely identify observations in the master data
survquar was byte now float
spdomain was byte now float
(label lspdomain already defined)
(label lsurvquar already defined)
(label lbreg already defined)

     _merge |      Freq.     Percent        Cum.
------------+-----------------------------------
          2 |        134        0.44        0.44
          3 |     30,345       99.56      100.00
------------+-----------------------------------
      Total |     30,479      100.00
variable hhid does not uniquely identify observations in the master data

     _merge |      Freq.     Percent        Cum.
------------+-----------------------------------
          3 |     30,479      100.00      100.00
------------+-----------------------------------
      Total |     30,479      100.00
(19209 observations deleted)
(45 observations deleted)
(785 observations deleted)

    Variable |       Obs        Mean    Std. Dev.       Min        Max
-------------+--------------------------------------------------------
    ratiotw2 |       212    1.252933    .4820457   .8504128    4.64159
    ratiomw2 |       212    1.059132    .3964208   .2999246   4.797804
variable product does not uniquely identify observations in the master data
product was int now float

     _merge |      Freq.     Percent        Cum.
------------+-----------------------------------
          2 |          2        0.93        0.93
          3 |        212       99.07      100.00
------------+-----------------------------------
      Total |        214      100.00
    2
(2 observations deleted)
(note: file /home/bjvca/data/data/GAP/Haruna/UNPS_2011/GAPP3//work/price_unit_flex_it2.dta not found)
file /home/bjvca/data/data/GAP/Haruna/UNPS_2011/GAPP3//work/price_unit_flex_it2.dta saved
(label lspdomain already defined)

     _merge |      Freq.     Percent        Cum.
------------+-----------------------------------
          1 |          7        3.20        3.20
          2 |         75       34.25       37.44
          3 |        137       62.56      100.00
------------+-----------------------------------
      Total |        219      100.00

     +------------------------------------+
     | product        spdomain   descript |
     |------------------------------------|
132. |     157   Central Urban          1 |
133. |     157   Central Rural          1 |
134. |     157         Eastern          1 |
135. |     157        Northern          1 |
136. |     157         Western          1 |
     |------------------------------------|
143. |       .   Central Urban          1 |
144. |       .   Central Rural          1 |
     +------------------------------------+
(82 observations deleted)
variable product does not uniquely identify observations in the master data
(note: descript is str26 in using data but will be float now)

     _merge |      Freq.     Percent        Cum.
------------+-----------------------------------
          1 |          5        3.12        3.12
          2 |         23       14.38       17.50
          3 |        132       82.50      100.00
------------+-----------------------------------
      Total |        160      100.00

     +------------------------------------+
     | product        spdomain   descript |
     |------------------------------------|
133. |     162        Northern          1 |
134. |     166         Western          1 |
135. |     170   Central Urban          1 |
136. |     171   Central Rural          1 |
137. |     171         Eastern          1 |
     +------------------------------------+
(28 observations deleted)

--------------------------------------------------------------------------------------------------------------------------
-> spdomain = Central Urban
    4
--------------------------------------------------------------------------------------------------------------------------
-> spdomain = Central Rural
    0
--------------------------------------------------------------------------------------------------------------------------
-> spdomain = Eastern
    0
--------------------------------------------------------------------------------------------------------------------------
-> spdomain = Northern
    1
--------------------------------------------------------------------------------------------------------------------------
-> spdomain = Western
    0

    Variable |       Obs        Mean    Std. Dev.       Min        Max
-------------+--------------------------------------------------------
        bswt |       132    69.31061    55.25004          7        277
(5 observations deleted)
(0 observations deleted)

Summary for variables: baskshr
     by categories of: spdomain (Spatial domains: each with own poverty line (they are 5))

     spdomain |         N      mean        sd       min       max
--------------+--------------------------------------------------
Central Urban |        25   .762072         0   .762072   .762072
Central Rural |        26  .7597615         0  .7597615  .7597615
      Eastern |        27  .8900589         0  .8900589  .8900589
     Northern |        26  .8547322         0  .8547322  .8547322
      Western |        23   .880883         0   .880883   .880883
--------------+--------------------------------------------------
        Total |       127  .8292956  .0574874  .7597615  .8900589
-----------------------------------------------------------------
variable spdomain does not uniquely identify observations in the master data

     _merge |      Freq.     Percent        Cum.
------------+-----------------------------------
          2 |          1        0.78        0.78
          3 |        127       99.22      100.00
------------+-----------------------------------
      Total |        128      100.00
(1 missing value generated)
(127 real changes made)
(120 real changes made)
(128 real changes made)

Summary for variables: chkcal
     by categories of: spdomain (Spatial domains: each with own poverty line (they are 5))

     spdomain |         N      mean        sd       min       max
--------------+--------------------------------------------------
Central Urban |        25  6.42e-06         0  6.42e-06  6.42e-06
Central Rural |        26  .0000257         0  .0000257  .0000257
      Eastern |        27 -.0000257         0 -.0000257 -.0000257
     Northern |        26  .0000321         0  .0000321  .0000321
      Western |        23  .0000578         0  .0000578  .0000578
--------------+--------------------------------------------------
        Total |       127  .0000181  .0000279 -.0000257  .0000578
-----------------------------------------------------------------
(1 missing value generated)
(127 real changes made)
(note: file /home/bjvca/data/data/GAP/Haruna/UNPS_2011/GAPP3//work/quan_flex_it2.dta not found)
file /home/bjvca/data/data/GAP/Haruna/UNPS_2011/GAPP3//work/quan_flex_it2.dta saved
(note: file /home/bjvca/data/data/GAP/Haruna/UNPS_2011/GAPP3//work/povline_food_flex_it2.dta not found)
file /home/bjvca/data/data/GAP/Haruna/UNPS_2011/GAPP3//work/povline_food_flex_it2.dta saved
variable spdomain does not uniquely identify observations in the master data
(label lspdomain already defined)

     _merge |      Freq.     Percent        Cum.
------------+-----------------------------------
          3 |      2,717      100.00      100.00
------------+-----------------------------------
      Total |      2,717      100.00
(56 real changes made)
(3 missing values generated)
(note: file /tmp/St02337.00000g not found)
file /tmp/St02337.00000g saved
variable spdomain does not uniquely identify observations in the master data
(label lspdomain already defined)

     _merge |      Freq.     Percent        Cum.
------------+-----------------------------------
          3 |      2,717      100.00      100.00
------------+-----------------------------------
      Total |      2,717      100.00
(note: file /home/bjvca/data/data/GAP/Haruna/UNPS_2011/GAPP3//work/povlines_it2.dta not found)
file /home/bjvca/data/data/GAP/Haruna/UNPS_2011/GAPP3//work/povlines_it2.dta saved
variable spdomain does not uniquely identify observations in the master data
variable spdomain does not uniquely identify observations in
    /home/bjvca/data/data/GAP/Haruna/UNPS_2011/GAPP3//work/povlines_it2.dta
(label lspdomain already defined)

     _merge |      Freq.     Percent        Cum.
------------+-----------------------------------
          3 |      2,717      100.00      100.00
------------+-----------------------------------
      Total |      2,717      100.00
(225 missing values generated)
(225 missing values generated)
(2708 real changes made)
(9 missing values generated)
(2482 real changes made)

    Variable |     Obs      Weight        Mean   Std. Dev.       Min        Max
-------------+-----------------------------------------------------------------
          cr |    2492  34690902.7    1990.349   5527.795          0   252488.6
      cr_it2 |    2492  34690902.7    1990.349   7532.325          0   383041.4
     linpob2 |    2714  37328356.8     720.859   666.3795          0   2774.872
    linpobr2 |    2707    37257099    516.7629          0   516.7629   516.7629
(2481 missing values generated)
(2256 real changes made)
(225 missing values generated)
(2256 real changes made)
(225 missing values generated)
(2256 real changes made)
(225 missing values generated)
(225 missing values generated)
(225 missing values generated)
(3 missing values generated)

      pweight: popwt
          VCE: linearized
  Single unit: missing
     Strata 1: strata
         SU 1: psu
        FPC 1: <zero>
(running mean on estimation sample)

Survey: Mean estimation

Number of strata =       6        Number of obs    =      2492
Number of PSUs   =     317        Population size  =  34690903
                                  Design df        =       311

--------------------------------------------------------------
             |             Linearized
             |       Mean   Std. Err.     [95% Conf. Interval]
-------------+------------------------------------------------
     h_flex2 |   9.844081          .             .           .
    pg_flex2 |   3.878088          .             .           .
   spg_flex2 |   2.533186          .             .           .
--------------------------------------------------------------
Note: missing standard errors because of stratum with single
      sampling unit.
(running mean on estimation sample)

Survey: Mean estimation

Number of strata =       6        Number of obs    =      2492
Number of PSUs   =     317        Population size  =  34690903
                                  Design df        =       311

            0: rural = 0
            1: rural = 1

--------------------------------------------------------------
             |             Linearized
        Over |       Mean   Std. Err.     [95% Conf. Interval]
-------------+------------------------------------------------
h_flex2      |
           0 |   21.76924          .             .           .
           1 |   8.482435          .             .           .
-------------+------------------------------------------------
pg_flex2     |
           0 |   7.802456          .             .           .
           1 |   3.429993          .             .           .
-------------+------------------------------------------------
spg_flex2    |
           0 |   4.143901          .             .           .
           1 |   2.349271          .             .           .
--------------------------------------------------------------
Note: missing standard errors because of stratum with single
      sampling unit.
(running mean on estimation sample)

Survey: Mean estimation

Number of strata =       6        Number of obs    =      2492
Number of PSUs   =     317        Population size  =  34690903
                                  Design df        =       311

      Kampala: strata = Kampala
    _subpop_2: strata = Other Urban
    _subpop_3: strata = Central rural
    _subpop_4: strata = East rural
    _subpop_5: strata = North rural
    _subpop_6: strata = West rural

--------------------------------------------------------------
             |             Linearized
        Over |       Mean   Std. Err.     [95% Conf. Interval]
-------------+------------------------------------------------
h_flex2      |
     Kampala |          0  (omitted)
   _subpop_2 |   21.76924          .             .           .
   _subpop_3 |    13.1653          .             .           .
   _subpop_4 |   2.415916          .             .           .
   _subpop_5 |   4.372422          .             .           .
   _subpop_6 |   15.09143          .             .           .
-------------+------------------------------------------------
pg_flex2     |
     Kampala |          0  (omitted)
   _subpop_2 |   7.802456          .             .           .
   _subpop_3 |   7.917947          .             .           .
   _subpop_4 |   .8795093          .             .           .
   _subpop_5 |   .8553601          .             .           .
   _subpop_6 |   4.929269          .             .           .
-------------+------------------------------------------------
spg_flex2    |
     Kampala |          0  (omitted)
   _subpop_2 |   4.143901          .             .           .
   _subpop_3 |   6.475623          .             .           .
   _subpop_4 |   .4036744          .             .           .
   _subpop_5 |   .3267688          .             .           .
   _subpop_6 |   2.972345          .             .           .
--------------------------------------------------------------
Note: missing standard errors because of stratum with single
      sampling unit.
(running mean on estimation sample)

Survey: Mean estimation

Number of strata =       6        Number of obs    =      2492
Number of PSUs   =     317        Population size  =  34690903
                                  Design df        =       311

         Over: strata rural
    _subpop_1: Kampala 1
    _subpop_2: Other Urban 0
    _subpop_3: Central rural 1
    _subpop_4: East rural 1
    _subpop_5: North rural 1
    _subpop_6: West rural 1

--------------------------------------------------------------
             |             Linearized
        Over |       Mean   Std. Err.     [95% Conf. Interval]
-------------+------------------------------------------------
h_flex2      |
   _subpop_1 |          0  (omitted)
   _subpop_2 |   21.76924          .             .           .
   _subpop_3 |    13.1653          .             .           .
   _subpop_4 |   2.415916          .             .           .
   _subpop_5 |   4.372422          .             .           .
   _subpop_6 |   15.09143          .             .           .
-------------+------------------------------------------------
pg_flex2     |
   _subpop_1 |          0  (omitted)
   _subpop_2 |   7.802456          .             .           .
   _subpop_3 |   7.917947          .             .           .
   _subpop_4 |   .8795093          .             .           .
   _subpop_5 |   .8553601          .             .           .
   _subpop_6 |   4.929269          .             .           .
-------------+------------------------------------------------
spg_flex2    |
   _subpop_1 |          0  (omitted)
   _subpop_2 |   4.143901          .             .           .
   _subpop_3 |   6.475623          .             .           .
   _subpop_4 |   .4036744          .             .           .
   _subpop_5 |   .3267688          .             .           .
   _subpop_6 |   2.972345          .             .           .
--------------------------------------------------------------
Note: missing standard errors because of stratum with single
      sampling unit.
(running mean on estimation sample)

Survey: Mean estimation

Number of strata =       6        Number of obs    =      2492
Number of PSUs   =     317        Population size  =  34690903
                                  Design df        =       311

    _subpop_1: spdomain = Central Urban
    _subpop_2: spdomain = Central Rural
      Eastern: spdomain = Eastern
     Northern: spdomain = Northern
      Western: spdomain = Western

--------------------------------------------------------------
             |             Linearized
        Over |       Mean   Std. Err.     [95% Conf. Interval]
-------------+------------------------------------------------
h_flex2      |
   _subpop_1 |    51.4747          .             .           .
   _subpop_2 |   13.09757          .             .           .
     Eastern |   2.401441          .             .           .
    Northern |   3.936353          .             .           .
     Western |   14.42713          .             .           .
-------------+------------------------------------------------
pg_flex2     |
   _subpop_1 |   18.94604          .             .           .
   _subpop_2 |   7.877213          .             .           .
     Eastern |   .8407687          .             .           .
    Northern |   .7700536          .             .           .
     Western |   4.681379          .             .           .
-------------+------------------------------------------------
spg_flex2    |
   _subpop_1 |   10.12423          .             .           .
   _subpop_2 |   6.442309          .             .           .
     Eastern |   .3856657          .             .           .
    Northern |   .2941796          .             .           .
     Western |   2.807814          .             .           .
--------------------------------------------------------------
Note: missing standard errors because of stratum with single
      sampling unit.
rural was float now byte
spdomain was float now byte
news was float now byte
h_flex2 was float now byte
(note: file /home/bjvca/data/data/GAP/Haruna/UNPS_2011/GAPP3//work/cons_real_it2.dta not found)
file /home/bjvca/data/data/GAP/Haruna/UNPS_2011/GAPP3//work/cons_real_it2.dta saved

    Variable |     Obs      Weight        Mean   Std. Dev.       Min        Max
-------------+-----------------------------------------------------------------
     h_flex2 |    2492  34690902.7    9.844081   29.79695          0        100
(note: file /home/bjvca/data/data/GAP/Haruna/UNPS_2011/GAPP3//work/foodshares_it2.dta not found)
file /home/bjvca/data/data/GAP/Haruna/UNPS_2011/GAPP3//work/foodshares_it2.dta saved
file /tmp/St02337.000002 saved
variable one does not uniquely identify observations in the master data

     _merge |      Freq.     Percent        Cum.
------------+-----------------------------------
          3 |      2,717      100.00      100.00
------------+-----------------------------------
      Total |      2,717      100.00

   relpoor3 |      Freq.     Percent        Cum.
------------+-----------------------------------
          0 | 1,452.7411       53.53       53.53
          1 | 1,261.2589       46.47      100.00
------------+-----------------------------------
      Total |      2,714      100.00
(note: file /home/bjvca/data/data/GAP/Haruna/UNPS_2011/GAPP3//work/relpoor_it3.dta not found)
file /home/bjvca/data/data/GAP/Haruna/UNPS_2011/GAPP3//work/relpoor_it3.dta saved
variable hhid does not uniquely identify observations in the master data

     _merge |      Freq.     Percent        Cum.
------------+-----------------------------------
          1 |        283        0.76        0.76
          2 |          4        0.01        0.77
          3 |     36,833       99.23      100.00
------------+-----------------------------------
      Total |     37,120      100.00
(2999 observations deleted)
variable hhid does not uniquely identify observations in the master data

     _merge |      Freq.     Percent        Cum.
------------+-----------------------------------
          2 |         61        0.18        0.18
          3 |     34,121       99.82      100.00
------------+-----------------------------------
      Total |     34,182      100.00
(21886 observations deleted)
(10 missing values generated)
   10
    0
(10 missing values generated)
   10
(10 observations deleted)
(note: file /tmp/St02337.00000h not found)
file /tmp/St02337.00000h saved
(note: file /tmp/St02337.00000i not found)
file /tmp/St02337.00000i saved
variable spdomain does not uniquely identify observations in the master data

     _merge |      Freq.     Percent        Cum.
------------+-----------------------------------
          3 |     12,286      100.00      100.00
------------+-----------------------------------
      Total |     12,286      100.00
  164
(164 observations deleted)
file /tmp/St02337.00000h saved
47
47
(note: file /home/bjvca/data/data/GAP/Haruna/UNPS_2011/GAPP3//work/codes_food_basket_flex_it3.dta not found)
file /home/bjvca/data/data/GAP/Haruna/UNPS_2011/GAPP3//work/codes_food_basket_flex_it3.dta saved
(HH food cons. (1 rec per item cons. cat A& B per HH; Cat B: only T6SQ1 + T6AEQ3))
(779 observations deleted)
(note: file /tmp/St02337.00000j not found)
file /tmp/St02337.00000j saved
variable hhid does not uniquely identify observations in the master data

     _merge |      Freq.     Percent        Cum.
------------+-----------------------------------
          1 |        283        0.84        0.84
          2 |        110        0.33        1.16
          3 |     33,342       98.84      100.00
------------+-----------------------------------
      Total |     33,735      100.00
(110 observations deleted)
file /tmp/St02337.00000j saved
variable product does not uniquely identify observations in the master data
product was int now float

     _merge |      Freq.     Percent        Cum.
------------+-----------------------------------
          1 |      2,831        8.42        8.42
          2 |          2        0.01        8.42
          3 |     30,794       91.58      100.00
------------+-----------------------------------
      Total |     33,627      100.00
(2833 observations deleted)
(179 observations deleted)
(note: file /tmp/St02337.00000l not found)
file /tmp/St02337.00000l saved
product was float now int
unit was float now byte
food_cat was float now byte
survquar was float now byte
survmon was float now byte
rural was float now byte
spdomain was float now byte
news was float now byte
bswt was float now byte
hhsize was long now byte
count was float now byte
descript was float now byte
numreg was double now byte
variable hhid does not uniquely identify observations in the master data
survquar was byte now float
spdomain was byte now float
(label lspdomain already defined)
(label lsurvquar already defined)
(label lbreg already defined)

     _merge |      Freq.     Percent        Cum.
------------+-----------------------------------
          2 |        133        0.43        0.43
          3 |     30,615       99.57      100.00
------------+-----------------------------------
      Total |     30,748      100.00
variable hhid does not uniquely identify observations in the master data

     _merge |      Freq.     Percent        Cum.
------------+-----------------------------------
          3 |     30,748      100.00      100.00
------------+-----------------------------------
      Total |     30,748      100.00
(19323 observations deleted)
(45 observations deleted)
(794 observations deleted)

    Variable |       Obs        Mean    Std. Dev.       Min        Max
-------------+--------------------------------------------------------
    ratiotw3 |       217    1.262218    .4901708   .8819051    4.64159
    ratiomw3 |       217    1.068268    .4071235   .4867766    4.13329
variable product does not uniquely identify observations in the master data
product was int now float

     _merge |      Freq.     Percent        Cum.
------------+-----------------------------------
          2 |          3        1.36        1.36
          3 |        217       98.64      100.00
------------+-----------------------------------
      Total |        220      100.00
    3
(3 observations deleted)
(note: file /home/bjvca/data/data/GAP/Haruna/UNPS_2011/GAPP3//work/price_unit_flex_it3.dta not found)
file /home/bjvca/data/data/GAP/Haruna/UNPS_2011/GAPP3//work/price_unit_flex_it3.dta saved
(label lspdomain already defined)

     _merge |      Freq.     Percent        Cum.
------------+-----------------------------------
          1 |          8        3.56        3.56
          2 |         80       35.56       39.11
          3 |        137       60.89      100.00
------------+-----------------------------------
      Total |        225      100.00

     +------------------------------------+
     | product        spdomain   descript |
     |------------------------------------|
132. |     157   Central Urban          1 |
133. |     157   Central Rural          1 |
134. |     157         Eastern          1 |
135. |     157        Northern          1 |
136. |     157         Western          1 |
     |------------------------------------|
138. |     160   Central Urban          1 |
144. |       .   Central Urban          1 |
145. |       .   Central Rural          1 |
     +------------------------------------+
(88 observations deleted)
variable product does not uniquely identify observations in the master data
(note: descript is str26 in using data but will be float now)

     _merge |      Freq.     Percent        Cum.
------------+-----------------------------------
          1 |          5        3.14        3.14
          2 |         22       13.84       16.98
          3 |        132       83.02      100.00
------------+-----------------------------------
      Total |        159      100.00

     +------------------------------------+
     | product        spdomain   descript |
     |------------------------------------|
133. |     162        Northern          1 |
134. |     166         Western          1 |
135. |     170   Central Urban          1 |
136. |     171   Central Rural          1 |
137. |     171         Eastern          1 |
     +------------------------------------+
(27 observations deleted)

--------------------------------------------------------------------------------------------------------------------------
-> spdomain = Central Urban
    3
--------------------------------------------------------------------------------------------------------------------------
-> spdomain = Central Rural
    0
--------------------------------------------------------------------------------------------------------------------------
-> spdomain = Eastern
    0
--------------------------------------------------------------------------------------------------------------------------
-> spdomain = Northern
    1
--------------------------------------------------------------------------------------------------------------------------
-> spdomain = Western
    0

    Variable |       Obs        Mean    Std. Dev.       Min        Max
-------------+--------------------------------------------------------
        bswt |       132    70.09091    55.66427          7        277
(4 observations deleted)
(0 observations deleted)

Summary for variables: baskshr
     by categories of: spdomain (Spatial domains: each with own poverty line (they are 5))

     spdomain |         N      mean        sd       min       max
--------------+--------------------------------------------------
Central Urban |        25  .7333384         0  .7333384  .7333384
Central Rural |        26  .7648284         0  .7648284  .7648284
      Eastern |        28  .8941371         0  .8941371  .8941371
     Northern |        26  .8529498         0  .8529498  .8529498
      Western |        23   .880883         0   .880883   .880883
--------------+--------------------------------------------------
        Total |       128  .8257175  .0646062  .7333384  .8941371
-----------------------------------------------------------------
variable spdomain does not uniquely identify observations in the master data

     _merge |      Freq.     Percent        Cum.
------------+-----------------------------------
          2 |          1        0.78        0.78
          3 |        128       99.22      100.00
------------+-----------------------------------
      Total |        129      100.00
(1 missing value generated)
(128 real changes made)
(121 real changes made)
(129 real changes made)

Summary for variables: chkcal
     by categories of: spdomain (Spatial domains: each with own poverty line (they are 5))

     spdomain |         N      mean        sd       min       max
--------------+--------------------------------------------------
Central Urban |        25 -.0001221         0 -.0001221 -.0001221
Central Rural |        26 -.0000385         0 -.0000385 -.0000385
      Eastern |        28 -.0000899         0 -.0000899 -.0000899
     Northern |        26  .0000321         0  .0000321  .0000321
      Western |        23  .0000578         0  .0000578  .0000578
--------------+--------------------------------------------------
        Total |       128 -.0000344  .0000681 -.0001221  .0000578
-----------------------------------------------------------------
(1 missing value generated)
(128 real changes made)
(note: file /home/bjvca/data/data/GAP/Haruna/UNPS_2011/GAPP3//work/quan_flex_it3.dta not found)
file /home/bjvca/data/data/GAP/Haruna/UNPS_2011/GAPP3//work/quan_flex_it3.dta saved
(note: file /home/bjvca/data/data/GAP/Haruna/UNPS_2011/GAPP3//work/povline_food_flex_it3.dta not found)
file /home/bjvca/data/data/GAP/Haruna/UNPS_2011/GAPP3//work/povline_food_flex_it3.dta saved
variable spdomain does not uniquely identify observations in the master data
(label lspdomain already defined)

     _merge |      Freq.     Percent        Cum.
------------+-----------------------------------
          3 |      2,717      100.00      100.00
------------+-----------------------------------
      Total |      2,717      100.00
(56 real changes made)
(3 missing values generated)
(note: file /tmp/St02337.00000n not found)
file /tmp/St02337.00000n saved
variable spdomain does not uniquely identify observations in the master data
(label lspdomain already defined)

     _merge |      Freq.     Percent        Cum.
------------+-----------------------------------
          3 |      2,717      100.00      100.00
------------+-----------------------------------
      Total |      2,717      100.00
(note: file /home/bjvca/data/data/GAP/Haruna/UNPS_2011/GAPP3//work/povlines_it3.dta not found)
file /home/bjvca/data/data/GAP/Haruna/UNPS_2011/GAPP3//work/povlines_it3.dta saved
variable spdomain does not uniquely identify observations in the master data
variable spdomain does not uniquely identify observations in
    /home/bjvca/data/data/GAP/Haruna/UNPS_2011/GAPP3//work/povlines_it3.dta
(label lspdomain already defined)

     _merge |      Freq.     Percent        Cum.
------------+-----------------------------------
          3 |      2,717      100.00      100.00
------------+-----------------------------------
      Total |      2,717      100.00
(225 missing values generated)
(225 missing values generated)
(2708 real changes made)
(9 missing values generated)
(2482 real changes made)

    Variable |     Obs      Weight        Mean   Std. Dev.       Min        Max
-------------+-----------------------------------------------------------------
          cr |    2492  34690902.7    1990.349   5527.795          0   252488.6
      cr_it3 |    2492  34690902.7    1990.349   7521.424          0   382334.8
     linpob3 |    2714  37328356.8    723.3075   673.1132          0   2799.716
    linpobr3 |    2707    37257099    517.5221   .0000268    517.522   517.5221
(2481 missing values generated)
(2256 real changes made)
(225 missing values generated)
(2256 real changes made)
(225 missing values generated)
(2256 real changes made)
(225 missing values generated)
(225 missing values generated)
(225 missing values generated)
(3 missing values generated)

      pweight: popwt
          VCE: linearized
  Single unit: missing
     Strata 1: strata
         SU 1: psu
        FPC 1: <zero>
(running mean on estimation sample)

Survey: Mean estimation

Number of strata =       6        Number of obs    =      2492
Number of PSUs   =     317        Population size  =  34690903
                                  Design df        =       311

--------------------------------------------------------------
             |             Linearized
             |       Mean   Std. Err.     [95% Conf. Interval]
-------------+------------------------------------------------
     h_flex3 |   9.844081          .             .           .
    pg_flex3 |   3.890261          .             .           .
   spg_flex3 |   2.539307          .             .           .
--------------------------------------------------------------
Note: missing standard errors because of stratum with single
      sampling unit.
(running mean on estimation sample)

Survey: Mean estimation

Number of strata =       6        Number of obs    =      2492
Number of PSUs   =     317        Population size  =  34690903
                                  Design df        =       311

            0: rural = 0
            1: rural = 1

--------------------------------------------------------------
             |             Linearized
        Over |       Mean   Std. Err.     [95% Conf. Interval]
-------------+------------------------------------------------
h_flex3      |
           0 |   21.76924          .             .           .
           1 |   8.482435          .             .           .
-------------+------------------------------------------------
pg_flex3     |
           0 |   7.917524          .             .           .
           1 |   3.430418          .             .           .
-------------+------------------------------------------------
spg_flex3    |
           0 |   4.206679          .             .           .
           1 |   2.348922          .             .           .
--------------------------------------------------------------
Note: missing standard errors because of stratum with single
      sampling unit.
(running mean on estimation sample)

Survey: Mean estimation

Number of strata =       6        Number of obs    =      2492
Number of PSUs   =     317        Population size  =  34690903
                                  Design df        =       311

      Kampala: strata = Kampala
    _subpop_2: strata = Other Urban
    _subpop_3: strata = Central rural
    _subpop_4: strata = East rural
    _subpop_5: strata = North rural
    _subpop_6: strata = West rural

--------------------------------------------------------------
             |             Linearized
        Over |       Mean   Std. Err.     [95% Conf. Interval]
-------------+------------------------------------------------
h_flex3      |
     Kampala |          0  (omitted)
   _subpop_2 |   21.76924          .             .           .
   _subpop_3 |    13.1653          .             .           .
   _subpop_4 |   2.415916          .             .           .
   _subpop_5 |   4.372422          .             .           .
   _subpop_6 |   15.09143          .             .           .
-------------+------------------------------------------------
pg_flex3     |
     Kampala |          0  (omitted)
   _subpop_2 |   7.917524          .             .           .
   _subpop_3 |    7.90065          .             .           .
   _subpop_4 |   .8841512          .             .           .
   _subpop_5 |   .8669976          .             .           .
   _subpop_6 |    4.92927          .             .           .
-------------+------------------------------------------------
spg_flex3    |
     Kampala |          0  (omitted)
   _subpop_2 |   4.206679          .             .           .
   _subpop_3 |   6.466156          .             .           .
   _subpop_4 |   .4065594          .             .           .
   _subpop_5 |   .3302996          .             .           .
   _subpop_6 |   2.972345          .             .           .
--------------------------------------------------------------
Note: missing standard errors because of stratum with single
      sampling unit.
(running mean on estimation sample)

Survey: Mean estimation

Number of strata =       6        Number of obs    =      2492
Number of PSUs   =     317        Population size  =  34690903
                                  Design df        =       311

         Over: strata rural
    _subpop_1: Kampala 1
    _subpop_2: Other Urban 0
    _subpop_3: Central rural 1
    _subpop_4: East rural 1
    _subpop_5: North rural 1
    _subpop_6: West rural 1

--------------------------------------------------------------
             |             Linearized
        Over |       Mean   Std. Err.     [95% Conf. Interval]
-------------+------------------------------------------------
h_flex3      |
   _subpop_1 |          0  (omitted)
   _subpop_2 |   21.76924          .             .           .
   _subpop_3 |    13.1653          .             .           .
   _subpop_4 |   2.415916          .             .           .
   _subpop_5 |   4.372422          .             .           .
   _subpop_6 |   15.09143          .             .           .
-------------+------------------------------------------------
pg_flex3     |
   _subpop_1 |          0  (omitted)
   _subpop_2 |   7.917524          .             .           .
   _subpop_3 |    7.90065          .             .           .
   _subpop_4 |   .8841512          .             .           .
   _subpop_5 |   .8669976          .             .           .
   _subpop_6 |    4.92927          .             .           .
-------------+------------------------------------------------
spg_flex3    |
   _subpop_1 |          0  (omitted)
   _subpop_2 |   4.206679          .             .           .
   _subpop_3 |   6.466156          .             .           .
   _subpop_4 |   .4065594          .             .           .
   _subpop_5 |   .3302996          .             .           .
   _subpop_6 |   2.972345          .             .           .
--------------------------------------------------------------
Note: missing standard errors because of stratum with single
      sampling unit.
(running mean on estimation sample)

Survey: Mean estimation

Number of strata =       6        Number of obs    =      2492
Number of PSUs   =     317        Population size  =  34690903
                                  Design df        =       311

    _subpop_1: spdomain = Central Urban
    _subpop_2: spdomain = Central Rural
      Eastern: spdomain = Eastern
     Northern: spdomain = Northern
      Western: spdomain = Western

--------------------------------------------------------------
             |             Linearized
        Over |       Mean   Std. Err.     [95% Conf. Interval]
-------------+------------------------------------------------
h_flex3      |
   _subpop_1 |    51.4747          .             .           .
   _subpop_2 |   13.09757          .             .           .
     Eastern |   2.401441          .             .           .
    Northern |   3.936353          .             .           .
     Western |   14.42713          .             .           .
-------------+------------------------------------------------
pg_flex3     |
   _subpop_1 |   19.23469          .             .           .
   _subpop_2 |   7.860005          .             .           .
     Eastern |   .8454839          .             .           .
    Northern |   .7805305          .             .           .
     Western |   4.681379          .             .           .
-------------+------------------------------------------------
spg_flex3    |
   _subpop_1 |   10.28266          .             .           .
   _subpop_2 |   6.432891          .             .           .
     Eastern |   .3884258          .             .           .
    Northern |   .2973582          .             .           .
     Western |   2.807814          .             .           .
--------------------------------------------------------------
Note: missing standard errors because of stratum with single
      sampling unit.
rural was float now byte
spdomain was float now byte
news was float now byte
h_flex3 was float now byte
(note: file /home/bjvca/data/data/GAP/Haruna/UNPS_2011/GAPP3//work/cons_real_it3.dta not found)
file /home/bjvca/data/data/GAP/Haruna/UNPS_2011/GAPP3//work/cons_real_it3.dta saved

    Variable |     Obs      Weight        Mean   Std. Dev.       Min        Max
-------------+-----------------------------------------------------------------
     h_flex3 |    2492  34690902.7    9.844081   29.79695          0        100
(note: file /home/bjvca/data/data/GAP/Haruna/UNPS_2011/GAPP3//work/foodshares_it3.dta not found)
file /home/bjvca/data/data/GAP/Haruna/UNPS_2011/GAPP3//work/foodshares_it3.dta saved
file /tmp/St02337.000002 saved
variable one does not uniquely identify observations in the master data

     _merge |      Freq.     Percent        Cum.
------------+-----------------------------------
          3 |      2,717      100.00      100.00
------------+-----------------------------------
      Total |      2,717      100.00

   relpoor4 |      Freq.     Percent        Cum.
------------+-----------------------------------
          0 | 1,452.7643       53.53       53.53
          1 | 1,261.2357       46.47      100.00
------------+-----------------------------------
      Total |      2,714      100.00
(note: file /home/bjvca/data/data/GAP/Haruna/UNPS_2011/GAPP3//work/relpoor_it4.dta not found)
file /home/bjvca/data/data/GAP/Haruna/UNPS_2011/GAPP3//work/relpoor_it4.dta saved
variable hhid does not uniquely identify observations in the master data

     _merge |      Freq.     Percent        Cum.
------------+-----------------------------------
          1 |        283        0.76        0.76
          2 |          4        0.01        0.77
          3 |     36,833       99.23      100.00
------------+-----------------------------------
      Total |     37,120      100.00
(2999 observations deleted)
variable hhid does not uniquely identify observations in the master data

     _merge |      Freq.     Percent        Cum.
------------+-----------------------------------
          2 |         61        0.18        0.18
          3 |     34,121       99.82      100.00
------------+-----------------------------------
      Total |     34,182      100.00
(21905 observations deleted)
(10 missing values generated)
   10
    0
(10 missing values generated)
   10
(10 observations deleted)
(note: file /tmp/St02337.00000o not found)
file /tmp/St02337.00000o saved
(note: file /tmp/St02337.00000p not found)
file /tmp/St02337.00000p saved
variable spdomain does not uniquely identify observations in the master data

     _merge |      Freq.     Percent        Cum.
------------+-----------------------------------
          3 |     12,267      100.00      100.00
------------+-----------------------------------
      Total |     12,267      100.00
  164
(164 observations deleted)
file /tmp/St02337.00000o saved
47
47
(note: file /home/bjvca/data/data/GAP/Haruna/UNPS_2011/GAPP3//work/codes_food_basket_flex_it4.dta not found)
file /home/bjvca/data/data/GAP/Haruna/UNPS_2011/GAPP3//work/codes_food_basket_flex_it4.dta saved
(HH food cons. (1 rec per item cons. cat A& B per HH; Cat B: only T6SQ1 + T6AEQ3))
(779 observations deleted)
(note: file /tmp/St02337.00000q not found)
file /tmp/St02337.00000q saved
variable hhid does not uniquely identify observations in the master data

     _merge |      Freq.     Percent        Cum.
------------+-----------------------------------
          1 |        283        0.84        0.84
          2 |        110        0.33        1.16
          3 |     33,342       98.84      100.00
------------+-----------------------------------
      Total |     33,735      100.00
(110 observations deleted)
file /tmp/St02337.00000q saved
variable product does not uniquely identify observations in the master data
product was int now float

     _merge |      Freq.     Percent        Cum.
------------+-----------------------------------
          1 |      2,831        8.42        8.42
          2 |          2        0.01        8.42
          3 |     30,794       91.58      100.00
------------+-----------------------------------
      Total |     33,627      100.00
(2833 observations deleted)
(179 observations deleted)
(note: file /tmp/St02337.00000s not found)
file /tmp/St02337.00000s saved
product was float now int
unit was float now byte
food_cat was float now byte
survquar was float now byte
survmon was float now byte
rural was float now byte
spdomain was float now byte
news was float now byte
bswt was float now byte
hhsize was long now byte
count was float now byte
descript was float now byte
numreg was double now byte
variable hhid does not uniquely identify observations in the master data
survquar was byte now float
spdomain was byte now float
(label lspdomain already defined)
(label lsurvquar already defined)
(label lbreg already defined)

     _merge |      Freq.     Percent        Cum.
------------+-----------------------------------
          2 |        133        0.43        0.43
          3 |     30,615       99.57      100.00
------------+-----------------------------------
      Total |     30,748      100.00
variable hhid does not uniquely identify observations in the master data

     _merge |      Freq.     Percent        Cum.
------------+-----------------------------------
          3 |     30,748      100.00      100.00
------------+-----------------------------------
      Total |     30,748      100.00
(19340 observations deleted)
(45 observations deleted)
(797 observations deleted)

    Variable |       Obs        Mean    Std. Dev.       Min        Max
-------------+--------------------------------------------------------
    ratiotw4 |       217    1.263138    .4944414   .8819051    4.64159
    ratiomw4 |       217    1.067593    .4058826   .4867766   4.090567
variable product does not uniquely identify observations in the master data
product was int now float

     _merge |      Freq.     Percent        Cum.
------------+-----------------------------------
          2 |          3        1.36        1.36
          3 |        217       98.64      100.00
------------+-----------------------------------
      Total |        220      100.00
    3
(3 observations deleted)
(note: file /home/bjvca/data/data/GAP/Haruna/UNPS_2011/GAPP3//work/price_unit_flex_it4.dta not found)
file /home/bjvca/data/data/GAP/Haruna/UNPS_2011/GAPP3//work/price_unit_flex_it4.dta saved
(label lspdomain already defined)

     _merge |      Freq.     Percent        Cum.
------------+-----------------------------------
          1 |          8        3.56        3.56
          2 |         80       35.56       39.11
          3 |        137       60.89      100.00
------------+-----------------------------------
      Total |        225      100.00

     +------------------------------------+
     | product        spdomain   descript |
     |------------------------------------|
132. |     157   Central Urban          1 |
133. |     157   Central Rural          1 |
134. |     157         Eastern          1 |
135. |     157        Northern          1 |
136. |     157         Western          1 |
     |------------------------------------|
138. |     160   Central Urban          1 |
144. |       .   Central Urban          1 |
145. |       .   Central Rural          1 |
     +------------------------------------+
(88 observations deleted)
variable product does not uniquely identify observations in the master data
(note: descript is str26 in using data but will be float now)

     _merge |      Freq.     Percent        Cum.
------------+-----------------------------------
          1 |          5        3.14        3.14
          2 |         22       13.84       16.98
          3 |        132       83.02      100.00
------------+-----------------------------------
      Total |        159      100.00

     +------------------------------------+
     | product        spdomain   descript |
     |------------------------------------|
133. |     162        Northern          1 |
134. |     166         Western          1 |
135. |     170   Central Urban          1 |
136. |     171   Central Rural          1 |
137. |     171         Eastern          1 |
     +------------------------------------+
(27 observations deleted)

--------------------------------------------------------------------------------------------------------------------------
-> spdomain = Central Urban
    3
--------------------------------------------------------------------------------------------------------------------------
-> spdomain = Central Rural
    0
--------------------------------------------------------------------------------------------------------------------------
-> spdomain = Eastern
    0
--------------------------------------------------------------------------------------------------------------------------
-> spdomain = Northern
    1
--------------------------------------------------------------------------------------------------------------------------
-> spdomain = Western
    0

    Variable |       Obs        Mean    Std. Dev.       Min        Max
-------------+--------------------------------------------------------
        bswt |       132    69.98485    55.50682          7        277
(4 observations deleted)
(0 observations deleted)

Summary for variables: baskshr
     by categories of: spdomain (Spatial domains: each with own poverty line (they are 5))

     spdomain |         N      mean        sd       min       max
--------------+--------------------------------------------------
Central Urban |        25  .7333384         0  .7333384  .7333384
Central Rural |        26  .7645174         0  .7645174  .7645174
      Eastern |        28  .8942755         0  .8942755  .8942755
     Northern |        26  .8532822         0  .8532822  .8532822
      Western |        23   .880883         0   .880883   .880883
--------------+--------------------------------------------------
        Total |       128  .8257521  .0647274  .7333384  .8942755
-----------------------------------------------------------------
variable spdomain does not uniquely identify observations in the master data

     _merge |      Freq.     Percent        Cum.
------------+-----------------------------------
          2 |          1        0.78        0.78
          3 |        128       99.22      100.00
------------+-----------------------------------
      Total |        129      100.00
(1 missing value generated)
(128 real changes made)
(121 real changes made)
(129 real changes made)

Summary for variables: chkcal
     by categories of: spdomain (Spatial domains: each with own poverty line (they are 5))

     spdomain |         N      mean        sd       min       max
--------------+--------------------------------------------------
Central Urban |        25 -.0001221         0 -.0001221 -.0001221
Central Rural |        26  .0000257         0  .0000257  .0000257
      Eastern |        28 -.0000257         0 -.0000257 -.0000257
     Northern |        26  .0001606         0  .0001606  .0001606
      Western |        23  .0000578         0  .0000578  .0000578
--------------+--------------------------------------------------
        Total |       128  .0000188  .0000935 -.0001221  .0001606
-----------------------------------------------------------------
(1 missing value generated)
(128 real changes made)
(note: file /home/bjvca/data/data/GAP/Haruna/UNPS_2011/GAPP3//work/quan_flex_it4.dta not found)
file /home/bjvca/data/data/GAP/Haruna/UNPS_2011/GAPP3//work/quan_flex_it4.dta saved
(note: file /home/bjvca/data/data/GAP/Haruna/UNPS_2011/GAPP3//work/povline_food_flex_it4.dta not found)
file /home/bjvca/data/data/GAP/Haruna/UNPS_2011/GAPP3//work/povline_food_flex_it4.dta saved
variable spdomain does not uniquely identify observations in the master data
(label lspdomain already defined)

     _merge |      Freq.     Percent        Cum.
------------+-----------------------------------
          3 |      2,717      100.00      100.00
------------+-----------------------------------
      Total |      2,717      100.00
(56 real changes made)
(3 missing values generated)
(note: file /tmp/St02337.00000u not found)
file /tmp/St02337.00000u saved
variable spdomain does not uniquely identify observations in the master data
(label lspdomain already defined)

     _merge |      Freq.     Percent        Cum.
------------+-----------------------------------
          3 |      2,717      100.00      100.00
------------+-----------------------------------
      Total |      2,717      100.00
(note: file /home/bjvca/data/data/GAP/Haruna/UNPS_2011/GAPP3//work/povlines_it4.dta not found)
file /home/bjvca/data/data/GAP/Haruna/UNPS_2011/GAPP3//work/povlines_it4.dta saved
variable spdomain does not uniquely identify observations in the master data
variable spdomain does not uniquely identify observations in
    /home/bjvca/data/data/GAP/Haruna/UNPS_2011/GAPP3//work/povlines_it4.dta
(label lspdomain already defined)

     _merge |      Freq.     Percent        Cum.
------------+-----------------------------------
          3 |      2,717      100.00      100.00
------------+-----------------------------------
      Total |      2,717      100.00
(225 missing values generated)
(225 missing values generated)
(2708 real changes made)
(9 missing values generated)
(2482 real changes made)

    Variable |     Obs      Weight        Mean   Std. Dev.       Min        Max
-------------+-----------------------------------------------------------------
          cr |    2492  34690902.7    1990.349   5527.795          0   252488.6
      cr_it4 |    2492  34690902.7    1990.349   7517.215          0   382114.2
     linpob4 |    2714  37328356.8     723.756   673.0642          0   2799.716
    linpobr4 |    2707    37257099    518.0089          0   518.0089   518.0089
(2481 missing values generated)
(2256 real changes made)
(225 missing values generated)
(2256 real changes made)
(225 missing values generated)
(2256 real changes made)
(225 missing values generated)
(225 missing values generated)
(225 missing values generated)
(3 missing values generated)

      pweight: popwt
          VCE: linearized
  Single unit: missing
     Strata 1: strata
         SU 1: psu
        FPC 1: <zero>
(running mean on estimation sample)

Survey: Mean estimation

Number of strata =       6        Number of obs    =      2492
Number of PSUs   =     317        Population size  =  34690903
                                  Design df        =       311

--------------------------------------------------------------
             |             Linearized
             |       Mean   Std. Err.     [95% Conf. Interval]
-------------+------------------------------------------------
     h_flex4 |   9.844081          .             .           .
    pg_flex4 |   3.894462          .             .           .
   spg_flex4 |   2.541319          .             .           .
--------------------------------------------------------------
Note: missing standard errors because of stratum with single
      sampling unit.
(running mean on estimation sample)

Survey: Mean estimation

Number of strata =       6        Number of obs    =      2492
Number of PSUs   =     317        Population size  =  34690903
                                  Design df        =       311

            0: rural = 0
            1: rural = 1

--------------------------------------------------------------
             |             Linearized
        Over |       Mean   Std. Err.     [95% Conf. Interval]
-------------+------------------------------------------------
h_flex4      |
           0 |   21.76924          .             .           .
           1 |   8.482435          .             .           .
-------------+------------------------------------------------
pg_flex4     |
           0 |   7.917234          .             .           .
           1 |   3.435132          .             .           .
-------------+------------------------------------------------
spg_flex4    |
           0 |   4.206618          .             .           .
           1 |   2.351171          .             .           .
--------------------------------------------------------------
Note: missing standard errors because of stratum with single
      sampling unit.
(running mean on estimation sample)

Survey: Mean estimation

Number of strata =       6        Number of obs    =      2492
Number of PSUs   =     317        Population size  =  34690903
                                  Design df        =       311

      Kampala: strata = Kampala
    _subpop_2: strata = Other Urban
    _subpop_3: strata = Central rural
    _subpop_4: strata = East rural
    _subpop_5: strata = North rural
    _subpop_6: strata = West rural

--------------------------------------------------------------
             |             Linearized
        Over |       Mean   Std. Err.     [95% Conf. Interval]
-------------+------------------------------------------------
h_flex4      |
     Kampala |          0  (omitted)
   _subpop_2 |   21.76924          .             .           .
   _subpop_3 |    13.1653          .             .           .
   _subpop_4 |   2.415916          .             .           .
   _subpop_5 |   4.372422          .             .           .
   _subpop_6 |   15.09143          .             .           .
-------------+------------------------------------------------
pg_flex4     |
     Kampala |          0  (omitted)
   _subpop_2 |   7.917234          .             .           .
   _subpop_3 |   7.918424          .             .           .
   _subpop_4 |   .8829452          .             .           .
   _subpop_5 |   .8723121          .             .           .
   _subpop_6 |    4.92927          .             .           .
-------------+------------------------------------------------
spg_flex4    |
     Kampala |          0  (omitted)
   _subpop_2 |   4.206618          .             .           .
   _subpop_3 |   6.475886          .             .           .
   _subpop_4 |    .405808          .             .           .
   _subpop_5 |   .3319337          .             .           .
   _subpop_6 |   2.972345          .             .           .
--------------------------------------------------------------
Note: missing standard errors because of stratum with single
      sampling unit.
(running mean on estimation sample)

Survey: Mean estimation

Number of strata =       6        Number of obs    =      2492
Number of PSUs   =     317        Population size  =  34690903
                                  Design df        =       311

         Over: strata rural
    _subpop_1: Kampala 1
    _subpop_2: Other Urban 0
    _subpop_3: Central rural 1
    _subpop_4: East rural 1
    _subpop_5: North rural 1
    _subpop_6: West rural 1

--------------------------------------------------------------
             |             Linearized
        Over |       Mean   Std. Err.     [95% Conf. Interval]
-------------+------------------------------------------------
h_flex4      |
   _subpop_1 |          0  (omitted)
   _subpop_2 |   21.76924          .             .           .
   _subpop_3 |    13.1653          .             .           .
   _subpop_4 |   2.415916          .             .           .
   _subpop_5 |   4.372422          .             .           .
   _subpop_6 |   15.09143          .             .           .
-------------+------------------------------------------------
pg_flex4     |
   _subpop_1 |          0  (omitted)
   _subpop_2 |   7.917234          .             .           .
   _subpop_3 |   7.918424          .             .           .
   _subpop_4 |   .8829452          .             .           .
   _subpop_5 |   .8723121          .             .           .
   _subpop_6 |    4.92927          .             .           .
-------------+------------------------------------------------
spg_flex4    |
   _subpop_1 |          0  (omitted)
   _subpop_2 |   4.206618          .             .           .
   _subpop_3 |   6.475886          .             .           .
   _subpop_4 |    .405808          .             .           .
   _subpop_5 |   .3319337          .             .           .
   _subpop_6 |   2.972345          .             .           .
--------------------------------------------------------------
Note: missing standard errors because of stratum with single
      sampling unit.
(running mean on estimation sample)

Survey: Mean estimation

Number of strata =       6        Number of obs    =      2492
Number of PSUs   =     317        Population size  =  34690903
                                  Design df        =       311

    _subpop_1: spdomain = Central Urban
    _subpop_2: spdomain = Central Rural
      Eastern: spdomain = Eastern
     Northern: spdomain = Northern
      Western: spdomain = Western

--------------------------------------------------------------
             |             Linearized
        Over |       Mean   Std. Err.     [95% Conf. Interval]
-------------+------------------------------------------------
h_flex4      |
   _subpop_1 |    51.4747          .             .           .
   _subpop_2 |   13.09757          .             .           .
     Eastern |   2.401441          .             .           .
    Northern |   3.936353          .             .           .
     Western |   14.42713          .             .           .
-------------+------------------------------------------------
pg_flex4     |
   _subpop_1 |   19.23469          .             .           .
   _subpop_2 |   7.877688          .             .           .
     Eastern |   .8442589          .             .           .
    Northern |    .785315          .             .           .
     Western |   4.681379          .             .           .
-------------+------------------------------------------------
spg_flex4    |
   _subpop_1 |   10.28266          .             .           .
   _subpop_2 |    6.44257          .             .           .
     Eastern |   .3877068          .             .           .
    Northern |   .2988294          .             .           .
     Western |   2.807814          .             .           .
--------------------------------------------------------------
Note: missing standard errors because of stratum with single
      sampling unit.
rural was float now byte
spdomain was float now byte
news was float now byte
h_flex4 was float now byte
(note: file /home/bjvca/data/data/GAP/Haruna/UNPS_2011/GAPP3//work/cons_real_it4.dta not found)
file /home/bjvca/data/data/GAP/Haruna/UNPS_2011/GAPP3//work/cons_real_it4.dta saved

    Variable |     Obs      Weight        Mean   Std. Dev.       Min        Max
-------------+-----------------------------------------------------------------
     h_flex4 |    2492  34690902.7    9.844081   29.79695          0        100
(note: file /home/bjvca/data/data/GAP/Haruna/UNPS_2011/GAPP3//work/foodshares_it4.dta not found)
file /home/bjvca/data/data/GAP/Haruna/UNPS_2011/GAPP3//work/foodshares_it4.dta saved
file /tmp/St02337.000002 saved
variable one does not uniquely identify observations in the master data

     _merge |      Freq.     Percent        Cum.
------------+-----------------------------------
          3 |      2,717      100.00      100.00
------------+-----------------------------------
      Total |      2,717      100.00

   relpoor5 |      Freq.     Percent        Cum.
------------+-----------------------------------
          0 | 1,450.7274       53.45       53.45
          1 | 1,263.2726       46.55      100.00
------------+-----------------------------------
      Total |      2,714      100.00
(note: file /home/bjvca/data/data/GAP/Haruna/UNPS_2011/GAPP3//work/relpoor_it5.dta not found)
file /home/bjvca/data/data/GAP/Haruna/UNPS_2011/GAPP3//work/relpoor_it5.dta saved
variable hhid does not uniquely identify observations in the master data

     _merge |      Freq.     Percent        Cum.
------------+-----------------------------------
          1 |        283        0.76        0.76
          2 |          4        0.01        0.77
          3 |     36,833       99.23      100.00
------------+-----------------------------------
      Total |     37,120      100.00
(2999 observations deleted)
variable hhid does not uniquely identify observations in the master data

     _merge |      Freq.     Percent        Cum.
------------+-----------------------------------
          2 |         61        0.18        0.18
          3 |     34,121       99.82      100.00
------------+-----------------------------------
      Total |     34,182      100.00
(21890 observations deleted)
(10 missing values generated)
   10
    0
(10 missing values generated)
   10
(10 observations deleted)
(note: file /tmp/St02337.00000v not found)
file /tmp/St02337.00000v saved
(note: file /tmp/St02337.00000w not found)
file /tmp/St02337.00000w saved
variable spdomain does not uniquely identify observations in the master data

     _merge |      Freq.     Percent        Cum.
------------+-----------------------------------
          3 |     12,282      100.00      100.00
------------+-----------------------------------
      Total |     12,282      100.00
  164
(164 observations deleted)
file /tmp/St02337.00000v saved
47
47
(note: file /home/bjvca/data/data/GAP/Haruna/UNPS_2011/GAPP3//work/codes_food_basket_flex_it5.dta not found)
file /home/bjvca/data/data/GAP/Haruna/UNPS_2011/GAPP3//work/codes_food_basket_flex_it5.dta saved
(HH food cons. (1 rec per item cons. cat A& B per HH; Cat B: only T6SQ1 + T6AEQ3))
(779 observations deleted)
(note: file /tmp/St02337.00000x not found)
file /tmp/St02337.00000x saved
variable hhid does not uniquely identify observations in the master data

     _merge |      Freq.     Percent        Cum.
------------+-----------------------------------
          1 |        283        0.84        0.84
          2 |        110        0.33        1.16
          3 |     33,342       98.84      100.00
------------+-----------------------------------
      Total |     33,735      100.00
(110 observations deleted)
file /tmp/St02337.00000x saved
variable product does not uniquely identify observations in the master data
product was int now float

     _merge |      Freq.     Percent        Cum.
------------+-----------------------------------
          1 |      2,831        8.42        8.42
          2 |          2        0.01        8.42
          3 |     30,794       91.58      100.00
------------+-----------------------------------
      Total |     33,627      100.00
(2833 observations deleted)
(179 observations deleted)
(note: file /tmp/St02337.000011 not found)
file /tmp/St02337.000011 saved
product was float now int
unit was float now byte
food_cat was float now byte
survquar was float now byte
survmon was float now byte
rural was float now byte
spdomain was float now byte
news was float now byte
bswt was float now byte
hhsize was long now byte
count was float now byte
descript was float now byte
numreg was double now byte
variable hhid does not uniquely identify observations in the master data
survquar was byte now float
spdomain was byte now float
(label lspdomain already defined)
(label lsurvquar already defined)
(label lbreg already defined)

     _merge |      Freq.     Percent        Cum.
------------+-----------------------------------
          2 |        133        0.43        0.43
          3 |     30,615       99.57      100.00
------------+-----------------------------------
      Total |     30,748      100.00
variable hhid does not uniquely identify observations in the master data

     _merge |      Freq.     Percent        Cum.
------------+-----------------------------------
          3 |     30,748      100.00      100.00
------------+-----------------------------------
      Total |     30,748      100.00
(19325 observations deleted)
(45 observations deleted)
(798 observations deleted)

    Variable |       Obs        Mean    Std. Dev.       Min        Max
-------------+--------------------------------------------------------
    ratiotw5 |       217     1.26284    .4912453   .8819051    4.64159
    ratiomw5 |       217    1.068684    .4079751   .4867766   4.187579
variable product does not uniquely identify observations in the master data
product was int now float

     _merge |      Freq.     Percent        Cum.
------------+-----------------------------------
          2 |          3        1.36        1.36
          3 |        217       98.64      100.00
------------+-----------------------------------
      Total |        220      100.00
    3
(3 observations deleted)
(note: file /home/bjvca/data/data/GAP/Haruna/UNPS_2011/GAPP3//work/price_unit_flex_it5.dta not found)
file /home/bjvca/data/data/GAP/Haruna/UNPS_2011/GAPP3//work/price_unit_flex_it5.dta saved
(label lspdomain already defined)

     _merge |      Freq.     Percent        Cum.
------------+-----------------------------------
          1 |          8        3.56        3.56
          2 |         80       35.56       39.11
          3 |        137       60.89      100.00
------------+-----------------------------------
      Total |        225      100.00

     +------------------------------------+
     | product        spdomain   descript |
     |------------------------------------|
132. |     157   Central Urban          1 |
133. |     157   Central Rural          1 |
134. |     157         Eastern          1 |
135. |     157        Northern          1 |
136. |     157         Western          1 |
     |------------------------------------|
138. |     160   Central Urban          1 |
144. |       .   Central Urban          1 |
145. |       .   Central Rural          1 |
     +------------------------------------+
(88 observations deleted)
variable product does not uniquely identify observations in the master data
(note: descript is str26 in using data but will be float now)

     _merge |      Freq.     Percent        Cum.
------------+-----------------------------------
          1 |          5        3.14        3.14
          2 |         22       13.84       16.98
          3 |        132       83.02      100.00
------------+-----------------------------------
      Total |        159      100.00

     +------------------------------------+
     | product        spdomain   descript |
     |------------------------------------|
133. |     162        Northern          1 |
134. |     166         Western          1 |
135. |     170   Central Urban          1 |
136. |     171   Central Rural          1 |
137. |     171         Eastern          1 |
     +------------------------------------+
(27 observations deleted)

--------------------------------------------------------------------------------------------------------------------------
-> spdomain = Central Urban
    3
--------------------------------------------------------------------------------------------------------------------------
-> spdomain = Central Rural
    0
--------------------------------------------------------------------------------------------------------------------------
-> spdomain = Eastern
    1
--------------------------------------------------------------------------------------------------------------------------
-> spdomain = Northern
    1
--------------------------------------------------------------------------------------------------------------------------
-> spdomain = Western
    0

    Variable |       Obs        Mean    Std. Dev.       Min        Max
-------------+--------------------------------------------------------
        bswt |       132    70.05303    55.57573          7        277
(5 observations deleted)
(0 observations deleted)

Summary for variables: baskshr
     by categories of: spdomain (Spatial domains: each with own poverty line (they are 5))

     spdomain |         N      mean        sd       min       max
--------------+--------------------------------------------------
Central Urban |        25  .7333384         0  .7333384  .7333384
Central Rural |        26  .7647542         0  .7647542  .7647542
      Eastern |        27   .885439         0   .885439   .885439
     Northern |        26  .8541934         0  .8541934  .8541934
      Western |        23   .880883         0   .880883   .880883
--------------+--------------------------------------------------
        Total |       127   .823569  .0627901  .7333384   .885439
-----------------------------------------------------------------
variable spdomain does not uniquely identify observations in the master data

     _merge |      Freq.     Percent        Cum.
------------+-----------------------------------
          2 |          1        0.78        0.78
          3 |        127       99.22      100.00
------------+-----------------------------------
      Total |        128      100.00
(1 missing value generated)
(127 real changes made)
(120 real changes made)
(128 real changes made)

Summary for variables: chkcal
     by categories of: spdomain (Spatial domains: each with own poverty line (they are 5))

     spdomain |         N      mean        sd       min       max
--------------+--------------------------------------------------
Central Urban |        25 -.0001221         0 -.0001221 -.0001221
Central Rural |        26  .0000257         0  .0000257  .0000257
      Eastern |        27 -.0000257         0 -.0000257 -.0000257
     Northern |        26  .0000321         0  .0000321  .0000321
      Western |        23  .0000578         0  .0000578  .0000578
--------------+--------------------------------------------------
        Total |       127 -7.18e-06  .0000633 -.0001221  .0000578
-----------------------------------------------------------------
(1 missing value generated)
(127 real changes made)
(note: file /home/bjvca/data/data/GAP/Haruna/UNPS_2011/GAPP3//work/quan_flex_it5.dta not found)
file /home/bjvca/data/data/GAP/Haruna/UNPS_2011/GAPP3//work/quan_flex_it5.dta saved
(note: file /home/bjvca/data/data/GAP/Haruna/UNPS_2011/GAPP3//work/povline_food_flex_it5.dta not found)
file /home/bjvca/data/data/GAP/Haruna/UNPS_2011/GAPP3//work/povline_food_flex_it5.dta saved
variable spdomain does not uniquely identify observations in the master data
(label lspdomain already defined)

     _merge |      Freq.     Percent        Cum.
------------+-----------------------------------
          3 |      2,717      100.00      100.00
------------+-----------------------------------
      Total |      2,717      100.00
(56 real changes made)
(3 missing values generated)
(note: file /tmp/St02337.000013 not found)
file /tmp/St02337.000013 saved
variable spdomain does not uniquely identify observations in the master data
(label lspdomain already defined)

     _merge |      Freq.     Percent        Cum.
------------+-----------------------------------
          3 |      2,717      100.00      100.00
------------+-----------------------------------
      Total |      2,717      100.00
(note: file /home/bjvca/data/data/GAP/Haruna/UNPS_2011/GAPP3//work/povlines_it5.dta not found)
file /home/bjvca/data/data/GAP/Haruna/UNPS_2011/GAPP3//work/povlines_it5.dta saved
variable spdomain does not uniquely identify observations in the master data
variable spdomain does not uniquely identify observations in
    /home/bjvca/data/data/GAP/Haruna/UNPS_2011/GAPP3//work/povlines_it5.dta
(label lspdomain already defined)

     _merge |      Freq.     Percent        Cum.
------------+-----------------------------------
          3 |      2,717      100.00      100.00
------------+-----------------------------------
      Total |      2,717      100.00
(225 missing values generated)
(225 missing values generated)
(2708 real changes made)
(9 missing values generated)
(2482 real changes made)

    Variable |     Obs      Weight        Mean   Std. Dev.       Min        Max
-------------+-----------------------------------------------------------------
          cr |    2492  34690902.7    1990.349   5527.795          0   252488.6
      cr_it5 |    2492  34690902.7    1990.349   7546.638          0   383865.4
     linpob5 |    2714  37328356.8    722.7188   673.4224          0   2799.716
    linpobr5 |    2707    37257099    516.2853   .0000262   516.2853   516.2853
(2481 missing values generated)
(2256 real changes made)
(225 missing values generated)
(2256 real changes made)
(225 missing values generated)
(2256 real changes made)
(225 missing values generated)
(225 missing values generated)
(225 missing values generated)
(3 missing values generated)

      pweight: popwt
          VCE: linearized
  Single unit: missing
     Strata 1: strata
         SU 1: psu
        FPC 1: <zero>
(running mean on estimation sample)

Survey: Mean estimation

Number of strata =       6        Number of obs    =      2492
Number of PSUs   =     317        Population size  =  34690903
                                  Design df        =       311

--------------------------------------------------------------
             |             Linearized
             |       Mean   Std. Err.     [95% Conf. Interval]
-------------+------------------------------------------------
     h_flex5 |   9.844081          .             .           .
    pg_flex5 |     3.8849          .             .           .
   spg_flex5 |   2.537552          .             .           .
--------------------------------------------------------------
Note: missing standard errors because of stratum with single
      sampling unit.
(running mean on estimation sample)

Survey: Mean estimation

Number of strata =       6        Number of obs    =      2492
Number of PSUs   =     317        Population size  =  34690903
                                  Design df        =       311

            0: rural = 0
            1: rural = 1

--------------------------------------------------------------
             |             Linearized
        Over |       Mean   Std. Err.     [95% Conf. Interval]
-------------+------------------------------------------------
h_flex5      |
           0 |   21.76924          .             .           .
           1 |   8.482435          .             .           .
-------------+------------------------------------------------
pg_flex5     |
           0 |   7.917295          .             .           .
           1 |   3.424471          .             .           .
-------------+------------------------------------------------
spg_flex5    |
           0 |    4.20663          .             .           .
           1 |   2.346973          .             .           .
--------------------------------------------------------------
Note: missing standard errors because of stratum with single
      sampling unit.
(running mean on estimation sample)

Survey: Mean estimation

Number of strata =       6        Number of obs    =      2492
Number of PSUs   =     317        Population size  =  34690903
                                  Design df        =       311

      Kampala: strata = Kampala
    _subpop_2: strata = Other Urban
    _subpop_3: strata = Central rural
    _subpop_4: strata = East rural
    _subpop_5: strata = North rural
    _subpop_6: strata = West rural

--------------------------------------------------------------
             |             Linearized
        Over |       Mean   Std. Err.     [95% Conf. Interval]
-------------+------------------------------------------------
h_flex5      |
     Kampala |          0  (omitted)
   _subpop_2 |   21.76924          .             .           .
   _subpop_3 |    13.1653          .             .           .
   _subpop_4 |   2.415916          .             .           .
   _subpop_5 |   4.372422          .             .           .
   _subpop_6 |   15.09143          .             .           .
-------------+------------------------------------------------
pg_flex5     |
     Kampala |          0  (omitted)
   _subpop_2 |   7.917295          .             .           .
   _subpop_3 |   7.899232          .             .           .
   _subpop_4 |   .8832051          .             .           .
   _subpop_5 |   .8445327          .             .           .
   _subpop_6 |    4.92927          .             .           .
-------------+------------------------------------------------
spg_flex5    |
     Kampala |          0  (omitted)
   _subpop_2 |    4.20663          .             .           .
   _subpop_3 |   6.465383          .             .           .
   _subpop_4 |   .4059698          .             .           .
   _subpop_5 |   .3235425          .             .           .
   _subpop_6 |   2.972345          .             .           .
--------------------------------------------------------------
Note: missing standard errors because of stratum with single
      sampling unit.
(running mean on estimation sample)

Survey: Mean estimation

Number of strata =       6        Number of obs    =      2492
Number of PSUs   =     317        Population size  =  34690903
                                  Design df        =       311

         Over: strata rural
    _subpop_1: Kampala 1
    _subpop_2: Other Urban 0
    _subpop_3: Central rural 1
    _subpop_4: East rural 1
    _subpop_5: North rural 1
    _subpop_6: West rural 1

--------------------------------------------------------------
             |             Linearized
        Over |       Mean   Std. Err.     [95% Conf. Interval]
-------------+------------------------------------------------
h_flex5      |
   _subpop_1 |          0  (omitted)
   _subpop_2 |   21.76924          .             .           .
   _subpop_3 |    13.1653          .             .           .
   _subpop_4 |   2.415916          .             .           .
   _subpop_5 |   4.372422          .             .           .
   _subpop_6 |   15.09143          .             .           .
-------------+------------------------------------------------
pg_flex5     |
   _subpop_1 |          0  (omitted)
   _subpop_2 |   7.917295          .             .           .
   _subpop_3 |   7.899232          .             .           .
   _subpop_4 |   .8832051          .             .           .
   _subpop_5 |   .8445327          .             .           .
   _subpop_6 |    4.92927          .             .           .
-------------+------------------------------------------------
spg_flex5    |
   _subpop_1 |          0  (omitted)
   _subpop_2 |    4.20663          .             .           .
   _subpop_3 |   6.465383          .             .           .
   _subpop_4 |   .4059698          .             .           .
   _subpop_5 |   .3235425          .             .           .
   _subpop_6 |   2.972345          .             .           .
--------------------------------------------------------------
Note: missing standard errors because of stratum with single
      sampling unit.
(running mean on estimation sample)

Survey: Mean estimation

Number of strata =       6        Number of obs    =      2492
Number of PSUs   =     317        Population size  =  34690903
                                  Design df        =       311

    _subpop_1: spdomain = Central Urban
    _subpop_2: spdomain = Central Rural
      Eastern: spdomain = Eastern
     Northern: spdomain = Northern
      Western: spdomain = Western

--------------------------------------------------------------
             |             Linearized
        Over |       Mean   Std. Err.     [95% Conf. Interval]
-------------+------------------------------------------------
h_flex5      |
   _subpop_1 |    51.4747          .             .           .
   _subpop_2 |   13.09757          .             .           .
     Eastern |   2.401441          .             .           .
    Northern |   3.936353          .             .           .
     Western |   14.42713          .             .           .
-------------+------------------------------------------------
pg_flex5     |
   _subpop_1 |   19.23469          .             .           .
   _subpop_2 |   7.858594          .             .           .
     Eastern |   .8445229          .             .           .
    Northern |    .760306          .             .           .
     Western |    4.68138          .             .           .
-------------+------------------------------------------------
spg_flex5    |
   _subpop_1 |   10.28266          .             .           .
   _subpop_2 |   6.432122          .             .           .
     Eastern |   .3878616          .             .           .
    Northern |   .2912751          .             .           .
     Western |   2.807814          .             .           .
--------------------------------------------------------------
Note: missing standard errors because of stratum with single
      sampling unit.
rural was float now byte
spdomain was float now byte
news was float now byte
h_flex5 was float now byte
(note: file /home/bjvca/data/data/GAP/Haruna/UNPS_2011/GAPP3//work/cons_real_it5.dta not found)
file /home/bjvca/data/data/GAP/Haruna/UNPS_2011/GAPP3//work/cons_real_it5.dta saved

    Variable |     Obs      Weight        Mean   Std. Dev.       Min        Max
-------------+-----------------------------------------------------------------
     h_flex5 |    2492  34690902.7    9.844081   29.79695          0        100
(note: file /home/bjvca/data/data/GAP/Haruna/UNPS_2011/GAPP3//work/foodshares_it5.dta not found)
file /home/bjvca/data/data/GAP/Haruna/UNPS_2011/GAPP3//work/foodshares_it5.dta saved

. **************************************************************************
> * Send results to one big csv-file
> **************************************************************************;
. use "$path/work/cons_real_it`lastpass'.dta", clear ;

.         gen dum=1;

.         collapse (mean) dum h_flex`lastpass' pg_flex`lastpass' spg_flex`lastpass' [aw=popwt];

. gen geo="National";

. gen geono=dum;

. tempfile nat;

. save `nat';
file /tmp/St02337.000014 saved

.         use "$path/work/cons_real_it`lastpass'.dta", clear ;

.         collapse (mean) h_flex`lastpass' pg_flex`lastpass' spg_flex`lastpass' [aw=popwt], by(rural);

. gen geo="Rural/Urban";

. gen geono=rural;

. tempfile rur;

. save `rur';
file /tmp/St02337.000015 saved

. use "$path/work/cons_real_it`lastpass'.dta", clear ;

.         collapse (mean) h_flex`lastpass' pg_flex`lastpass' spg_flex`lastpass' [aw=popwt], by(news);

. gen geo="North/Center/South";

. gen geono=news;
(1 missing value generated)

. tempfile new;

. save `new';
file /tmp/St02337.000016 saved

. use "$path/work/cons_real_it`lastpass'.dta", clear ;

.         collapse (mean) h_flex`lastpass' pg_flex`lastpass' spg_flex`lastpass' [aw=popwt], by(reg_tpi);

. gen geo="TPI - 6 regions";

. gen geono=reg_tpi;

. tempfile rtp;

. save `rtp';
file /tmp/St02337.000017 saved

. use "$path/work/cons_real_it`lastpass'.dta", clear ;

.         collapse (mean) h_flex`lastpass' pg_flex`lastpass' spg_flex`lastpass' [aw=popwt], by(strata);

. gen geo="Provinces";

. gen geono=strata;

. tempfile str;

. save `str';
file /tmp/St02337.000018 saved

. use "$path/work/cons_real_it`lastpass'.dta", clear ;

.         collapse (mean) h_flex`lastpass' pg_flex`lastpass' spg_flex`lastpass' [aw=popwt], by(spdomain);

. gen geo="Spatial domains";

. gen geono=spdomain;
(1 missing value generated)

. tempfile r13;

. save `r13';
file /tmp/St02337.000019 saved

. clear;

. set obs 1;
obs was 0, now 1

. gen geo=" ";

. tempfile one;

. save `one';
file /tmp/St02337.00001a saved

. use          `nat';

. append using `one';

. append using `rur';
geo was str8 now str11

. append using `one';

. append using `new';
geo was str11 now str18

. append using `one';

. append using `rtp';

. append using `one';

. append using `str';

. append using `one';

. append using `r13';

. outsheet geo geono h_flex`lastpass' pg_flex`lastpass' spg_flex`lastpass' dum rural news reg_tpi strata spdomain using "$
> path/work/poverty_flexBask.csv", replace c;
(note: file /home/bjvca/data/data/GAP/Haruna/UNPS_2011/GAPP3//work/poverty_flexBask.csv not found)

. **************************************************************************
> * Convergence graph (based on 5 iterations)
> **************************************************************************;
. #delimit cr
delimiter now cr
. 
. clear

. set obs 1
obs was 0, now 1

. gen iteration=.
(1 missing value generated)

. tempfile converg

. save `converg'
file /tmp/St02337.00001b saved

. 
. forvalues X = 1/`maxit' {
  2.         use "$path/work/cons_real_it`X'.dta", clear
  3.         collapse (mean) h_flex`X' pg_flex`X' spg_flex`X' [aw=popwt], by(strata)
  4.         rename h_flex`X' h_flex
  5.         rename pg_flex`X' pg_flex
  6.         rename spg_flex`X' spg_flex
  7.         gen iteration=`X'
  8.         order iteration
  9.         *sum
.         if `X' != 1     {
 10.                 append using `converg'
 11.                         }
 12.         save `converg', replace
 13.         }
file /tmp/St02337.00001b saved
(label strat already defined)
file /tmp/St02337.00001b saved
(label strat already defined)
file /tmp/St02337.00001b saved
(label strat already defined)
file /tmp/St02337.00001b saved
(label strat already defined)
file /tmp/St02337.00001b saved

. 
. use `converg', clear

. sum

    Variable |       Obs        Mean    Std. Dev.       Min        Max
-------------+--------------------------------------------------------
   iteration |        30           3     1.43839          1          5
      strata |        30         3.5    1.737021          1          6
      h_flex |        30    9.655081    7.922925          0   21.76924
     pg_flex |        30    3.771762    3.351773          0   7.918424
    spg_flex |        30    2.398923    2.412449          0   6.475885

. 
. twoway (connected h_flex iteration), by(, title(Convergence graph: Poverty rate. %) subtitle(After iterative procedure))
>  by(strata)

. graph export "$path/work/converge_pov_rate.tif", replace
(note: file /home/bjvca/data/data/GAP/Haruna/UNPS_2011/GAPP3//work/converge_pov_rate.tif not found)
(file /home/bjvca/data/data/GAP/Haruna/UNPS_2011/GAPP3//work/converge_pov_rate.tif written in TIFF format)

. 
. sort strata iteration

. 
. for var h_flex pg_flex spg_flex: replace X = round(X,0.01)

->  replace h_flex = round(h_flex,0.01)
(25 real changes made)

->  replace pg_flex = round(pg_flex,0.01)
(25 real changes made)

->  replace spg_flex = round(spg_flex,0.01)
(25 real changes made)

. 
. list strata iteration h_flex pg_flex spg_flex

     +--------------------------------------------------------+
     |        strata   iterat~n   h_flex   pg_flex   spg_flex |
     |--------------------------------------------------------|
  1. |       Kampala          1        0         0          0 |
  2. |       Kampala          2        0         0          0 |
  3. |       Kampala          3        0         0          0 |
  4. |       Kampala          4        0         0          0 |
  5. |       Kampala          5        0         0          0 |
     |--------------------------------------------------------|
  6. |   Other Urban          1    20.42      7.15       3.75 |
  7. |   Other Urban          2    21.77       7.8       4.14 |
  8. |   Other Urban          3    21.77      7.92       4.21 |
  9. |   Other Urban          4    21.77      7.92       4.21 |
 10. |   Other Urban          5    21.77      7.92       4.21 |
     |--------------------------------------------------------|
 11. | Central rural          1    13.17      7.92       6.48 |
 12. | Central rural          2    13.17      7.92       6.48 |
 13. | Central rural          3    13.17       7.9       6.47 |
 14. | Central rural          4    13.17      7.92       6.48 |
 15. | Central rural          5    13.17       7.9       6.47 |
     |--------------------------------------------------------|
 16. |    East rural          1        3       .94        .44 |
 17. |    East rural          2     2.42       .88         .4 |
 18. |    East rural          3     2.42       .88        .41 |
 19. |    East rural          4     2.42       .88        .41 |
 20. |    East rural          5     2.42       .88        .41 |
     |--------------------------------------------------------|
 21. |   North rural          1     6.39      1.51        .55 |
 22. |   North rural          2     4.37       .86        .33 |
 23. |   North rural          3     4.37       .87        .33 |
 24. |   North rural          4     4.37       .87        .33 |
 25. |   North rural          5     4.37       .84        .32 |
     |--------------------------------------------------------|
 26. |    West rural          1    19.43      5.76       3.28 |
 27. |    West rural          2    15.09      4.93       2.97 |
 28. |    West rural          3    15.09      4.93       2.97 |
 29. |    West rural          4    15.09      4.93       2.97 |
 30. |    West rural          5    15.09      4.93       2.97 |
     +--------------------------------------------------------+

.         
. #delimit ;
delimiter now ;
. **************************************************************************
> * 140_iterate.do        (end)
> **************************************************************************;
. cap log close;
