----------------------------------------------------------------------------------------------
      name:  <unnamed>
       log:  /home/bjvca/data/data/GAP/Haruna/UNPS_2005_06//rep/140_iterate.log
  log type:  text
 opened on:  10 Mar 2014, 14:47:35

. clear

. set more off

. #delimit ;
delimiter now ;
. *global povline_initial "$path/in/povlines_first_iof.dta";
. **************************************************************************
> * 140_iterate.do        (start)
> *
> * Purpose: Create flexible food basket and poverty line with iterative procedure
> *
> * This program will take the results from the first pass at the
> * poverty lines and applies the corresponding spatial deflator to
> * re-select the relatively poor, their consumption bundles, and
> * their prices.
> *
> * Welfare indicator is here always temporally and spatially adjusted per capita
> * expenditure. Here called cr_it< >.
> *
> * We will iterate this process 5 times which here assures convergence.
> *
> * CA, Mar 2010: Relatively poor are those below last iterated poverty line
> * MAH, Apr 2010: Cleaning
> * URB, feb 2012: Commented out "drop if unit~=2"
> **************************************************************************;
. /*
> This file uses:
>             in/povlines_first_new.dta
>         work/hhdata.dta
>         work/consump_nom.dta
>         work/own.dta
>         work/daily.dta
>         work/temp_index_reg_tpi.dta
>         work/cons_cod.dta
>         work/food_cat.dta
>         work/cons_real.dta
>         work/products.dta
>         work/match96_02.dta
>         new/conversions.do
>         
> This file creates (where `pass' is the number of the iteration):
>         work/codes_food_basket_flex_it`pass'.dta
>         work/price_unit_flex_it`pass'.dta
>         work/quan_flex_it`pass'.dta
>         work/match_cod_flex_it`pass'.csv
>         work/relpoor_it`pass'.dta
>         work/povlines_it`pass'.dta
>         work/foodshares_it`pass'.dta
>         work/nat_pov_flex.csv
>         work/rur_pov_flex.csv
>         work/strata_pov_flex.csv
>         work/spdomain_pov_flex.csv
>         work/reg_tpi_pov_flex.csv
> */
> 
> **************************************************************************;
. * Make a key file that will be used over and over, without change
> * in every iteration. This will include the TEMPORALLY deflated consumption
> * and various HH data such as hhweight, spdomain, etc.
> **************************************************************************;
. use "$path/work/conpc.dta";

.         sort hhid;

.         merg hhid using "$path/work/hhdata.dta";

.         tab _merge;

     _merge |      Freq.     Percent        Cum.
------------+-----------------------------------
          1 |          1        0.03        0.03
          3 |      3,123       99.97      100.00
------------+-----------------------------------
      Total |      3,124      100.00

.         drop _merge;

.         sort reg_tpi survquar;

.         merge reg_tpi survquar using "$path/work/temp_index_reg_tpi.dta";
variables reg_tpi survquar do not uniquely identify observations in the master data
(label lsurvquar already defined)
(label lregion already defined)

.         tab _merge;

     _merge |      Freq.     Percent        Cum.
------------+-----------------------------------
          1 |         15        0.48        0.48
          3 |      3,109       99.52      100.00
------------+-----------------------------------
      Total |      3,124      100.00

.         drop _merge;

.                 gen food_pc_tpi = food_pc_nom /tpi_trim;
(15 missing values generated)

.         gen cons_pc_tpi = food_pc_tpi + nf_pc_nom;
(16 missing values generated)

.         lab var food_pc_tpi "Temp-adjusted per capita food consumption/day";

.         lab var cons_pc_tpi "Temp adjusted total consumption/day";

.         tempfile contpi;

.         sort hhid;

. save `contpi', replace;
(note: file /tmp/St02564.000001 not found)
file /tmp/St02564.000001 saved

. save contpi_, replace;
file contpi_.dta saved

. *use "$path/in/povlines_first_iterate.dta", clear;
. *save "$path/work/povlines_first.dta", replace;
. **************************************************************************;
. * Now set some information pertaining to the iterations. For now we'll
> * manually set the number of iterations. Also specify the percentile
> * cutpoint that we will use for defining the relatively poor.
> **************************************************************************;
. local lastpass=0;

. local pass=1;

. * Use these two lines to manually specify the number of iterations
> * and the cutpoint here in the do file.;
.   *local maxit=5;
.   *local cutpt=50;
. * Use these few lines if you want to specify the number of iterations
> * and percentile cutpoint by passing them as parameters on the command
> * line, e.g.:   wstata do new/iterate1.do 5 50;
. if "`1'"=="" | "`2'"=="" {      ;
.         di in red "Error: you need to specify number of iterations as first parameter";
.         di in red "       and percentile cutpoint as second parameter on command line.";
. };

. local maxit `1';

. local cutpt `2';

. tempfile cutoff;

. di "**********************************************************************";
**********************************************************************

. while `pass' <= `maxit' {;
  2.         **************************************************************************;
. **************************************************************************;
. * Pick out the bottom X percent in real consumption per capita 
> * (temporally & spatially adjusted), as ranked by the previous iteration.
> * The percentile to use is defined by "cutpt". This produces a file that
> * has the hhid, and a dummy variable indicating if they were below the
> * cutpoint on the last iteration.
> **************************************************************************;
. **************************************************************************;
. /*
> * Comment out if IOF 2008/09. (This code included instead of below code in order to replicat
> e published figures 2002/03). ( START ) ;
> 
>         if "`pass'"=="1" {      ;
>               use `contpi', clear;
>               sort spdomain;
>               merge spdomain using "$path/work/povlines_first.dta";
>               tab _m;
>               drop _m;
> *              gen relpoor`pass'= cons_pc_tpi<=cutoff;
>                gen relpoor`pass'= cons_pc_tpi if cons_pc_tpi<=cutoff;
>               rename cons_pc_tpi cr_it0;
>               sort hhid;
>          save "$path/work/relpoor_it`pass'.dta", replace;
> *        use "$path/work/cons_real.dta", clear;
> *              gen cr_it0=cr2;
>         };
>         
> 
> * Comment out if IOF 2008/09. (This code included instead of below code in order to replicat
> e published figures 2002/03). ( END ) ;
> */
> 
> 
> 
> * Comment out if IAF 2002/03. (This code below excluded in order to replicate published figu
> res 2002/03). ( START ) ;
.         if "`pass'"=="1" { ;
  3. * Find real income at cut point initially;
.                 use "$path/work/cons_real.dta", clear;
  4.                                     gen cr_it0=cr2;
  5.                         cap drop one;
  6.             gen one=1;
  7.                                     collapse (p`cutpt') one cr_it`lastpass' [aw=popwt] ;
  8.                                     rename cr_it`lastpass' cutoff;
  9.                                     sort one;
 10.             save `cutoff', replace;
 11.             save cutoff, replace;
 12.  * Find relatively poor initially;
.             use "$path/work/cons_real.dta", clear;
 13.                                                 gen cr_it`lastpass'=cr2;
 14.             cap drop one;
 15.             cap drop cutoff;
 16.             gen one=1;
 17.                                     sort one;
 18.             merge one using `cutoff';
 19.             tab _merge;
 20.             drop _merge;
 21.                                     drop one;
 22.                            gen relpoor`pass'=cr_it`lastpass'<=cutoff;
 23.             *lab var relpoor`pass' "=1 if in bottom of PCE";
.                                     tab relpoor`pass' [aw=popwt];
 24.                                     keep hhid cr_it`lastpass' relpoor`pass' popwt;
 25.             sort hhid;
 26.         save "$path/work/relpoor_it`pass'.dta", replace;
 27.         };
 28. * Comment out if IAF 2002/03. (This code below excluded in order to replicate published f
> igures 2002/03). ( END ) ;
.                 if `pass'>1 {   ;
 29. * Find real income at cut point in iteration number `pass' ;
.                 use "$path/work/cons_real_it`lastpass'.dta" , clear;
 30.                                                 cap drop one;
 31.                 gen one=1;
 32.                                                                 *CA modified from hhweigh
> t*hhsize to popwt;
.                 collapse (p`cutpt') one cr_it`lastpass' [aw=popwt] ;
 33.                         rename cr_it`lastpass' cutoff;
 34.                                                                         sort one;
 35.         save `cutoff', replace;
 36.         * Find relatively poor in iteration number `pass' ;
.                 use "$path/work/cons_real_it`lastpass'.dta", clear;
 37.                                                 cap drop one;
 38.                 gen one=1;
 39.                                                 sort one;
 40.                 merge one using `cutoff';
 41.                 tab _merge;
 42.                 drop _merge;
 43.                                                 drop one;
 44.                 gen relpoor`pass'=cr_it`lastpass'<=cutoff;
 45.                 *lab var relpoor`pass' "=1 if in bottom of PCE";
.                                                 tab relpoor`pass' [aw=popwt];
 46. *CA modified to popwt above and to keep popwt below;
.                 keep hhid cr_it`lastpass' relpoor`pass' popwt;
 47.                 sort hhid;
 48.         save "$path/work/relpoor_it`pass'.dta", replace;
 49.         };
 50.         **************************************************************************;
. * Get the consumption file, and select only those codes that are food,
> * using our definition of "food", which includes alcoholic beverages.
> **************************************************************************;
.         use "$path/work/cons_cod.dta", clear;
 51. *CA modified to merge in work/hhdata.dta for bootstrap;
.     sort hhid;
 52.     merge hhid using "$path/work/hhdata.dta";
 53.     tab _m;
 54.     drop _m;
 55.         /*
>                 sort product;
>                 merge product using "$path/work/food_cat.dta";
>                 tab _merge;
>                 keep if _merge==3;
>                 drop _merge;
> */
> 
>                                 * Only food transactions ;
.                 keep if food_cat==1;
 56.                 sort hhid;
 57. **************************************************************************;
. * Merge with file that has temporally AND spatially adjusted consumption
> * per capita from the previous iteration, and also identifies those below 
> * the cutoff. Then select only those who are below the cutoff.
> **************************************************************************;
.                 merge hhid using "$path/work/relpoor_it`pass'.dta";
 58.                 tab _merge;
 59.                 drop _merge;
 60.                                 * Keep only transactions by the poor ;
.                 keep if relpoor`pass';
 61. **************************************************************************;
. * Calculate HH level food shares. Since we're only doing shares here, we can
> * work with the expenditures without doing temporal adjustment.
> **************************************************************************;
.                 gen  food_expenditure = cod_hh_nom;
 62.                 *gen  food_expenditure= own_valued + daily_valued + monthly_valued + educ
> _valued;
.                 egen tot_food_expen= sum (food_expen), by (hhid) ;
 63.                 count if food_expenditure==.;
 64.                 count if tot_food_expen==.;
 65.                 gen food_share= food_expenditure/tot_food_expen;
 66.                 count if food_share==.;
 67.                 drop if food_share==.;
 68.                 sort hhid product;
 69.                 tempfile foodshares;
 70.         save `foodshares', replace;
 71. ********************************************************************************;
. * Now find the total (economy wise, e.g. not by HH) shares by each product in
> * order to select the most important goods in each domain's basket.
> ********************************************************************************;
.                 collapse (mean) hhweight spdomain, by (hhid);
 72.                 sort hhid ;
 73.                  collapse (sum) hhweight , by(spdomain);
 74.                 rename hhweight tothhweight;
 75.                 tempfile tothhweight;
 76.                 sort spdomain;
 77.         save `tothhweight', replace;
 78.         use `foodshares', clear;
 79.                 sort spdomain;
 80.                 merge spdomain using `tothhweight';
 81.                 tab _merge;
 82.                 drop _merge;
 83.                 sort spdomain product;
 84.                 gen f_share_w`pass'=(food_share*hhweight)/tothhweight;
 85.                 collapse (sum) f_share_w`pass', by(spdomain product );
 86.                                sort spdomain f_share_w`pass';
 87.                 by spdomain: gen cumshr`pass'= sum(f_share_w`pass');
 88.                 count if cumshr`pass'<=.075;
 89.                 drop if cumshr`pass'<=.075;
 90.                 lab var f_share_w`pass' "average food share for the 13 spatial domains";
 91.         save `foodshares', replace;
 92.                                                 * Number of spatials domains a food produ
> ct appears ;
.                 gen numreg=1;
 93.                 collapse (sum) numreg cumshr`pass', by (product );
 94.                 keep product numreg ;
 95.                 display _N;
 96.                 sort product;
 97.                                 * Include food product labels ;
. *                merge product using "$path/work/products.dta";
. *                tab _merge;
. *                keep if _merge==3;
.                 keep product  numreg;
 98.                   sort product;
 99.                      display _N;
100.           save "$path/work/codes_food_basket_flex_it`pass'.dta", replace;
101. **************************************************************************;
. **************************************************************************;
. * That is pretty much the part equivalent to "100_food_basket_flex.do",
> * which figures out the food shares for the relevant reference group. Now
> * we figure out the prices with a code stream that is adapted from
> * "110_price_unit_flex.do".
> **************************************************************************;
. **************************************************************************;
. **************************************************************************************
> * Create sorted data set with daily + own expenditure and the matched codes
> **************************************************************************************;
. use "$path/in/cons_cod_trans.dta", clear;
102. *save "$path/work/cons_cod_trans.dta", replace;
. *drop value   ;
. *drop quantity;
. keep hhid product food_cat valuez quantity unit;
103. rename valuez    value;
104. *rename quantityz quantity;
. *drop count;
. drop if quantity==0 ;
105.         tempfile dd_acsort;
106.         save    `dd_acsort', replace;
107. /*
>         use "$path/work/daily.dta", clear;
>                 drop days;
>                 sort product;
>                 tempfile dd_acsort;
>         save `dd_acsort', replace;
>         
>         use "$path/work/own.dta", clear;
>                 keep hhid product valued quantityd unit;
>                 rename valued value;
>                 rename quantityd quantity;
>         
>                 *CHECK THE ZEROS IN quantity FOR NOW DELETE;
>                 drop if quantity==0;
>         
>                 append using `dd_acsort';
> */
> 
>                 *CA modified to insert work/hhdata.dta for bootstrap;
.                 sort hhid;
108.                 merge hhid using "$path/work/hhdata.dta";
109.                 tab _m;
110.                  drop if _m==2;
111.                 drop _m;
112.                                 sort product;
113.                 gen count=1;
114.         save `dd_acsort', replace;
115.         **************************************************************************;
. * Merge the basket codes with the dd  and own data sets.
> * Drop all codes not a part of the flexible food basket
> **************************************************************************;
.                 merge product using "$path/work/codes_food_basket_flex_it`pass'.dta";
116.                         tab _merge;
117.                 drop if _merge~=3;
118.                 drop _merge;
119. **************************************************************************************
> * Drop observations where product code, quantity or value information is unavailable
> **************************************************************************************;
.                 drop if product==. | value==. | quantity==.  ;
120.         *********************************************************************************
> *****
> * Convert non-KG quantities (units, liters) into kilograms
> **************************************************************************************;
. *do "$path/new/110a_conversions.do"
> 
> ********************************************************************
> * There remain a few difficult to interpret observations such as liters
> * of fish and liters of pasta. These are dropped.
> ********************************************************************;
. *                $MZ drop if unit~=2;
.         **************************************************************************;
. * Bring in the spdomain and reg_tpi variables, and also the information on
> * relatively poor households.
> **************************************************************************;
.                 preserve;
121.                                                 * Temporally adjusted expenditure ;
.                         use `contpi', clear;
122.                                 keep hhid hhweight spdomain reg_tpi survquar tpi_trim con
> s_pc_tpi ;
123.                                 sort hhid;
124.                                 tempfile hhd2;
125.                         save `hhd2', replace;
126.                 restore;
127.                                 compress;
128.                 sort hhid;
129.                 merge hhid using `hhd2';
130.                 tab _merge;
131.                 drop _merge;
132.                 sort hhid;
133.                 merge hhid using "$path/work/relpoor_it`pass'.dta";
134.                 tab _merge;
135.                 drop _merge;
136.                                                 * Keep nominal food transactions by poor 
> people ;
.                 keep if relpoor`pass';
137.                 drop if product==.;
138.                                                                 * Temporally deflate tran
> saction values ;
.                 gen value_r=value/tpi_trim;
139. **************************************************************************;
. * Toss out the bottom 5% and top 5% of the HH-LEVEL prices per kg in
> * each spdomain & product combination. This should eliminate outliers
> * that may have an undue influence on the price calculation. 
> **************************************************************************;
.                 gen hhppkg=value_r/quantity;
140.                 egen lower5=pctile(hhppkg), p(5)  by(spdomain product);
141.                 egen upper5=pctile(hhppkg), p(95) by(spdomain product);
142.                 keep if hhppkg>=lower5 & hhppkg<=upper5;
143. *********************************************************************
> * Note that we do prices in three ways. First, by summing quantity and value 
> * This average price price_uw is thus quantity/value weighted. Second, we
> * calculate the price and take simple means for a transaction weighted
> * price, price_ut. Last we take the median, price_um. But in the end
> * we only use price_unitw
> *********************************************************************;
.                 gen price_ut`pass'=value_r/(quantity*1000);
144.                 gen price_um`pass'=price_ut;
145.                 collapse (sum) 
>                         quantity value_r count bswt (mean) price_ut (median) price_um [aw=hh
> weight], 
>                         by(spdomain product);
146.                 *Generate weighted price per gram ;
.                 gen price_uw`pass'=value_r/(quantity*1000);
147.                 drop value_r quantity;
148.                 sort spdomain product;
149.                 lab var price_ut`pass' "Average of calculated prices - transaction weight
> ed";
150.                 lab var price_um`pass' "Median of prices";
151.                 lab var price_uw`pass' "Value share weighted mean prices";
152. * Get an idea of the difference between the price measures;
.                 gen ratiotw`pass'=price_ut`pass'/price_uw`pass';
153.                 gen ratiomw`pass'=price_um`pass'/price_uw`pass';
154.                 sum ratiotw`pass' ratiomw`pass';
155.                 sort product;
156.                 merge product using "$path/work/codes_food_basket_flex_it`pass'.dta";
157.                 tab _m;
158.                 count if _merge~=3;
159.                 drop if _merge~=3;
160.                 drop _merge;
161.                 sort product spdomain;
162.         save "$path/work/price_unit_flex_it`pass'.dta", replace;
163. **************************************************************************;
. **************************************************************************;
. * That concludes the prices part. Now we move to calculating the food
> * poverty lines, which draws code from "120_povline_flex.do" with very few
> * changes:
> * - The changes facilitate accumulating vectors
> *   of intermediate results across iterations, rather than generating a
> *   bunch of new files.
> **************************************************************************;
. **************************************************************************;
. **************************************************************************;
. * Use the file with the food basket (`foodshares'), which is in shares. 
> * Then merge it with the prices file, and then with the calories file.
> * Along the way, drop those observations where we have no price information
> * or no calorie information, but list them out.
> **************************************************************************;
.         use `foodshares', clear;
164.                 sort product spdomain;
165.                 merge product spdomain using "$path/work/price_unit_flex_it`pass'.dta";
166.                         tab _merge;
167.                 list product spdomain  if _merge==1;
168.                         drop if _merge ~=3;
169.                 drop _merge;
170.                 sort product;
171.                         merge product using "$path/work/calperg.dta";
172.                 tab _merge;
173.                                                 * This tells where we are lacking calorie
>  info or are lacking quantity info due to 
>                 * missing price info above;
.                 list product spdomain  if _merge==1;
174.                         drop if _merge~=3;
175.                 drop _merge;
176.                 sort spdomain f_share_w`pass';
177.                                 *CA modified to change count bswt;
.                 by spdomain: count if round(bswt)<10;
178.                                 sum bswt;
179.                                                 drop if round(bswt) < 10;
180.                                                                 * Total food share in spa
> tial domain ;
.                 by spdomain: egen baskshr=sum(f_share_w`pass');
181.                                 * Cumulated food share in spatial domain ;
.                 by spdomain: gen  cumshr =sum(f_share_w`pass');
182.                 drop if cumshr<=baskshr-.9;
183.                         drop baskshr;
184.                 by spdomain: egen baskshr=sum(f_share_w`pass');
185.                 tabstat baskshr , by(spdomain) st(n mean sd min max);
186.                                                                 * How many grams in 1 MT 
> exp on food item ;
.                                 gen quan`pass'=f_share_w`pass'/price_uw`pass';
187.                                 * How many calories in 1 MT exp on food item ;
.                 gen cal_ir`pass'=quan`pass'*calperg;
188.                                 * how many calories in 1 MT exp in food basket ;
.                 by spdomain: egen calreg=sum(cal_ir);
189.                         sort spdomain;
190.                 merge spdomain using "$path/work/calpp.dta";
191.                 tab _merge;
192.                 drop _merge;
193.                                                         * get the expansion factor to hit
>  95% of calorie requirements ;
.                 gen ratio=.95*calpp/calreg;
194.                         replace quan`pass'=quan`pass'*ratio;
195.                 replace cal_ir`pass'=quan`pass'*calperg;
196.                         sort spdomain product;
197.                 by spdomain: egen chkcal=sum(cal_ir`pass');
198.                 replace chkcal=chkcal/.95-calpp ;
199.                                                 tabstat chkcal , by(spdomain) st(n mean s
> d min max);
200.                         gen val_ir`pass'=quan`pass'*price_uw`pass';
201.                         by spdomain: egen povline_f_flex90_`pass'=sum(val_ir`pass');
202.                 replace povline_f=povline_f_flex90_`pass'/.9;
203.                 *drop product96;
. keep product spdomain quan`pass'  price_uw`pass' val_ir`pass' povline_f_flex90_`pass' calpp 
> calperg;
204.                     save "$path/work/quan_flex_it`pass'.dta", replace;
205.                         collapse (mean) povline_f_flex90_`pass', by (spdomain);
206.                                                 keep spdomain povline_f_flex90_`pass';
207.                 sort spdomain;
208.                 save "$path/work/povline_food_flex_it`pass'.dta", replace;
209.         **************************************************************************;
. **************************************************************************;
. * Now comes the part that draws the non-food and total poverty lines,
> * and generates estimates of poverty measures. This is drawn from 
> * "130_povmeas_flex.do" with a few changes.
> **************************************************************************;
. **************************************************************************;
. **************************************************************************
> * Calculate non-food expenditure for HH around the food poverty line
> *
> * Develop a discrete triangular weighted distribution. This gives a
> * weight of  1 to HH at +/- 18-20% from food poverty line, and
> * weight of  2 to HH at +/- 16-18% from food poverty line, and ...
> * weight of 10 to HH at +/-  0- 2% from food poverty line.
> * This weight is called triwt below.
> **************************************************************************;
.         use `contpi', clear;
210.                 sort spdomain;
211.                 merge spdomain using "$path/work/povline_food_flex_it`pass'.dta";
212.                 tab _merge;
213.                 drop _merge;
214.                 gen triwt=0;
215.                 replace triwt = 11 - round(50*abs(cons_pc_tpi/povline_f_flex90_`pass'-1)+
> 0.5) if abs(cons_pc_tpi/povline_f_flex90_`pass'-1) <= 0.2;
216.                                 ***since the poor were very few in Kampala and Central ur
> ban for Uganda we added 1 to weights****;
.                                 * Nearness to poverty line and population weights ;
.                 gen tripopwt=(0.001+triwt)*hhweight*hhsize;
217.                                                 preserve;
218.                         collapse (mean) nf_pc_nom [aw=tripopwt] , by(spdomain);
219.                         rename nf_pc_nom povline_nf_flex`pass';
220.                         lab var povline_nf_flex`pass' "Nonfood poverty line. Flexible bun
> dle";
221.                         tempfile znf;
222.                         sort spdomain;
223.                         save `znf', replace;
224.                                                                 restore;
225.                                 sort spdomain;
226.                 merge spdomain using `znf';
227.                 tab _merge;
228.                 drop _merge;
229. **************************************************************************
> * Poverty line is the sum of the food and non-food poverty lines
> **************************************************************************;
.                 gen povline_flex`pass'=povline_f_flex90_`pass' + povline_nf_flex`pass';
230. keep spdomain povline_flex`pass';
231.                 sort spdomain;
232.         save "$path/work/povlines_it`pass'.dta", replace;
233. **************************************************************************;
. * Create spatial price index, based on the total poverty line, with
> * adjustment so that mean (and total) nominal consumption equals
> * mean (and total) spatially deflated consumption.
> *
> * Choose arbitrary strata to be the base at first: we just use the first stratum.
> **************************************************************************;
.         use `contpi', clear;
234.                 sort spdomain;
235.                 merge spdomain using "$path/work/povlines_it`pass'.dta";
236.                 tab _merge;
237.                 drop _merge;
238.                 gen cr= cons_pc_tpi ;
239.                 gen linpob`pass'=povline_flex`pass';
240.                 qui sum linpob`pass' if spdomain==1, meanonly;
241.                 global spi_base=r(mean);
242.                 gen spi`pass'=linpob`pass'/$spi_base;
243.                 gen cr_it`pass'=cr/spi`pass';
244.                 qui sum cr [aw=hhweight*hhsize];
245.                 global sumcr=r(sum);
246.                 qui sum cr_it`pass' [aw=hhweight*hhsize];
247.                 global sumcr2=r(sum);
248.                 replace spi`pass'=spi`pass'*$sumcr2/$sumcr;
249.                 gen linpobr`pass'=linpob`pass'/spi`pass';
250.                 replace cr_it`pass'=cr/spi`pass';
251.                 su cr cr_it`pass' linpob`pass' linpobr`pass' [aw=hhweight*hhsize];
252.                 lab var cr "Temporally-adjusted cons pc";
253.                 lab var cr_it`pass' "Spatially & temporally adjusted cons pc";
254.                 lab var linpob`pass' "Poverty line";
255.                 lab var linpobr`pass' "Real poverty line";
256.                 lab var spi`pass' "Spatial price index";
257.                 gen linpob=linpob`pass';
258. **************************************************************************
> * calculate poverty measures with the flexible food bundle
> **************************************************************************;
.                 gen h=100 if cr_it`pass'<=linpobr`pass' & linpobr`pass'~=. & cr_it`pass'~=.;
259.                 replace  h   = 0 if cr_it`pass' > linpobr`pass' & linpobr`pass'~=. & cr_i
> t`pass'~=.;
260.                 gen      pg  = ((linpobr`pass' - cr_it`pass' )/linpobr`pass') *100;
261.                 replace  pg  = 0             if h==0;
262.                 gen      spg = ((( linpobr`pass' - cr_it`pass' )/ linpobr`pass' )^2)*100;
263.                 replace  spg = 0             if h==0;
264.                 gen h_flex`pass'  =h;
265.                 gen pg_flex`pass' =pg;
266.                 gen spg_flex`pass'=spg;
267.                                 lab var h_flex`pass'   "Poverty headcount. Flexible bundl
> e";
268.                 lab var pg_flex`pass'  "Poverty gap. Flexible bundle";
269.                 lab var spg_flex`pass' "Squared poverty gap. Flexible bundle";
270.                 gen popwt=hhsize*hhweight;
271.                         * Stata 10.1 syntax ;
.                         svyset , clear;
272.                         svyset [pweight=popwt] , str(strata) psu(psu);
273.                 svy: mean h_flex`pass' pg_flex`pass' spg_flex`pass';
274.                 svy: mean h_flex`pass' pg_flex`pass' spg_flex`pass' , over(rural);
275.                 svy: mean h_flex`pass' pg_flex`pass' spg_flex`pass' , over(strata);
276.                 svy: mean h_flex`pass' pg_flex`pass' spg_flex`pass' , over(strata rural);
277.                 svy: mean h_flex`pass' pg_flex`pass' spg_flex`pass' , over(spdomain);
278. *preserve;
. keep hhid popwt cr_it`pass' h_flex`pass' pg_flex`pass' spg_flex`pass' rural news reg_tpi str
> ata spdomain;
279.                 compress;
280.                 sort hhid;
281.         save "$path/work/cons_real_it`pass'.dta" , replace;
282. *restore;
.                                 * New cutoff point (percentile) to use in next iteration is 
> equal to the poverty ;
.                 * rate in this iteration ;
.                                                 sum h_flex`pass' [aw=popwt] ;
283.                                 * Comment out next line for IAF 2002/03 in order to repli
> cate official figures ( START );
.                 * URB: In this case, we just use the poorest 50% as there are too few actual
> ly poor to calculate the bundle and prices..;
.                 local cutpt= $tpi_bottom;
284. *               local cutpt= round(r(mean));
.                 * Comment out next line for IAF 2002/03 in order to replicate official figur
> es ( END );
. *       save foodshares tempfile to disk;
.         use `foodshares', clear;
285.         save "$path/work/foodshares_it`pass'.dta", replace;
286.         local lastpass = `pass';
287.         local pass = `pass' + 1;
288.         };
(15 missing values generated)
(note: file /tmp/St02564.000002 not found)
file /tmp/St02564.000002 saved
file cutoff.dta saved
(15 missing values generated)
variable one does not uniquely identify observations in the master data

     _merge |      Freq.     Percent        Cum.
------------+-----------------------------------
          3 |      3,123      100.00      100.00
------------+-----------------------------------
      Total |      3,123      100.00

   relpoor1 |      Freq.     Percent        Cum.
------------+-----------------------------------
          0 |  1,564.177       50.15       50.15
          1 |  1,554.823       49.85      100.00
------------+-----------------------------------
      Total |      3,119      100.00
file /home/bjvca/data/data/GAP/Haruna/UNPS_2005_06//work/relpoor_it1.dta saved
variable hhid does not uniquely identify observations in the master data

     _merge |      Freq.     Percent        Cum.
------------+-----------------------------------
          1 |        855        1.99        1.99
          2 |          1        0.00        1.99
          3 |     42,120       98.01      100.00
------------+-----------------------------------
      Total |     42,976      100.00
(3978 observations deleted)
variable hhid does not uniquely identify observations in the master data

     _merge |      Freq.     Percent        Cum.
------------+-----------------------------------
          2 |          3        0.01        0.01
          3 |     38,998       99.99      100.00
------------+-----------------------------------
      Total |     39,001      100.00
(25598 observations deleted)
(2 missing values generated)
    2
    0
(2 missing values generated)
    2
(2 observations deleted)
(note: file /tmp/St02564.000003 not found)
file /tmp/St02564.000003 saved
(note: file /tmp/St02564.000004 not found)
file /tmp/St02564.000004 saved
variable spdomain does not uniquely identify observations in the master data

     _merge |      Freq.     Percent        Cum.
------------+-----------------------------------
          3 |     13,401      100.00      100.00
------------+-----------------------------------
      Total |     13,401      100.00
  125
(125 observations deleted)
file /tmp/St02564.000003 saved
39
39
file /home/bjvca/data/data/GAP/Haruna/UNPS_2005_06//work/codes_food_basket_flex_it1.dta saved
(3 observations deleted)
(note: file /tmp/St02564.000005 not found)
file /tmp/St02564.000005 saved
variable hhid does not uniquely identify observations in the master data

     _merge |      Freq.     Percent        Cum.
------------+-----------------------------------
          1 |        855        2.15        2.15
          2 |          3        0.01        2.15
          3 |     38,995       97.85      100.00
------------+-----------------------------------
      Total |     39,853      100.00
(3 observations deleted)
file /tmp/St02564.000005 saved
variable product does not uniquely identify observations in the master data
product was int now float

     _merge |      Freq.     Percent        Cum.
------------+-----------------------------------
          1 |      4,929       12.37       12.37
          3 |     34,921       87.63      100.00
------------+-----------------------------------
      Total |     39,850      100.00
(4929 observations deleted)
(3005 observations deleted)
(note: file /tmp/St02564.000007 not found)
file /tmp/St02564.000007 saved
product was float now int
unit was float now byte
food_cat was float now byte
survquar was float now byte
survmon was float now byte
strata was float now byte
rural was float now byte
spdomain was float now byte
news was float now byte
bswt was float now byte
hhsize was long now byte
count was float now byte
numreg was double now byte
variable hhid does not uniquely identify observations in the master data
survquar was byte now float
spdomain was byte now float
(label lspdomain already defined)
(label lregion already defined)
(label lsurvquar already defined)

     _merge |      Freq.     Percent        Cum.
------------+-----------------------------------
          2 |        103        0.32        0.32
          3 |     31,916       99.68      100.00
------------+-----------------------------------
      Total |     32,019      100.00
variable hhid does not uniquely identify observations in the master data

     _merge |      Freq.     Percent        Cum.
------------+-----------------------------------
          1 |          1        0.00        0.00
          3 |     32,018      100.00      100.00
------------+-----------------------------------
      Total |     32,019      100.00
(20586 observations deleted)
(13 observations deleted)
(831 observations deleted)

    Variable |       Obs        Mean    Std. Dev.       Min        Max
-------------+--------------------------------------------------------
    ratiotw1 |       175    1.247308    .4276395    .816168   3.337594
    ratiomw1 |       175    1.107115    .3966994   .6103029   4.164927
variable product does not uniquely identify observations in the master data
product was int now float

     _merge |      Freq.     Percent        Cum.
------------+-----------------------------------
          2 |          3        1.69        1.69
          3 |        175       98.31      100.00
------------+-----------------------------------
      Total |        178      100.00
    3
(3 observations deleted)
file /home/bjvca/data/data/GAP/Haruna/UNPS_2005_06//work/price_unit_flex_it1.dta saved
(label lspdomain already defined)

     _merge |      Freq.     Percent        Cum.
------------+-----------------------------------
          1 |          7        3.85        3.85
          2 |         55       30.22       34.07
          3 |        120       65.93      100.00
------------+-----------------------------------
      Total |        182      100.00

     +-------------------------+
     | product        spdomain |
     |-------------------------|
121. |     157   Central Urban |
122. |     157   Central Rural |
123. |     157         Eastern |
124. |     160   Central Urban |
125. |     161   Central Urban |
     |-------------------------|
126. |     161         Eastern |
127. |     161        Northern |
     +-------------------------+
(62 observations deleted)
variable product does not uniquely identify observations in the master data

     _merge |      Freq.     Percent        Cum.
------------+-----------------------------------
          2 |         26       17.81       17.81
          3 |        120       82.19      100.00
------------+-----------------------------------
      Total |        146      100.00
(26 observations deleted)

----------------------------------------------------------------------------------------------
-> spdomain = Central Urban
    3
----------------------------------------------------------------------------------------------
-> spdomain = Central Rural
    0
----------------------------------------------------------------------------------------------
-> spdomain = Eastern
    0
----------------------------------------------------------------------------------------------
-> spdomain = Northern
    0
----------------------------------------------------------------------------------------------
-> spdomain = Western
    0

    Variable |       Obs        Mean    Std. Dev.       Min        Max
-------------+--------------------------------------------------------
        bswt |       120    79.36667    68.25766          3        322
(3 observations deleted)
(4 observations deleted)

Summary for variables: baskshr
     by categories of: spdomain (Spatial domains: each with own poverty line (they are 5))

     spdomain |         N      mean        sd       min       max
--------------+--------------------------------------------------
Central Urban |        18  .8147091         0  .8147091  .8147091
Central Rural |        21  .9059013         0  .9059013  .9059013
      Eastern |        27  .9085176         0  .9085176  .9085176
     Northern |        24  .8925704         0  .8925704  .8925704
      Western |        23   .904429         0   .904429   .904429
--------------+--------------------------------------------------
        Total |       113  .8888692  .0329241  .8147091  .9085176
-----------------------------------------------------------------
variable spdomain does not uniquely identify observations in the master data

     _merge |      Freq.     Percent        Cum.
------------+-----------------------------------
          3 |        113      100.00      100.00
------------+-----------------------------------
      Total |        113      100.00
(113 real changes made)
(108 real changes made)
(113 real changes made)

Summary for variables: chkcal
     by categories of: spdomain (Spatial domains: each with own poverty line (they are 5))

     spdomain |         N      mean        sd       min       max
--------------+--------------------------------------------------
Central Urban |        18  .0001028         0  .0001028  .0001028
Central Rural |        21 -.0000514         0 -.0000514 -.0000514
      Eastern |        27 -.0000514         0 -.0000514 -.0000514
     Northern |        24  .0001028         0  .0001028  .0001028
      Western |        23  .0000385         0  .0000385  .0000385
--------------+--------------------------------------------------
        Total |       113  .0000242  .0000693 -.0000514  .0001028
-----------------------------------------------------------------
(113 real changes made)
file /home/bjvca/data/data/GAP/Haruna/UNPS_2005_06//work/quan_flex_it1.dta saved
file /home/bjvca/data/data/GAP/Haruna/UNPS_2005_06//work/povline_food_flex_it1.dta saved
variable spdomain does not uniquely identify observations in the master data
(label lspdomain already defined)

     _merge |      Freq.     Percent        Cum.
------------+-----------------------------------
          1 |          5        0.16        0.16
          3 |      3,119       99.84      100.00
------------+-----------------------------------
      Total |      3,124      100.00
(235 real changes made)
(5 missing values generated)
(note: file /tmp/St02564.000009 not found)
file /tmp/St02564.000009 saved
variable spdomain does not uniquely identify observations in the master data
(label lspdomain already defined)

     _merge |      Freq.     Percent        Cum.
------------+-----------------------------------
          1 |          5        0.16        0.16
          3 |      3,119       99.84      100.00
------------+-----------------------------------
      Total |      3,124      100.00
(5 missing values generated)
file /home/bjvca/data/data/GAP/Haruna/UNPS_2005_06//work/povlines_it1.dta saved
variable spdomain does not uniquely identify observations in the master data
variable spdomain does not uniquely identify observations in
    /home/bjvca/data/data/GAP/Haruna/UNPS_2005_06//work/povlines_it1.dta
(label lspdomain already defined)

     _merge |      Freq.     Percent        Cum.
------------+-----------------------------------
          3 |      3,124      100.00      100.00
------------+-----------------------------------
      Total |      3,124      100.00
(16 missing values generated)
(5 missing values generated)
(5 missing values generated)
(16 missing values generated)
(3119 real changes made)
(5 missing values generated)
(3108 real changes made)

    Variable |     Obs      Weight        Mean   Std. Dev.       Min        Max
-------------+-----------------------------------------------------------------
          cr |    3108  28069559.9    1060.929    1055.93   106.8324   23434.67
      cr_it1 |    3108  28069559.9    1060.929   976.2463   122.3149   20035.97
     linpob1 |    3119  28164219.1    440.2566   66.83536   312.2208   546.7244
    linpobr1 |    3119  28164219.1    448.4924   .0000123   448.4924   448.4924
(5 missing values generated)
(2723 missing values generated)
(2707 real changes made)
(16 missing values generated)
(2707 real changes made)
(16 missing values generated)
(2707 real changes made)
(16 missing values generated)
(16 missing values generated)
(16 missing values generated)
(5 missing values generated)

      pweight: popwt
          VCE: linearized
  Single unit: missing
     Strata 1: strata
         SU 1: psu
        FPC 1: <zero>
(running mean on estimation sample)

Survey: Mean estimation

Number of strata =       8        Number of obs    =      3108
Number of PSUs   =     321        Population size  =  28069560
                                  Design df        =       313

--------------------------------------------------------------
             |             Linearized
             |       Mean   Std. Err.     [95% Conf. Interval]
-------------+------------------------------------------------
     h_flex1 |   15.84921   .9766671      13.92755    17.77087
    pg_flex1 |   3.427597   .2701458      2.896066    3.959128
   spg_flex1 |   1.161953   .1156949      .9343154    1.389591
--------------------------------------------------------------
(running mean on estimation sample)

Survey: Mean estimation

Number of strata =       8        Number of obs    =      3108
Number of PSUs   =     321        Population size  =  28069560
                                  Design df        =       313

        Urban: rural = Urban
        Rural: rural = Rural

--------------------------------------------------------------
             |             Linearized
        Over |       Mean   Std. Err.     [95% Conf. Interval]
-------------+------------------------------------------------
h_flex1      |
       Urban |   3.616503   .9297338      1.787185    5.445822
       Rural |   18.38507   1.151796      16.11883    20.65131
-------------+------------------------------------------------
pg_flex1     |
       Urban |   .6989874   .2201137      .2658979    1.132077
       Rural |   3.993241    .320007      3.363604    4.622878
-------------+------------------------------------------------
spg_flex1    |
       Urban |     .25927   .1152051      .0325957    .4859444
       Rural |   1.349081   .1364374       1.08063    1.617531
--------------------------------------------------------------
(running mean on estimation sample)

Survey: Mean estimation

Number of strata =       8        Number of obs    =      3108
Number of PSUs   =     321        Population size  =  28069560
                                  Design df        =       313

    _subpop_1: strata = central urban
    _subpop_2: strata = central rural
    _subpop_3: strata = Eastern urban
    _subpop_4: strata = Eastern rural
    _subpop_5: strata = Northern urban
    _subpop_6: strata = Northern rural
    _subpop_7: strata = Western Urban
    _subpop_8: strata = Western rural

--------------------------------------------------------------
             |             Linearized
        Over |       Mean   Std. Err.     [95% Conf. Interval]
-------------+------------------------------------------------
h_flex1      |
   _subpop_1 |   2.095422   1.021369       .085806    4.105039
   _subpop_2 |   11.56001    1.98039      7.663449    15.45657
   _subpop_3 |   4.500134   1.885657      .7899681      8.2103
   _subpop_4 |   22.18469    2.07589      18.10023    26.26916
   _subpop_5 |   9.623426   4.111047      1.534644    17.71221
   _subpop_6 |   21.82511   3.037433      15.84874    27.80148
   _subpop_7 |   4.350483   1.955302      .5032859    8.197679
   _subpop_8 |   18.36522   2.152594      14.12984    22.60061
-------------+------------------------------------------------
pg_flex1     |
   _subpop_1 |   .4179244   .2238927     -.0226007    .8584494
   _subpop_2 |   2.168492   .4705546      1.242642    3.094342
   _subpop_3 |   .7351377   .4048669      -.061467    1.531742
   _subpop_4 |   4.841435   .5935124      3.673656    6.009213
   _subpop_5 |   2.116834    1.10298     -.0533588    4.287027
   _subpop_6 |   5.453815   .9897749      3.506361    7.401268
   _subpop_7 |   .5238783   .3645131     -.1933275    1.241084
   _subpop_8 |   3.823314   .5658797      2.709905    4.936723
-------------+------------------------------------------------
spg_flex1    |
   _subpop_1 |   .1802621   .1344968       -.08437    .4448942
   _subpop_2 |   .6519446   .1911633      .2758171    1.028072
   _subpop_3 |   .1503185   .1068702     -.0599564    .3605933
   _subpop_4 |   1.632452   .2637344      1.113536    2.151369
   _subpop_5 |   .7831744   .5147763     -.2296851    1.796034
   _subpop_6 |   1.861008   .3967043      1.080463    2.641552
   _subpop_7 |   .1580154    .142028     -.1214349    .4374657
   _subpop_8 |   1.348266   .2536975      .8490981    1.847434
--------------------------------------------------------------
(running mean on estimation sample)

Survey: Mean estimation

Number of strata =       8        Number of obs    =      3108
Number of PSUs   =     321        Population size  =  28069560
                                  Design df        =       313

         Over: strata rural
    _subpop_1: central urban Urban
    _subpop_2: central rural Rural
    _subpop_3: Eastern urban Urban
    _subpop_4: Eastern rural Rural
    _subpop_5: Northern urban Urban
    _subpop_6: Northern rural Rural
    _subpop_7: Western Urban Urban
    _subpop_8: Western rural Rural

--------------------------------------------------------------
             |             Linearized
        Over |       Mean   Std. Err.     [95% Conf. Interval]
-------------+------------------------------------------------
h_flex1      |
   _subpop_1 |   2.095422   1.021369       .085806    4.105039
   _subpop_2 |   11.56001    1.98039      7.663449    15.45657
   _subpop_3 |   4.500134   1.885657      .7899681      8.2103
   _subpop_4 |   22.18469    2.07589      18.10023    26.26916
   _subpop_5 |   9.623426   4.111047      1.534644    17.71221
   _subpop_6 |   21.82511   3.037433      15.84874    27.80148
   _subpop_7 |   4.350483   1.955302      .5032859    8.197679
   _subpop_8 |   18.36522   2.152594      14.12984    22.60061
-------------+------------------------------------------------
pg_flex1     |
   _subpop_1 |   .4179244   .2238927     -.0226007    .8584494
   _subpop_2 |   2.168492   .4705546      1.242642    3.094342
   _subpop_3 |   .7351377   .4048669      -.061467    1.531742
   _subpop_4 |   4.841435   .5935124      3.673656    6.009213
   _subpop_5 |   2.116834    1.10298     -.0533588    4.287027
   _subpop_6 |   5.453815   .9897749      3.506361    7.401268
   _subpop_7 |   .5238783   .3645131     -.1933275    1.241084
   _subpop_8 |   3.823314   .5658797      2.709905    4.936723
-------------+------------------------------------------------
spg_flex1    |
   _subpop_1 |   .1802621   .1344968       -.08437    .4448942
   _subpop_2 |   .6519446   .1911633      .2758171    1.028072
   _subpop_3 |   .1503185   .1068702     -.0599564    .3605933
   _subpop_4 |   1.632452   .2637344      1.113536    2.151369
   _subpop_5 |   .7831744   .5147763     -.2296851    1.796034
   _subpop_6 |   1.861008   .3967043      1.080463    2.641552
   _subpop_7 |   .1580154    .142028     -.1214349    .4374657
   _subpop_8 |   1.348266   .2536975      .8490981    1.847434
--------------------------------------------------------------
(running mean on estimation sample)

Survey: Mean estimation

Number of strata =       8        Number of obs    =      3108
Number of PSUs   =     321        Population size  =  28069560
                                  Design df        =       313

    _subpop_1: spdomain = Central Urban
    _subpop_2: spdomain = Central Rural
      Eastern: spdomain = Eastern
     Northern: spdomain = Northern
      Western: spdomain = Western

--------------------------------------------------------------
             |             Linearized
        Over |       Mean   Std. Err.     [95% Conf. Interval]
-------------+------------------------------------------------
h_flex1      |
   _subpop_1 |   2.095422   1.021369       .085806    4.105039
   _subpop_2 |   11.56001    1.98039      7.663449    15.45657
     Eastern |   20.88803   1.938437      17.07402    24.70205
    Northern |   20.11614   2.680788       14.8415    25.39078
     Western |   17.50719   2.032732      13.50764    21.50673
-------------+------------------------------------------------
pg_flex1     |
   _subpop_1 |   .4179244   .2238927     -.0226007    .8584494
   _subpop_2 |   2.168492   .4705546      1.242642    3.094342
     Eastern |   4.540354   .5520834       3.45409    5.626618
    Northern |   4.986437   .8666725      3.281197    6.691678
     Western |   3.621309   .5344721      2.569697    4.672921
-------------+------------------------------------------------
spg_flex1    |
   _subpop_1 |   .1802621   .1344968       -.08437    .4448942
   _subpop_2 |   .6519446   .1911633      .2758171    1.028072
     Eastern |    1.52378   .2448531      1.042013    2.005546
    Northern |   1.710046   .3494219      1.022534    2.397559
     Western |   1.275394   .2395396      .8040829    1.746706
--------------------------------------------------------------
strata was float now byte
rural was float now byte
spdomain was float now byte
news was float now byte
h_flex1 was float now byte
file /home/bjvca/data/data/GAP/Haruna/UNPS_2005_06//work/cons_real_it1.dta saved

    Variable |     Obs      Weight        Mean   Std. Dev.       Min        Max
-------------+-----------------------------------------------------------------
     h_flex1 |    3108  28069559.9    15.84921   36.52606          0        100
file /home/bjvca/data/data/GAP/Haruna/UNPS_2005_06//work/foodshares_it1.dta saved
file /tmp/St02564.000002 saved
variable one does not uniquely identify observations in the master data

     _merge |      Freq.     Percent        Cum.
------------+-----------------------------------
          3 |      3,124      100.00      100.00
------------+-----------------------------------
      Total |      3,124      100.00

   relpoor2 |      Freq.     Percent        Cum.
------------+-----------------------------------
          0 | 1,562.8925       50.11       50.11
          1 | 1,556.1075       49.89      100.00
------------+-----------------------------------
      Total |      3,119      100.00
file /home/bjvca/data/data/GAP/Haruna/UNPS_2005_06//work/relpoor_it2.dta saved
variable hhid does not uniquely identify observations in the master data

     _merge |      Freq.     Percent        Cum.
------------+-----------------------------------
          1 |        855        1.99        1.99
          2 |          1        0.00        1.99
          3 |     42,120       98.01      100.00
------------+-----------------------------------
      Total |     42,976      100.00
(3978 observations deleted)
variable hhid does not uniquely identify observations in the master data

     _merge |      Freq.     Percent        Cum.
------------+-----------------------------------
          2 |          4        0.01        0.01
          3 |     38,998       99.99      100.00
------------+-----------------------------------
      Total |     39,002      100.00
(25589 observations deleted)
(2 missing values generated)
    2
    0
(2 missing values generated)
    2
(2 observations deleted)
(note: file /tmp/St02564.00000a not found)
file /tmp/St02564.00000a saved
(note: file /tmp/St02564.00000b not found)
file /tmp/St02564.00000b saved
variable spdomain does not uniquely identify observations in the master data

     _merge |      Freq.     Percent        Cum.
------------+-----------------------------------
          3 |     13,411      100.00      100.00
------------+-----------------------------------
      Total |     13,411      100.00
  125
(125 observations deleted)
file /tmp/St02564.00000a saved
39
39
file /home/bjvca/data/data/GAP/Haruna/UNPS_2005_06//work/codes_food_basket_flex_it2.dta saved
(3 observations deleted)
(note: file /tmp/St02564.00000c not found)
file /tmp/St02564.00000c saved
variable hhid does not uniquely identify observations in the master data

     _merge |      Freq.     Percent        Cum.
------------+-----------------------------------
          1 |        855        2.15        2.15
          2 |          3        0.01        2.15
          3 |     38,995       97.85      100.00
------------+-----------------------------------
      Total |     39,853      100.00
(3 observations deleted)
file /tmp/St02564.00000c saved
variable product does not uniquely identify observations in the master data
product was int now float

     _merge |      Freq.     Percent        Cum.
------------+-----------------------------------
          1 |      4,929       12.37       12.37
          3 |     34,921       87.63      100.00
------------+-----------------------------------
      Total |     39,850      100.00
(4929 observations deleted)
(3005 observations deleted)
(note: file /tmp/St02564.00000e not found)
file /tmp/St02564.00000e saved
product was float now int
unit was float now byte
food_cat was float now byte
survquar was float now byte
survmon was float now byte
strata was float now byte
rural was float now byte
spdomain was float now byte
news was float now byte
bswt was float now byte
hhsize was long now byte
count was float now byte
numreg was double now byte
variable hhid does not uniquely identify observations in the master data
survquar was byte now float
spdomain was byte now float
(label lspdomain already defined)
(label lregion already defined)
(label lsurvquar already defined)

     _merge |      Freq.     Percent        Cum.
------------+-----------------------------------
          2 |        103        0.32        0.32
          3 |     31,916       99.68      100.00
------------+-----------------------------------
      Total |     32,019      100.00
variable hhid does not uniquely identify observations in the master data

     _merge |      Freq.     Percent        Cum.
------------+-----------------------------------
          3 |     32,019      100.00      100.00
------------+-----------------------------------
      Total |     32,019      100.00
(20565 observations deleted)
(12 observations deleted)
(818 observations deleted)

    Variable |       Obs        Mean    Std. Dev.       Min        Max
-------------+--------------------------------------------------------
    ratiotw2 |       175    1.246757    .4257854   .7769808   3.337594
    ratiomw2 |       175    1.107483     .401684   .6105599   4.164927
variable product does not uniquely identify observations in the master data
product was int now float

     _merge |      Freq.     Percent        Cum.
------------+-----------------------------------
          2 |          3        1.69        1.69
          3 |        175       98.31      100.00
------------+-----------------------------------
      Total |        178      100.00
    3
(3 observations deleted)
file /home/bjvca/data/data/GAP/Haruna/UNPS_2005_06//work/price_unit_flex_it2.dta saved
(label lspdomain already defined)

     _merge |      Freq.     Percent        Cum.
------------+-----------------------------------
          1 |          7        3.85        3.85
          2 |         55       30.22       34.07
          3 |        120       65.93      100.00
------------+-----------------------------------
      Total |        182      100.00

     +-------------------------+
     | product        spdomain |
     |-------------------------|
121. |     157   Central Urban |
122. |     157   Central Rural |
123. |     157         Eastern |
124. |     160   Central Urban |
125. |     161   Central Urban |
     |-------------------------|
126. |     161         Eastern |
127. |     161        Northern |
     +-------------------------+
(62 observations deleted)
variable product does not uniquely identify observations in the master data

     _merge |      Freq.     Percent        Cum.
------------+-----------------------------------
          2 |         26       17.81       17.81
          3 |        120       82.19      100.00
------------+-----------------------------------
      Total |        146      100.00
(26 observations deleted)

----------------------------------------------------------------------------------------------
-> spdomain = Central Urban
    3
----------------------------------------------------------------------------------------------
-> spdomain = Central Rural
    0
----------------------------------------------------------------------------------------------
-> spdomain = Eastern
    0
----------------------------------------------------------------------------------------------
-> spdomain = Northern
    0
----------------------------------------------------------------------------------------------
-> spdomain = Western
    0

    Variable |       Obs        Mean    Std. Dev.       Min        Max
-------------+--------------------------------------------------------
        bswt |       120        79.6    69.60602          3        337
(3 observations deleted)
(4 observations deleted)

Summary for variables: baskshr
     by categories of: spdomain (Spatial domains: each with own poverty line (they are 5))

     spdomain |         N      mean        sd       min       max
--------------+--------------------------------------------------
Central Urban |        18  .8147091         0  .8147091  .8147091
Central Rural |        21  .9067186         0  .9067186  .9067186
      Eastern |        27  .9088988         0  .9088988  .9088988
     Northern |        24  .8927878         0  .8927878  .8927878
      Western |        23  .9046368         0  .9046368  .9046368
--------------+--------------------------------------------------
        Total |       113  .8892006  .0330843  .8147091  .9088988
-----------------------------------------------------------------
variable spdomain does not uniquely identify observations in the master data

     _merge |      Freq.     Percent        Cum.
------------+-----------------------------------
          3 |        113      100.00      100.00
------------+-----------------------------------
      Total |        113      100.00
(113 real changes made)
(108 real changes made)
(113 real changes made)

Summary for variables: chkcal
     by categories of: spdomain (Spatial domains: each with own poverty line (they are 5))

     spdomain |         N      mean        sd       min       max
--------------+--------------------------------------------------
Central Urban |        18  .0001028         0  .0001028  .0001028
Central Rural |        21  .0000771         0  .0000771  .0000771
      Eastern |        27  .0000771         0  .0000771  .0000771
     Northern |        24  .0002313         0  .0002313  .0002313
      Western |        23  .0000385         0  .0000385  .0000385
--------------+--------------------------------------------------
        Total |       113  .0001061  .0000682  .0000385  .0002313
-----------------------------------------------------------------
(113 real changes made)
file /home/bjvca/data/data/GAP/Haruna/UNPS_2005_06//work/quan_flex_it2.dta saved
file /home/bjvca/data/data/GAP/Haruna/UNPS_2005_06//work/povline_food_flex_it2.dta saved
variable spdomain does not uniquely identify observations in the master data
(label lspdomain already defined)

     _merge |      Freq.     Percent        Cum.
------------+-----------------------------------
          1 |          5        0.16        0.16
          3 |      3,119       99.84      100.00
------------+-----------------------------------
      Total |      3,124      100.00
(236 real changes made)
(5 missing values generated)
(note: file /tmp/St02564.00000g not found)
file /tmp/St02564.00000g saved
variable spdomain does not uniquely identify observations in the master data
(label lspdomain already defined)

     _merge |      Freq.     Percent        Cum.
------------+-----------------------------------
          1 |          5        0.16        0.16
          3 |      3,119       99.84      100.00
------------+-----------------------------------
      Total |      3,124      100.00
(5 missing values generated)
file /home/bjvca/data/data/GAP/Haruna/UNPS_2005_06//work/povlines_it2.dta saved
variable spdomain does not uniquely identify observations in the master data
variable spdomain does not uniquely identify observations in
    /home/bjvca/data/data/GAP/Haruna/UNPS_2005_06//work/povlines_it2.dta
(label lspdomain already defined)

     _merge |      Freq.     Percent        Cum.
------------+-----------------------------------
          3 |      3,124      100.00      100.00
------------+-----------------------------------
      Total |      3,124      100.00
(16 missing values generated)
(5 missing values generated)
(5 missing values generated)
(16 missing values generated)
(3119 real changes made)
(5 missing values generated)
(3108 real changes made)

    Variable |     Obs      Weight        Mean   Std. Dev.       Min        Max
-------------+-----------------------------------------------------------------
          cr |    3108  28069559.9    1060.929    1055.93   106.8324   23434.67
      cr_it2 |    3108  28069559.9    1060.929   977.2243   122.1025   20050.84
     linpob2 |    3119  28164219.1    439.7347   67.14265   311.7988   546.7244
    linpobr2 |    3119  28164219.1    447.7136          0   447.7136   447.7136
(5 missing values generated)
(2723 missing values generated)
(2707 real changes made)
(16 missing values generated)
(2707 real changes made)
(16 missing values generated)
(2707 real changes made)
(16 missing values generated)
(16 missing values generated)
(16 missing values generated)
(5 missing values generated)

      pweight: popwt
          VCE: linearized
  Single unit: missing
     Strata 1: strata
         SU 1: psu
        FPC 1: <zero>
(running mean on estimation sample)

Survey: Mean estimation

Number of strata =       8        Number of obs    =      3108
Number of PSUs   =     321        Population size  =  28069560
                                  Design df        =       313

--------------------------------------------------------------
             |             Linearized
             |       Mean   Std. Err.     [95% Conf. Interval]
-------------+------------------------------------------------
     h_flex2 |   15.89283   .9814454      13.96176    17.82389
    pg_flex2 |   3.417863   .2695117      2.887579    3.948147
   spg_flex2 |   1.159023   .1154295      .9319068    1.386139
--------------------------------------------------------------
(running mean on estimation sample)

Survey: Mean estimation

Number of strata =       8        Number of obs    =      3108
Number of PSUs   =     321        Population size  =  28069560
                                  Design df        =       313

        Urban: rural = Urban
        Rural: rural = Rural

--------------------------------------------------------------
             |             Linearized
        Over |       Mean   Std. Err.     [95% Conf. Interval]
-------------+------------------------------------------------
h_flex2      |
       Urban |   3.616503   .9297338      1.787185    5.445822
       Rural |   18.43772   1.157794      16.15968    20.71577
-------------+------------------------------------------------
pg_flex2     |
       Urban |   .6981809   .2198444      .2656212    1.130741
       Rural |   3.981657   .3192471      3.353515    4.609798
-------------+------------------------------------------------
spg_flex2    |
       Urban |   .2590728   .1150988      .0326076     .485538
       Rural |   1.345583   .1361188       1.07776    1.613407
--------------------------------------------------------------
(running mean on estimation sample)

Survey: Mean estimation

Number of strata =       8        Number of obs    =      3108
Number of PSUs   =     321        Population size  =  28069560
                                  Design df        =       313

    _subpop_1: strata = central urban
    _subpop_2: strata = central rural
    _subpop_3: strata = Eastern urban
    _subpop_4: strata = Eastern rural
    _subpop_5: strata = Northern urban
    _subpop_6: strata = Northern rural
    _subpop_7: strata = Western Urban
    _subpop_8: strata = Western rural

--------------------------------------------------------------
             |             Linearized
        Over |       Mean   Std. Err.     [95% Conf. Interval]
-------------+------------------------------------------------
h_flex2      |
   _subpop_1 |   2.095422   1.021369       .085806    4.105039
   _subpop_2 |   11.42645   1.964039      7.562067    15.29084
   _subpop_3 |   4.500134   1.885657      .7899681      8.2103
   _subpop_4 |   22.92328   2.115271      18.76134    27.08523
   _subpop_5 |   9.623426   4.111047      1.534644    17.71221
   _subpop_6 |   21.82511   3.037433      15.84874    27.80148
   _subpop_7 |   4.350483   1.955302      .5032859    8.197679
   _subpop_8 |   17.97278   2.165507      13.71199    22.23357
-------------+------------------------------------------------
pg_flex2     |
   _subpop_1 |   .4179244   .2238927     -.0226007    .8584494
   _subpop_2 |    2.10521   .4630464      1.194133    3.016287
   _subpop_3 |   .7495527   .4097461     -.0566523    1.555758
   _subpop_4 |   4.908455   .5974235      3.732981    6.083928
   _subpop_5 |   2.106674   1.099692     -.0570482    4.270397
   _subpop_6 |   5.431657   .9873339      3.489006    7.374308
   _subpop_7 |   .5143774   .3613373     -.1965798    1.225335
   _subpop_8 |   3.787678    .562877      2.680177    4.895179
-------------+------------------------------------------------
spg_flex2    |
   _subpop_1 |   .1802621   .1344968       -.08437    .4448942
   _subpop_2 |   .6316941    .187807      .2621703    1.001218
   _subpop_3 |   .1548432   .1090982     -.0598154    .3695018
   _subpop_4 |   1.657232       .266      1.133858    2.180607
   _subpop_5 |   .7795757   .5133542     -.2304857    1.789637
   _subpop_6 |   1.851306    .395147      1.073826    2.628786
   _subpop_7 |     .15622    .140974     -.1211564    .4335964
   _subpop_8 |   1.336049   .2523135      .8396042    1.832494
--------------------------------------------------------------
(running mean on estimation sample)

Survey: Mean estimation

Number of strata =       8        Number of obs    =      3108
Number of PSUs   =     321        Population size  =  28069560
                                  Design df        =       313

         Over: strata rural
    _subpop_1: central urban Urban
    _subpop_2: central rural Rural
    _subpop_3: Eastern urban Urban
    _subpop_4: Eastern rural Rural
    _subpop_5: Northern urban Urban
    _subpop_6: Northern rural Rural
    _subpop_7: Western Urban Urban
    _subpop_8: Western rural Rural

--------------------------------------------------------------
             |             Linearized
        Over |       Mean   Std. Err.     [95% Conf. Interval]
-------------+------------------------------------------------
h_flex2      |
   _subpop_1 |   2.095422   1.021369       .085806    4.105039
   _subpop_2 |   11.42645   1.964039      7.562067    15.29084
   _subpop_3 |   4.500134   1.885657      .7899681      8.2103
   _subpop_4 |   22.92328   2.115271      18.76134    27.08523
   _subpop_5 |   9.623426   4.111047      1.534644    17.71221
   _subpop_6 |   21.82511   3.037433      15.84874    27.80148
   _subpop_7 |   4.350483   1.955302      .5032859    8.197679
   _subpop_8 |   17.97278   2.165507      13.71199    22.23357
-------------+------------------------------------------------
pg_flex2     |
   _subpop_1 |   .4179244   .2238927     -.0226007    .8584494
   _subpop_2 |    2.10521   .4630464      1.194133    3.016287
   _subpop_3 |   .7495527   .4097461     -.0566523    1.555758
   _subpop_4 |   4.908455   .5974235      3.732981    6.083928
   _subpop_5 |   2.106674   1.099692     -.0570482    4.270397
   _subpop_6 |   5.431657   .9873339      3.489006    7.374308
   _subpop_7 |   .5143774   .3613373     -.1965798    1.225335
   _subpop_8 |   3.787678    .562877      2.680177    4.895179
-------------+------------------------------------------------
spg_flex2    |
   _subpop_1 |   .1802621   .1344968       -.08437    .4448942
   _subpop_2 |   .6316941    .187807      .2621703    1.001218
   _subpop_3 |   .1548432   .1090982     -.0598154    .3695018
   _subpop_4 |   1.657232       .266      1.133858    2.180607
   _subpop_5 |   .7795757   .5133542     -.2304857    1.789637
   _subpop_6 |   1.851306    .395147      1.073826    2.628786
   _subpop_7 |     .15622    .140974     -.1211564    .4335964
   _subpop_8 |   1.336049   .2523135      .8396042    1.832494
--------------------------------------------------------------
(running mean on estimation sample)

Survey: Mean estimation

Number of strata =       8        Number of obs    =      3108
Number of PSUs   =     321        Population size  =  28069560
                                  Design df        =       313

    _subpop_1: spdomain = Central Urban
    _subpop_2: spdomain = Central Rural
      Eastern: spdomain = Eastern
     Northern: spdomain = Northern
      Western: spdomain = Western

--------------------------------------------------------------
             |             Linearized
        Over |       Mean   Std. Err.     [95% Conf. Interval]
-------------+------------------------------------------------
h_flex2      |
   _subpop_1 |   2.095422   1.021369       .085806    4.105039
   _subpop_2 |   11.42645   1.964039      7.562067    15.29084
     Eastern |   21.57247   1.974915      17.68668    25.45825
    Northern |   20.11614   2.680788       14.8415    25.39078
     Western |   17.13877   2.044267      13.11653    21.16101
-------------+------------------------------------------------
pg_flex2     |
   _subpop_1 |   .4179244   .2238927     -.0226007    .8584494
   _subpop_2 |    2.10521   .4630464      1.194133    3.016287
     Eastern |   4.603517   .5557552      3.510028    5.697005
    Northern |    4.96596   .8645184      3.264958    6.666962
     Western |   3.587274   .5316292      2.541255    4.633293
-------------+------------------------------------------------
spg_flex2    |
   _subpop_1 |   .1802621   .1344968       -.08437    .4448942
   _subpop_2 |   .6316941    .187807      .2621703    1.001218
     Eastern |   1.547075    .246964      1.061155    2.032994
    Northern |   1.701199   .3480676      1.016351    2.386048
     Western |   1.263815   .2382299       .795081     1.73255
--------------------------------------------------------------
strata was float now byte
rural was float now byte
spdomain was float now byte
news was float now byte
h_flex2 was float now byte
file /home/bjvca/data/data/GAP/Haruna/UNPS_2005_06//work/cons_real_it2.dta saved

    Variable |     Obs      Weight        Mean   Std. Dev.       Min        Max
-------------+-----------------------------------------------------------------
     h_flex2 |    3108  28069559.9    15.89283    36.5668          0        100
file /home/bjvca/data/data/GAP/Haruna/UNPS_2005_06//work/foodshares_it2.dta saved
file /tmp/St02564.000002 saved
variable one does not uniquely identify observations in the master data

     _merge |      Freq.     Percent        Cum.
------------+-----------------------------------
          3 |      3,124      100.00      100.00
------------+-----------------------------------
      Total |      3,124      100.00

   relpoor3 |      Freq.     Percent        Cum.
------------+-----------------------------------
          0 | 1,564.2118       50.15       50.15
          1 | 1,554.7882       49.85      100.00
------------+-----------------------------------
      Total |      3,119      100.00
file /home/bjvca/data/data/GAP/Haruna/UNPS_2005_06//work/relpoor_it3.dta saved
variable hhid does not uniquely identify observations in the master data

     _merge |      Freq.     Percent        Cum.
------------+-----------------------------------
          1 |        855        1.99        1.99
          2 |          1        0.00        1.99
          3 |     42,120       98.01      100.00
------------+-----------------------------------
      Total |     42,976      100.00
(3978 observations deleted)
variable hhid does not uniquely identify observations in the master data

     _merge |      Freq.     Percent        Cum.
------------+-----------------------------------
          2 |          4        0.01        0.01
          3 |     38,998       99.99      100.00
------------+-----------------------------------
      Total |     39,002      100.00
(25631 observations deleted)
(2 missing values generated)
    2
    0
(2 missing values generated)
    2
(2 observations deleted)
(note: file /tmp/St02564.00000h not found)
file /tmp/St02564.00000h saved
(note: file /tmp/St02564.00000i not found)
file /tmp/St02564.00000i saved
variable spdomain does not uniquely identify observations in the master data

     _merge |      Freq.     Percent        Cum.
------------+-----------------------------------
          3 |     13,369      100.00      100.00
------------+-----------------------------------
      Total |     13,369      100.00
  125
(125 observations deleted)
file /tmp/St02564.00000h saved
39
39
file /home/bjvca/data/data/GAP/Haruna/UNPS_2005_06//work/codes_food_basket_flex_it3.dta saved
(3 observations deleted)
(note: file /tmp/St02564.00000j not found)
file /tmp/St02564.00000j saved
variable hhid does not uniquely identify observations in the master data

     _merge |      Freq.     Percent        Cum.
------------+-----------------------------------
          1 |        855        2.15        2.15
          2 |          3        0.01        2.15
          3 |     38,995       97.85      100.00
------------+-----------------------------------
      Total |     39,853      100.00
(3 observations deleted)
file /tmp/St02564.00000j saved
variable product does not uniquely identify observations in the master data
product was int now float

     _merge |      Freq.     Percent        Cum.
------------+-----------------------------------
          1 |      4,929       12.37       12.37
          3 |     34,921       87.63      100.00
------------+-----------------------------------
      Total |     39,850      100.00
(4929 observations deleted)
(3005 observations deleted)
(note: file /tmp/St02564.00000l not found)
file /tmp/St02564.00000l saved
product was float now int
unit was float now byte
food_cat was float now byte
survquar was float now byte
survmon was float now byte
strata was float now byte
rural was float now byte
spdomain was float now byte
news was float now byte
bswt was float now byte
hhsize was long now byte
count was float now byte
numreg was double now byte
variable hhid does not uniquely identify observations in the master data
survquar was byte now float
spdomain was byte now float
(label lspdomain already defined)
(label lregion already defined)
(label lsurvquar already defined)

     _merge |      Freq.     Percent        Cum.
------------+-----------------------------------
          2 |        103        0.32        0.32
          3 |     31,916       99.68      100.00
------------+-----------------------------------
      Total |     32,019      100.00
variable hhid does not uniquely identify observations in the master data

     _merge |      Freq.     Percent        Cum.
------------+-----------------------------------
          3 |     32,019      100.00      100.00
------------+-----------------------------------
      Total |     32,019      100.00
(20599 observations deleted)
(12 observations deleted)
(817 observations deleted)

    Variable |       Obs        Mean    Std. Dev.       Min        Max
-------------+--------------------------------------------------------
    ratiotw3 |       175    1.245453    .4263509   .7769808   3.337594
    ratiomw3 |       175    1.107208     .400503   .6105599   4.164927
variable product does not uniquely identify observations in the master data
product was int now float

     _merge |      Freq.     Percent        Cum.
------------+-----------------------------------
          2 |          3        1.69        1.69
          3 |        175       98.31      100.00
------------+-----------------------------------
      Total |        178      100.00
    3
(3 observations deleted)
file /home/bjvca/data/data/GAP/Haruna/UNPS_2005_06//work/price_unit_flex_it3.dta saved
(label lspdomain already defined)

     _merge |      Freq.     Percent        Cum.
------------+-----------------------------------
          1 |          7        3.85        3.85
          2 |         55       30.22       34.07
          3 |        120       65.93      100.00
------------+-----------------------------------
      Total |        182      100.00

     +-------------------------+
     | product        spdomain |
     |-------------------------|
121. |     157   Central Urban |
122. |     157   Central Rural |
123. |     157         Eastern |
124. |     160   Central Urban |
125. |     161   Central Urban |
     |-------------------------|
126. |     161         Eastern |
127. |     161        Northern |
     +-------------------------+
(62 observations deleted)
variable product does not uniquely identify observations in the master data

     _merge |      Freq.     Percent        Cum.
------------+-----------------------------------
          2 |         26       17.81       17.81
          3 |        120       82.19      100.00
------------+-----------------------------------
      Total |        146      100.00
(26 observations deleted)

----------------------------------------------------------------------------------------------
-> spdomain = Central Urban
    3
----------------------------------------------------------------------------------------------
-> spdomain = Central Rural
    1
----------------------------------------------------------------------------------------------
-> spdomain = Eastern
    0
----------------------------------------------------------------------------------------------
-> spdomain = Northern
    0
----------------------------------------------------------------------------------------------
-> spdomain = Western
    0

    Variable |       Obs        Mean    Std. Dev.       Min        Max
-------------+--------------------------------------------------------
        bswt |       120    79.26667     69.6863          3        338
(4 observations deleted)
(4 observations deleted)

Summary for variables: baskshr
     by categories of: spdomain (Spatial domains: each with own poverty line (they are 5))

     spdomain |         N      mean        sd       min       max
--------------+--------------------------------------------------
Central Urban |        18  .8147091         0  .8147091  .8147091
Central Rural |        20  .9004949         0  .9004949  .9004949
      Eastern |        27  .9084003         0  .9084003  .9084003
     Northern |        24  .8921682         0  .8921682  .8921682
      Western |        23  .9046451         0  .9046451  .9046451
--------------+--------------------------------------------------
        Total |       112  .8876816  .0325805  .8147091  .9084003
-----------------------------------------------------------------
variable spdomain does not uniquely identify observations in the master data

     _merge |      Freq.     Percent        Cum.
------------+-----------------------------------
          3 |        112      100.00      100.00
------------+-----------------------------------
      Total |        112      100.00
(112 real changes made)
(107 real changes made)
(112 real changes made)

Summary for variables: chkcal
     by categories of: spdomain (Spatial domains: each with own poverty line (they are 5))

     spdomain |         N      mean        sd       min       max
--------------+--------------------------------------------------
Central Urban |        18  .0001028         0  .0001028  .0001028
Central Rural |        20 -.0000514         0 -.0000514 -.0000514
      Eastern |        27 -.0000514         0 -.0000514 -.0000514
     Northern |        24 -.0001542         0 -.0001542 -.0001542
      Western |        23  .0000385         0  .0000385  .0000385
--------------+--------------------------------------------------
        Total |       112 -.0000302  .0000858 -.0001542  .0001028
-----------------------------------------------------------------
(112 real changes made)
file /home/bjvca/data/data/GAP/Haruna/UNPS_2005_06//work/quan_flex_it3.dta saved
file /home/bjvca/data/data/GAP/Haruna/UNPS_2005_06//work/povline_food_flex_it3.dta saved
variable spdomain does not uniquely identify observations in the master data
(label lspdomain already defined)

     _merge |      Freq.     Percent        Cum.
------------+-----------------------------------
          1 |          5        0.16        0.16
          3 |      3,119       99.84      100.00
------------+-----------------------------------
      Total |      3,124      100.00
(236 real changes made)
(5 missing values generated)
(note: file /tmp/St02564.00000n not found)
file /tmp/St02564.00000n saved
variable spdomain does not uniquely identify observations in the master data
(label lspdomain already defined)

     _merge |      Freq.     Percent        Cum.
------------+-----------------------------------
          1 |          5        0.16        0.16
          3 |      3,119       99.84      100.00
------------+-----------------------------------
      Total |      3,124      100.00
(5 missing values generated)
file /home/bjvca/data/data/GAP/Haruna/UNPS_2005_06//work/povlines_it3.dta saved
variable spdomain does not uniquely identify observations in the master data
variable spdomain does not uniquely identify observations in
    /home/bjvca/data/data/GAP/Haruna/UNPS_2005_06//work/povlines_it3.dta
(label lspdomain already defined)

     _merge |      Freq.     Percent        Cum.
------------+-----------------------------------
          3 |      3,124      100.00      100.00
------------+-----------------------------------
      Total |      3,124      100.00
(16 missing values generated)
(5 missing values generated)
(5 missing values generated)
(16 missing values generated)
(3119 real changes made)
(5 missing values generated)
(3108 real changes made)

    Variable |     Obs      Weight        Mean   Std. Dev.       Min        Max
-------------+-----------------------------------------------------------------
          cr |    3108  28069559.9    1060.929    1055.93   106.8324   23434.67
      cr_it3 |    3108  28069559.9    1060.929    977.442    121.897    20009.3
     linpob3 |    3119  28164219.1    439.1663   67.78147   310.1803   546.7244
    linpobr3 |    3119  28164219.1    446.9602   .0000208   446.9602   446.9603
(5 missing values generated)
(2726 missing values generated)
(2710 real changes made)
(16 missing values generated)
(2710 real changes made)
(16 missing values generated)
(2710 real changes made)
(16 missing values generated)
(16 missing values generated)
(16 missing values generated)
(5 missing values generated)

      pweight: popwt
          VCE: linearized
  Single unit: missing
     Strata 1: strata
         SU 1: psu
        FPC 1: <zero>
(running mean on estimation sample)

Survey: Mean estimation

Number of strata =       8        Number of obs    =      3108
Number of PSUs   =     321        Population size  =  28069560
                                  Design df        =       313

--------------------------------------------------------------
             |             Linearized
             |       Mean   Std. Err.     [95% Conf. Interval]
-------------+------------------------------------------------
     h_flex3 |   15.88506   .9835488      13.94986    17.82026
    pg_flex3 |   3.398433   .2685307      2.870079    3.926786
   spg_flex3 |   1.151381   .1148949      .9253166    1.377444
--------------------------------------------------------------
(running mean on estimation sample)

Survey: Mean estimation

Number of strata =       8        Number of obs    =      3108
Number of PSUs   =     321        Population size  =  28069560
                                  Design df        =       313

        Urban: rural = Urban
        Rural: rural = Rural

--------------------------------------------------------------
             |             Linearized
        Over |       Mean   Std. Err.     [95% Conf. Interval]
-------------+------------------------------------------------
h_flex3      |
       Urban |   3.446155   .9012713      1.672839    5.219472
       Rural |   18.46366   1.160692      16.17991     20.7474
-------------+------------------------------------------------
pg_flex3     |
       Urban |   .6933881    .218629      .2632198    1.123556
       Rural |   3.959192   .3180957      3.333316    4.585068
-------------+------------------------------------------------
spg_flex3    |
       Urban |   .2571865   .1146384      .0316273    .4827458
       Rural |   1.336748   .1354828      1.070176     1.60332
--------------------------------------------------------------
(running mean on estimation sample)

Survey: Mean estimation

Number of strata =       8        Number of obs    =      3108
Number of PSUs   =     321        Population size  =  28069560
                                  Design df        =       313

    _subpop_1: strata = central urban
    _subpop_2: strata = central rural
    _subpop_3: strata = Eastern urban
    _subpop_4: strata = Eastern rural
    _subpop_5: strata = Northern urban
    _subpop_6: strata = Northern rural
    _subpop_7: strata = Western Urban
    _subpop_8: strata = Western rural

--------------------------------------------------------------
             |             Linearized
        Over |       Mean   Std. Err.     [95% Conf. Interval]
-------------+------------------------------------------------
h_flex3      |
   _subpop_1 |   2.095422   1.021369       .085806    4.105039
   _subpop_2 |   11.42645   1.964039      7.562067    15.29084
   _subpop_3 |   4.500134   1.885657      .7899681      8.2103
   _subpop_4 |   22.92328   2.115271      18.76134    27.08523
   _subpop_5 |   8.404917   3.859064      .8119299     15.9979
   _subpop_6 |   21.62438   3.027973      15.66663    27.58214
   _subpop_7 |   4.350483   1.955302      .5032859    8.197679
   _subpop_8 |   18.17612    2.18453       13.8779    22.47434
-------------+------------------------------------------------
pg_flex3     |
   _subpop_1 |   .4179243   .2238927     -.0226007    .8584493
   _subpop_2 |   2.067666   .4586388      1.165262    2.970071
   _subpop_3 |    .749595   .4097605     -.0566383    1.555828
   _subpop_4 |   4.908658   .5974349      3.733161    6.084154
   _subpop_5 |   2.071339   1.087193     -.0677907    4.210469
   _subpop_6 |   5.346812   .9779424       3.42264    7.270985
   _subpop_7 |   .5158726   .3618358     -.1960655    1.227811
   _subpop_8 |   3.793234   .5633364      2.684829    4.901638
-------------+------------------------------------------------
spg_flex3    |
   _subpop_1 |   .1802621   .1344968       -.08437    .4448942
   _subpop_2 |   .6199515   .1858376      .2543027    .9856004
   _subpop_3 |   .1548567   .1091048     -.0598149    .3695282
   _subpop_4 |   1.657306   .2660066      1.133918    2.180693
   _subpop_5 |   .7658821   .5079229     -.2334929    1.765257
   _subpop_6 |   1.814288   .3891753      1.048558    2.580019
   _subpop_7 |   .1564997    .141139     -.1212015    .4342009
   _subpop_8 |   1.337962   .2525306      .8410899    1.834834
--------------------------------------------------------------
(running mean on estimation sample)

Survey: Mean estimation

Number of strata =       8        Number of obs    =      3108
Number of PSUs   =     321        Population size  =  28069560
                                  Design df        =       313

         Over: strata rural
    _subpop_1: central urban Urban
    _subpop_2: central rural Rural
    _subpop_3: Eastern urban Urban
    _subpop_4: Eastern rural Rural
    _subpop_5: Northern urban Urban
    _subpop_6: Northern rural Rural
    _subpop_7: Western Urban Urban
    _subpop_8: Western rural Rural

--------------------------------------------------------------
             |             Linearized
        Over |       Mean   Std. Err.     [95% Conf. Interval]
-------------+------------------------------------------------
h_flex3      |
   _subpop_1 |   2.095422   1.021369       .085806    4.105039
   _subpop_2 |   11.42645   1.964039      7.562067    15.29084
   _subpop_3 |   4.500134   1.885657      .7899681      8.2103
   _subpop_4 |   22.92328   2.115271      18.76134    27.08523
   _subpop_5 |   8.404917   3.859064      .8119299     15.9979
   _subpop_6 |   21.62438   3.027973      15.66663    27.58214
   _subpop_7 |   4.350483   1.955302      .5032859    8.197679
   _subpop_8 |   18.17612    2.18453       13.8779    22.47434
-------------+------------------------------------------------
pg_flex3     |
   _subpop_1 |   .4179243   .2238927     -.0226007    .8584493
   _subpop_2 |   2.067666   .4586388      1.165262    2.970071
   _subpop_3 |    .749595   .4097605     -.0566383    1.555828
   _subpop_4 |   4.908658   .5974349      3.733161    6.084154
   _subpop_5 |   2.071339   1.087193     -.0677907    4.210469
   _subpop_6 |   5.346812   .9779424       3.42264    7.270985
   _subpop_7 |   .5158726   .3618358     -.1960655    1.227811
   _subpop_8 |   3.793234   .5633364      2.684829    4.901638
-------------+------------------------------------------------
spg_flex3    |
   _subpop_1 |   .1802621   .1344968       -.08437    .4448942
   _subpop_2 |   .6199515   .1858376      .2543027    .9856004
   _subpop_3 |   .1548567   .1091048     -.0598149    .3695282
   _subpop_4 |   1.657306   .2660066      1.133918    2.180693
   _subpop_5 |   .7658821   .5079229     -.2334929    1.765257
   _subpop_6 |   1.814288   .3891753      1.048558    2.580019
   _subpop_7 |   .1564997    .141139     -.1212015    .4342009
   _subpop_8 |   1.337962   .2525306      .8410899    1.834834
--------------------------------------------------------------
(running mean on estimation sample)

Survey: Mean estimation

Number of strata =       8        Number of obs    =      3108
Number of PSUs   =     321        Population size  =  28069560
                                  Design df        =       313

    _subpop_1: spdomain = Central Urban
    _subpop_2: spdomain = Central Rural
      Eastern: spdomain = Eastern
     Northern: spdomain = Northern
      Western: spdomain = Western

--------------------------------------------------------------
             |             Linearized
        Over |       Mean   Std. Err.     [95% Conf. Interval]
-------------+------------------------------------------------
h_flex3      |
   _subpop_1 |   2.095422   1.021369       .085806    4.105039
   _subpop_2 |   11.42645   1.964039      7.562067    15.29084
     Eastern |   21.57247   1.974915      17.68668    25.45825
    Northern |   19.77286   2.671408      14.51668    25.02905
     Western |   17.32966   2.062067       13.2724    21.38693
-------------+------------------------------------------------
pg_flex3     |
   _subpop_1 |   .4179243   .2238927     -.0226007    .8584493
   _subpop_2 |   2.067666   .4586388      1.165262    2.970071
     Eastern |   4.603708    .555766      3.510198    5.697217
    Northern |    4.88805   .8562215      3.203372    6.572727
     Western |    3.59258   .5320644      2.545706    4.639455
-------------+------------------------------------------------
spg_flex3    |
   _subpop_1 |   .1802621   .1344968       -.08437    .4448942
   _subpop_2 |   .6199515   .1858376      .2543027    .9856004
     Eastern |   1.547143   .2469702      1.061212    2.033075
    Northern |   1.667449   .3428755      .9928164    2.342081
     Western |   1.265628   .2384353      .7964897    1.734767
--------------------------------------------------------------
strata was float now byte
rural was float now byte
spdomain was float now byte
news was float now byte
h_flex3 was float now byte
file /home/bjvca/data/data/GAP/Haruna/UNPS_2005_06//work/cons_real_it3.dta saved

    Variable |     Obs      Weight        Mean   Std. Dev.       Min        Max
-------------+-----------------------------------------------------------------
     h_flex3 |    3108  28069559.9    15.88506   36.55955          0        100
file /home/bjvca/data/data/GAP/Haruna/UNPS_2005_06//work/foodshares_it3.dta saved
file /tmp/St02564.000002 saved
variable one does not uniquely identify observations in the master data

     _merge |      Freq.     Percent        Cum.
------------+-----------------------------------
          3 |      3,124      100.00      100.00
------------+-----------------------------------
      Total |      3,124      100.00

   relpoor4 |      Freq.     Percent        Cum.
------------+-----------------------------------
          0 | 1,564.5939       50.16       50.16
          1 | 1,554.4061       49.84      100.00
------------+-----------------------------------
      Total |      3,119      100.00
file /home/bjvca/data/data/GAP/Haruna/UNPS_2005_06//work/relpoor_it4.dta saved
variable hhid does not uniquely identify observations in the master data

     _merge |      Freq.     Percent        Cum.
------------+-----------------------------------
          1 |        855        1.99        1.99
          2 |          1        0.00        1.99
          3 |     42,120       98.01      100.00
------------+-----------------------------------
      Total |     42,976      100.00
(3978 observations deleted)
variable hhid does not uniquely identify observations in the master data

     _merge |      Freq.     Percent        Cum.
------------+-----------------------------------
          2 |          4        0.01        0.01
          3 |     38,998       99.99      100.00
------------+-----------------------------------
      Total |     39,002      100.00
(25623 observations deleted)
(2 missing values generated)
    2
    0
(2 missing values generated)
    2
(2 observations deleted)
(note: file /tmp/St02564.00000o not found)
file /tmp/St02564.00000o saved
(note: file /tmp/St02564.00000p not found)
file /tmp/St02564.00000p saved
variable spdomain does not uniquely identify observations in the master data

     _merge |      Freq.     Percent        Cum.
------------+-----------------------------------
          3 |     13,377      100.00      100.00
------------+-----------------------------------
      Total |     13,377      100.00
  125
(125 observations deleted)
file /tmp/St02564.00000o saved
39
39
file /home/bjvca/data/data/GAP/Haruna/UNPS_2005_06//work/codes_food_basket_flex_it4.dta saved
(3 observations deleted)
(note: file /tmp/St02564.00000q not found)
file /tmp/St02564.00000q saved
variable hhid does not uniquely identify observations in the master data

     _merge |      Freq.     Percent        Cum.
------------+-----------------------------------
          1 |        855        2.15        2.15
          2 |          3        0.01        2.15
          3 |     38,995       97.85      100.00
------------+-----------------------------------
      Total |     39,853      100.00
(3 observations deleted)
file /tmp/St02564.00000q saved
variable product does not uniquely identify observations in the master data
product was int now float

     _merge |      Freq.     Percent        Cum.
------------+-----------------------------------
          1 |      4,929       12.37       12.37
          3 |     34,921       87.63      100.00
------------+-----------------------------------
      Total |     39,850      100.00
(4929 observations deleted)
(3005 observations deleted)
(note: file /tmp/St02564.00000s not found)
file /tmp/St02564.00000s saved
product was float now int
unit was float now byte
food_cat was float now byte
survquar was float now byte
survmon was float now byte
strata was float now byte
rural was float now byte
spdomain was float now byte
news was float now byte
bswt was float now byte
hhsize was long now byte
count was float now byte
numreg was double now byte
variable hhid does not uniquely identify observations in the master data
survquar was byte now float
spdomain was byte now float
(label lspdomain already defined)
(label lregion already defined)
(label lsurvquar already defined)

     _merge |      Freq.     Percent        Cum.
------------+-----------------------------------
          2 |        103        0.32        0.32
          3 |     31,916       99.68      100.00
------------+-----------------------------------
      Total |     32,019      100.00
variable hhid does not uniquely identify observations in the master data

     _merge |      Freq.     Percent        Cum.
------------+-----------------------------------
          3 |     32,019      100.00      100.00
------------+-----------------------------------
      Total |     32,019      100.00
(20587 observations deleted)
(12 observations deleted)
(831 observations deleted)

    Variable |       Obs        Mean    Std. Dev.       Min        Max
-------------+--------------------------------------------------------
    ratiotw4 |       175    1.245532    .4261914   .7769808   3.337594
    ratiomw4 |       175    1.106541     .401926   .4394891   4.164927
variable product does not uniquely identify observations in the master data
product was int now float

     _merge |      Freq.     Percent        Cum.
------------+-----------------------------------
          2 |          3        1.69        1.69
          3 |        175       98.31      100.00
------------+-----------------------------------
      Total |        178      100.00
    3
(3 observations deleted)
file /home/bjvca/data/data/GAP/Haruna/UNPS_2005_06//work/price_unit_flex_it4.dta saved
(label lspdomain already defined)

     _merge |      Freq.     Percent        Cum.
------------+-----------------------------------
          1 |          7        3.85        3.85
          2 |         55       30.22       34.07
          3 |        120       65.93      100.00
------------+-----------------------------------
      Total |        182      100.00

     +-------------------------+
     | product        spdomain |
     |-------------------------|
121. |     157   Central Urban |
122. |     157   Central Rural |
123. |     157         Eastern |
124. |     160   Central Urban |
125. |     161   Central Urban |
     |-------------------------|
126. |     161         Eastern |
127. |     161        Northern |
     +-------------------------+
(62 observations deleted)
variable product does not uniquely identify observations in the master data

     _merge |      Freq.     Percent        Cum.
------------+-----------------------------------
          2 |         26       17.81       17.81
          3 |        120       82.19      100.00
------------+-----------------------------------
      Total |        146      100.00
(26 observations deleted)

----------------------------------------------------------------------------------------------
-> spdomain = Central Urban
    3
----------------------------------------------------------------------------------------------
-> spdomain = Central Rural
    1
----------------------------------------------------------------------------------------------
-> spdomain = Eastern
    0
----------------------------------------------------------------------------------------------
-> spdomain = Northern
    0
----------------------------------------------------------------------------------------------
-> spdomain = Western
    0

    Variable |       Obs        Mean    Std. Dev.       Min        Max
-------------+--------------------------------------------------------
        bswt |       120    79.26667    69.55812          3        339
(4 observations deleted)
(4 observations deleted)

Summary for variables: baskshr
     by categories of: spdomain (Spatial domains: each with own poverty line (they are 5))

     spdomain |         N      mean        sd       min       max
--------------+--------------------------------------------------
Central Urban |        18  .8147091         0  .8147091  .8147091
Central Rural |        20  .9004949         0  .9004949  .9004949
      Eastern |        27  .9086618         0  .9086618  .9086618
     Northern |        24  .8921608         0  .8921608  .8921608
      Western |        23  .9046368         0  .9046368  .9046368
--------------+--------------------------------------------------
        Total |       112  .8877414    .03262  .8147091  .9086618
-----------------------------------------------------------------
variable spdomain does not uniquely identify observations in the master data

     _merge |      Freq.     Percent        Cum.
------------+-----------------------------------
          3 |        112      100.00      100.00
------------+-----------------------------------
      Total |        112      100.00
(112 real changes made)
(107 real changes made)
(112 real changes made)

Summary for variables: chkcal
     by categories of: spdomain (Spatial domains: each with own poverty line (they are 5))

     spdomain |         N      mean        sd       min       max
--------------+--------------------------------------------------
Central Urban |        18  .0001028         0  .0001028  .0001028
Central Rural |        20 -.0000514         0 -.0000514 -.0000514
      Eastern |        27 -.0000514         0 -.0000514 -.0000514
     Northern |        24 -.0001542         0 -.0001542 -.0001542
      Western |        23  .0000385         0  .0000385  .0000385
--------------+--------------------------------------------------
        Total |       112 -.0000302  .0000858 -.0001542  .0001028
-----------------------------------------------------------------
(112 real changes made)
file /home/bjvca/data/data/GAP/Haruna/UNPS_2005_06//work/quan_flex_it4.dta saved
file /home/bjvca/data/data/GAP/Haruna/UNPS_2005_06//work/povline_food_flex_it4.dta saved
variable spdomain does not uniquely identify observations in the master data
(label lspdomain already defined)

     _merge |      Freq.     Percent        Cum.
------------+-----------------------------------
          1 |          5        0.16        0.16
          3 |      3,119       99.84      100.00
------------+-----------------------------------
      Total |      3,124      100.00
(236 real changes made)
(5 missing values generated)
(note: file /tmp/St02564.00000u not found)
file /tmp/St02564.00000u saved
variable spdomain does not uniquely identify observations in the master data
(label lspdomain already defined)

     _merge |      Freq.     Percent        Cum.
------------+-----------------------------------
          1 |          5        0.16        0.16
          3 |      3,119       99.84      100.00
------------+-----------------------------------
      Total |      3,124      100.00
(5 missing values generated)
file /home/bjvca/data/data/GAP/Haruna/UNPS_2005_06//work/povlines_it4.dta saved
variable spdomain does not uniquely identify observations in the master data
variable spdomain does not uniquely identify observations in
    /home/bjvca/data/data/GAP/Haruna/UNPS_2005_06//work/povlines_it4.dta
(label lspdomain already defined)

     _merge |      Freq.     Percent        Cum.
------------+-----------------------------------
          3 |      3,124      100.00      100.00
------------+-----------------------------------
      Total |      3,124      100.00
(16 missing values generated)
(5 missing values generated)
(5 missing values generated)
(16 missing values generated)
(3119 real changes made)
(5 missing values generated)
(3108 real changes made)

    Variable |     Obs      Weight        Mean   Std. Dev.       Min        Max
-------------+-----------------------------------------------------------------
          cr |    3108  28069559.9    1060.929    1055.93   106.8324   23434.67
      cr_it4 |    3108  28069559.9    1060.929   977.5204   121.9062    20018.6
     linpob4 |    3119  28164219.1     439.223   67.80795   310.1624   546.7244
    linpobr4 |    3119  28164219.1    446.9937          0   446.9937   446.9937
(5 missing values generated)
(2727 missing values generated)
(2711 real changes made)
(16 missing values generated)
(2711 real changes made)
(16 missing values generated)
(2711 real changes made)
(16 missing values generated)
(16 missing values generated)
(16 missing values generated)
(5 missing values generated)

      pweight: popwt
          VCE: linearized
  Single unit: missing
     Strata 1: strata
         SU 1: psu
        FPC 1: <zero>
(running mean on estimation sample)

Survey: Mean estimation

Number of strata =       8        Number of obs    =      3108
Number of PSUs   =     321        Population size  =  28069560
                                  Design df        =       313

--------------------------------------------------------------
             |             Linearized
             |       Mean   Std. Err.     [95% Conf. Interval]
-------------+------------------------------------------------
     h_flex4 |   15.83399   .9805861      13.90462    17.76337
    pg_flex4 |   3.400828   .2685763      2.872385    3.929272
   spg_flex4 |   1.152262   .1149257      .9261378    1.378387
--------------------------------------------------------------
(running mean on estimation sample)

Survey: Mean estimation

Number of strata =       8        Number of obs    =      3108
Number of PSUs   =     321        Population size  =  28069560
                                  Design df        =       313

        Urban: rural = Urban
        Rural: rural = Rural

--------------------------------------------------------------
             |             Linearized
        Over |       Mean   Std. Err.     [95% Conf. Interval]
-------------+------------------------------------------------
h_flex4      |
       Urban |   3.446155   .9012713      1.672839    5.219472
       Rural |   18.40201   1.157092      16.12535    20.67867
-------------+------------------------------------------------
pg_flex4     |
       Urban |   .6935682   .2186354      .2633874    1.123749
       Rural |   3.962047   .3181491      3.336065    4.588028
-------------+------------------------------------------------
spg_flex4    |
       Urban |   .2572576   .1146385      .0316982    .4828171
       Rural |   1.337798   .1355201      1.071152    1.604443
--------------------------------------------------------------
(running mean on estimation sample)

Survey: Mean estimation

Number of strata =       8        Number of obs    =      3108
Number of PSUs   =     321        Population size  =  28069560
                                  Design df        =       313

    _subpop_1: strata = central urban
    _subpop_2: strata = central rural
    _subpop_3: strata = Eastern urban
    _subpop_4: strata = Eastern rural
    _subpop_5: strata = Northern urban
    _subpop_6: strata = Northern rural
    _subpop_7: strata = Western Urban
    _subpop_8: strata = Western rural

--------------------------------------------------------------
             |             Linearized
        Over |       Mean   Std. Err.     [95% Conf. Interval]
-------------+------------------------------------------------
h_flex4      |
   _subpop_1 |   2.095422   1.021369       .085806    4.105039
   _subpop_2 |   11.42645   1.964039      7.562067    15.29084
   _subpop_3 |   4.500134   1.885657      .7899681      8.2103
   _subpop_4 |   22.92328   2.115271      18.76134    27.08523
   _subpop_5 |   8.404917   3.859064      .8119299     15.9979
   _subpop_6 |   21.62438   3.027973      15.66663    27.58214
   _subpop_7 |   4.350483   1.955302      .5032859    8.197679
   _subpop_8 |   17.97278   2.165507      13.71199    22.23357
-------------+------------------------------------------------
pg_flex4     |
   _subpop_1 |   .4179244   .2238927     -.0226007    .8584494
   _subpop_2 |   2.067667   .4586388      1.165262    2.970072
   _subpop_3 |   .7531418   .4109651     -.0554615    1.561745
   _subpop_4 |   4.925694   .5983956      3.748308    6.103081
   _subpop_5 |   2.070973   1.087055     -.0678861    4.209832
   _subpop_6 |   5.345871   .9778379      3.421904    7.269837
   _subpop_7 |   .5143775   .3613374     -.1965798    1.225335
   _subpop_8 |   3.787679    .562877      2.680178     4.89518
-------------+------------------------------------------------
spg_flex4    |
   _subpop_1 |   .1802621   .1344968       -.08437    .4448942
   _subpop_2 |   .6199516   .1858376      .2543027    .9856005
   _subpop_3 |   .1559843   .1096572      -.059774    .3717427
   _subpop_4 |   1.663469   .2665669      1.138979    2.187958
   _subpop_5 |    .765731   .5078629     -.2335258    1.764988
   _subpop_6 |    1.81388   .3891091      1.048279     2.57948
   _subpop_7 |     .15622    .140974     -.1211564    .4335965
   _subpop_8 |   1.336049   .2523135      .8396044    1.832495
--------------------------------------------------------------
(running mean on estimation sample)

Survey: Mean estimation

Number of strata =       8        Number of obs    =      3108
Number of PSUs   =     321        Population size  =  28069560
                                  Design df        =       313

         Over: strata rural
    _subpop_1: central urban Urban
    _subpop_2: central rural Rural
    _subpop_3: Eastern urban Urban
    _subpop_4: Eastern rural Rural
    _subpop_5: Northern urban Urban
    _subpop_6: Northern rural Rural
    _subpop_7: Western Urban Urban
    _subpop_8: Western rural Rural

--------------------------------------------------------------
             |             Linearized
        Over |       Mean   Std. Err.     [95% Conf. Interval]
-------------+------------------------------------------------
h_flex4      |
   _subpop_1 |   2.095422   1.021369       .085806    4.105039
   _subpop_2 |   11.42645   1.964039      7.562067    15.29084
   _subpop_3 |   4.500134   1.885657      .7899681      8.2103
   _subpop_4 |   22.92328   2.115271      18.76134    27.08523
   _subpop_5 |   8.404917   3.859064      .8119299     15.9979
   _subpop_6 |   21.62438   3.027973      15.66663    27.58214
   _subpop_7 |   4.350483   1.955302      .5032859    8.197679
   _subpop_8 |   17.97278   2.165507      13.71199    22.23357
-------------+------------------------------------------------
pg_flex4     |
   _subpop_1 |   .4179244   .2238927     -.0226007    .8584494
   _subpop_2 |   2.067667   .4586388      1.165262    2.970072
   _subpop_3 |   .7531418   .4109651     -.0554615    1.561745
   _subpop_4 |   4.925694   .5983956      3.748308    6.103081
   _subpop_5 |   2.070973   1.087055     -.0678861    4.209832
   _subpop_6 |   5.345871   .9778379      3.421904    7.269837
   _subpop_7 |   .5143775   .3613374     -.1965798    1.225335
   _subpop_8 |   3.787679    .562877      2.680178     4.89518
-------------+------------------------------------------------
spg_flex4    |
   _subpop_1 |   .1802621   .1344968       -.08437    .4448942
   _subpop_2 |   .6199516   .1858376      .2543027    .9856005
   _subpop_3 |   .1559843   .1096572      -.059774    .3717427
   _subpop_4 |   1.663469   .2665669      1.138979    2.187958
   _subpop_5 |    .765731   .5078629     -.2335258    1.764988
   _subpop_6 |    1.81388   .3891091      1.048279     2.57948
   _subpop_7 |     .15622    .140974     -.1211564    .4335965
   _subpop_8 |   1.336049   .2523135      .8396044    1.832495
--------------------------------------------------------------
(running mean on estimation sample)

Survey: Mean estimation

Number of strata =       8        Number of obs    =      3108
Number of PSUs   =     321        Population size  =  28069560
                                  Design df        =       313

    _subpop_1: spdomain = Central Urban
    _subpop_2: spdomain = Central Rural
      Eastern: spdomain = Eastern
     Northern: spdomain = Northern
      Western: spdomain = Western

--------------------------------------------------------------
             |             Linearized
        Over |       Mean   Std. Err.     [95% Conf. Interval]
-------------+------------------------------------------------
h_flex4      |
   _subpop_1 |   2.095422   1.021369       .085806    4.105039
   _subpop_2 |   11.42645   1.964039      7.562067    15.29084
     Eastern |   21.57247   1.974915      17.68668    25.45825
    Northern |   19.77286   2.671408      14.51668    25.02905
     Western |   17.13877   2.044267      13.11653    21.16101
-------------+------------------------------------------------
pg_flex4     |
   _subpop_1 |   .4179244   .2238927     -.0226007    .8584494
   _subpop_2 |   2.067667   .4586388      1.165262    2.970072
     Eastern |   4.619755   .5566681      3.524471     5.71504
    Northern |   4.887189   .8561292      3.202693    6.571684
     Western |   3.587274   .5316293      2.541255    4.633293
-------------+------------------------------------------------
spg_flex4    |
   _subpop_1 |   .1802621   .1344968       -.08437    .4448942
   _subpop_2 |   .6199516   .1858376      .2543027    .9856005
     Eastern |   1.552937   .2474923      1.065978    2.039896
    Northern |   1.667076   .3428179       .992557    2.341595
     Western |   1.263816   .2382299      .7950811     1.73255
--------------------------------------------------------------
strata was float now byte
rural was float now byte
spdomain was float now byte
news was float now byte
h_flex4 was float now byte
file /home/bjvca/data/data/GAP/Haruna/UNPS_2005_06//work/cons_real_it4.dta saved

    Variable |     Obs      Weight        Mean   Std. Dev.       Min        Max
-------------+-----------------------------------------------------------------
     h_flex4 |    3108  28069559.9    15.83399   36.51182          0        100
file /home/bjvca/data/data/GAP/Haruna/UNPS_2005_06//work/foodshares_it4.dta saved
file /tmp/St02564.000002 saved
variable one does not uniquely identify observations in the master data

     _merge |      Freq.     Percent        Cum.
------------+-----------------------------------
          3 |      3,124      100.00      100.00
------------+-----------------------------------
      Total |      3,124      100.00

   relpoor5 |      Freq.     Percent        Cum.
------------+-----------------------------------
          0 | 1,564.5939       50.16       50.16
          1 | 1,554.4061       49.84      100.00
------------+-----------------------------------
      Total |      3,119      100.00
file /home/bjvca/data/data/GAP/Haruna/UNPS_2005_06//work/relpoor_it5.dta saved
variable hhid does not uniquely identify observations in the master data

     _merge |      Freq.     Percent        Cum.
------------+-----------------------------------
          1 |        855        1.99        1.99
          2 |          1        0.00        1.99
          3 |     42,120       98.01      100.00
------------+-----------------------------------
      Total |     42,976      100.00
(3978 observations deleted)
variable hhid does not uniquely identify observations in the master data

     _merge |      Freq.     Percent        Cum.
------------+-----------------------------------
          2 |          4        0.01        0.01
          3 |     38,998       99.99      100.00
------------+-----------------------------------
      Total |     39,002      100.00
(25623 observations deleted)
(2 missing values generated)
    2
    0
(2 missing values generated)
    2
(2 observations deleted)
(note: file /tmp/St02564.00000v not found)
file /tmp/St02564.00000v saved
(note: file /tmp/St02564.00000w not found)
file /tmp/St02564.00000w saved
variable spdomain does not uniquely identify observations in the master data

     _merge |      Freq.     Percent        Cum.
------------+-----------------------------------
          3 |     13,377      100.00      100.00
------------+-----------------------------------
      Total |     13,377      100.00
  125
(125 observations deleted)
file /tmp/St02564.00000v saved
39
39
file /home/bjvca/data/data/GAP/Haruna/UNPS_2005_06//work/codes_food_basket_flex_it5.dta saved
(3 observations deleted)
(note: file /tmp/St02564.00000x not found)
file /tmp/St02564.00000x saved
variable hhid does not uniquely identify observations in the master data

     _merge |      Freq.     Percent        Cum.
------------+-----------------------------------
          1 |        855        2.15        2.15
          2 |          3        0.01        2.15
          3 |     38,995       97.85      100.00
------------+-----------------------------------
      Total |     39,853      100.00
(3 observations deleted)
file /tmp/St02564.00000x saved
variable product does not uniquely identify observations in the master data
product was int now float

     _merge |      Freq.     Percent        Cum.
------------+-----------------------------------
          1 |      4,929       12.37       12.37
          3 |     34,921       87.63      100.00
------------+-----------------------------------
      Total |     39,850      100.00
(4929 observations deleted)
(3005 observations deleted)
(note: file /tmp/St02564.000011 not found)
file /tmp/St02564.000011 saved
product was float now int
unit was float now byte
food_cat was float now byte
survquar was float now byte
survmon was float now byte
strata was float now byte
rural was float now byte
spdomain was float now byte
news was float now byte
bswt was float now byte
hhsize was long now byte
count was float now byte
numreg was double now byte
variable hhid does not uniquely identify observations in the master data
survquar was byte now float
spdomain was byte now float
(label lspdomain already defined)
(label lregion already defined)
(label lsurvquar already defined)

     _merge |      Freq.     Percent        Cum.
------------+-----------------------------------
          2 |        103        0.32        0.32
          3 |     31,916       99.68      100.00
------------+-----------------------------------
      Total |     32,019      100.00
variable hhid does not uniquely identify observations in the master data

     _merge |      Freq.     Percent        Cum.
------------+-----------------------------------
          3 |     32,019      100.00      100.00
------------+-----------------------------------
      Total |     32,019      100.00
(20587 observations deleted)
(12 observations deleted)
(831 observations deleted)

    Variable |       Obs        Mean    Std. Dev.       Min        Max
-------------+--------------------------------------------------------
    ratiotw5 |       175    1.245532    .4261914   .7769808   3.337594
    ratiomw5 |       175    1.106541     .401926   .4394891   4.164927
variable product does not uniquely identify observations in the master data
product was int now float

     _merge |      Freq.     Percent        Cum.
------------+-----------------------------------
          2 |          3        1.69        1.69
          3 |        175       98.31      100.00
------------+-----------------------------------
      Total |        178      100.00
    3
(3 observations deleted)
file /home/bjvca/data/data/GAP/Haruna/UNPS_2005_06//work/price_unit_flex_it5.dta saved
(label lspdomain already defined)

     _merge |      Freq.     Percent        Cum.
------------+-----------------------------------
          1 |          7        3.85        3.85
          2 |         55       30.22       34.07
          3 |        120       65.93      100.00
------------+-----------------------------------
      Total |        182      100.00

     +-------------------------+
     | product        spdomain |
     |-------------------------|
121. |     157   Central Urban |
122. |     157   Central Rural |
123. |     157         Eastern |
124. |     160   Central Urban |
125. |     161   Central Urban |
     |-------------------------|
126. |     161         Eastern |
127. |     161        Northern |
     +-------------------------+
(62 observations deleted)
variable product does not uniquely identify observations in the master data

     _merge |      Freq.     Percent        Cum.
------------+-----------------------------------
          2 |         26       17.81       17.81
          3 |        120       82.19      100.00
------------+-----------------------------------
      Total |        146      100.00
(26 observations deleted)

----------------------------------------------------------------------------------------------
-> spdomain = Central Urban
    3
----------------------------------------------------------------------------------------------
-> spdomain = Central Rural
    1
----------------------------------------------------------------------------------------------
-> spdomain = Eastern
    0
----------------------------------------------------------------------------------------------
-> spdomain = Northern
    0
----------------------------------------------------------------------------------------------
-> spdomain = Western
    0

    Variable |       Obs        Mean    Std. Dev.       Min        Max
-------------+--------------------------------------------------------
        bswt |       120    79.26667    69.55812          3        339
(4 observations deleted)
(4 observations deleted)

Summary for variables: baskshr
     by categories of: spdomain (Spatial domains: each with own poverty line (they are 5))

     spdomain |         N      mean        sd       min       max
--------------+--------------------------------------------------
Central Urban |        18  .8147091         0  .8147091  .8147091
Central Rural |        20  .9004949         0  .9004949  .9004949
      Eastern |        27  .9086618         0  .9086618  .9086618
     Northern |        24  .8921608         0  .8921608  .8921608
      Western |        23  .9046368         0  .9046368  .9046368
--------------+--------------------------------------------------
        Total |       112  .8877414    .03262  .8147091  .9086618
-----------------------------------------------------------------
variable spdomain does not uniquely identify observations in the master data

     _merge |      Freq.     Percent        Cum.
------------+-----------------------------------
          3 |        112      100.00      100.00
------------+-----------------------------------
      Total |        112      100.00
(112 real changes made)
(107 real changes made)
(112 real changes made)

Summary for variables: chkcal
     by categories of: spdomain (Spatial domains: each with own poverty line (they are 5))

     spdomain |         N      mean        sd       min       max
--------------+--------------------------------------------------
Central Urban |        18  .0001028         0  .0001028  .0001028
Central Rural |        20 -.0000514         0 -.0000514 -.0000514
      Eastern |        27 -.0000514         0 -.0000514 -.0000514
     Northern |        24 -.0001542         0 -.0001542 -.0001542
      Western |        23  .0000385         0  .0000385  .0000385
--------------+--------------------------------------------------
        Total |       112 -.0000302  .0000858 -.0001542  .0001028
-----------------------------------------------------------------
(112 real changes made)
file /home/bjvca/data/data/GAP/Haruna/UNPS_2005_06//work/quan_flex_it5.dta saved
file /home/bjvca/data/data/GAP/Haruna/UNPS_2005_06//work/povline_food_flex_it5.dta saved
variable spdomain does not uniquely identify observations in the master data
(label lspdomain already defined)

     _merge |      Freq.     Percent        Cum.
------------+-----------------------------------
          1 |          5        0.16        0.16
          3 |      3,119       99.84      100.00
------------+-----------------------------------
      Total |      3,124      100.00
(236 real changes made)
(5 missing values generated)
(note: file /tmp/St02564.000013 not found)
file /tmp/St02564.000013 saved
variable spdomain does not uniquely identify observations in the master data
(label lspdomain already defined)

     _merge |      Freq.     Percent        Cum.
------------+-----------------------------------
          1 |          5        0.16        0.16
          3 |      3,119       99.84      100.00
------------+-----------------------------------
      Total |      3,124      100.00
(5 missing values generated)
file /home/bjvca/data/data/GAP/Haruna/UNPS_2005_06//work/povlines_it5.dta saved
variable spdomain does not uniquely identify observations in the master data
variable spdomain does not uniquely identify observations in
    /home/bjvca/data/data/GAP/Haruna/UNPS_2005_06//work/povlines_it5.dta
(label lspdomain already defined)

     _merge |      Freq.     Percent        Cum.
------------+-----------------------------------
          3 |      3,124      100.00      100.00
------------+-----------------------------------
      Total |      3,124      100.00
(16 missing values generated)
(5 missing values generated)
(5 missing values generated)
(16 missing values generated)
(3119 real changes made)
(5 missing values generated)
(3108 real changes made)

    Variable |     Obs      Weight        Mean   Std. Dev.       Min        Max
-------------+-----------------------------------------------------------------
          cr |    3108  28069559.9    1060.929    1055.93   106.8324   23434.67
      cr_it5 |    3108  28069559.9    1060.929   977.5204   121.9062    20018.6
     linpob5 |    3119  28164219.1     439.223   67.80795   310.1624   546.7244
    linpobr5 |    3119  28164219.1    446.9937          0   446.9937   446.9937
(5 missing values generated)
(2727 missing values generated)
(2711 real changes made)
(16 missing values generated)
(2711 real changes made)
(16 missing values generated)
(2711 real changes made)
(16 missing values generated)
(16 missing values generated)
(16 missing values generated)
(5 missing values generated)

      pweight: popwt
          VCE: linearized
  Single unit: missing
     Strata 1: strata
         SU 1: psu
        FPC 1: <zero>
(running mean on estimation sample)

Survey: Mean estimation

Number of strata =       8        Number of obs    =      3108
Number of PSUs   =     321        Population size  =  28069560
                                  Design df        =       313

--------------------------------------------------------------
             |             Linearized
             |       Mean   Std. Err.     [95% Conf. Interval]
-------------+------------------------------------------------
     h_flex5 |   15.83399   .9805861      13.90462    17.76337
    pg_flex5 |   3.400828   .2685763      2.872385    3.929272
   spg_flex5 |   1.152262   .1149257      .9261378    1.378387
--------------------------------------------------------------
(running mean on estimation sample)

Survey: Mean estimation

Number of strata =       8        Number of obs    =      3108
Number of PSUs   =     321        Population size  =  28069560
                                  Design df        =       313

        Urban: rural = Urban
        Rural: rural = Rural

--------------------------------------------------------------
             |             Linearized
        Over |       Mean   Std. Err.     [95% Conf. Interval]
-------------+------------------------------------------------
h_flex5      |
       Urban |   3.446155   .9012713      1.672839    5.219472
       Rural |   18.40201   1.157092      16.12535    20.67867
-------------+------------------------------------------------
pg_flex5     |
       Urban |   .6935682   .2186354      .2633874    1.123749
       Rural |   3.962047   .3181491      3.336065    4.588028
-------------+------------------------------------------------
spg_flex5    |
       Urban |   .2572576   .1146385      .0316982    .4828171
       Rural |   1.337798   .1355201      1.071152    1.604443
--------------------------------------------------------------
(running mean on estimation sample)

Survey: Mean estimation

Number of strata =       8        Number of obs    =      3108
Number of PSUs   =     321        Population size  =  28069560
                                  Design df        =       313

    _subpop_1: strata = central urban
    _subpop_2: strata = central rural
    _subpop_3: strata = Eastern urban
    _subpop_4: strata = Eastern rural
    _subpop_5: strata = Northern urban
    _subpop_6: strata = Northern rural
    _subpop_7: strata = Western Urban
    _subpop_8: strata = Western rural

--------------------------------------------------------------
             |             Linearized
        Over |       Mean   Std. Err.     [95% Conf. Interval]
-------------+------------------------------------------------
h_flex5      |
   _subpop_1 |   2.095422   1.021369       .085806    4.105039
   _subpop_2 |   11.42645   1.964039      7.562067    15.29084
   _subpop_3 |   4.500134   1.885657      .7899681      8.2103
   _subpop_4 |   22.92328   2.115271      18.76134    27.08523
   _subpop_5 |   8.404917   3.859064      .8119299     15.9979
   _subpop_6 |   21.62438   3.027973      15.66663    27.58214
   _subpop_7 |   4.350483   1.955302      .5032859    8.197679
   _subpop_8 |   17.97278   2.165507      13.71199    22.23357
-------------+------------------------------------------------
pg_flex5     |
   _subpop_1 |   .4179244   .2238927     -.0226007    .8584494
   _subpop_2 |   2.067667   .4586388      1.165262    2.970072
   _subpop_3 |   .7531418   .4109651     -.0554615    1.561745
   _subpop_4 |   4.925694   .5983956      3.748308    6.103081
   _subpop_5 |   2.070973   1.087055     -.0678861    4.209832
   _subpop_6 |   5.345871   .9778379      3.421904    7.269837
   _subpop_7 |   .5143775   .3613374     -.1965798    1.225335
   _subpop_8 |   3.787679    .562877      2.680178     4.89518
-------------+------------------------------------------------
spg_flex5    |
   _subpop_1 |   .1802621   .1344968       -.08437    .4448942
   _subpop_2 |   .6199516   .1858376      .2543027    .9856005
   _subpop_3 |   .1559843   .1096572      -.059774    .3717427
   _subpop_4 |   1.663469   .2665669      1.138979    2.187958
   _subpop_5 |    .765731   .5078629     -.2335258    1.764988
   _subpop_6 |    1.81388   .3891091      1.048279     2.57948
   _subpop_7 |     .15622    .140974     -.1211564    .4335965
   _subpop_8 |   1.336049   .2523135      .8396044    1.832495
--------------------------------------------------------------
(running mean on estimation sample)

Survey: Mean estimation

Number of strata =       8        Number of obs    =      3108
Number of PSUs   =     321        Population size  =  28069560
                                  Design df        =       313

         Over: strata rural
    _subpop_1: central urban Urban
    _subpop_2: central rural Rural
    _subpop_3: Eastern urban Urban
    _subpop_4: Eastern rural Rural
    _subpop_5: Northern urban Urban
    _subpop_6: Northern rural Rural
    _subpop_7: Western Urban Urban
    _subpop_8: Western rural Rural

--------------------------------------------------------------
             |             Linearized
        Over |       Mean   Std. Err.     [95% Conf. Interval]
-------------+------------------------------------------------
h_flex5      |
   _subpop_1 |   2.095422   1.021369       .085806    4.105039
   _subpop_2 |   11.42645   1.964039      7.562067    15.29084
   _subpop_3 |   4.500134   1.885657      .7899681      8.2103
   _subpop_4 |   22.92328   2.115271      18.76134    27.08523
   _subpop_5 |   8.404917   3.859064      .8119299     15.9979
   _subpop_6 |   21.62438   3.027973      15.66663    27.58214
   _subpop_7 |   4.350483   1.955302      .5032859    8.197679
   _subpop_8 |   17.97278   2.165507      13.71199    22.23357
-------------+------------------------------------------------
pg_flex5     |
   _subpop_1 |   .4179244   .2238927     -.0226007    .8584494
   _subpop_2 |   2.067667   .4586388      1.165262    2.970072
   _subpop_3 |   .7531418   .4109651     -.0554615    1.561745
   _subpop_4 |   4.925694   .5983956      3.748308    6.103081
   _subpop_5 |   2.070973   1.087055     -.0678861    4.209832
   _subpop_6 |   5.345871   .9778379      3.421904    7.269837
   _subpop_7 |   .5143775   .3613374     -.1965798    1.225335
   _subpop_8 |   3.787679    .562877      2.680178     4.89518
-------------+------------------------------------------------
spg_flex5    |
   _subpop_1 |   .1802621   .1344968       -.08437    .4448942
   _subpop_2 |   .6199516   .1858376      .2543027    .9856005
   _subpop_3 |   .1559843   .1096572      -.059774    .3717427
   _subpop_4 |   1.663469   .2665669      1.138979    2.187958
   _subpop_5 |    .765731   .5078629     -.2335258    1.764988
   _subpop_6 |    1.81388   .3891091      1.048279     2.57948
   _subpop_7 |     .15622    .140974     -.1211564    .4335965
   _subpop_8 |   1.336049   .2523135      .8396044    1.832495
--------------------------------------------------------------
(running mean on estimation sample)

Survey: Mean estimation

Number of strata =       8        Number of obs    =      3108
Number of PSUs   =     321        Population size  =  28069560
                                  Design df        =       313

    _subpop_1: spdomain = Central Urban
    _subpop_2: spdomain = Central Rural
      Eastern: spdomain = Eastern
     Northern: spdomain = Northern
      Western: spdomain = Western

--------------------------------------------------------------
             |             Linearized
        Over |       Mean   Std. Err.     [95% Conf. Interval]
-------------+------------------------------------------------
h_flex5      |
   _subpop_1 |   2.095422   1.021369       .085806    4.105039
   _subpop_2 |   11.42645   1.964039      7.562067    15.29084
     Eastern |   21.57247   1.974915      17.68668    25.45825
    Northern |   19.77286   2.671408      14.51668    25.02905
     Western |   17.13877   2.044267      13.11653    21.16101
-------------+------------------------------------------------
pg_flex5     |
   _subpop_1 |   .4179244   .2238927     -.0226007    .8584494
   _subpop_2 |   2.067667   .4586388      1.165262    2.970072
     Eastern |   4.619755   .5566681      3.524471     5.71504
    Northern |   4.887189   .8561292      3.202693    6.571684
     Western |   3.587274   .5316293      2.541255    4.633293
-------------+------------------------------------------------
spg_flex5    |
   _subpop_1 |   .1802621   .1344968       -.08437    .4448942
   _subpop_2 |   .6199516   .1858376      .2543027    .9856005
     Eastern |   1.552937   .2474923      1.065978    2.039896
    Northern |   1.667076   .3428179       .992557    2.341595
     Western |   1.263816   .2382299      .7950811     1.73255
--------------------------------------------------------------
strata was float now byte
rural was float now byte
spdomain was float now byte
news was float now byte
h_flex5 was float now byte
file /home/bjvca/data/data/GAP/Haruna/UNPS_2005_06//work/cons_real_it5.dta saved

    Variable |     Obs      Weight        Mean   Std. Dev.       Min        Max
-------------+-----------------------------------------------------------------
     h_flex5 |    3108  28069559.9    15.83399   36.51182          0        100
file /home/bjvca/data/data/GAP/Haruna/UNPS_2005_06//work/foodshares_it5.dta saved

. **************************************************************************
> * Send results to one big csv-file
> **************************************************************************;
. use "$path/work/cons_real_it`lastpass'.dta", clear ;

.         gen dum=1;

.         collapse (mean) dum h_flex`lastpass' pg_flex`lastpass' spg_flex`lastpass' [aw=popwt]
> ;

. gen geo="National";

. gen geono=dum;

. tempfile nat;

. save `nat';
file /tmp/St02564.000014 saved

.         use "$path/work/cons_real_it`lastpass'.dta", clear ;

.         collapse (mean) h_flex`lastpass' pg_flex`lastpass' spg_flex`lastpass' [aw=popwt], by
> (rural);

. gen geo="Rural/Urban";

. gen geono=rural;

. tempfile rur;

. save `rur';
file /tmp/St02564.000015 saved

. use "$path/work/cons_real_it`lastpass'.dta", clear ;

.         collapse (mean) h_flex`lastpass' pg_flex`lastpass' spg_flex`lastpass' [aw=popwt], by
> (news);

. gen geo="North/Center/South";

. gen geono=news;

. tempfile new;

. save `new';
file /tmp/St02564.000016 saved

. use "$path/work/cons_real_it`lastpass'.dta", clear ;

.         collapse (mean) h_flex`lastpass' pg_flex`lastpass' spg_flex`lastpass' [aw=popwt], by
> (reg_tpi);

. gen geo="TPI - 6 regions";

. gen geono=reg_tpi;

. tempfile rtp;

. save `rtp';
file /tmp/St02564.000017 saved

. use "$path/work/cons_real_it`lastpass'.dta", clear ;

.         collapse (mean) h_flex`lastpass' pg_flex`lastpass' spg_flex`lastpass' [aw=popwt], by
> (strata);

. gen geo="Provinces";

. gen geono=strata;

. tempfile str;

. save `str';
file /tmp/St02564.000018 saved

. use "$path/work/cons_real_it`lastpass'.dta", clear ;

.         collapse (mean) h_flex`lastpass' pg_flex`lastpass' spg_flex`lastpass' [aw=popwt], by
> (spdomain);

. gen geo="Spatial domains";

. gen geono=spdomain;

. tempfile r13;

. save `r13';
file /tmp/St02564.000019 saved

. clear;

. set obs 1;
obs was 0, now 1

. gen geo=" ";

. tempfile one;

. save `one';
file /tmp/St02564.00001a saved

. use          `nat';

. append using `one';

. append using `rur';
geo was str8 now str11

. append using `one';

. append using `new';
geo was str11 now str18

. append using `one';

. append using `rtp';

. append using `one';

. append using `str';

. append using `one';

. append using `r13';

. outsheet geo geono h_flex`lastpass' pg_flex`lastpass' spg_flex`lastpass' dum rural news reg_
> tpi strata spdomain using "$path/work/poverty_flexBask.csv", replace c;

. **************************************************************************
> * Convergence graph (based on 5 iterations)
> **************************************************************************;
. #delimit cr
delimiter now cr
. 
. clear

. set obs 1
obs was 0, now 1

. gen iteration=.
(1 missing value generated)

. tempfile converg

. save `converg'
file /tmp/St02564.00001b saved

. 
. forvalues X = 1/`maxit' {
  2.         use "$path/work/cons_real_it`X'.dta", clear
  3.         collapse (mean) h_flex`X' pg_flex`X' spg_flex`X' [aw=popwt], by(strata)
  4.         rename h_flex`X' h_flex
  5.         rename pg_flex`X' pg_flex
  6.         rename spg_flex`X' spg_flex
  7.         gen iteration=`X'
  8.         order iteration
  9.         *sum
.         if `X' != 1     {
 10.                 append using `converg'
 11.                         }
 12.         save `converg', replace
 13.         }
file /tmp/St02564.00001b saved
(label lstrata already defined)
file /tmp/St02564.00001b saved
(label lstrata already defined)
file /tmp/St02564.00001b saved
(label lstrata already defined)
file /tmp/St02564.00001b saved
(label lstrata already defined)
file /tmp/St02564.00001b saved

. 
. use `converg', clear

. sum

    Variable |       Obs        Mean    Std. Dev.       Min        Max
-------------+--------------------------------------------------------
   iteration |        40           3     1.43223          1          5
      strata |        40         4.5    2.320477          1          8
      h_flex |        40    11.73296    7.763625   2.095423   22.92328
     pg_flex |        40    2.493503    1.875903   .4179243   5.453815
    spg_flex |        40    .8395681    .6521121   .1503185   1.861008

. 
. twoway (connected h_flex iteration), by(, title(Convergence graph: Poverty rate. %) subtitle
> (After iterative procedure)) by(strata)

. graph export "$path/work/converge_pov_rate.tif", replace
(file /home/bjvca/data/data/GAP/Haruna/UNPS_2005_06//work/converge_pov_rate.tif written in TIF
> F format)

. 
. sort strata iteration

. 
. for var h_flex pg_flex spg_flex: replace X = round(X,0.01)

->  replace h_flex = round(h_flex,0.01)
(40 real changes made)

->  replace pg_flex = round(pg_flex,0.01)
(40 real changes made)

->  replace spg_flex = round(spg_flex,0.01)
(40 real changes made)

. 
. list strata iteration h_flex pg_flex spg_flex

     +---------------------------------------------------------+
     |         strata   iterat~n   h_flex   pg_flex   spg_flex |
     |---------------------------------------------------------|
  1. |  central urban          1      2.1       .42        .18 |
  2. |  central urban          2      2.1       .42        .18 |
  3. |  central urban          3      2.1       .42        .18 |
  4. |  central urban          4      2.1       .42        .18 |
  5. |  central urban          5      2.1       .42        .18 |
     |---------------------------------------------------------|
  6. |  central rural          1    11.56      2.17        .65 |
  7. |  central rural          2    11.43      2.11        .63 |
  8. |  central rural          3    11.43      2.07        .62 |
  9. |  central rural          4    11.43      2.07        .62 |
 10. |  central rural          5    11.43      2.07        .62 |
     |---------------------------------------------------------|
 11. |  Eastern urban          1      4.5       .74        .15 |
 12. |  Eastern urban          2      4.5       .75        .15 |
 13. |  Eastern urban          3      4.5       .75        .15 |
 14. |  Eastern urban          4      4.5       .75        .16 |
 15. |  Eastern urban          5      4.5       .75        .16 |
     |---------------------------------------------------------|
 16. |  Eastern rural          1    22.18      4.84       1.63 |
 17. |  Eastern rural          2    22.92      4.91       1.66 |
 18. |  Eastern rural          3    22.92      4.91       1.66 |
 19. |  Eastern rural          4    22.92      4.93       1.66 |
 20. |  Eastern rural          5    22.92      4.93       1.66 |
     |---------------------------------------------------------|
 21. | Northern urban          1     9.62      2.12        .78 |
 22. | Northern urban          2     9.62      2.11        .78 |
 23. | Northern urban          3      8.4      2.07        .77 |
 24. | Northern urban          4      8.4      2.07        .77 |
 25. | Northern urban          5      8.4      2.07        .77 |
     |---------------------------------------------------------|
 26. | Northern rural          1    21.83      5.45       1.86 |
 27. | Northern rural          2    21.83      5.43       1.85 |
 28. | Northern rural          3    21.62      5.35       1.81 |
 29. | Northern rural          4    21.62      5.35       1.81 |
 30. | Northern rural          5    21.62      5.35       1.81 |
     |---------------------------------------------------------|
 31. |  Western Urban          1     4.35       .52        .16 |
 32. |  Western Urban          2     4.35       .51        .16 |
 33. |  Western Urban          3     4.35       .52        .16 |
 34. |  Western Urban          4     4.35       .51        .16 |
 35. |  Western Urban          5     4.35       .51        .16 |
     |---------------------------------------------------------|
 36. |  Western rural          1    18.37      3.82       1.35 |
 37. |  Western rural          2    17.97      3.79       1.34 |
 38. |  Western rural          3    18.18      3.79       1.34 |
 39. |  Western rural          4    17.97      3.79       1.34 |
 40. |  Western rural          5    17.97      3.79       1.34 |
     +---------------------------------------------------------+

.         
. #delimit ;
delimiter now ;
. **************************************************************************
> * 140_iterate.do        (end)
> **************************************************************************;
. cap log close;
