-------------------------------------------------------------------------------------------------------------------
       log:  C:\Users\Templeton\Desktop\GAPP\GAPP-UGANDA-HARUNA\ww-ug\Uganda2009\table5all-3413.log
  log type:  text
 opened on:   3 Apr 2013, 14:12:05

. browse

. replace  food_cat=0 if  product==155
(555 real changes made)

. replace  food_cat=0 if  product==156
(833 real changes made)

. save "C:\Users\Templeton\Desktop\GAPP\GAPP-UGANDA-HARUNA\ww-ug\Uganda2009\table5all.dta", replace
file C:\Users\Templeton\Desktop\GAPP\GAPP-UGANDA-HARUNA\ww-ug\Uganda2009\table5all.dta saved

. drop cod_hh_nom3

. egen cod_hh_nom3=total(cod_hh_nom) if  food_cat==1, by(hhid)
(138732 missing values generated)

. browse

. replace cod_hh_nom3=0 if  cod_hh_nom3==.
(138732 real changes made)

. browse

. save "C:\Users\Templeton\Desktop\GAPP\GAPP-UGANDA-HARUNA\ww-ug\Uganda2009\table5all.dta", replace
file C:\Users\Templeton\Desktop\GAPP\GAPP-UGANDA-HARUNA\ww-ug\Uganda2009\table5all.dta saved

. use "C:\Users\Templeton\Desktop\GAPP\GAPP-UGANDA-HARUNA\ww-ug\UNHS 2009_10 DATASET\aggr\pov09_05_ubos.dta", clear
file C:\Users\Templeton\Desktop\GAPP\GAPP-UGANDA-HARUNA\ww-ug\UNHS 2009_10 DATASET\aggr\pov09_05_ubos.dta not Stata
    format
r(610);

. use "C:\Users\Templeton\Desktop\GAPP\GAPP-UGANDA-HARUNA\ww-ug\Uganda2009\pov09_05_ubos.dta", clear

. d

Contains data from C:\Users\Templeton\Desktop\GAPP\GAPP-UGANDA-HARUNA\ww-ug\Uganda2009\pov09_05_ubos.dta
  obs:         6,775                          
 vars:            17                          3 Apr 2013 10:42
 size:       494,575 (99.9% of memory free)
-------------------------------------------------------------------------------
              storage  display     value
variable name   type   format      label      variable label
-------------------------------------------------------------------------------
hh              double %13.0f                 Household Code
sregion         byte   %13.0g      STRA       STRATUM
mult            float  %9.0g                  HH weight
region          byte   %10.0g      lbreg      
urban           byte   %10.0g      lbur       Place of residence
district        int    %10.0g                 
regurb          float  %13.0g      lbregu     
rmult           float  %9.0g                  HH weight, rounded
equiv           double %9.0g                  Adult equivalent
hsize           double %9.0g                  HH size
nrrexp30        float  %9.0g                  Monthly nominal household
                                                expenditures in market prices &
                                                after regional price a
cpexp30         float  %9.0g                  Monthly household expenditures
                                                in constant prices after
                                                adjusting for regional p
welfare         float  %9.0g                  per adult equivalent monthly hh
                                                expenidtures in 2005/6 prices
hmult           float  %9.0g                  Pop weights
hpline          float  %9.0g                  Food poverty line in 2005/06
                                                constant prices
spline          float  %9.0g                  Poverty line in 2005/06
                                                constant prices
poor09          float  %9.0g       lbpoor     Poverty status
-------------------------------------------------------------------------------
Sorted by:  hh

. browse

. use "C:\Users\Templeton\Desktop\GAPP\GAPP-UGANDA-HARUNA\ww-ug\UNHS 2009_10 DATASET\MARKET\MKSEC1.dta", clear
file C:\Users\Templeton\Desktop\GAPP\GAPP-UGANDA-HARUNA\ww-ug\UNHS 2009_10 DATASET\MARKET\MKSEC1.dta not Stata
    format
r(610);

. use "C:\Users\Templeton\Desktop\GAPP\GAPP-UGANDA-HARUNA\in\HSEC1.dta", clear

. des

Contains data from C:\Users\Templeton\Desktop\GAPP\GAPP-UGANDA-HARUNA\in\HSEC1.dta
  obs:         6,775                          
 vars:            17                          3 Apr 2013 11:14
 size:       379,400 (99.9% of memory free)
-------------------------------------------------------------------------------
              storage  display     value
variable name   type   format      label      variable label
-------------------------------------------------------------------------------
hh              double %13.0f                 Household Code
sregion         byte   %13.0g      STRA       STRATUM
mult            float  %9.0g                  Individual weights
region          byte   %10.0g      lbreg      Region
urban           byte   %10.0g      lbur       Place of residence
district        int    %10.0g                 District Code
regurb          float  %13.0g      lbregu     Region_rural/urban
rmult           float  %9.0g                  Rounded mult weights
hsize           double %9.0g                  Household Size
welfare         float  %9.0g                  Household Welfare Indicator
hmult           float  %9.0g                  Household weights
poor09          float  %9.0g       lbpoor     Poverty status
day             byte   %8.0g                  DAY OF INTERVIEW
month           byte   %8.0g                  MONTH OF INTERVIEW
Year            int    %8.0g                  YEAR OF INTERVIEW
h1bq8           byte   %14.0g      Q1B8       RESPONSE CODE
ea              int    %10.0g                 Enumeration Area Code
-------------------------------------------------------------------------------
Sorted by:  

. tab poor09

    Poverty |
     status |      Freq.     Percent        Cum.
------------+-----------------------------------
   Non-poor |      5,174       76.37       76.37
       Poor |      1,601       23.63      100.00
------------+-----------------------------------
      Total |      6,775      100.00

. tab poor09 [aw= hmult]

    Poverty |
     status |      Freq.     Percent        Cum.
------------+-----------------------------------
   Non-poor | 5,117.3081       75.53       75.53
       Poor | 1,657.6919       24.47      100.00
------------+-----------------------------------
      Total |      6,775      100.00

. tab poor09 [aw= mult]

    Poverty |
     status |      Freq.     Percent        Cum.
------------+-----------------------------------
   Non-poor | 5,464.2222       80.65       80.65
       Poor | 1,310.7778       19.35      100.00
------------+-----------------------------------
      Total |      6,775      100.00

. use "C:\Users\Templeton\Desktop\GAPP\GAPP-UGANDA-HARUNA\in\HSEC2.dta", clear

. use "C:\Users\Templeton\Desktop\GAPP\GAPP-UGANDA-HARUNA\in\HSEC3.dta", clear

. use "C:\Users\Templeton\Desktop\GAPP\GAPP-UGANDA-HARUNA\in\HSEC4.dta", clear

. use "C:\Users\Templeton\Desktop\GAPP\GAPP-UGANDA-HARUNA\in\HSEC5.dta", clear

. use "C:\Users\Templeton\Desktop\GAPP\GAPP-UGANDA-HARUNA\in\HSEC6.dta", clear

. use "C:\Users\Templeton\Desktop\GAPP\GAPP-UGANDA-HARUNA\in\HSEC7.dta", clear

. use "C:\Users\Templeton\Desktop\GAPP\GAPP-UGANDA-HARUNA\in\HSEC8.dta", clear

. use "C:\Users\Templeton\Desktop\GAPP\GAPP-UGANDA-HARUNA\in\HSEC9.dta", clear

. use "C:\Users\Templeton\Desktop\GAPP\GAPP-UGANDA-HARUNA\in\HSEC11.dta", clear

. use "C:\Users\Templeton\Desktop\GAPP\GAPP-UGANDA-HARUNA\in\HSEC12.dta", clear

. use "C:\Users\Templeton\Desktop\GAPP\GAPP-UGANDA-HARUNA\in\HSEC13.dta", clear

. use "C:\Users\Templeton\Desktop\GAPP\GAPP-UGANDA-HARUNA\in\HSEC14.dta", clear

. 
. use "C:\Users\Templeton\Desktop\GAPP\GAPP-UGANDA-HARUNA\in\HSEC1.dta", clear

. use "C:\Users\Templeton\Desktop\GAPP\GAPP-UGANDA-HARUNA\in\hhdata.dta", clear

. use "C:\Users\Templeton\Desktop\GAPP\GAPP-UGANDA-HARUNA\in\indata.dta", clear

. use "C:\Users\Templeton\Desktop\GAPP\GAPP-UGANDA-HARUNA\in\hhdata.dta", clear

. use "C:\Users\Templeton\Desktop\GAPP\GAPP-UGANDA-HARUNA\in\cons_cod.dta", clear

. gen quantityd=Kg
Kg not found
r(111);

. gen quantityd="Kg"

. save "C:\Users\Templeton\Desktop\GAPP\GAPP-UGANDA-HARUNA\in\cons_cod.dta", replace
file C:\Users\Templeton\Desktop\GAPP\GAPP-UGANDA-HARUNA\in\cons_cod.dta saved

. do "C:\Users\TEMPLE~1\AppData\Local\Temp\STD05000000.tmp"

. global path "C:\Users\Templeton\Desktop\GAPP\GAPP-UGANDA-HARUNA"

. 
. version 10.1
this is version 9.0 of Stata; it cannot run version 10.1 programs
     You can purchase the latest version of Stata by visiting http://www.stata.com.
r(9);

end of do-file
r(9);

. do "C:\Users\TEMPLE~1\AppData\Local\Temp\STD05000000.tmp"

. global path "C:\Users\Templeton\Desktop\GAPP\GAPP-UGANDA-HARUNA"

. 
. *version 10.1
. 
. cd "$path"
C:\Users\Templeton\Desktop\GAPP\GAPP-UGANDA-HARUNA

. 
. cap log close log_total

. cap log close log_tot_s

. cap log close log_000_boom

. 
. log using "$path/rep/log_total.log" , name(log_total) replace
option name() not allowed
r(198);

end of do-file
r(198);

. use "C:\Users\Templeton\Desktop\GAPP\GAPP-UGANDA-HARUNA\in\hhdata.dta", clear

. exit, clear
