-------------------------------------------------------------------------------------
      name:  <unnamed>
       log:  C:\Users\Templeton\Desktop\GAPP\GAPP-UGANDA-HARUNA/rep/100_food_basket_f
> lex.log
  log type:  text
 opened on:  20 May 2013, 14:39:21

. clear

. set more off

. #delimit ;
delimiter now ;
. **************************************************************************
> * 100_food_basket_flex.do     (start)
> *
> * This file is to get the data from the cons_cod.dta in work and then 
> * to create the do file with the 90% of the consumption expenditures 
> * using a flexible basket of goods.
> *
> * NOTE: we actually keep goods representing 95% of expenditure
> * in order to facilitate dropping of some goods (such as rats) where
> * quantity and nutrition information is unknown.
> *
> * We base our basket on the bottom 60 percent of consumption per capita
> * (weighted by hhweight*hhsize). We use the TEMPORALLY-ADJUSTED
> * NOMINAL consumption because we don't have a spatial adjustment yet.
> *
> * (Then we iterate this process to arrive at a final food bundle in later code)
> **************************************************************************;
. *CA modified to bring in hhdata into bootstrap;
. /*
> This file uses:
>                 work\cons_cod.dta
>                 work\hhdata.dta
>                 work\products.dta
>                 work/consump_nom.dta
>                 work/temp_index_reg_tpi.dta
>                 work/food_cat.dta
> 
> This file creates:
>                 work\food_basket_flex.dta
>                 work\codes_food_basket_flex.dta
> */
> 
> 
> 
> *do "$path/new/010_initial.do";
. **************************************************************************;
. * First, make a small temp file that has the temporally adjusted 
> * nominal consumption per capita, using work/consump_nom and 
> * work/temp_index_reg_tpi.dta. Make a dummy variable indicating
> * whether they are in the bottom 60%.
> **************************************************************************;
. use "$path/work/conpc.dta", clear;

. *use "$path/work/consump_nom.dta", clear;
. *CA modified to merge in work\hhdata.dta for bootstrap;
.         sort hhid;

.         merge hhid using "$path/work\hhdata.dta";

.         tab _m;

     _merge |      Freq.     Percent        Cum.
------------+-----------------------------------
          3 |      6,775      100.00      100.00
------------+-----------------------------------
      Total |      6,775      100.00

.         drop _m;

.         keep hhid hhweight hhsize cons_pc_nom reg_tpi rural survquar;

.         sort reg_tpi survquar;

.         cap drop _merge;

.         merge reg_tpi survquar using "$path/work/temp_index_reg_tpi.dta";
variables reg_tpi survquar do not uniquely identify observations in the master data
(label lsurvquar already defined)
(label REG_TPI already defined)

.         tab _merge;

     _merge |      Freq.     Percent        Cum.
------------+-----------------------------------
          3 |      6,775      100.00      100.00
------------+-----------------------------------
      Total |      6,775      100.00

.         drop _merge;

.         sort hhid;

.         merge hhid using "$path/work/conpc.dta";

.         tab _merge;

     _merge |      Freq.     Percent        Cum.
------------+-----------------------------------
          3 |      6,775      100.00      100.00
------------+-----------------------------------
      Total |      6,775      100.00

.         drop _merge;

.                 gen food_pc_tpi  = food_pc_nom /tpi_trim;

.         lab var food_pc_tpi "Temp-adjusted per capita food consumption/day";

.         gen cons_pc_tpi = food_pc_tpi + nf_pc_nom;

.         lab var cons_pc_tpi "Temp adjusted total consumption/day";

.         gen one=1;

.         tempfile contpi;

.         save `contpi', replace;
(note: file C:\Users\TEMPLE~1\AppData\Local\Temp\ST_0j000001.tmp not found)
file C:\Users\TEMPLE~1\AppData\Local\Temp\ST_0j000001.tmp saved

.         collapse (p$bottom) one cons_pc_tpi [aw=hhsize*hhweight] ;

.         rename cons_pc_tpi pctile_60;

.         tempfile 60pct;

.         sort one;

.         save `60pct', replace;
(note: file C:\Users\TEMPLE~1\AppData\Local\Temp\ST_0j000002.tmp not found)
file C:\Users\TEMPLE~1\AppData\Local\Temp\ST_0j000002.tmp saved

.                 use `contpi';

.                 sort one;

.                 merge one using `60pct';
variable one does not uniquely identify observations in the master data

.                 tab _merge;

     _merge |      Freq.     Percent        Cum.
------------+-----------------------------------
          3 |      6,775      100.00      100.00
------------+-----------------------------------
      Total |      6,775      100.00

.                 drop _merge;

.                 drop one;

.                         gen bottom_basket=cons_pc_tpi< pctile_60;

.                 tab bottom_basket [aw=hhsize*hhweight];

bottom_bask |
         et |      Freq.     Percent        Cum.
------------+-----------------------------------
          0 | 4,746.5914       70.06       70.06
          1 | 2,028.4086       29.94      100.00
------------+-----------------------------------
      Total |      6,775      100.00

.                 lab var bottom_basket "=1 if in bottom 60% of PCE";

.                                 sort hhid;

. save `contpi' , replace;
file C:\Users\TEMPLE~1\AppData\Local\Temp\ST_0j000001.tmp saved

. **************************************************************************;
. * Next, need to keep only the food products in order to calculate the 
> * food poverty line, and then calculate the food expenses by code.
> **************************************************************************;
. use "$path/work/cons_cod.dta";

. /*
>         sort product;
>         merge product using "$path/work/food_cat.dta";
>         tab _merge;
>         keep if _merge==3;
>         drop _merge;
> */
>         
>         keep if food_cat;
(0 observations deleted)

.         codebook hhid;

-------------------------------------------------------------------------------------
hhid                                                                   Household Code
-------------------------------------------------------------------------------------

                  type:  numeric (double)

                 range:  [1.013e+09,4.193e+09]        units:  1
         unique values:  6775                     missing .:  0/412045

                  mean:   2.5e+09
              std. dev:   1.1e+09

           percentiles:        10%       25%       50%       75%       90%
                           1.0e+09   1.1e+09   2.2e+09   3.2e+09   4.1e+09

.         sort hhid;

. **************************************************************************;
. * Next, merge in the consumption information, and select those in bottom
> * 60% of nominal distribution, after making temporal adjustment. 
> **************************************************************************;
.         merge hhid using `contpi';
variable hhid does not uniquely identify observations in the master data

.         tab _merge;

     _merge |      Freq.     Percent        Cum.
------------+-----------------------------------
          3 |    412,045      100.00      100.00
------------+-----------------------------------
      Total |    412,045      100.00

.         keep if _merge==3;
(0 observations deleted)

.         drop _merge;

.         keep if bottom_basket==1;
(308401 observations deleted)

.      **************************************************************************;
. * Calculate food shares. Since we're only doing shares here, we can
> * work with the expenditures without doing temporal adjustment.
> **************************************************************************;
.           gen  food_expenditure= cod_hh_nom3;
(84474 missing values generated)

.                             *gen  food_expenditure= own_valued + daily_valued + mon
> thly_valued + educ_valued;
.           egen tot_food_expen= sum (food_expen), by (hhid) ;

.           count if food_expenditure==.;
84474

.           count if tot_food_expen==.;
    0

.                     gen food_share= food_expenditure/tot_food_expen;
(84561 missing values generated)

.           count if food_share==.;
84561

.           drop if food_share==.;
(84561 observations deleted)

.           sort hhid product;

.                         tempfile food_basket_flex;

. save `food_basket_flex', replace;
(note: file C:\Users\TEMPLE~1\AppData\Local\Temp\ST_0j000003.tmp not found)
file C:\Users\TEMPLE~1\AppData\Local\Temp\ST_0j000003.tmp saved

. ********************************************************************************;
. * Now prepare to get the variable spdomain to the using dataset, and then find the 
> * total shares by each product in order to select the most important goods in the 
> * basket.
> ********************************************************************************;
.                 preserve;

.                 use "$path/work/hhdata.dta", clear;

.                         keep hhid spdomain;

.                         sort hhid;

.                         tempfile spdomain;

.                 save `spdomain' , replace;
(note: file C:\Users\TEMPLE~1\AppData\Local\Temp\ST_0j000005.tmp not found)
file C:\Users\TEMPLE~1\AppData\Local\Temp\ST_0j000005.tmp saved

.                 restore;

.                            collapse (mean) hhweight, by (hhid);

.            sort hhid ;

.             merge hhid using `spdomain';

.            tab _merge;

     _merge |      Freq.     Percent        Cum.
------------+-----------------------------------
          2 |      4,868       71.85       71.85
          3 |      1,907       28.15      100.00
------------+-----------------------------------
      Total |      6,775      100.00

.            drop if _m==2;
(4868 observations deleted)

.            drop _merge;

.             collapse (sum) hhweight , by(spdomain);

.            rename hhweight tothhweight;

.            tempfile tothhweight;

. save `tothhweight';
file C:\Users\TEMPLE~1\AppData\Local\Temp\ST_0j000006.tmp saved

. use `food_basket_flex';

.           sort hhid;

.           merge hhid using `spdomain';
variable hhid does not uniquely identify observations in the master data

.           tab _merge;

     _merge |      Freq.     Percent        Cum.
------------+-----------------------------------
          2 |      4,868       20.32       20.32
          3 |     19,083       79.68      100.00
------------+-----------------------------------
      Total |     23,951      100.00

.           sort _m;

.           drop if _m==2;
(4868 observations deleted)

.           drop _m;

.           sort spdomain;

.             merge spdomain using `tothhweight';
variable spdomain does not uniquely identify observations in the master data
(label spdomain_original already defined)

.           tab _merge;

     _merge |      Freq.     Percent        Cum.
------------+-----------------------------------
          3 |     19,083      100.00      100.00
------------+-----------------------------------
      Total |     19,083      100.00

.           drop _merge;

.             sort spdomain product;

.             gen f_share_w=(food_share*hhweight)/tothhweight;

.                                                 *drop descript;
.                         *gen descript = 0;
.             collapse (sum) f_share_w, by(spdomain product descript);

.                      sort spdomain f_share_w;

.           by spdomain: gen cumshr= sum(f_share_w);

.                     count if cumshr<=.075;
  142

.           drop if cumshr<=.075;
(142 observations deleted)

.             lab var f_share_w "average food share for the 13 regions";

. save "$path\work\food_basket_flex.dta", replace;
file C:\Users\Templeton\Desktop\GAPP\GAPP-UGANDA-HARUNA\work\food_basket_flex.dta sav
> ed

. * List first spatial region to get an idea about contents;
. list product spdomain f_share_w cumshr if spdomain==1;

     +-----------------------------------------------+
     | product        spdomain   f_shar~w     cumshr |
     |-----------------------------------------------|
  1. |     132   Central rural   .0064902   .0767658 |
  2. |     157   Central rural   .0070342      .0838 |
  3. |     137   Central rural   .0070677   .0908678 |
  4. |     118   Central rural   .0075093   .0983771 |
  5. |     139   Central rural    .007917    .106294 |
     |-----------------------------------------------|
  6. |     153   Central rural   .0085809    .114875 |
  7. |     102   Central rural   .0087598   .1236347 |
  8. |     122   Central rural   .0098372   .1334719 |
  9. |     135   Central rural   .0104738   .1439457 |
 10. |     117   Central rural   .0119606   .1559063 |
     |-----------------------------------------------|
 11. |     150   Central rural   .0137989   .1697052 |
 12. |     125   Central rural   .0139139   .1836191 |
 13. |     123   Central rural   .0141114   .1977305 |
 14. |     134   Central rural   .0155849   .2133154 |
 15. |     127   Central rural   .0169561   .2302715 |
     |-----------------------------------------------|
 16. |     144   Central rural   .0182187   .2484902 |
 17. |     136   Central rural   .0223372   .2708274 |
 18. |     140   Central rural    .025018   .2958453 |
 19. |     108   Central rural   .0275436   .3233889 |
 20. |     112   Central rural   .0288198   .3522087 |
     |-----------------------------------------------|
 21. |     147   Central rural   .0372514   .3894601 |
 22. |     138   Central rural    .037537   .4269971 |
 23. |     103   Central rural   .0500118    .477009 |
 24. |     141   Central rural   .0610395   .5380485 |
 25. |     104   Central rural   .0611586   .5992071 |
     |-----------------------------------------------|
 26. |     107   Central rural   .0639378   .6631449 |
 27. |     113   Central rural   .1620319   .8251768 |
 28. |     105   Central rural   .1748232          1 |
     +-----------------------------------------------+

.                     gen numreg=1;

.           collapse (sum) numreg cumshr, by (product descript);

.                           keep product descript numreg;

.           display _N;
42

.                     lab var numreg "number of goods in the basket";

. /*
>           merge product using "$path\work\products.dta";
>             tab _merge;
>           keep if _merge==3;
> */
>           keep product descript numreg;

.             sort product;

.                display _N;
42

.   save "$path/work\codes_food_basket_flex.dta", replace;
file C:\Users\Templeton\Desktop\GAPP\GAPP-UGANDA-HARUNA/work\codes_food_basket_flex.d
> ta saved

. **************************************************************************
> * 100_food_basket_flex.do     (end)
> **************************************************************************;
. cap log close;
