-------------------------------------------------------------------------------------------
      name:  <unnamed>
       log:  C:\Users\Templeton\Desktop\GAPP\GAPP-UGANDA-HARUNA/rep/100_food_basket_flex.lo
> g
  log type:  text
 opened on:  17 May 2013, 09:52:44

. clear

. set more off

. #delimit ;
delimiter now ;
. **************************************************************************
> * 100_food_basket_flex.do     (start)
> *
> * This file is to get the data from the cons_cod.dta in work and then 
> * to create the do file with the 90% of the consumption expenditures 
> * using a flexible basket of goods.
> *
> * NOTE: we actually keep goods representing 95% of expenditure
> * in order to facilitate dropping of some goods (such as rats) where
> * quantity and nutrition information is unknown.
> *
> * We base our basket on the bottom 60 percent of consumption per capita
> * (weighted by hhweight*hhsize). We use the TEMPORALLY-ADJUSTED
> * NOMINAL consumption because we don't have a spatial adjustment yet.
> *
> * (Then we iterate this process to arrive at a final food bundle in later code)
> **************************************************************************;
. *CA modified to bring in hhdata into bootstrap;
. /*
> This file uses:
>                 work\cons_cod.dta
>                 work\hhdata.dta
>                 work\products.dta
>                 work/consump_nom.dta
>                 work/temp_index_reg_tpi.dta
>                 work/food_cat.dta
> 
> This file creates:
>                 work\food_basket_flex.dta
>                 work\codes_food_basket_flex.dta
> */
> 
> 
> 
> *do "$path/new/010_initial.do";
. **************************************************************************;
. * First, make a small temp file that has the temporally adjusted 
> * nominal consumption per capita, using work/consump_nom and 
> * work/temp_index_reg_tpi.dta. Make a dummy variable indicating
> * whether they are in the bottom 60%.
> **************************************************************************;
. use "$path/work/conpc.dta", clear;

. *use "$path/work/consump_nom.dta", clear;
. *CA modified to merge in work\hhdata.dta for bootstrap;
.         sort hhid;

.         merge hhid using "$path/work\hhdata.dta";

.         tab _m;

     _merge |      Freq.     Percent        Cum.
------------+-----------------------------------
          3 |      6,775      100.00      100.00
------------+-----------------------------------
      Total |      6,775      100.00

.         drop _m;

.         keep hhid hhweight hhsize cons_pc_nom reg_tpi rural survquar;

.         sort reg_tpi survquar;

.         cap drop _merge;

.         merge reg_tpi survquar using "$path/work/temp_index_reg_tpi.dta";
variables reg_tpi survquar do not uniquely identify observations in the master data
(label lsurvquar already defined)
(label REG_TPI already defined)

.         tab _merge;

     _merge |      Freq.     Percent        Cum.
------------+-----------------------------------
          3 |      6,775      100.00      100.00
------------+-----------------------------------
      Total |      6,775      100.00

.         drop _merge;

.         sort hhid;

.         merge hhid using "$path/work/conpc.dta";

.         tab _merge;

     _merge |      Freq.     Percent        Cum.
------------+-----------------------------------
          3 |      6,775      100.00      100.00
------------+-----------------------------------
      Total |      6,775      100.00

.         drop _merge;

.                 gen food_pc_tpi  = food_pc_nom /tpi_trim;

.         lab var food_pc_tpi "Temp-adjusted per capita food consumption/day";

.         gen cons_pc_tpi = food_pc_tpi + nf_pc_nom;

.         lab var cons_pc_tpi "Temp adjusted total consumption/day";

.         gen one=1;

.         tempfile contpi;

.         save `contpi', replace;
(note: file C:\Users\TEMPLE~1\AppData\Local\Temp\ST_0j000001.tmp not found)
file C:\Users\TEMPLE~1\AppData\Local\Temp\ST_0j000001.tmp saved

.         collapse (p$bottom) one cons_pc_tpi [aw=hhsize*hhweight] ;

.         rename cons_pc_tpi pctile_60;

.         tempfile 60pct;

.         sort one;

.         save `60pct', replace;
(note: file C:\Users\TEMPLE~1\AppData\Local\Temp\ST_0j000002.tmp not found)
file C:\Users\TEMPLE~1\AppData\Local\Temp\ST_0j000002.tmp saved

.                 use `contpi';

.                 sort one;

.                 merge one using `60pct';
variable one does not uniquely identify observations in the master data

.                 tab _merge;

     _merge |      Freq.     Percent        Cum.
------------+-----------------------------------
          3 |      6,775      100.00      100.00
------------+-----------------------------------
      Total |      6,775      100.00

.                 drop _merge;

.                 drop one;

.                         gen bottom_basket=cons_pc_tpi< pctile_60;

.                 tab bottom_basket [aw=hhsize*hhweight];

bottom_bask |
         et |      Freq.     Percent        Cum.
------------+-----------------------------------
          0 | 3,389.1978       50.03       50.03
          1 | 3,385.8022       49.97      100.00
------------+-----------------------------------
      Total |      6,775      100.00

.                 lab var bottom_basket "=1 if in bottom 60% of PCE";

.                                 sort hhid;

. save `contpi' , replace;
file C:\Users\TEMPLE~1\AppData\Local\Temp\ST_0j000001.tmp saved

. **************************************************************************;
. * Next, need to keep only the food products in order to calculate the 
> * food poverty line, and then calculate the food expenses by code.
> **************************************************************************;
. use "$path/work/cons_cod.dta";

. /*
>         sort product;
>         merge product using "$path/work/food_cat.dta";
>         tab _merge;
>         keep if _merge==3;
>         drop _merge;
> */
>         
>         keep if food_cat;
(0 observations deleted)

.         codebook hhid;

-------------------------------------------------------------------------------------------
hhid                                                                         Household Code
-------------------------------------------------------------------------------------------

                  type:  numeric (double)

                 range:  [1.013e+09,4.193e+09]        units:  1
         unique values:  6775                     missing .:  0/412045

                  mean:   2.5e+09
              std. dev:   1.1e+09

           percentiles:        10%       25%       50%       75%       90%
                           1.0e+09   1.1e+09   2.2e+09   3.2e+09   4.1e+09

.         sort hhid;

. **************************************************************************;
. * Next, merge in the consumption information, and select those in bottom
> * 60% of nominal distribution, after making temporal adjustment. 
> **************************************************************************;
.         merge hhid using `contpi';
variable hhid does not uniquely identify observations in the master data

.         tab _merge;

     _merge |      Freq.     Percent        Cum.
------------+-----------------------------------
          3 |    412,045      100.00      100.00
------------+-----------------------------------
      Total |    412,045      100.00

.         keep if _merge==3;
(0 observations deleted)

.         drop _merge;

.         keep if bottom_basket==1;
(239580 observations deleted)

.      **************************************************************************;
. * Calculate food shares. Since we're only doing shares here, we can
> * work with the expenditures without doing temporal adjustment.
> **************************************************************************;
.           gen  food_expenditure= cod_hh_nom3;
(138430 missing values generated)

.                             *gen  food_expenditure= own_valued + daily_valued + monthly_v
> alued + educ_valued;
.           egen tot_food_expen= sum (food_expen), by (hhid) ;

.           count if food_expenditure==.;
138430

.           count if tot_food_expen==.;
    0

.                     gen food_share= food_expenditure/tot_food_expen;
(138523 missing values generated)

.           count if food_share==.;
138523

.           drop if food_share==.;
(138523 observations deleted)

.           sort hhid product;

.                         tempfile food_basket_flex;

. save `food_basket_flex', replace;
(note: file C:\Users\TEMPLE~1\AppData\Local\Temp\ST_0j000003.tmp not found)
file C:\Users\TEMPLE~1\AppData\Local\Temp\ST_0j000003.tmp saved

. ********************************************************************************;
. * Now prepare to get the variable spdomain to the using dataset, and then find the 
> * total shares by each product in order to select the most important goods in the 
> * basket.
> ********************************************************************************;
.                 preserve;

.                 use "$path/work/hhdata.dta", clear;

.                         keep hhid spdomain;

.                         sort hhid;

.                         tempfile spdomain;

.                 save `spdomain' , replace;
(note: file C:\Users\TEMPLE~1\AppData\Local\Temp\ST_0j000005.tmp not found)
file C:\Users\TEMPLE~1\AppData\Local\Temp\ST_0j000005.tmp saved

.                 restore;

.                            collapse (mean) hhweight, by (hhid);

.            sort hhid ;

.             merge hhid using `spdomain';

.            tab _merge;

     _merge |      Freq.     Percent        Cum.
------------+-----------------------------------
          2 |      3,740       55.20       55.20
          3 |      3,035       44.80      100.00
------------+-----------------------------------
      Total |      6,775      100.00

.            drop if _m==2;
(3740 observations deleted)

.            drop _merge;

.             collapse (sum) hhweight , by(spdomain);

.            rename hhweight tothhweight;

.            tempfile tothhweight;

. save `tothhweight';
file C:\Users\TEMPLE~1\AppData\Local\Temp\ST_0j000006.tmp saved

. use `food_basket_flex';

.           sort hhid;

.           merge hhid using `spdomain';
variable hhid does not uniquely identify observations in the master data

.           tab _merge;

     _merge |      Freq.     Percent        Cum.
------------+-----------------------------------
          2 |      3,740        9.93        9.93
          3 |     33,942       90.07      100.00
------------+-----------------------------------
      Total |     37,682      100.00

.           sort _m;

.           drop if _m==2;
(3740 observations deleted)

.           drop _m;

.           sort spdomain;

.             merge spdomain using `tothhweight';
variable spdomain does not uniquely identify observations in the master data
(label spdomain_original already defined)

.           tab _merge;

     _merge |      Freq.     Percent        Cum.
------------+-----------------------------------
          3 |     33,942      100.00      100.00
------------+-----------------------------------
      Total |     33,942      100.00

.           drop _merge;

.             sort spdomain product;

.             gen f_share_w=(food_share*hhweight)/tothhweight;

.                                                 *drop descript;
.                         *gen descript = 0;
.             collapse (sum) f_share_w, by(spdomain product descript);

.                      sort spdomain f_share_w;

.           by spdomain: gen cumshr= sum(f_share_w);

.                     count if cumshr<=.075;
  147

.           drop if cumshr<=.075;
(147 observations deleted)

.             lab var f_share_w "average food share for the 13 regions";

. save "$path\work\food_basket_flex.dta", replace;
file C:\Users\Templeton\Desktop\GAPP\GAPP-UGANDA-HARUNA\work\food_basket_flex.dta saved

. * List first spatial region to get an idea about contents;
. list product spdomain f_share_w cumshr if spdomain==1;

     +-----------------------------------------------+
     | product        spdomain   f_shar~w     cumshr |
     |-----------------------------------------------|
  1. |     121   Central rural   .0064068   .0767725 |
  2. |     161   Central rural   .0066762   .0834487 |
  3. |     118   Central rural   .0073465   .0907952 |
  4. |     153   Central rural   .0075225   .0983177 |
  5. |     101   Central rural   .0076074   .1059251 |
     |-----------------------------------------------|
  6. |     139   Central rural   .0078916   .1138167 |
  7. |     110   Central rural   .0080346   .1218513 |
  8. |     132   Central rural   .0100711   .1319225 |
  9. |     135   Central rural   .0101237   .1420462 |
 10. |     102   Central rural   .0104644   .1525106 |
     |-----------------------------------------------|
 11. |     150   Central rural   .0112384    .163749 |
 12. |     157   Central rural   .0116523   .1754013 |
 13. |     122   Central rural    .013191   .1885923 |
 14. |     134   Central rural   .0159155   .2045079 |
 15. |     127   Central rural   .0175163   .2220242 |
     |-----------------------------------------------|
 16. |     123   Central rural   .0189618    .240986 |
 17. |     144   Central rural   .0194784   .2604644 |
 18. |     136   Central rural   .0202216   .2806861 |
 19. |     125   Central rural   .0210586   .3017446 |
 20. |     108   Central rural   .0225817   .3243264 |
     |-----------------------------------------------|
 21. |     138   Central rural   .0247066   .3490329 |
 22. |     117   Central rural    .024848   .3738809 |
 23. |     140   Central rural   .0260197   .3999006 |
 24. |     112   Central rural   .0295591   .4294597 |
 25. |     147   Central rural   .0478787   .4773384 |
     |-----------------------------------------------|
 26. |     103   Central rural   .0517283   .5290666 |
 27. |     104   Central rural   .0519577   .5810243 |
 28. |     141   Central rural    .069258   .6502824 |
 29. |     107   Central rural   .0755683   .7258507 |
 30. |     113   Central rural   .1306667   .8565174 |
     |-----------------------------------------------|
 31. |     105   Central rural   .1434826          1 |
     +-----------------------------------------------+

.                     gen numreg=1;

.           collapse (sum) numreg cumshr, by (product descript);

.                           keep product descript numreg;

.           display _N;
46

.                     lab var numreg "number of goods in the basket";

. /*
>           merge product using "$path\work\products.dta";
>             tab _merge;
>           keep if _merge==3;
> */
>           keep product descript numreg;

.             sort product;

.                display _N;
46

.   save "$path/work\codes_food_basket_flex.dta", replace;
file C:\Users\Templeton\Desktop\GAPP\GAPP-UGANDA-HARUNA/work\codes_food_basket_flex.dta sav
> ed

. **************************************************************************
> * 100_food_basket_flex.do     (end)
> **************************************************************************;
. cap log close;
