-------------------------------------------------------------------------------------
      name:  <unnamed>
       log:  C:\Users\Templeton\Desktop\GAPP\GAPP-UGANDA-HARUNA\rep\110_price_unit_fl
> ex.log
  log type:  text
 opened on:  20 May 2013, 17:27:57

. clear

. set more off

. #delimit ;
delimiter now ;
. ***********************************************************************************
> *****
> * 110_price_unit_flex.do                (start)
> *
> * Purpose: This do file creates a price_unit_flex database with the unit prices of 
> the
> * goods of the flexible food basket in order to determine the poverty lines per spa
> tial
> * domain. It uses the files work\daily.dta and work\own.dta file and draw unit pric
> es
> * by: sum of values and quantity
> ***********************************************************************************
> *****;
. *CA modified to bring in work\hhdata.dta for bootstrap
> *CA check for price calcs conditional on number of observations;
. /*
> This file uses:
>         work\daily.dta
>         work\own.dta
>         work\hhdata.dta
>         work\consump_nom.dta
>         work\codes_food_basket_flex.dta
>         work\temp_index_reg_tpi.dta
>           new\conversions.do
> 
> This file creates:
>         work\price_unit_flex.dta
>         work\bottom_basket.dta
> */
> 
> 
> 
> 
> *do "$path/new/010_initial.do";
. ***********************************************************************************
> ***
> * Create sorted data set with daily and own and the matched codes
> ***********************************************************************************
> ***;
. use "$path/work/cons_cod_trans.dta", clear;

. *use "$path/in/cons_cod_trans.dta", clear;
. *save "$path/work/cons_cod_trans.dta", replace;
. *drop if quantityd==0 ;
. keep hhid product food_cat valuez quantityz unit;

. rename valuez    value;

. rename quantityz quantity;

. drop if quantity==0 ;
(4392 observations deleted)

. *drop count;
.         sort product;

.         gen count=1;

.                 tempfile dd_acsort;

. save `dd_acsort', replace;
(note: file C:\Users\TEMPLE~1\AppData\Local\Temp\ST_0j000001.tmp not found)
file C:\Users\TEMPLE~1\AppData\Local\Temp\ST_0j000001.tmp saved

. /*
> use "$path\work\daily.dta";
> tempfile dd_acsort;
>         drop days;
>         sort product;
>         tempfile dd_acsort;
> save `dd_acsort', replace;
> 
> use "$path\work\own.dta";
>         keep hhid product valued quantityd unit;
>         rename valued value;
>         rename quantityd quantity;
> 
>         *CHECK THE ZEROS IN quantity FOR NOW DELETE;
>         drop if quantity==0;
> 
>         append using `dd_acsort';
> 
> *CA modified to merge in work\hhdata.dta for bootstrap;
>         sort hhid;
>       merge hhid using "$path\work\hhdata.dta";
>       tab _m;
> 
> * Drop observations if non existent in HH data set;
> drop if _m!=3;
> drop _m;
> 
> 
>         sort product;
>         gen count=1;
> 
> 
> save `dd_acsort', replace;
> */
> 
> 
> ***********************************************************************************
> ***;
. * Merge the flexible food basket codes with the daily and own data sets
> * Drop all codes not a part of the flexible food basket
> ***********************************************************************************
> ***;
.         merge product using "$path\work\codes_food_basket_flex.dta";
variable product does not uniquely identify observations in the master data

.         tab _merge;

     _merge |      Freq.     Percent        Cum.
------------+-----------------------------------
          1 |     13,346       15.66       15.66
          3 |     71,858       84.34      100.00
------------+-----------------------------------
      Total |     85,204      100.00

.         drop if _merge~=3;
(13346 observations deleted)

.         drop _merge;

. ***********************************************************************************
> ***;
. * Drop observations where product code or quantity or value information is unavaila
> ble
> ***********************************************************************************
> ***;
.                                 codebook hhid;

-------------------------------------------------------------------------------------
hhid                                                                     household id
-------------------------------------------------------------------------------------

                  type:  numeric (double)

                 range:  [1.013e+09,4.193e+09]        units:  1
         unique values:  6747                     missing .:  0/71858

                  mean:   2.5e+09
              std. dev:   1.1e+09

           percentiles:        10%       25%       50%       75%       90%
                           1.0e+09   1.1e+09   2.2e+09   3.2e+09   4.1e+09

. *        drop if product==. | value==. | quantity==.  ;
.                                 codebook hhid;

-------------------------------------------------------------------------------------
hhid                                                                     household id
-------------------------------------------------------------------------------------

                  type:  numeric (double)

                 range:  [1.013e+09,4.193e+09]        units:  1
         unique values:  6747                     missing .:  0/71858

                  mean:   2.5e+09
              std. dev:   1.1e+09

           percentiles:        10%       25%       50%       75%       90%
                           1.0e+09   1.1e+09   2.2e+09   3.2e+09   4.1e+09

. ***********************************************************************************
> ***;
. * Convert non-KG quantities (units and liters) to kilograms;
. ***********************************************************************************
> ***;
. *do "$path\new\110a_conversions.do"
> 
> ********************************************************************
> * There remain a few difficult to interpret observations such as liters
> * of fish and liters of pasta. These are dropped
> ********************************************************************;
. *        drop if unit~=2;
. ********************************************************************
> * Merge in labels for the 13 spatial domains
> ********************************************************************;
.         preserve;

.                 use "$path/work/hhdata.dta", clear;

.                                                                         keep hhid s
> pdomain reg_tpi survquar;

.                         sort hhid;

.                         tempfile spdomainreg_tpi;

.                 save `spdomainreg_tpi', replace;
(note: file C:\Users\TEMPLE~1\AppData\Local\Temp\ST_0j000003.tmp not found)
file C:\Users\TEMPLE~1\AppData\Local\Temp\ST_0j000003.tmp saved

.                                 codebook hhid;

-------------------------------------------------------------------------------------
hhid                                                                     Household ID
-------------------------------------------------------------------------------------

                  type:  numeric (double)

                 range:  [1.013e+09,4.193e+09]        units:  1
         unique values:  6775                     missing .:  0/6775

                  mean:   2.5e+09
              std. dev:   1.1e+09

           percentiles:        10%       25%       50%       75%       90%
                           1.0e+09   1.1e+09   2.2e+09   3.2e+09   4.1e+09

.         restore;

.                 sort hhid;

.         merge hhid using `spdomainreg_tpi';
variable hhid does not uniquely identify observations in the master data

.         tab _merge;

     _merge |      Freq.     Percent        Cum.
------------+-----------------------------------
          2 |         28        0.04        0.04
          3 |     71,858       99.96      100.00
------------+-----------------------------------
      Total |     71,886      100.00

.         drop _merge;

.         drop if product==.;
(28 observations deleted)

. codebook hhid;

-------------------------------------------------------------------------------------
hhid                                                                     household id
-------------------------------------------------------------------------------------

                  type:  numeric (double)

                 range:  [1.013e+09,4.193e+09]        units:  1
         unique values:  6747                     missing .:  0/71858

                  mean:   2.5e+09
              std. dev:   1.1e+09

           percentiles:        10%       25%       50%       75%       90%
                           1.0e+09   1.1e+09   2.2e+09   3.2e+09   4.1e+09

. tab spd;

     spdomain |      Freq.     Percent        Cum.
--------------+-----------------------------------
Central rural |     12,483       17.37       17.37
Central urban |      9,125       12.70       30.07
      Eastern |     16,311       22.70       52.77
     Northern |     19,026       26.48       79.25
      Western |     14,913       20.75      100.00
--------------+-----------------------------------
        Total |     71,858      100.00

. sum if spd>=3;

    Variable |       Obs        Mean    Std. Dev.       Min        Max
-------------+--------------------------------------------------------
        hhid |     50250    3.07e+09    7.86e+08   2.01e+09   4.19e+09
     product |     50250    130.2235    15.80087        102        161
        unit |     50250           1           0          1          1
    food_cat |     50250           1           0          1          1
    quantity |     50250    .9732545    3.934012   .0000286   364.2857
-------------+--------------------------------------------------------
       value |     50250    412.0003    637.8504          0      18500
       count |     50250           1           0          1          1
    descript |     50250           1           0          1          1
      numreg |     50250    4.145254     1.29297          1          5
    survquar |     50250    2.476876    1.137676          1          4
-------------+--------------------------------------------------------
    spdomain |     50250    3.972179     .787789          3          5
     reg_tpi |     50250    2.972179     .787789          2          4

. table spdomain, content(mean quantity count quantity count hhid) row missing;

--------------------------------------------------------------
     spdomain | mean(quantity)     N(quantity)         N(hhid)
--------------+-----------------------------------------------
Central rural |       1.002078          12,483          12,483
Central urban |       .6193954           9,125           9,125
      Eastern |       .9685605          16,311          16,311
     Northern |       .8221988          19,026          19,026
      Western |       1.171105          14,913          14,913
              | 
        Total |       .9333262          71,858          71,858
--------------------------------------------------------------

.         drop if product==. | value==. | quantity==.  ;
(0 observations deleted)

. codebook hhid;

-------------------------------------------------------------------------------------
hhid                                                                     household id
-------------------------------------------------------------------------------------

                  type:  numeric (double)

                 range:  [1.013e+09,4.193e+09]        units:  1
         unique values:  6747                     missing .:  0/71858

                  mean:   2.5e+09
              std. dev:   1.1e+09

           percentiles:        10%       25%       50%       75%       90%
                           1.0e+09   1.1e+09   2.2e+09   3.2e+09   4.1e+09

. tab spd;

     spdomain |      Freq.     Percent        Cum.
--------------+-----------------------------------
Central rural |     12,483       17.37       17.37
Central urban |      9,125       12.70       30.07
      Eastern |     16,311       22.70       52.77
     Northern |     19,026       26.48       79.25
      Western |     14,913       20.75      100.00
--------------+-----------------------------------
        Total |     71,858      100.00

. ********************************************************************
> * Merge in temporal price index to convert nominal value to real
> ********************************************************************;
.         sort reg_tpi survquar;

.         merge reg_tpi survquar using "$path\work\temp_index_reg_tpi.dta";
variables reg_tpi survquar do not uniquely identify observations in the master data
(label lsurvquar already defined)
(label REG_TPI already defined)

.         tab _merge;

     _merge |      Freq.     Percent        Cum.
------------+-----------------------------------
          3 |     71,858      100.00      100.00
------------+-----------------------------------
      Total |     71,858      100.00

.         drop if _merge ~= 3;
(0 observations deleted)

.         drop _merge;

.         gen value_r=value/tpi_trim;

. **************************************************************************;
. * Identify relatively poor households, based on nominal temporally adjusted
> * consumption per capita. Only work with these households for the price
> * calculations.
> **************************************************************************;
.                 preserve;

.                         use "$path/work/conpc.dta", clear;

. *                       use "$path/work/consump_nom.dta", clear;
. *CA modified to merge in work\hhdata.dta for bootstrap;
.         sort hhid;

.       merge hhid using "$path\work\hhdata.dta";

.       tab _m;

     _merge |      Freq.     Percent        Cum.
------------+-----------------------------------
          3 |      6,775      100.00      100.00
------------+-----------------------------------
      Total |      6,775      100.00

.       drop _m;

. *CA modified to keep bswt;
.                                 keep hhid hhweight hhsize cons_pc_nom bswt ;

.                                 sort hhid;

.                                 merge hhid using `spdomainreg_tpi';
(label REG_TPI already defined)
(label spdomain_original already defined)
(label lsurvquar already defined)

.                                 tab _merge;

     _merge |      Freq.     Percent        Cum.
------------+-----------------------------------
          3 |      6,775      100.00      100.00
------------+-----------------------------------
      Total |      6,775      100.00

.                                 drop _merge;

.                                 sort reg_tpi survquar;

.                                 cap drop _merge;

.                                 merge reg_tpi survquar using "$path/work/temp_index
> _reg_tpi.dta";
variables reg_tpi survquar do not uniquely identify observations in the master data
(label lsurvquar already defined)
(label REG_TPI already defined)

.                                 tab _merge;

     _merge |      Freq.     Percent        Cum.
------------+-----------------------------------
          3 |      6,775      100.00      100.00
------------+-----------------------------------
      Total |      6,775      100.00

.                                 drop _merge;

.                                 sort hhid;

.                                 merge hhid using "$path/work/conpc.dta";

.                                 tab _merge;

     _merge |      Freq.     Percent        Cum.
------------+-----------------------------------
          3 |      6,775      100.00      100.00
------------+-----------------------------------
      Total |      6,775      100.00

.                                 drop _merge;

.                                 gen food_pc_tpi  = food_pc_nom /tpi_trim;

.                                 lab var food_pc_tpi "Temp-adjusted per capita food 
> consumption/day";

.                                                                 * Non-food not TPI 
> adjusted ;
.                                 gen cons_pc_tpi = food_pc_tpi + nf_pc_nom;

.                                 lab var cons_pc_tpi "Temp adjusted total consumptio
> n/day";

.                                 gen one=1;

.                                 tempfile contpi;

.                                 save `contpi', replace;
(note: file C:\Users\TEMPLE~1\AppData\Local\Temp\ST_0j000005.tmp not found)
file C:\Users\TEMPLE~1\AppData\Local\Temp\ST_0j000005.tmp saved

.                                 collapse (p$bottom) one cons_pc_tpi [aw=hhsize*hhwe
> ight], by(spdomain) ;

.                                 rename cons_pc_tpi pctile_60;

.                                 tempfile 60pct;

.                                 sort spdomain;

.                                 save `60pct', replace;
(note: file C:\Users\TEMPLE~1\AppData\Local\Temp\ST_0j000006.tmp not found)
file C:\Users\TEMPLE~1\AppData\Local\Temp\ST_0j000006.tmp saved

.                                 use `contpi';

.                                         sort spdomain;

.                                         merge spdomain using `60pct';
variable spdomain does not uniquely identify observations in the master data
(label spdomain_original already defined)

.                                         tab _merge;

     _merge |      Freq.     Percent        Cum.
------------+-----------------------------------
          3 |      6,775      100.00      100.00
------------+-----------------------------------
      Total |      6,775      100.00

.                                         drop _merge;

.                                         drop one;

.                                         sort spdomain;

.                                         gen bottom_basket=cons_pc_tpi< pctile_60;

.                                         by spdomain: tab bottom_basket [aw=hhsize*h
> hweight];

-------------------------------------------------------------------------------------
-> spdomain = Central rural

bottom_bask |
         et |      Freq.     Percent        Cum.
------------+-----------------------------------
          0 | 824.146173       70.02       70.02
          1 | 352.853827       29.98      100.00
------------+-----------------------------------
      Total |      1,177      100.00

-------------------------------------------------------------------------------------
-> spdomain = Central urban

bottom_bask |
         et |      Freq.     Percent        Cum.
------------+-----------------------------------
          0 | 571.975583       70.70       70.70
          1 | 237.024417       29.30      100.00
------------+-----------------------------------
      Total |        809      100.00

-------------------------------------------------------------------------------------
-> spdomain = Eastern

bottom_bask |
         et |      Freq.     Percent        Cum.
------------+-----------------------------------
          0 | 984.333338       70.01       70.01
          1 | 421.666662       29.99      100.00
------------+-----------------------------------
      Total |      1,406      100.00

-------------------------------------------------------------------------------------
-> spdomain = Northern

bottom_bask |
         et |      Freq.     Percent        Cum.
------------+-----------------------------------
          0 | 1,374.0502       70.25       70.25
          1 |581.9498358       29.75      100.00
------------+-----------------------------------
      Total |      1,956      100.00

-------------------------------------------------------------------------------------
-> spdomain = Western

bottom_bask |
         et |      Freq.     Percent        Cum.
------------+-----------------------------------
          0 | 999.376658       70.03       70.03
          1 | 427.623342       29.97      100.00
------------+-----------------------------------
      Total |      1,427      100.00


.                                         lab var bottom_basket "=1 if in bottom (60%
> ) of PCE";

.                                         sort hhid;

.                                                                 save "$path\work\bo
> ttom_basket.dta", replace;
file C:\Users\Templeton\Desktop\GAPP\GAPP-UGANDA-HARUNA\work\bottom_basket.dta saved

.         restore;

.         sort hhid;

.         merge hhid using "$path\work\bottom_basket.dta";
variable hhid does not uniquely identify observations in the master data
(label lsurvquar already defined)
(label spdomain_original already defined)
(label REG_TPI already defined)

.         tab _merge;

     _merge |      Freq.     Percent        Cum.
------------+-----------------------------------
          2 |         28        0.04        0.04
          3 |     71,858       99.96      100.00
------------+-----------------------------------
      Total |     71,886      100.00

.         drop _merge;

.                         * Only keep price observations for the poor ;
.         keep if bottom_basket==1;
(56078 observations deleted)

.         **************************************************************************;
. * Toss out the bottom 5% and top 5% of the HH-LEVEL prices per kg in
> * for each spdomain & product combination. This should eliminate outliers
> * that may have an undue influence on the price calculation. 
> **************************************************************************;
.                 gen hhppkg=value_r/quantity;
(11 missing values generated)

.                 egen lower5=pctile(hhppkg), p(5) by(spdomain product);
(11 missing values generated)

.                 egen upper5=pctile(hhppkg), p(95) by(spdomain product);
(11 missing values generated)

. sum;

    Variable |       Obs        Mean    Std. Dev.       Min        Max
-------------+--------------------------------------------------------
        hhid |     15808    2.44e+09    1.16e+09   1.01e+09   4.19e+09
     product |     15797     131.282    16.29429        102        161
        unit |     15797           1           0          1          1
    food_cat |     15797           1           0          1          1
    quantity |     15797    .7918439    2.808665   .0000429      227.4
-------------+--------------------------------------------------------
       value |     15797     318.314    466.8461          0   8142.857
       count |     15797           1           0          1          1
    descript |     15797           1           0          1          1
      numreg |     15797      4.1606    1.291605          1          5
    survquar |     15808    2.515245    1.166049          1          4
-------------+--------------------------------------------------------
    spdomain |     15808    3.176493    1.388198          1          5
     reg_tpi |     15808     2.34957    1.147509          1          4
    tpi_trim |     15808    1.011738    .0335031   .9697402   1.104535
     value_r |     15797    314.5889    461.9914          0   8396.947
 cons_pc_nom |     15808    1349.439    889.0935   78.55931   4458.971
-------------+--------------------------------------------------------
      hhsize |     15808    5.708312    2.464065          1         18
    hhweight |     15808    5048.886    4387.586        100      60164
        bswt |     15808           1           0          1          1
 cons_hh_nom |     15808    7088.738    4779.984   232.1918   41911.81
 food_pc_nom |     15808    625.8655    396.4417          0   2984.524
-------------+--------------------------------------------------------
   nf_pc_nom |     15808    723.5738    614.4834   23.11263   3772.785
 food_pc_tpi |     15808    620.1381    397.9693          0   2984.524
 cons_pc_tpi |     15808    1343.712    892.3857   77.25769   4451.227
   pctile_60 |     15808     1928.82    1161.451   955.8005   4459.897
bottom_bas~t |     15808           1           0          1          1
-------------+--------------------------------------------------------
      hhppkg |     15797    1540.222    9693.066          0     954560
      lower5 |     15797    527.5151    546.1183          0   5937.953
      upper5 |     15797    2539.572    2208.674   78.94963   13389.88

. describe;

Contains data from C:\Users\TEMPLE~1\AppData\Local\Temp\ST_0j000001.tmp
  obs:        15,808                          
 vars:            28                          20 May 2013 17:27
 size:     2,023,424                          
-------------------------------------------------------------------------------------
              storage  display     value
variable name   type   format      label      variable label
-------------------------------------------------------------------------------------
hhid            double %9.0g                  household id
product         float  %10.0g      HS10A2     Food product code: numerical
unit            float  %10.0g                 set equal to one since all observations
                                                are converted into kg
food_cat        float  %9.0g                  food category equals 1, if product is
                                                food and 0 if non food
quantity        float  %9.0g                  daily quantity consumed in Kgs per
                                                household
value           float  %9.0g                  daily value of consumption in UGX per
                                                per household
count           float  %9.0g                  
descript        float  %9.0g       descrip    product description including product
                                                code but equals 2 for all non-foods
numreg          double %9.0g                  number of goods in the basket
survquar        float  %11.0g      lsurvquar
                                              Sequential Survey Quarter May-Jun 09=1)
spdomain        float  %13.0g      spdomain_original
                                              
reg_tpi         float  %9.0g       REG_TPI    
tpi_trim        float  %9.0g                  TRIMMED Temporal price index (Q4=1)
value_r         float  %9.0g                  
cons_pc_nom     float  %9.0g                  
hhsize          double %9.0g                  Household Size
hhweight        float  %9.0g                  Household sample weight
bswt            float  %9.0g                  
cons_hh_nom     double %9.0g                  (sum) cod_hh_nom
food_pc_nom     float  %9.0g                  nominal food consumption per capita
nf_pc_nom       float  %9.0g                  nominal non-food consumption per capita
food_pc_tpi     float  %9.0g                  Temp-adjusted per capita food
                                                consumption/day
cons_pc_tpi     float  %9.0g                  Temp adjusted total consumption/day
pctile_60       float  %9.0g                  (p 30) cons_pc_tpi
bottom_basket   float  %9.0g                  =1 if in bottom (60%) of PCE
hhppkg          float  %9.0g                  
lower5          float  %9.0g                  
upper5          float  %9.0g                  
-------------------------------------------------------------------------------------
Sorted by:  
     Note:  dataset has changed since last saved

. keep if hhppkg-lower5>=0 & hhppkg-upper5<=0;
(1158 observations deleted)

. *********************************************************************
> * Note that we do prices in three ways. First, by summing quantity and value 
> * This average price price_unitw is thus quantity/value weighted. Second, we
> * calculate the price and take simple means for a transaction weighted
> * price, price_unitt. Last we take the median, price_unitm. But in the end
> * we only use price_unitw
> *********************************************************************;
.         gen price_unitt=value_r/(quantity*1000);

.         gen price_unitm=price_unitt;

.                 *CA modified to count the boot sample weight bswt;
.         collapse (sum) quantity value_r count bswt 
>                  (mean) price_unitt 
>                  (median) price_unitm [aw=hhweight], by(spdomain product);

.         *Generate weighted price per gram ;
.         gen price_unitw=value_r/(quantity*1000);

.         drop value_r quantity;

.         sort spdomain product;

.         lab var price_unitt "simple average of calculated prices - transaction weig
> hted";

.         lab var price_unitm "median of prices";

.         lab var price_unitw "value share weighted mean prices";

. * Get an idea of the difference between the price measures;
.         gen ratiotw=price_unitt/price_unitw;

.         gen ratiomw=price_unitm/price_unitw;

.         sum ratiotw ratiomw;

    Variable |       Obs        Mean    Std. Dev.       Min        Max
-------------+--------------------------------------------------------
     ratiotw |       208    1.242962    .4481808    .870327   3.773801
     ratiomw |       208    1.097269    .5201629          0   4.852879

.         sort product;

.         merge product using "$path/work/codes_food_basket_flex.dta";
variable product does not uniquely identify observations in the master data

.         tab _m;

     _merge |      Freq.     Percent        Cum.
------------+-----------------------------------
          3 |        208      100.00      100.00
------------+-----------------------------------
      Total |        208      100.00

.         count if _merge~=3;
    0

.         drop if _merge~=3;
(0 observations deleted)

.         drop _merge;

.         sort product spdomain;

. save "$path\work\price_unit_flex.dta", replace;
file C:\Users\Templeton\Desktop\GAPP\GAPP-UGANDA-HARUNA\work\price_unit_flex.dta save
> d

. ***********************************************************************************
> *****
> * 110_price_unit_flex.do                (end)
> ***********************************************************************************
> *****;
. cap log close;
