-------------------------------------------------------------------------------------------
      name:  <unnamed>
       log:  C:\Users\Templeton\Desktop\GAPP\GAPP-UGANDA-HARUNA\rep\110_price_unit_flex.log
  log type:  text
 opened on:  17 May 2013, 09:52:46

. clear

. set more off

. #delimit ;
delimiter now ;
. ****************************************************************************************
> * 110_price_unit_flex.do                (start)
> *
> * Purpose: This do file creates a price_unit_flex database with the unit prices of the
> * goods of the flexible food basket in order to determine the poverty lines per spatial
> * domain. It uses the files work\daily.dta and work\own.dta file and draw unit prices
> * by: sum of values and quantity
> ****************************************************************************************;
. *CA modified to bring in work\hhdata.dta for bootstrap
> *CA check for price calcs conditional on number of observations;
. /*
> This file uses:
>         work\daily.dta
>         work\own.dta
>         work\hhdata.dta
>         work\consump_nom.dta
>         work\codes_food_basket_flex.dta
>         work\temp_index_reg_tpi.dta
>           new\conversions.do
> 
> This file creates:
>         work\price_unit_flex.dta
>         work\bottom_basket.dta
> */
> 
> 
> 
> 
> *do "$path/new/010_initial.do";
. **************************************************************************************
> * Create sorted data set with daily and own and the matched codes
> **************************************************************************************;
. use "$path/work/cons_cod_trans.dta", clear;

. *use "$path/in/cons_cod_trans.dta", clear;
. *save "$path/work/cons_cod_trans.dta", replace;
. *drop if quantityd==0 ;
. keep hhid product food_cat valuez quantityz unit;

. rename valuez    value;

. rename quantityz quantity;

. drop if quantity==0 ;
(4392 observations deleted)

. *drop count;
.         sort product;

.         gen count=1;

.                 tempfile dd_acsort;

. save `dd_acsort', replace;
(note: file C:\Users\TEMPLE~1\AppData\Local\Temp\ST_0j000001.tmp not found)
file C:\Users\TEMPLE~1\AppData\Local\Temp\ST_0j000001.tmp saved

. /*
> use "$path\work\daily.dta";
> tempfile dd_acsort;
>         drop days;
>         sort product;
>         tempfile dd_acsort;
> save `dd_acsort', replace;
> 
> use "$path\work\own.dta";
>         keep hhid product valued quantityd unit;
>         rename valued value;
>         rename quantityd quantity;
> 
>         *CHECK THE ZEROS IN quantity FOR NOW DELETE;
>         drop if quantity==0;
> 
>         append using `dd_acsort';
> 
> *CA modified to merge in work\hhdata.dta for bootstrap;
>         sort hhid;
>       merge hhid using "$path\work\hhdata.dta";
>       tab _m;
> 
> * Drop observations if non existent in HH data set;
> drop if _m!=3;
> drop _m;
> 
> 
>         sort product;
>         gen count=1;
> 
> 
> save `dd_acsort', replace;
> */
> 
> 
> **************************************************************************************;
. * Merge the flexible food basket codes with the daily and own data sets
> * Drop all codes not a part of the flexible food basket
> **************************************************************************************;
.         merge product using "$path\work\codes_food_basket_flex.dta";
variable product does not uniquely identify observations in the master data

.         tab _merge;

     _merge |      Freq.     Percent        Cum.
------------+-----------------------------------
          1 |     10,257       12.04       12.04
          3 |     74,947       87.96      100.00
------------+-----------------------------------
      Total |     85,204      100.00

.         drop if _merge~=3;
(10257 observations deleted)

.         drop _merge;

. **************************************************************************************;
. * Drop observations where product code or quantity or value information is unavailable
> **************************************************************************************;
.                                 codebook hhid;

-------------------------------------------------------------------------------------------
hhid                                                                           household id
-------------------------------------------------------------------------------------------

                  type:  numeric (double)

                 range:  [1.013e+09,4.193e+09]        units:  1
         unique values:  6749                     missing .:  0/74947

                  mean:   2.5e+09
              std. dev:   1.1e+09

           percentiles:        10%       25%       50%       75%       90%
                           1.0e+09   1.1e+09   2.2e+09   3.2e+09   4.1e+09

. *        drop if product==. | value==. | quantity==.  ;
.                                 codebook hhid;

-------------------------------------------------------------------------------------------
hhid                                                                           household id
-------------------------------------------------------------------------------------------

                  type:  numeric (double)

                 range:  [1.013e+09,4.193e+09]        units:  1
         unique values:  6749                     missing .:  0/74947

                  mean:   2.5e+09
              std. dev:   1.1e+09

           percentiles:        10%       25%       50%       75%       90%
                           1.0e+09   1.1e+09   2.2e+09   3.2e+09   4.1e+09

. **************************************************************************************;
. * Convert non-KG quantities (units and liters) to kilograms;
. **************************************************************************************;
. *do "$path\new\110a_conversions.do"
> 
> ********************************************************************
> * There remain a few difficult to interpret observations such as liters
> * of fish and liters of pasta. These are dropped
> ********************************************************************;
. *        drop if unit~=2;
. ********************************************************************
> * Merge in labels for the 13 spatial domains
> ********************************************************************;
.         preserve;

.                 use "$path/work/hhdata.dta", clear;

.                                                                         keep hhid spdomai
> n reg_tpi survquar;

.                         sort hhid;

.                         tempfile spdomainreg_tpi;

.                 save `spdomainreg_tpi', replace;
(note: file C:\Users\TEMPLE~1\AppData\Local\Temp\ST_0j000003.tmp not found)
file C:\Users\TEMPLE~1\AppData\Local\Temp\ST_0j000003.tmp saved

.                                 codebook hhid;

-------------------------------------------------------------------------------------------
hhid                                                                           Household ID
-------------------------------------------------------------------------------------------

                  type:  numeric (double)

                 range:  [1.013e+09,4.193e+09]        units:  1
         unique values:  6775                     missing .:  0/6775

                  mean:   2.5e+09
              std. dev:   1.1e+09

           percentiles:        10%       25%       50%       75%       90%
                           1.0e+09   1.1e+09   2.2e+09   3.2e+09   4.1e+09

.         restore;

.                 sort hhid;

.         merge hhid using `spdomainreg_tpi';
variable hhid does not uniquely identify observations in the master data

.         tab _merge;

     _merge |      Freq.     Percent        Cum.
------------+-----------------------------------
          2 |         26        0.03        0.03
          3 |     74,947       99.97      100.00
------------+-----------------------------------
      Total |     74,973      100.00

.         drop _merge;

.         drop if product==.;
(26 observations deleted)

. codebook hhid;

-------------------------------------------------------------------------------------------
hhid                                                                           household id
-------------------------------------------------------------------------------------------

                  type:  numeric (double)

                 range:  [1.013e+09,4.193e+09]        units:  1
         unique values:  6749                     missing .:  0/74947

                  mean:   2.5e+09
              std. dev:   1.1e+09

           percentiles:        10%       25%       50%       75%       90%
                           1.0e+09   1.1e+09   2.2e+09   3.2e+09   4.1e+09

. tab spd;

     spdomain |      Freq.     Percent        Cum.
--------------+-----------------------------------
Central rural |     13,071       17.44       17.44
Central urban |      9,948       13.27       30.71
      Eastern |     16,789       22.40       53.11
     Northern |     19,525       26.05       79.17
      Western |     15,614       20.83      100.00
--------------+-----------------------------------
        Total |     74,947      100.00

. sum if spd>=3;

    Variable |       Obs        Mean    Std. Dev.       Min        Max
-------------+--------------------------------------------------------
        hhid |     51928    3.08e+09    7.88e+08   2.01e+09   4.19e+09
     product |     51928    129.9682    15.72746        101        161
        unit |     51928           1           0          1          1
    food_cat |     51928           1           0          1          1
    quantity |     51928    .9546697      3.8786   .0000286   364.2857
-------------+--------------------------------------------------------
       value |     51928    408.2792    636.9622          0      18500
       count |     51928           1           0          1          1
    descript |     51928           1           0          1          1
      numreg |     51928    4.064917    1.391233          1          5
    survquar |     51928    2.474811    1.138045          1          4
-------------+--------------------------------------------------------
    spdomain |     51928    3.977373    .7896193          3          5
     reg_tpi |     51928    2.977373    .7896193          2          4

. table spdomain, content(mean quantity count quantity count hhid) row missing;

--------------------------------------------------------------
     spdomain | mean(quantity)     N(quantity)         N(hhid)
--------------+-----------------------------------------------
Central rural |       .9857018          13,071          13,071
Central urban |       .6279621           9,948           9,948
      Eastern |       .9517529          16,789          16,789
     Northern |       .8059911          19,525          19,525
      Western |       1.143726          15,614          15,614
              | 
        Total |       .9167167          74,947          74,947
--------------------------------------------------------------

.         drop if product==. | value==. | quantity==.  ;
(0 observations deleted)

. codebook hhid;

-------------------------------------------------------------------------------------------
hhid                                                                           household id
-------------------------------------------------------------------------------------------

                  type:  numeric (double)

                 range:  [1.013e+09,4.193e+09]        units:  1
         unique values:  6749                     missing .:  0/74947

                  mean:   2.5e+09
              std. dev:   1.1e+09

           percentiles:        10%       25%       50%       75%       90%
                           1.0e+09   1.1e+09   2.2e+09   3.2e+09   4.1e+09

. tab spd;

     spdomain |      Freq.     Percent        Cum.
--------------+-----------------------------------
Central rural |     13,071       17.44       17.44
Central urban |      9,948       13.27       30.71
      Eastern |     16,789       22.40       53.11
     Northern |     19,525       26.05       79.17
      Western |     15,614       20.83      100.00
--------------+-----------------------------------
        Total |     74,947      100.00

. ********************************************************************
> * Merge in temporal price index to convert nominal value to real
> ********************************************************************;
.         sort reg_tpi survquar;

.         merge reg_tpi survquar using "$path\work\temp_index_reg_tpi.dta";
variables reg_tpi survquar do not uniquely identify observations in the master data
(label lsurvquar already defined)
(label REG_TPI already defined)

.         tab _merge;

     _merge |      Freq.     Percent        Cum.
------------+-----------------------------------
          3 |     74,947      100.00      100.00
------------+-----------------------------------
      Total |     74,947      100.00

.         drop if _merge ~= 3;
(0 observations deleted)

.         drop _merge;

.         gen value_r=value/tpi_trim;

. **************************************************************************;
. * Identify relatively poor households, based on nominal temporally adjusted
> * consumption per capita. Only work with these households for the price
> * calculations.
> **************************************************************************;
.                 preserve;

.                         use "$path/work/conpc.dta", clear;

. *                       use "$path/work/consump_nom.dta", clear;
. *CA modified to merge in work\hhdata.dta for bootstrap;
.         sort hhid;

.       merge hhid using "$path\work\hhdata.dta";

.       tab _m;

     _merge |      Freq.     Percent        Cum.
------------+-----------------------------------
          3 |      6,775      100.00      100.00
------------+-----------------------------------
      Total |      6,775      100.00

.       drop _m;

. *CA modified to keep bswt;
.                                 keep hhid hhweight hhsize cons_pc_nom bswt ;

.                                 sort hhid;

.                                 merge hhid using `spdomainreg_tpi';
(label REG_TPI already defined)
(label spdomain_original already defined)
(label lsurvquar already defined)

.                                 tab _merge;

     _merge |      Freq.     Percent        Cum.
------------+-----------------------------------
          3 |      6,775      100.00      100.00
------------+-----------------------------------
      Total |      6,775      100.00

.                                 drop _merge;

.                                 sort reg_tpi survquar;

.                                 cap drop _merge;

.                                 merge reg_tpi survquar using "$path/work/temp_index_reg_t
> pi.dta";
variables reg_tpi survquar do not uniquely identify observations in the master data
(label lsurvquar already defined)
(label REG_TPI already defined)

.                                 tab _merge;

     _merge |      Freq.     Percent        Cum.
------------+-----------------------------------
          3 |      6,775      100.00      100.00
------------+-----------------------------------
      Total |      6,775      100.00

.                                 drop _merge;

.                                 sort hhid;

.                                 merge hhid using "$path/work/conpc.dta";

.                                 tab _merge;

     _merge |      Freq.     Percent        Cum.
------------+-----------------------------------
          3 |      6,775      100.00      100.00
------------+-----------------------------------
      Total |      6,775      100.00

.                                 drop _merge;

.                                 gen food_pc_tpi  = food_pc_nom /tpi_trim;

.                                 lab var food_pc_tpi "Temp-adjusted per capita food consum
> ption/day";

.                                                                 * Non-food not TPI adjust
> ed ;
.                                 gen cons_pc_tpi = food_pc_tpi + nf_pc_nom;

.                                 lab var cons_pc_tpi "Temp adjusted total consumption/day"
> ;

.                                 gen one=1;

.                                 tempfile contpi;

.                                 save `contpi', replace;
(note: file C:\Users\TEMPLE~1\AppData\Local\Temp\ST_0j000005.tmp not found)
file C:\Users\TEMPLE~1\AppData\Local\Temp\ST_0j000005.tmp saved

.                                 collapse (p$bottom) one cons_pc_tpi [aw=hhsize*hhweight],
>  by(spdomain) ;

.                                 rename cons_pc_tpi pctile_60;

.                                 tempfile 60pct;

.                                 sort spdomain;

.                                 save `60pct', replace;
(note: file C:\Users\TEMPLE~1\AppData\Local\Temp\ST_0j000006.tmp not found)
file C:\Users\TEMPLE~1\AppData\Local\Temp\ST_0j000006.tmp saved

.                                 use `contpi';

.                                         sort spdomain;

.                                         merge spdomain using `60pct';
variable spdomain does not uniquely identify observations in the master data
(label spdomain_original already defined)

.                                         tab _merge;

     _merge |      Freq.     Percent        Cum.
------------+-----------------------------------
          3 |      6,775      100.00      100.00
------------+-----------------------------------
      Total |      6,775      100.00

.                                         drop _merge;

.                                         drop one;

.                                         sort spdomain;

.                                         gen bottom_basket=cons_pc_tpi< pctile_60;

.                                         by spdomain: tab bottom_basket [aw=hhsize*hhweigh
> t];

-------------------------------------------------------------------------------------------
-> spdomain = Central rural

bottom_bask |
         et |      Freq.     Percent        Cum.
------------+-----------------------------------
          0 | 589.244333       50.06       50.06
          1 | 587.755667       49.94      100.00
------------+-----------------------------------
      Total |      1,177      100.00

-------------------------------------------------------------------------------------------
-> spdomain = Central urban

bottom_bask |
         et |      Freq.     Percent        Cum.
------------+-----------------------------------
          0 |  404.54956       50.01       50.01
          1 |  404.45044       49.99      100.00
------------+-----------------------------------
      Total |        809      100.00

-------------------------------------------------------------------------------------------
-> spdomain = Eastern

bottom_bask |
         et |      Freq.     Percent        Cum.
------------+-----------------------------------
          0 | 703.563681       50.04       50.04
          1 | 702.436319       49.96      100.00
------------+-----------------------------------
      Total |      1,406      100.00

-------------------------------------------------------------------------------------------
-> spdomain = Northern

bottom_bask |
         et |      Freq.     Percent        Cum.
------------+-----------------------------------
          0 |978.1529326       50.01       50.01
          1 |977.8470674       49.99      100.00
------------+-----------------------------------
      Total |      1,956      100.00

-------------------------------------------------------------------------------------------
-> spdomain = Western

bottom_bask |
         et |      Freq.     Percent        Cum.
------------+-----------------------------------
          0 | 713.861728       50.03       50.03
          1 | 713.138272       49.97      100.00
------------+-----------------------------------
      Total |      1,427      100.00


.                                         lab var bottom_basket "=1 if in bottom (60%) of P
> CE";

.                                         sort hhid;

.                                                                 save "$path\work\bottom_b
> asket.dta", replace;
file C:\Users\Templeton\Desktop\GAPP\GAPP-UGANDA-HARUNA\work\bottom_basket.dta saved

.         restore;

.         sort hhid;

.         merge hhid using "$path\work\bottom_basket.dta";
variable hhid does not uniquely identify observations in the master data
(label lsurvquar already defined)
(label spdomain_original already defined)
(label REG_TPI already defined)

.         tab _merge;

     _merge |      Freq.     Percent        Cum.
------------+-----------------------------------
          2 |         26        0.03        0.03
          3 |     74,947       99.97      100.00
------------+-----------------------------------
      Total |     74,973      100.00

.         drop _merge;

.                         * Only keep price observations for the poor ;
.         keep if bottom_basket==1;
(45703 observations deleted)

.         **************************************************************************;
. * Toss out the bottom 5% and top 5% of the HH-LEVEL prices per kg in
> * for each spdomain & product combination. This should eliminate outliers
> * that may have an undue influence on the price calculation. 
> **************************************************************************;
.                 gen hhppkg=value_r/quantity;
(14 missing values generated)

.                 egen lower5=pctile(hhppkg), p(5) by(spdomain product);
(14 missing values generated)

.                 egen upper5=pctile(hhppkg), p(95) by(spdomain product);
(14 missing values generated)

. sum;

    Variable |       Obs        Mean    Std. Dev.       Min        Max
-------------+--------------------------------------------------------
        hhid |     29270    2.44e+09    1.15e+09   1.01e+09   4.19e+09
     product |     29256    130.5086    16.06968        101        161
        unit |     29256           1           0          1          1
    food_cat |     29256           1           0          1          1
    quantity |     29256     .854284    3.451506   .0000429        362
-------------+--------------------------------------------------------
       value |     29256    351.5733    534.2158          0      10000
       count |     29256           1           0          1          1
    descript |     29256           1           0          1          1
      numreg |     29256    4.109379    1.355594          1          5
    survquar |     29270    2.513188    1.164029          1          4
-------------+--------------------------------------------------------
    spdomain |     29270    3.170994     1.37962          1          5
     reg_tpi |     29270    2.344517    1.137238          1          4
    tpi_trim |     29270    1.006956    .0732234   .8666803   1.158773
     value_r |     29256    350.6941    531.3288          0      10000
 cons_pc_nom |     29270    1770.058    1254.323   78.55931   7497.299
-------------+--------------------------------------------------------
      hhsize |     29270    5.664298    2.604431          1         24
    hhweight |     29270    5132.164    4169.973        100      60164
        bswt |     29270           1           0          1          1
 cons_hh_nom |     29270    9245.057    7300.657   232.1918   99494.44
 food_pc_nom |     29270    794.9321    526.6051          0   6142.857
-------------+--------------------------------------------------------
   nf_pc_nom |     29270    975.1257    899.9186   23.11263   6683.425
 food_pc_tpi |     29270     785.863    497.9769          0   5590.592
 cons_pc_tpi |     29270    1760.989    1222.805   82.64046   7046.959
   pctile_60 |     29270    2797.325    1851.073   1366.797   7060.442
bottom_bas~t |     29270           1           0          1          1
-------------+--------------------------------------------------------
      hhppkg |     29256    1477.004    7352.146          0   966751.8
      lower5 |     29256    549.4965    586.7083          0   4845.022
      upper5 |     29256    2570.282    2101.692          0    12916.2

. describe;

Contains data from C:\Users\TEMPLE~1\AppData\Local\Temp\ST_0j000001.tmp
  obs:        29,270                          
 vars:            28                          17 May 2013 09:52
 size:     3,746,560                          
-------------------------------------------------------------------------------------------
              storage  display     value
variable name   type   format      label      variable label
-------------------------------------------------------------------------------------------
hhid            double %9.0g                  household id
product         float  %10.0g      HS10A2     Food product code: numerical
unit            float  %10.0g                 set equal to one since all observations are
                                                converted into kg
food_cat        float  %9.0g                  food category equals 1, if product is food
                                                and 0 if non food
quantity        float  %9.0g                  daily quantity consumed in Kgs per household
value           float  %9.0g                  daily value of consumption in UGX per per
                                                household
count           float  %9.0g                  
descript        float  %9.0g       descrip    product description including product code
                                                but equals 2 for all non-foods
numreg          double %9.0g                  number of goods in the basket
survquar        float  %11.0g      lsurvquar
                                              Sequential Survey Quarter May-Jun 09=1)
spdomain        float  %13.0g      spdomain_original
                                              
reg_tpi         float  %9.0g       REG_TPI    
tpi_trim        float  %9.0g                  TRIMMED Temporal price index (Q4=1)
value_r         float  %9.0g                  
cons_pc_nom     float  %9.0g                  
hhsize          double %9.0g                  Household Size
hhweight        float  %9.0g                  Household sample weight
bswt            float  %9.0g                  
cons_hh_nom     double %9.0g                  (sum) cod_hh_nom
food_pc_nom     float  %9.0g                  nominal food consumption per capita
nf_pc_nom       float  %9.0g                  nominal non-food consumption per capita
food_pc_tpi     float  %9.0g                  Temp-adjusted per capita food consumption/day
cons_pc_tpi     float  %9.0g                  Temp adjusted total consumption/day
pctile_60       float  %9.0g                  (p 50) cons_pc_tpi
bottom_basket   float  %9.0g                  =1 if in bottom (60%) of PCE
hhppkg          float  %9.0g                  
lower5          float  %9.0g                  
upper5          float  %9.0g                  
-------------------------------------------------------------------------------------------
Sorted by:  
     Note:  dataset has changed since last saved

. keep if hhppkg-lower5>=0 & hhppkg-upper5<=0;
(2228 observations deleted)

. *********************************************************************
> * Note that we do prices in three ways. First, by summing quantity and value 
> * This average price price_unitw is thus quantity/value weighted. Second, we
> * calculate the price and take simple means for a transaction weighted
> * price, price_unitt. Last we take the median, price_unitm. But in the end
> * we only use price_unitw
> *********************************************************************;
.         gen price_unitt=value_r/(quantity*1000);

.         gen price_unitm=price_unitt;

.                 *CA modified to count the boot sample weight bswt;
.         collapse (sum) quantity value_r count bswt 
>                  (mean) price_unitt 
>                  (median) price_unitm [aw=hhweight], by(spdomain product);

.         *Generate weighted price per gram ;
.         gen price_unitw=value_r/(quantity*1000);

.         drop value_r quantity;

.         sort spdomain product;

.         lab var price_unitt "simple average of calculated prices - transaction weighted";

.         lab var price_unitm "median of prices";

.         lab var price_unitw "value share weighted mean prices";

. * Get an idea of the difference between the price measures;
.         gen ratiotw=price_unitt/price_unitw;
(1 missing value generated)

.         gen ratiomw=price_unitm/price_unitw;
(1 missing value generated)

.         sum ratiotw ratiomw;

    Variable |       Obs        Mean    Std. Dev.       Min        Max
-------------+--------------------------------------------------------
     ratiotw |       228    1.234897    .3907424   .9129278   3.470273
     ratiomw |       228     1.09016    .3749053   .2799477   3.711278

.         sort product;

.         merge product using "$path/work/codes_food_basket_flex.dta";
variable product does not uniquely identify observations in the master data

.         tab _m;

     _merge |      Freq.     Percent        Cum.
------------+-----------------------------------
          3 |        229      100.00      100.00
------------+-----------------------------------
      Total |        229      100.00

.         count if _merge~=3;
    0

.         drop if _merge~=3;
(0 observations deleted)

.         drop _merge;

.         sort product spdomain;

. save "$path\work\price_unit_flex.dta", replace;
file C:\Users\Templeton\Desktop\GAPP\GAPP-UGANDA-HARUNA\work\price_unit_flex.dta saved

. ****************************************************************************************
> * 110_price_unit_flex.do                (end)
> ****************************************************************************************;
. cap log close;
