-------------------------------------------------------------------------------------------
      name:  <unnamed>
       log:  C:\Users\Templeton\Desktop\GAPP\GAPP-UGANDA-HARUNA\rep\110_price_unit_flex.log
  log type:  text
 opened on:  29 Apr 2013, 13:16:56

. clear

. set more off

. #delimit ;
delimiter now ;
. ****************************************************************************************
> * 110_price_unit_flex.do                (start)
> *
> * Purpose: This do file creates a price_unit_flex database with the unit prices of the
> * goods of the flexible food basket in order to determine the poverty lines per spatial
> * domain. It uses the files work\daily.dta and work\own.dta file and draw unit prices
> * by: sum of values and quantity
> ****************************************************************************************;
. *CA modified to bring in work\hhdata.dta for bootstrap
> *CA check for price calcs conditional on number of observations;
. /*
> This file uses:
>         work\daily.dta
>         work\own.dta
>         work\hhdata.dta
>         work\consump_nom.dta
>         work\codes_food_basket_flex.dta
>         work\temp_index_reg_tpi.dta
>           new\conversions.do
> 
> This file creates:
>         work\price_unit_flex.dta
>         work\bottom_basket.dta
> */
> 
> 
> 
> 
> *do "$path/new/010_initial.do";
. **************************************************************************************
> * Create sorted data set with daily and own and the matched codes
> **************************************************************************************;
. use "$path/work/cons_cod_trans.dta", clear;

. *use "$path/in/cons_cod_trans.dta", clear;
. *save "$path/work/cons_cod_trans.dta", replace;
. *drop if quantityd==0 ;
. keep hhid product food_cat valuez quantityz unit;

. rename valuez    value;

. rename quantityz quantity;

. drop if quantity==0 ;
(5850 observations deleted)

. *drop count;
.         sort product;

.         gen count=1;

.                 tempfile dd_acsort;

. save `dd_acsort', replace;
(note: file C:\Users\TEMPLE~1\AppData\Local\Temp\ST_0f000001.tmp not found)
file C:\Users\TEMPLE~1\AppData\Local\Temp\ST_0f000001.tmp saved

. /*
> use "$path\work\daily.dta";
> tempfile dd_acsort;
>         drop days;
>         sort product;
>         tempfile dd_acsort;
> save `dd_acsort', replace;
> 
> use "$path\work\own.dta";
>         keep hhid product valued quantityd unit;
>         rename valued value;
>         rename quantityd quantity;
> 
>         *CHECK THE ZEROS IN quantity FOR NOW DELETE;
>         drop if quantity==0;
> 
>         append using `dd_acsort';
> 
> *CA modified to merge in work\hhdata.dta for bootstrap;
>         sort hhid;
>       merge hhid using "$path\work\hhdata.dta";
>       tab _m;
> 
> * Drop observations if non existent in HH data set;
> drop if _m!=3;
> drop _m;
> 
> 
>         sort product;
>         gen count=1;
> 
> 
> save `dd_acsort', replace;
> */
> 
> 
> **************************************************************************************;
. * Merge the flexible food basket codes with the daily and own data sets
> * Drop all codes not a part of the flexible food basket
> **************************************************************************************;
.         merge product using "$path\work\codes_food_basket_flex.dta";
variable product does not uniquely identify observations in the master data

.         tab _merge;

     _merge |      Freq.     Percent        Cum.
------------+-----------------------------------
          1 |     10,257       12.25       12.25
          2 |          2        0.00       12.25
          3 |     73,489       87.75      100.00
------------+-----------------------------------
      Total |     83,748      100.00

.         drop if _merge~=3;
(10259 observations deleted)

.         drop _merge;

. **************************************************************************************;
. * Drop observations where product code or quantity or value information is unavailable
> **************************************************************************************;
.                                 codebook hhid;

-------------------------------------------------------------------------------------------
hhid                                                                           household id
-------------------------------------------------------------------------------------------

                  type:  numeric (double)

                 range:  [1.013e+09,4.193e+09]        units:  1
         unique values:  6626                     missing .:  0/73489

                  mean:   2.5e+09
              std. dev:   1.1e+09

           percentiles:        10%       25%       50%       75%       90%
                           1.0e+09   1.1e+09   2.2e+09   3.2e+09   4.1e+09

. *        drop if product==. | value==. | quantity==.  ;
.                                 codebook hhid;

-------------------------------------------------------------------------------------------
hhid                                                                           household id
-------------------------------------------------------------------------------------------

                  type:  numeric (double)

                 range:  [1.013e+09,4.193e+09]        units:  1
         unique values:  6626                     missing .:  0/73489

                  mean:   2.5e+09
              std. dev:   1.1e+09

           percentiles:        10%       25%       50%       75%       90%
                           1.0e+09   1.1e+09   2.2e+09   3.2e+09   4.1e+09

. **************************************************************************************;
. * Convert non-KG quantities (units and liters) to kilograms;
. **************************************************************************************;
. *do "$path\new\110a_conversions.do"
> 
> ********************************************************************
> * There remain a few difficult to interpret observations such as liters
> * of fish and liters of pasta. These are dropped
> ********************************************************************;
. *        drop if unit~=2;
. ********************************************************************
> * Merge in labels for the 13 spatial domains
> ********************************************************************;
.         preserve;

.                 use "$path/work/hhdata.dta", clear;

.                                                                         keep hhid spdomai
> n reg_tpi survquar;

.                         sort hhid;

.                         tempfile spdomainreg_tpi;

.                 save `spdomainreg_tpi', replace;
(note: file C:\Users\TEMPLE~1\AppData\Local\Temp\ST_0f000003.tmp not found)
file C:\Users\TEMPLE~1\AppData\Local\Temp\ST_0f000003.tmp saved

.                                 codebook hhid;

-------------------------------------------------------------------------------------------
hhid                                                                           Household ID
-------------------------------------------------------------------------------------------

                  type:  numeric (double)

                 range:  [1.013e+09,4.193e+09]        units:  1
         unique values:  6775                     missing .:  0/6775

                  mean:   2.5e+09
              std. dev:   1.1e+09

           percentiles:        10%       25%       50%       75%       90%
                           1.0e+09   1.1e+09   2.2e+09   3.2e+09   4.1e+09

.         restore;

.                 sort hhid;

.         merge hhid using `spdomainreg_tpi';
variable hhid does not uniquely identify observations in the master data

.         tab _merge;

     _merge |      Freq.     Percent        Cum.
------------+-----------------------------------
          2 |        149        0.20        0.20
          3 |     73,489       99.80      100.00
------------+-----------------------------------
      Total |     73,638      100.00

.         drop _merge;

.         drop if product==.;
(149 observations deleted)

. codebook hhid;

-------------------------------------------------------------------------------------------
hhid                                                                           household id
-------------------------------------------------------------------------------------------

                  type:  numeric (double)

                 range:  [1.013e+09,4.193e+09]        units:  1
         unique values:  6626                     missing .:  0/73489

                  mean:   2.5e+09
              std. dev:   1.1e+09

           percentiles:        10%       25%       50%       75%       90%
                           1.0e+09   1.1e+09   2.2e+09   3.2e+09   4.1e+09

. tab spd;

     spdomain |      Freq.     Percent        Cum.
--------------+-----------------------------------
Central rural |     12,835       17.47       17.47
Central urban |      9,521       12.96       30.42
      Eastern |     16,510       22.47       52.89
     Northern |     19,218       26.15       79.04
      Western |     15,405       20.96      100.00
--------------+-----------------------------------
        Total |     73,489      100.00

. sum if spd>=3;

    Variable |       Obs        Mean    Std. Dev.       Min        Max
-------------+--------------------------------------------------------
        hhid |     51133    3.08e+09    7.88e+08   2.01e+09   4.19e+09
        unit |     51133           1           0          1          1
    food_cat |     51133           1           0          1          1
    quantity |     51133    2.919639    24.05671   .0000286   1643.714
       value |     51133    404.6522    616.3716   7.142857      14000
-------------+--------------------------------------------------------
     product |     51133    129.5207    15.42924        101        156
       count |     51133           1           0          1          1
    descript |     51133    129.5207    15.42924        101        156
      numreg |     51133    4.121956    1.395023          1          5
    survquar |     51133    2.471907    1.137181          1          4
-------------+--------------------------------------------------------
     reg_tpi |     51133    1.102654    .3035092          1          2
    spdomain |     51133     3.97839    .7897479          3          5

. table spdomain, content(mean quantity count quantity count hhid) row missing;

--------------------------------------------------------------
     spdomain | mean(quantity)     N(quantity)         N(hhid)
--------------+-----------------------------------------------
Central rural |        2.80433          12,835          12,835
Central urban |       2.548529           9,521           9,521
      Eastern |       3.254812          16,510          16,510
     Northern |       2.918863          19,218          19,218
      Western |       2.561393          15,405          15,405
              | 
        Total |        2.85142          73,489          73,489
--------------------------------------------------------------

.         drop if product==. | value==. | quantity==.  ;
(0 observations deleted)

. codebook hhid;

-------------------------------------------------------------------------------------------
hhid                                                                           household id
-------------------------------------------------------------------------------------------

                  type:  numeric (double)

                 range:  [1.013e+09,4.193e+09]        units:  1
         unique values:  6626                     missing .:  0/73489

                  mean:   2.5e+09
              std. dev:   1.1e+09

           percentiles:        10%       25%       50%       75%       90%
                           1.0e+09   1.1e+09   2.2e+09   3.2e+09   4.1e+09

. tab spd;

     spdomain |      Freq.     Percent        Cum.
--------------+-----------------------------------
Central rural |     12,835       17.47       17.47
Central urban |      9,521       12.96       30.42
      Eastern |     16,510       22.47       52.89
     Northern |     19,218       26.15       79.04
      Western |     15,405       20.96      100.00
--------------+-----------------------------------
        Total |     73,489      100.00

. ********************************************************************
> * Merge in temporal price index to convert nominal value to real
> ********************************************************************;
.         sort reg_tpi survquar;

.         merge reg_tpi survquar using "$path\work\temp_index_reg_tpi.dta";
variables reg_tpi survquar do not uniquely identify observations in the master data
(label lsurvquar already defined)

.         tab _merge;

     _merge |      Freq.     Percent        Cum.
------------+-----------------------------------
          3 |     73,489      100.00      100.00
------------+-----------------------------------
      Total |     73,489      100.00

.         drop if _merge ~= 3;
(0 observations deleted)

.         drop _merge;

.         gen value_r=value/tpi_trim;

. **************************************************************************;
. * Identify relatively poor households, based on nominal temporally adjusted
> * consumption per capita. Only work with these households for the price
> * calculations.
> **************************************************************************;
.                 preserve;

.                         use "$path/work/conpc.dta", clear;

. *                       use "$path/work/consump_nom.dta", clear;
. *CA modified to merge in work\hhdata.dta for bootstrap;
.         sort hhid;

.       merge hhid using "$path\work\hhdata.dta";

.       tab _m;

     _merge |      Freq.     Percent        Cum.
------------+-----------------------------------
          3 |      6,775      100.00      100.00
------------+-----------------------------------
      Total |      6,775      100.00

.       drop _m;

. *CA modified to keep bswt;
.                                 keep hhid hhweight hhsize cons_pc_nom bswt ;

.                                 sort hhid;

.                                 merge hhid using `spdomainreg_tpi';
(label spdomain_original already defined)
(label lsurvquar already defined)

.                                 tab _merge;

     _merge |      Freq.     Percent        Cum.
------------+-----------------------------------
          3 |      6,775      100.00      100.00
------------+-----------------------------------
      Total |      6,775      100.00

.                                 drop _merge;

.                                 sort reg_tpi survquar;

.                                 cap drop _merge;

.                                 merge reg_tpi survquar using "$path/work/temp_index_reg_t
> pi.dta";
variables reg_tpi survquar do not uniquely identify observations in the master data
(label lsurvquar already defined)

.                                 tab _merge;

     _merge |      Freq.     Percent        Cum.
------------+-----------------------------------
          3 |      6,775      100.00      100.00
------------+-----------------------------------
      Total |      6,775      100.00

.                                 drop _merge;

.                                 sort hhid;

.                                 merge hhid using "$path/work/conpc.dta";

.                                 tab _merge;

     _merge |      Freq.     Percent        Cum.
------------+-----------------------------------
          3 |      6,775      100.00      100.00
------------+-----------------------------------
      Total |      6,775      100.00

.                                 drop _merge;

.                                 gen food_pc_tpi  = food_pc_nom /tpi_trim;

.                                 lab var food_pc_tpi "Temp-adjusted per capita food consum
> ption/day";

.                                                                 * Non-food not TPI adjust
> ed ;
.                                 gen cons_pc_tpi = food_pc_tpi + nf_pc_nom;

.                                 lab var cons_pc_tpi "Temp adjusted total consumption/day"
> ;

.                                 gen one=1;

.                                 tempfile contpi;

.                                 save `contpi', replace;
(note: file C:\Users\TEMPLE~1\AppData\Local\Temp\ST_0f000005.tmp not found)
file C:\Users\TEMPLE~1\AppData\Local\Temp\ST_0f000005.tmp saved

.                                 collapse (p$bottom) one cons_pc_tpi [aw=hhsize*hhweight],
>  by(spdomain) ;

.                                 rename cons_pc_tpi pctile_60;

.                                 tempfile 60pct;

.                                 sort spdomain;

.                                 save `60pct', replace;
(note: file C:\Users\TEMPLE~1\AppData\Local\Temp\ST_0f000006.tmp not found)
file C:\Users\TEMPLE~1\AppData\Local\Temp\ST_0f000006.tmp saved

.                                 use `contpi';

.                                         sort spdomain;

.                                         merge spdomain using `60pct';
variable spdomain does not uniquely identify observations in the master data
(label spdomain_original already defined)

.                                         tab _merge;

     _merge |      Freq.     Percent        Cum.
------------+-----------------------------------
          3 |      6,775      100.00      100.00
------------+-----------------------------------
      Total |      6,775      100.00

.                                         drop _merge;

.                                         drop one;

.                                         sort spdomain;

.                                         gen bottom_basket=cons_pc_tpi< pctile_60;

.                                         by spdomain: tab bottom_basket [aw=hhsize*hhweigh
> t];

-------------------------------------------------------------------------------------------
-> spdomain = Central rural

bottom_bask |
         et |      Freq.     Percent        Cum.
------------+-----------------------------------
          0 | 588.909749       50.03       50.03
          1 | 588.090251       49.97      100.00
------------+-----------------------------------
      Total |      1,177      100.00

-------------------------------------------------------------------------------------------
-> spdomain = Central urban

bottom_bask |
         et |      Freq.     Percent        Cum.
------------+-----------------------------------
          0 | 404.557884       50.01       50.01
          1 | 404.442116       49.99      100.00
------------+-----------------------------------
      Total |        809      100.00

-------------------------------------------------------------------------------------------
-> spdomain = Eastern

bottom_bask |
         et |      Freq.     Percent        Cum.
------------+-----------------------------------
          0 | 704.348337       50.10       50.10
          1 | 701.651663       49.90      100.00
------------+-----------------------------------
      Total |      1,406      100.00

-------------------------------------------------------------------------------------------
-> spdomain = Northern

bottom_bask |
         et |      Freq.     Percent        Cum.
------------+-----------------------------------
          0 | 980.314357       50.12       50.12
          1 | 975.685643       49.88      100.00
------------+-----------------------------------
      Total |      1,956      100.00

-------------------------------------------------------------------------------------------
-> spdomain = Western

bottom_bask |
         et |      Freq.     Percent        Cum.
------------+-----------------------------------
          0 | 715.117058       50.11       50.11
          1 | 711.882942       49.89      100.00
------------+-----------------------------------
      Total |      1,427      100.00


.                                         lab var bottom_basket "=1 if in bottom (60%) of P
> CE";

.                                         sort hhid;

.                                                                 save "$path\work\bottom_b
> asket.dta", replace;
(note: file C:\Users\Templeton\Desktop\GAPP\GAPP-UGANDA-HARUNA\work\bottom_basket.dta not f
> ound)
file C:\Users\Templeton\Desktop\GAPP\GAPP-UGANDA-HARUNA\work\bottom_basket.dta saved

.         restore;

.         sort hhid;

.         merge hhid using "$path\work\bottom_basket.dta";
variable hhid does not uniquely identify observations in the master data
(label lsurvquar already defined)
(label spdomain_original already defined)

.         tab _merge;

     _merge |      Freq.     Percent        Cum.
------------+-----------------------------------
          2 |        149        0.20        0.20
          3 |     73,489       99.80      100.00
------------+-----------------------------------
      Total |     73,638      100.00

.         drop _merge;

.                         * Only keep price observations for the poor ;
.         keep if bottom_basket==1;
(44886 observations deleted)

.         **************************************************************************;
. * Toss out the bottom 5% and top 5% of the HH-LEVEL prices per kg in
> * for each spdomain & product combination. This should eliminate outliers
> * that may have an undue influence on the price calculation. 
> **************************************************************************;
.                 gen hhppkg=value_r/quantity;
(56 missing values generated)

.                 egen lower5=pctile(hhppkg), p(5) by(spdomain product);
(56 missing values generated)

.                 egen upper5=pctile(hhppkg), p(95) by(spdomain product);
(56 missing values generated)

. sum;

    Variable |       Obs        Mean    Std. Dev.       Min        Max
-------------+--------------------------------------------------------
        hhid |     28752    2.44e+09    1.15e+09   1.01e+09   4.19e+09
        unit |     28696           1           0          1          1
    food_cat |     28696           1           0          1          1
    quantity |     28696    1.800903    14.63513   .0000429   597.7143
       value |     28696    345.9726    509.9598   7.142857       9000
-------------+--------------------------------------------------------
     product |     28696    129.9646    15.73328        101        156
       count |     28696           1           0          1          1
    descript |     28696    129.9646    15.73328        101        156
      numreg |     28696    4.167549    1.358053          1          5
    survquar |     28752    2.488418     1.15701          1          4
-------------+--------------------------------------------------------
     reg_tpi |     28752    1.189517    .3919258          1          2
    spdomain |     28752    3.180127    1.381823          1          5
    tpi_trim |     28752     1.08852    .2414996   .9580296   1.796995
     value_r |     28696    330.3958    500.0525    3.97489   9141.279
 cons_pc_nom |     28752    1776.678    1271.323   78.55932   8604.082
-------------+--------------------------------------------------------
      hhsize |     28752    5.684926    2.615445          1         24
    hhweight |     28752    5155.673    4162.133        100      60164
        bswt |     28752           1           0          1          1
 cons_hh_nom |     28752    9304.952    7487.021   232.1918   106670.6
 food_pc_nom |     28752     798.954    531.7102          0   6142.857
-------------+--------------------------------------------------------
   nf_pc_nom |     28752    977.7238    904.5482   23.11263    6335.81
 food_pc_tpi |     28752    725.8338    408.3121          0   4307.103
 cons_pc_tpi |     28752    1703.558    1116.217    79.7216   6727.658
   pctile_60 |     28752    2732.737    1740.781   1356.659   6731.184
bottom_bas~t |     28752           1           0          1          1
-------------+--------------------------------------------------------
      hhppkg |     28696    1397.086    7297.265   1.674875    1015698
      lower5 |     28696    493.1585    498.5968   1.674875       3000
      upper5 |     28696    2462.966     2036.06   6.985338   13047.61

. describe;

Contains data from C:\Users\TEMPLE~1\AppData\Local\Temp\ST_0f000001.tmp
  obs:        28,752                          
 vars:            28                          29 Apr 2013 13:16
 size:     3,680,256                          
-------------------------------------------------------------------------------------------
              storage  display     value
variable name   type   format      label      variable label
-------------------------------------------------------------------------------------------
hhid            double %9.0g                  household id
unit            float  %10.0g                 set equal to one since all observations are
                                                converted into kg
food_cat        float  %9.0g                  food category equals 1, if product is food
                                                and 0 if non food
quantity        float  %9.0g                  daily quantity consumed in Kgs per person
value           float  %9.0g                  daily value of consumption in UGX per person
product         float  %9.0g                  food product code; numerical
count           float  %9.0g                  
descript        float  %9.0g                  product description equals 999 for all non
                                                foods
numreg          double %9.0g                  number of goods in the basket
survquar        float  %11.0g      lsurvquar
                                              Sequential Survey Quarter May-Jun 09=1)
reg_tpi         float  %9.0g                  
spdomain        float  %13.0g      spdomain_original
                                              
tpi_trim        float  %9.0g                  TRIMMED Temporal price index (Q4=1)
value_r         float  %9.0g                  
cons_pc_nom     float  %9.0g                  
hhsize          double %9.0g                  Household Size
hhweight        float  %9.0g                  Household sample weight
bswt            float  %9.0g                  
cons_hh_nom     double %9.0g                  (sum) cod_hh_nom
food_pc_nom     float  %9.0g                  nominal food consumption per capita
nf_pc_nom       float  %9.0g                  nominal non-food consumption per capita
food_pc_tpi     float  %9.0g                  Temp-adjusted per capita food consumption/day
cons_pc_tpi     float  %9.0g                  Temp adjusted total consumption/day
pctile_60       float  %9.0g                  (p 50) cons_pc_tpi
bottom_basket   float  %9.0g                  =1 if in bottom (60%) of PCE
hhppkg          float  %9.0g                  
lower5          float  %9.0g                  
upper5          float  %9.0g                  
-------------------------------------------------------------------------------------------
Sorted by:  
     Note:  dataset has changed since last saved

. keep if hhppkg-lower5>=0 & hhppkg-upper5<=0;
(2261 observations deleted)

. *********************************************************************
> * Note that we do prices in three ways. First, by summing quantity and value 
> * This average price price_unitw is thus quantity/value weighted. Second, we
> * calculate the price and take simple means for a transaction weighted
> * price, price_unitt. Last we take the median, price_unitm. But in the end
> * we only use price_unitw
> *********************************************************************;
.         gen price_unitt=value_r/(quantity*1000);

.         gen price_unitm=price_unitt;

.                 *CA modified to count the boot sample weight bswt;
.         collapse (sum) quantity value_r count bswt 
>                  (mean) price_unitt 
>                  (median) price_unitm [aw=hhweight], by(spdomain product);

.         *Generate weighted price per gram ;
.         gen price_unitw=value_r/(quantity*1000);

.         drop value_r quantity;

.         sort spdomain product;

.         lab var price_unitt "simple average of calculated prices - transaction weighted";

.         lab var price_unitm "median of prices";

.         lab var price_unitw "value share weighted mean prices";

. * Get an idea of the difference between the price measures;
.         gen ratiotw=price_unitt/price_unitw;

.         gen ratiomw=price_unitm/price_unitw;

.         sum ratiotw ratiomw;

    Variable |       Obs        Mean    Std. Dev.       Min        Max
-------------+--------------------------------------------------------
     ratiotw |       214    1.315346    1.078976   .9110717   15.86795
     ratiomw |       214    1.092297    .3363403   .6821865    3.57737

.         sort product;

.         merge product using "$path/work/codes_food_basket_flex.dta";
variable product does not uniquely identify observations in the master data

.         tab _m;

     _merge |      Freq.     Percent        Cum.
------------+-----------------------------------
          2 |          2        0.93        0.93
          3 |        214       99.07      100.00
------------+-----------------------------------
      Total |        216      100.00

.         count if _merge~=3;
    2

.         drop if _merge~=3;
(2 observations deleted)

.         drop _merge;

.         sort product spdomain;

. save "$path\work\price_unit_flex.dta", replace;
(note: file C:\Users\Templeton\Desktop\GAPP\GAPP-UGANDA-HARUNA\work\price_unit_flex.dta not
>  found)
file C:\Users\Templeton\Desktop\GAPP\GAPP-UGANDA-HARUNA\work\price_unit_flex.dta saved

. ****************************************************************************************
> * 110_price_unit_flex.do                (end)
> ****************************************************************************************;
. cap log close;
