-------------------------------------------------------------------------------------------
      name:  <unnamed>
       log:  C:\Users\Templeton\Desktop\GAPP\GAPP-UGANDA-HARUNA/rep/140_iterate.log
  log type:  text
 opened on:  17 May 2013, 09:52:49

. clear

. set more off

. #delimit ;
delimiter now ;
. *global povline_initial "$path\in\povlines_first_iof.dta";
. **************************************************************************
> * 140_iterate.do        (start)
> *
> * Purpose: Create flexible food basket and poverty line with iterative procedure
> *
> * This program will take the results from the first pass at the
> * poverty lines and applies the corresponding spatial deflator to
> * re-select the relatively poor, their consumption bundles, and
> * their prices.
> *
> * Welfare indicator is here always temporally and spatially adjusted per capita
> * expenditure. Here called cr_it< >.
> *
> * We will iterate this process 5 times which here assures convergence.
> *
> * CA, Mar 2010: Relatively poor are those below last iterated poverty line
> * MAH, Apr 2010: Cleaning
> * URB, feb 2012: Commented out "drop if unit~=2"
> **************************************************************************;
. /*
> This file uses:
>             in/povlines_first_new.dta
>         work\hhdata.dta
>         work\consump_nom.dta
>         work\own.dta
>         work\daily.dta
>         work\temp_index_reg_tpi.dta
>         work\cons_cod.dta
>         work\food_cat.dta
>         work\cons_real.dta
>         work\products.dta
>         work\match96_02.dta
>         new\conversions.do
>         
> This file creates (where `pass' is the number of the iteration):
>         work\codes_food_basket_flex_it`pass'.dta
>         work\price_unit_flex_it`pass'.dta
>         work\quan_flex_it`pass'.dta
>         work\match_cod_flex_it`pass'.csv
>         work\relpoor_it`pass'.dta
>         work\povlines_it`pass'.dta
>         work\foodshares_it`pass'.dta
>         work\nat_pov_flex.csv
>         work\rur_pov_flex.csv
>         work\strata_pov_flex.csv
>         work\spdomain_pov_flex.csv
>         work\reg_tpi_pov_flex.csv
> */
> 
> **************************************************************************;
. * Make a key file that will be used over and over, without change
> * in every iteration. This will include the TEMPORALLY deflated consumption
> * and various HH data such as hhweight, spdomain, etc.
> **************************************************************************;
. use "$path/work/conpc.dta";

.         sort hhid;

.         merg hhid using "$path\work\hhdata.dta";

.         tab _merge;

     _merge |      Freq.     Percent        Cum.
------------+-----------------------------------
          3 |      6,775      100.00      100.00
------------+-----------------------------------
      Total |      6,775      100.00

.         drop _merge;

.         sort reg_tpi survquar;

.         merge reg_tpi survquar using "$path/work/temp_index_reg_tpi.dta";
variables reg_tpi survquar do not uniquely identify observations in the master data
(label lsurvquar already defined)
(label REG_TPI already defined)

.         tab _merge;

     _merge |      Freq.     Percent        Cum.
------------+-----------------------------------
          3 |      6,775      100.00      100.00
------------+-----------------------------------
      Total |      6,775      100.00

.         drop _merge;

.                 gen food_pc_tpi = food_pc_nom /tpi_trim;

.         gen cons_pc_tpi = food_pc_tpi + nf_pc_nom;

.         lab var food_pc_tpi "Temp-adjusted per capita food consumption/day";

.         lab var cons_pc_tpi "Temp adjusted total consumption/day";

.         tempfile contpi;

.         sort hhid;

. save `contpi', replace;
(note: file C:\Users\TEMPLE~1\AppData\Local\Temp\ST_0j000001.tmp not found)
file C:\Users\TEMPLE~1\AppData\Local\Temp\ST_0j000001.tmp saved

. *use "$path\in\povlines_first_iterate.dta", clear;
. *save "$path/work/povlines_first.dta", replace;
. **************************************************************************;
. * Now set some information pertaining to the iterations. For now we'll
> * manually set the number of iterations. Also specify the percentile
> * cutpoint that we will use for defining the relatively poor.
> **************************************************************************;
. local lastpass=0;

. local pass=1;

. * Use these two lines to manually specify the number of iterations
> * and the cutpoint here in the do file.;
.   *local maxit=5;
.   *local cutpt=50;
. * Use these few lines if you want to specify the number of iterations
> * and percentile cutpoint by passing them as parameters on the command
> * line, e.g.:   wstata do new\iterate1.do 5 50;
. if "`1'"=="" | "`2'"=="" {      ;
.         di in red "Error: you need to specify number of iterations as first parameter";
.         di in red "       and percentile cutpoint as second parameter on command line.";
. };

. local maxit=`1';

. local cutpt=`2';

. tempfile cutoff;

. while `pass' <= `maxit' {;
  2.         **************************************************************************;
. **************************************************************************;
. * Pick out the bottom X percent in real consumption per capita 
> * (temporally & spatially adjusted), as ranked by the previous iteration.
> * The percentile to use is defined by "cutpt". This produces a file that
> * has the hhid, and a dummy variable indicating if they were below the
> * cutpoint on the last iteration.
> **************************************************************************;
. **************************************************************************;
. /*
> * Comment out if IOF 2008/09. (This code included instead of below code in order to repli
> cate published figures 2002/03). ( START ) ;
> 
>         if "`pass'"=="1" {      ;
>               use `contpi', clear;
>               sort spdomain;
>               merge spdomain using "$path/work/povlines_first.dta";
>               tab _m;
>               drop _m;
> *              gen relpoor`pass'= cons_pc_tpi<=cutoff;
>                gen relpoor`pass'= cons_pc_tpi if cons_pc_tpi<=cutoff;
>               rename cons_pc_tpi cr_it0;
>               sort hhid;
>          save "$path\work\relpoor_it`pass'.dta", replace;
> *        use "$path/work/cons_real.dta", clear;
> *              gen cr_it0=cr2;
>         };
>         
> 
> * Comment out if IOF 2008/09. (This code included instead of below code in order to repli
> cate published figures 2002/03). ( END ) ;
> */
> 
> 
> 
> * Comment out if IAF 2002/03. (This code below excluded in order to replicate published f
> igures 2002/03). ( START ) ;
.         if "`pass'"=="1" { ;
  3. * Find real income at cut point initially;
.                 use "$path/work/cons_real.dta", clear;
  4.                                     gen cr_it0=cr2;
  5.                         cap drop one;
  6.             gen one=1;
  7.                                     collapse (p`cutpt') one cr_it`lastpass' [aw=popwt]
>  ;
  8.                                     rename cr_it`lastpass' cutoff;
  9.                                     sort one;
 10.             save `cutoff', replace;
 11.  * Find relatively poor initially;
.             use "$path/work/cons_real.dta", clear;
 12.                                                 gen cr_it`lastpass'=cr2;
 13.             cap drop one;
 14.             gen one=1;
 15.                                     sort one;
 16.             merge one using `cutoff';
 17.             tab _merge;
 18.             drop _merge;
 19.                                     drop one;
 20.                            gen relpoor`pass'=cr_it`lastpass'<=cutoff;
 21.             *lab var relpoor`pass' "=1 if in bottom of PCE";
.                                     tab relpoor`pass' [aw=popwt];
 22.                                     keep hhid cr_it`lastpass' relpoor`pass' popwt;
 23.             sort hhid;
 24.         save $path\work\relpoor_it`pass'.dta, replace;
 25.         };
 26. * Comment out if IAF 2002/03. (This code below excluded in order to replicate publishe
> d figures 2002/03). ( END ) ;
.                 if `pass'>1 {   ;
 27. * Find real income at cut point in iteration number `pass' ;
.                 use "$path/work/cons_real_it`lastpass'.dta" , clear;
 28.                                                 cap drop one;
 29.                 gen one=1;
 30.                                                                 *CA modified from hhwe
> ight*hhsize to popwt;
.                 collapse (p`cutpt') one cr_it`lastpass' [aw=popwt] ;
 31.                         rename cr_it`lastpass' cutoff;
 32.                                                                         sort one;
 33.         save `cutoff', replace;
 34.         * Find relatively poor in iteration number `pass' ;
.                 use "$path/work/cons_real_it`lastpass'.dta", clear;
 35.                                                 cap drop one;
 36.                 gen one=1;
 37.                                                 sort one;
 38.                 merge one using `cutoff';
 39.                 tab _merge;
 40.                 drop _merge;
 41.                                                 drop one;
 42.                 gen relpoor`pass'=cr_it`lastpass'<=cutoff;
 43.                 *lab var relpoor`pass' "=1 if in bottom of PCE";
.                                                 tab relpoor`pass' [aw=popwt];
 44. *CA modified to popwt above and to keep popwt below;
.                 keep hhid cr_it`lastpass' relpoor`pass' popwt;
 45.                 sort hhid;
 46.         save "$path\work\relpoor_it`pass'.dta", replace;
 47.         };
 48.         **************************************************************************;
. * Get the consumption file, and select only those codes that are food,
> * using our definition of "food", which includes alcoholic beverages.
> **************************************************************************;
.         use "$path/work/cons_cod.dta", clear;
 49. *CA modified to merge in work\hhdata.dta for bootstrap;
.     sort hhid;
 50.     merge hhid using "$path\work\hhdata.dta";
 51.     tab _m;
 52.     drop _m;
 53.         /*
>                 sort product;
>                 merge product using "$path/work/food_cat.dta";
>                 tab _merge;
>                 keep if _merge==3;
>                 drop _merge;
> */
> 
>                                 * Only food transactions ;
.                 keep if food_cat;
 54.                 sort hhid;
 55. **************************************************************************;
. * Merge with file that has temporally AND spatially adjusted consumption
> * per capita from the previous iteration, and also identifies those below 
> * the cutoff. Then select only those who are below the cutoff.
> **************************************************************************;
.                 merge hhid using "$path\work\relpoor_it`pass'.dta";
 56.                 tab _merge;
 57.                 drop _merge;
 58.                                 * Keep only transactions by the poor ;
.                 keep if relpoor`pass';
 59. **************************************************************************;
. * Calculate HH level food shares. Since we're only doing shares here, we can
> * work with the expenditures without doing temporal adjustment.
> **************************************************************************;
.                 gen  food_expenditure = cod_hh_nom3;
 60.                 *gen  food_expenditure= own_valued + daily_valued + monthly_valued + e
> duc_valued;
.                 egen tot_food_expen= sum (food_expen), by (hhid) ;
 61.                 count if food_expenditure==.;
 62.                 count if tot_food_expen==.;
 63.                 gen food_share= food_expenditure/tot_food_expen;
 64.                 count if food_share==.;
 65.                 drop if food_share==.;
 66.                 sort hhid product;
 67.                 tempfile foodshares;
 68.         save `foodshares', replace;
 69. ********************************************************************************;
. * Now find the total (economy wise, e.g. not by HH) shares by each product in
> * order to select the most important goods in each domain's basket.
> ********************************************************************************;
.                 collapse (mean) hhweight spdomain, by (hhid);
 70.                 sort hhid ;
 71.                  collapse (sum) hhweight , by(spdomain);
 72.                 rename hhweight tothhweight;
 73.                 tempfile tothhweight;
 74.                 sort spdomain;
 75.         save `tothhweight', replace;
 76.         use `foodshares', clear;
 77.                 sort spdomain;
 78.                 merge spdomain using `tothhweight';
 79.                 tab _merge;
 80.                 drop _merge;
 81.                 sort spdomain product;
 82.                 gen f_share_w`pass'=(food_share*hhweight)/tothhweight;
 83.                 collapse (sum) f_share_w`pass', by(spdomain product descript);
 84.                                sort spdomain f_share_w`pass';
 85.                 by spdomain: gen cumshr`pass'= sum(f_share_w`pass');
 86.                 count if cumshr`pass'<=.075;
 87.                 drop if cumshr`pass'<=.075;
 88.                 lab var f_share_w`pass' "average food share for the 13 spatial domains
> ";
 89.         save `foodshares', replace;
 90.                                                 * Number of spatials domains a food pr
> oduct appears ;
.                 gen numreg=1;
 91.                 collapse (sum) numreg cumshr`pass', by (product descript);
 92.                 keep product numreg descript;
 93.                 display _N;
 94.                 sort product;
 95.                                 * Include food product labels ;
. *                merge product using "$path\work\products.dta";
. *                tab _merge;
. *                keep if _merge==3;
.                 keep product descript numreg;
 96.                   sort product;
 97.                      display _N;
 98.           save "$path\work\codes_food_basket_flex_it`pass'.dta", replace;
 99. **************************************************************************;
. **************************************************************************;
. * That is pretty much the part equivalent to "100_food_basket_flex.do",
> * which figures out the food shares for the relevant reference group. Now
> * we figure out the prices with a code stream that is adapted from
> * "110_price_unit_flex.do".
> **************************************************************************;
. **************************************************************************;
. **************************************************************************************
> * Create sorted data set with daily + own expenditure and the matched codes
> **************************************************************************************;
. use "$path/in/cons_cod_trans.dta", clear;
100. *save "$path/work/cons_cod_trans.dta", replace;
. *drop value   ;
. *drop quantity;
. keep hhid product food_cat valuez quantityz unit;
101. rename valuez    value;
102. rename quantityz quantity;
103. *drop count;
. drop if quantity==0 ;
104.         tempfile dd_acsort;
105.         save    `dd_acsort', replace;
106. /*
>         use "$path\work\daily.dta", clear;
>                 drop days;
>                 sort product;
>                 tempfile dd_acsort;
>         save `dd_acsort', replace;
>         
>         use "$path\work\own.dta", clear;
>                 keep hhid product valued quantityd unit;
>                 rename valued value;
>                 rename quantityd quantity;
>         
>                 *CHECK THE ZEROS IN quantity FOR NOW DELETE;
>                 drop if quantity==0;
>         
>                 append using `dd_acsort';
> */
> 
>                 *CA modified to insert work\hhdata.dta for bootstrap;
.                 sort hhid;
107.                 merge hhid using "$path\work\hhdata.dta";
108.                 tab _m;
109.                  drop if _m==2;
110.                 drop _m;
111.                                 sort product;
112.                 gen count=1;
113.         save `dd_acsort', replace;
114.         **************************************************************************;
. * Merge the basket codes with the dd  and own data sets.
> * Drop all codes not a part of the flexible food basket
> **************************************************************************;
.                 merge product using "$path\work\codes_food_basket_flex_it`pass'.dta";
115.                         tab _merge;
116.                 drop if _merge~=3;
117.                 drop _merge;
118. **************************************************************************************
> * Drop observations where product code, quantity or value information is unavailable
> **************************************************************************************;
.                 drop if product==. | value==. | quantity==.  ;
119.         ******************************************************************************
> ********
> * Convert non-KG quantities (units, liters) into kilograms
> **************************************************************************************;
. *do "$path\new\110a_conversions.do"
> 
> ********************************************************************
> * There remain a few difficult to interpret observations such as liters
> * of fish and liters of pasta. These are dropped.
> ********************************************************************;
. *                $MZ drop if unit~=2;
.         **************************************************************************;
. * Bring in the spdomain and reg_tpi variables, and also the information on
> * relatively poor households.
> **************************************************************************;
.                 preserve;
120.                                                 * Temporally adjusted expenditure ;
.                         use `contpi', clear;
121.                                 keep hhid hhweight spdomain reg_tpi survquar tpi_trim 
> cons_pc_tpi ;
122.                                 sort hhid;
123.                                 tempfile hhd2;
124.                         save `hhd2', replace;
125.                 restore;
126.                                 compress;
127.                 sort hhid;
128.                 merge hhid using `hhd2';
129.                 tab _merge;
130.                 drop _merge;
131.                 sort hhid;
132.                 merge hhid using "$path\work\relpoor_it`pass'.dta";
133.                 tab _merge;
134.                 drop _merge;
135.                                                 * Keep nominal food transactions by po
> or people ;
.                 keep if relpoor`pass';
136.                 drop if product==.;
137.                                                                 * Temporally deflate t
> ransaction values ;
.                 gen value_r=value/tpi_trim;
138. **************************************************************************;
. * Toss out the bottom 5% and top 5% of the HH-LEVEL prices per kg in
> * each spdomain & product combination. This should eliminate outliers
> * that may have an undue influence on the price calculation. 
> **************************************************************************;
.                 gen hhppkg=value_r/quantity;
139.                 egen lower5=pctile(hhppkg), p(5)  by(spdomain product);
140.                 egen upper5=pctile(hhppkg), p(95) by(spdomain product);
141.                 keep if hhppkg>=lower5 & hhppkg<=upper5;
142. *********************************************************************
> * Note that we do prices in three ways. First, by summing quantity and value 
> * This average price price_uw is thus quantity/value weighted. Second, we
> * calculate the price and take simple means for a transaction weighted
> * price, price_ut. Last we take the median, price_um. But in the end
> * we only use price_unitw
> *********************************************************************;
.                 gen price_ut`pass'=value_r/(quantity*1000);
143.                 gen price_um`pass'=price_ut;
144.                 collapse (sum) 
>                         quantity value_r count bswt (mean) price_ut (median) price_um [aw
> =hhweight], 
>                         by(spdomain product);
145.                 *Generate weighted price per gram ;
.                 gen price_uw`pass'=value_r/(quantity*1000);
146.                 drop value_r quantity;
147.                 sort spdomain product;
148.                 lab var price_ut`pass' "Average of calculated prices - transaction wei
> ghted";
149.                 lab var price_um`pass' "Median of prices";
150.                 lab var price_uw`pass' "Value share weighted mean prices";
151. * Get an idea of the difference between the price measures;
.                 gen ratiotw`pass'=price_ut`pass'/price_uw`pass';
152.                 gen ratiomw`pass'=price_um`pass'/price_uw`pass';
153.                 sum ratiotw`pass' ratiomw`pass';
154.                 sort product;
155.                 merge product using "$path/work/codes_food_basket_flex_it`pass'.dta";
156.                 tab _m;
157.                 count if _merge~=3;
158.                 drop if _merge~=3;
159.                 drop _merge;
160.                 sort product spdomain;
161.         save "$path\work\price_unit_flex_it`pass'.dta", replace;
162. **************************************************************************;
. **************************************************************************;
. * That concludes the prices part. Now we move to calculating the food
> * poverty lines, which draws code from "120_povline_flex.do" with very few
> * changes:
> * - The changes facilitate accumulating vectors
> *   of intermediate results across iterations, rather than generating a
> *   bunch of new files.
> **************************************************************************;
. **************************************************************************;
. **************************************************************************;
. * Use the file with the food basket (`foodshares'), which is in shares. 
> * Then merge it with the prices file, and then with the calories file.
> * Along the way, drop those observations where we have no price information
> * or no calorie information, but list them out.
> **************************************************************************;
.         use `foodshares', clear;
163.                 sort product spdomain;
164.                 merge product spdomain using "$path\work\price_unit_flex_it`pass'.dta"
> ;
165.                         tab _merge;
166.                 list product spdomain descript if _merge==1;
167.                         drop if _merge ~=3;
168.                 drop _merge;
169.                 sort product;
170.                         merge product using "$path\work\calperg.dta";
171.                 tab _merge;
172.                                                 * This tells where we are lacking calo
> rie info or are lacking quantity info due to 
>                 * missing price info above;
.                 list product spdomain descript if _merge==1;
173.                         drop if _merge~=3;
174.                 drop _merge;
175.                 sort spdomain f_share_w`pass';
176.                                 *CA modified to change count bswt;
.                 by spdomain: count if round(bswt)<10;
177.                                 sum bswt;
178.                                                 drop if round(bswt) < 10;
179.                                                                 * Total food share in 
> spatial domain ;
.                 by spdomain: egen baskshr=sum(f_share_w`pass');
180.                                 * Cumulated food share in spatial domain ;
.                 by spdomain: gen  cumshr =sum(f_share_w`pass');
181.                 drop if cumshr<=baskshr-.9;
182.                         drop baskshr;
183.                 by spdomain: egen baskshr=sum(f_share_w`pass');
184.                 tabstat baskshr , by(spdomain) st(n mean sd min max);
185.                                                                 * How many grams in 1 
> MT exp on food item ;
.                                 gen quan`pass'=f_share_w`pass'/price_uw`pass';
186.                                 * How many calories in 1 MT exp on food item ;
.                 gen cal_ir`pass'=quan`pass'*calperg;
187.                                 * how many calories in 1 MT exp in food basket ;
.                 by spdomain: egen calreg=sum(cal_ir);
188.                         sort spdomain;
189.                 merge spdomain using "$path\work\calpp.dta";
190.                 tab _merge;
191.                 drop _merge;
192.                                                         * get the expansion factor to 
> hit 95% of calorie requirements ;
.                 gen ratio=.95*calpp/calreg;
193.                         replace quan`pass'=quan`pass'*ratio;
194.                 replace cal_ir`pass'=quan`pass'*calperg;
195.                         sort spdomain product;
196.                 by spdomain: egen chkcal=sum(cal_ir`pass');
197.                 replace chkcal=chkcal/.95-calpp ;
198.                                                 tabstat chkcal , by(spdomain) st(n mea
> n sd min max);
199.                         gen val_ir`pass'=quan`pass'*price_uw`pass';
200.                         by spdomain: egen povline_f_flex90_`pass'=sum(val_ir`pass');
201.                 replace povline_f=povline_f_flex90_`pass'/.9;
202.                 *drop product96;
. keep product spdomain quan`pass'  price_uw`pass' val_ir`pass' povline_f_flex90_`pass' cal
> pp calperg;
203.                     save "$path\work\quan_flex_it`pass'.dta", replace;
204.                         collapse (mean) povline_f_flex90_`pass', by (spdomain);
205.                                                 keep spdomain povline_f_flex90_`pass';
206.                 sort spdomain;
207.                 save "$path\work\povline_food_flex_it`pass'.dta", replace;
208.         **************************************************************************;
. **************************************************************************;
. * Now comes the part that draws the non-food and total poverty lines,
> * and generates estimates of poverty measures. This is drawn from 
> * "130_povmeas_flex.do" with a few changes.
> **************************************************************************;
. **************************************************************************;
. **************************************************************************
> * Calculate non-food expenditure for HH around the food poverty line
> *
> * Develop a discrete triangular weighted distribution. This gives a
> * weight of  1 to HH at +/- 18-20% from food poverty line, and
> * weight of  2 to HH at +/- 16-18% from food poverty line, and ...
> * weight of 10 to HH at +/-  0- 2% from food poverty line.
> * This weight is called triwt below.
> **************************************************************************;
.         use `contpi', clear;
209.                 sort spdomain;
210.                 merge spdomain using "$path/work/povline_food_flex_it`pass'.dta";
211.                 tab _merge;
212.                 drop _merge;
213.                 gen triwt=0 ;
214.                 replace triwt = 11 - round(50*abs(cons_pc_tpi/povline_f_flex90_`pass'-
> 1)+0.5)
>                 if abs(cons_pc_tpi/povline_f_flex90_`pass'-1)<=0.2;
215.                                                                 * Nearness to poverty 
> line and population weights ;
.                 gen tripopwt=triwt*hhweight*hhsize;
216.                                                 preserve;
217.                         collapse (mean) nf_pc_nom [aw=tripopwt] ,
>                                 by(spdomain);
218.                         rename nf_pc_nom povline_nf_flex`pass';
219.                         lab var povline_nf_flex`pass' "Nonfood poverty line. Flexible 
> bundle";
220.                         tempfile znf;
221.                         sort spdomain;
222.                         save `znf', replace;
223.                                                                 restore;
224.                                 sort spdomain;
225.                 merge spdomain using `znf';
226.                 tab _merge;
227.                 drop _merge;
228. **************************************************************************
> * Poverty line is the sum of the food and non-food poverty lines
> **************************************************************************;
.                 gen povline_flex`pass'=povline_f_flex90_`pass' + povline_nf_flex`pass';
229. keep spdomain povline_flex`pass';
230.                 sort spdomain;
231.         save "$path\work\povlines_it`pass'.dta", replace;
232. **************************************************************************;
. * Create spatial price index, based on the total poverty line, with
> * adjustment so that mean (and total) nominal consumption equals
> * mean (and total) spatially deflated consumption.
> *
> * Choose arbitrary strata to be the base at first: we just use the first stratum.
> **************************************************************************;
.         use `contpi', clear;
233.                 sort spdomain;
234.                 merge spdomain using "$path\work\povlines_it`pass'.dta";
235.                 tab _merge;
236.                 drop _merge;
237.                 gen cr= cons_pc_tpi ;
238.                 gen linpob`pass'=povline_flex`pass';
239.                 qui sum linpob`pass' if spdomain==1, meanonly;
240.                 global spi_base=r(mean);
241.                 gen spi`pass'=linpob`pass'/$spi_base;
242.                 gen cr_it`pass'=cr/spi`pass';
243.                 qui sum cr [aw=hhweight*hhsize];
244.                 global sumcr=r(sum);
245.                 qui sum cr_it`pass' [aw=hhweight*hhsize];
246.                 global sumcr2=r(sum);
247.                 replace spi`pass'=spi`pass'*$sumcr2/$sumcr;
248.                 gen linpobr`pass'=linpob`pass'/spi`pass';
249.                 replace cr_it`pass'=cr/spi`pass';
250.                 su cr cr_it`pass' linpob`pass' linpobr`pass' [aw=hhweight*hhsize];
251.                 lab var cr "Temporally-adjusted cons pc";
252.                 lab var cr_it`pass' "Spatially & temporally adjusted cons pc";
253.                 lab var linpob`pass' "Poverty line";
254.                 lab var linpobr`pass' "Real poverty line";
255.                 lab var spi`pass' "Spatial price index";
256.                 gen linpob=linpob`pass';
257. **************************************************************************
> * calculate poverty measures with the flexible food bundle
> **************************************************************************;
.                 gen h=100 if cr_it`pass'<=linpobr`pass' & linpobr`pass'~=. & cr_it`pass'~
> =.;
258.                 replace  h   = 0 if cr_it`pass' > linpobr`pass' & linpobr`pass'~=. & c
> r_it`pass'~=.;
259.                 gen      pg  = ((linpobr`pass' - cr_it`pass' )/linpobr`pass') *100;
260.                 replace  pg  = 0             if h==0;
261.                 gen      spg = ((( linpobr`pass' - cr_it`pass' )/ linpobr`pass' )^2)*1
> 00;
262.                 replace  spg = 0             if h==0;
263.                 gen h_flex`pass'  =h;
264.                 gen pg_flex`pass' =pg;
265.                 gen spg_flex`pass'=spg;
266.                                 lab var h_flex`pass'   "Poverty headcount. Flexible bu
> ndle";
267.                 lab var pg_flex`pass'  "Poverty gap. Flexible bundle";
268.                 lab var spg_flex`pass' "Squared poverty gap. Flexible bundle";
269.                 gen popwt=hhsize*hhweight;
270.                         * Stata 10.1 syntax ;
.                         svyset , clear;
271.                         svyset [pweight=popwt] , str(strata) psu(psu);
272.                 svy: mean h_flex`pass' pg_flex`pass' spg_flex`pass';
273.                 svy: mean h_flex`pass' pg_flex`pass' spg_flex`pass' , over(rural);
274.                 svy: mean h_flex`pass' pg_flex`pass' spg_flex`pass' , over(strata);
275.                 svy: mean h_flex`pass' pg_flex`pass' spg_flex`pass' , over(strata rura
> l);
276.                 svy: mean h_flex`pass' pg_flex`pass' spg_flex`pass' , over(spdomain);
277. *preserve;
. keep hhid popwt cr_it`pass' h_flex`pass' pg_flex`pass' spg_flex`pass' rural news reg_tpi 
> strata spdomain;
278.                 compress;
279.                 sort hhid;
280.         save "$path/work/cons_real_it`pass'.dta" , replace;
281. *restore;
.                                 * New cutoff point (percentile) to use in next iteration 
> is equal to the poverty ;
.                 * rate in this iteration ;
.                                                 sum h_flex`pass' [aw=popwt] ;
282.                                 * Comment out next line for IAF 2002/03 in order to re
> plicate official figures ( START );
.                 * URB: In this case, we just use the poorest 50% as there are too few act
> ually poor to calculate the bundle and prices..;
.                 local cutpt= $tpi_bottom;
283. *               local cutpt= round(r(mean));
.                 * Comment out next line for IAF 2002/03 in order to replicate official fi
> gures ( END );
. *       save foodshares tempfile to disk;
.         use `foodshares', clear;
284.         save "$path/work/foodshares_it`pass'.dta", replace;
285.         local lastpass = `pass';
286.         local pass = `pass' + 1;
287.         };
(note: file C:\Users\TEMPLE~1\AppData\Local\Temp\ST_0j000002.tmp not found)
file C:\Users\TEMPLE~1\AppData\Local\Temp\ST_0j000002.tmp saved
variable one does not uniquely identify observations in the master data

     _merge |      Freq.     Percent        Cum.
------------+-----------------------------------
          3 |      6,775      100.00      100.00
------------+-----------------------------------
      Total |      6,775      100.00

   relpoor1 |      Freq.     Percent        Cum.
------------+-----------------------------------
          0 | 3,383.6329       49.94       49.94
          1 | 3,391.3671       50.06      100.00
------------+-----------------------------------
      Total |      6,775      100.00
file C:\Users\Templeton\Desktop\GAPP\GAPP-UGANDA-HARUNA\work\relpoor_it1.dta saved
variable hhid does not uniquely identify observations in the master data

     _merge |      Freq.     Percent        Cum.
------------+-----------------------------------
          3 |    412,045      100.00      100.00
------------+-----------------------------------
      Total |    412,045      100.00
(0 observations deleted)
variable hhid does not uniquely identify observations in the master data

     _merge |      Freq.     Percent        Cum.
------------+-----------------------------------
          3 |    412,045      100.00      100.00
------------+-----------------------------------
      Total |    412,045      100.00
(236874 observations deleted)
(140592 missing values generated)
140592
    0
(140703 missing values generated)
140703
(140703 observations deleted)
(note: file C:\Users\TEMPLE~1\AppData\Local\Temp\ST_0j000003.tmp not found)
file C:\Users\TEMPLE~1\AppData\Local\Temp\ST_0j000003.tmp saved
(note: file C:\Users\TEMPLE~1\AppData\Local\Temp\ST_0j000004.tmp not found)
file C:\Users\TEMPLE~1\AppData\Local\Temp\ST_0j000004.tmp saved
variable spdomain does not uniquely identify observations in the master data

     _merge |      Freq.     Percent        Cum.
------------+-----------------------------------
          3 |     34,468      100.00      100.00
------------+-----------------------------------
      Total |     34,468      100.00
  152
(152 observations deleted)
file C:\Users\TEMPLE~1\AppData\Local\Temp\ST_0j000003.tmp saved
44
44
file C:\Users\Templeton\Desktop\GAPP\GAPP-UGANDA-HARUNA\work\codes_food_basket_flex_it1.dta
>  saved
(4392 observations deleted)
(note: file C:\Users\TEMPLE~1\AppData\Local\Temp\ST_0j000005.tmp not found)
file C:\Users\TEMPLE~1\AppData\Local\Temp\ST_0j000005.tmp saved
variable hhid does not uniquely identify observations in the master data

     _merge |      Freq.     Percent        Cum.
------------+-----------------------------------
          2 |         14        0.02        0.02
          3 |     85,204       99.98      100.00
------------+-----------------------------------
      Total |     85,218      100.00
(14 observations deleted)
file C:\Users\TEMPLE~1\AppData\Local\Temp\ST_0j000005.tmp saved
variable product does not uniquely identify observations in the master data

     _merge |      Freq.     Percent        Cum.
------------+-----------------------------------
          1 |     10,946       12.85       12.85
          3 |     74,258       87.15      100.00
------------+-----------------------------------
      Total |     85,204      100.00
(10946 observations deleted)
(0 observations deleted)
(note: file C:\Users\TEMPLE~1\AppData\Local\Temp\ST_0j000007.tmp not found)
file C:\Users\TEMPLE~1\AppData\Local\Temp\ST_0j000007.tmp saved
product was float now int
unit was float now byte
food_cat was float now byte
rmult was float now int
poor09 was float now byte
survquar was float now byte
survmon was float now byte
rural was float now byte
news was float now byte
bswt was float now byte
spdomain was float now byte
reg_tpi was float now byte
count was float now byte
descript was float now byte
hhsize was double now byte
numreg was double now byte
variable hhid does not uniquely identify observations in the master data
survquar was byte now float
spdomain was byte now float
reg_tpi was byte now float
(label lsurvquar already defined)
(label spdomain_original already defined)
(label REG_TPI already defined)

     _merge |      Freq.     Percent        Cum.
------------+-----------------------------------
          2 |         31        0.04        0.04
          3 |     74,258       99.96      100.00
------------+-----------------------------------
      Total |     74,289      100.00
variable hhid does not uniquely identify observations in the master data

     _merge |      Freq.     Percent        Cum.
------------+-----------------------------------
          3 |     74,289      100.00      100.00
------------+-----------------------------------
      Total |     74,289      100.00
(45613 observations deleted)
(12 observations deleted)
(2155 observations deleted)

    Variable |       Obs        Mean    Std. Dev.       Min        Max
-------------+--------------------------------------------------------
    ratiotw1 |       217    1.247441    .4433226   .8475722   3.914069
    ratiomw1 |       217    1.070104    .3490706    .245101   3.711278
variable product does not uniquely identify observations in the master data
product was int now float

     _merge |      Freq.     Percent        Cum.
------------+-----------------------------------
          3 |        217      100.00      100.00
------------+-----------------------------------
      Total |        217      100.00
    0
(0 observations deleted)
file C:\Users\Templeton\Desktop\GAPP\GAPP-UGANDA-HARUNA\work\price_unit_flex_it1.dta saved
(label spdomain_original already defined)

     _merge |      Freq.     Percent        Cum.
------------+-----------------------------------
          2 |         66       30.41       30.41
          3 |        151       69.59      100.00
------------+-----------------------------------
      Total |        217      100.00
(66 observations deleted)
variable product does not uniquely identify observations in the master data
(note: descript is str26 in using data but will be float now)

     _merge |      Freq.     Percent        Cum.
------------+-----------------------------------
          2 |         18       10.65       10.65
          3 |        151       89.35      100.00
------------+-----------------------------------
      Total |        169      100.00
(18 observations deleted)

-------------------------------------------------------------------------------------------
-> spdomain = Central rural
    1
-------------------------------------------------------------------------------------------
-> spdomain = Central urban
    3
-------------------------------------------------------------------------------------------
-> spdomain = Eastern
    0
-------------------------------------------------------------------------------------------
-> spdomain = Northern
    0
-------------------------------------------------------------------------------------------
-> spdomain = Western
    0

    Variable |       Obs        Mean    Std. Dev.       Min        Max
-------------+--------------------------------------------------------
        bswt |       151    164.1126    155.3915          3       1008
(4 observations deleted)
(13 observations deleted)

Summary for variables: baskshr
     by categories of: spdomain 

     spdomain |         N      mean        sd       min       max
--------------+--------------------------------------------------
Central rural |        27  .9030533         0  .9030533  .9030533
Central urban |        26  .8975494         0  .8975494  .8975494
      Eastern |        27  .9073457         0  .9073457  .9073457
     Northern |        26  .9010311         0  .9010311  .9010311
      Western |        28   .901266         0   .901266   .901266
--------------+--------------------------------------------------
        Total |       134  .9020844  .0031919  .8975494  .9073457
-----------------------------------------------------------------
variable spdomain does not uniquely identify observations in the master data

     _merge |      Freq.     Percent        Cum.
------------+-----------------------------------
          3 |        134      100.00      100.00
------------+-----------------------------------
      Total |        134      100.00
(134 real changes made)
(128 real changes made)
(134 real changes made)

Summary for variables: chkcal
     by categories of: spdomain 

     spdomain |         N      mean        sd       min       max
--------------+--------------------------------------------------
Central rural |        27  .0000257         0  .0000257  .0000257
Central urban |        26  .0000771         0  .0000771  .0000771
      Eastern |        27 -.0001156         0 -.0001156 -.0001156
     Northern |        26  .0001156         0  .0001156  .0001156
      Western |        28  .0000128         0  .0000128  .0000128
--------------+--------------------------------------------------
        Total |       134   .000022  .0000786 -.0001156  .0001156
-----------------------------------------------------------------
(134 real changes made)
file C:\Users\Templeton\Desktop\GAPP\GAPP-UGANDA-HARUNA\work\quan_flex_it1.dta saved
file C:\Users\Templeton\Desktop\GAPP\GAPP-UGANDA-HARUNA\work\povline_food_flex_it1.dta save
> d
variable spdomain does not uniquely identify observations in the master data
(label spdomain_original already defined)

     _merge |      Freq.     Percent        Cum.
------------+-----------------------------------
          3 |      6,775      100.00      100.00
------------+-----------------------------------
      Total |      6,775      100.00
(342 real changes made)
(note: file C:\Users\TEMPLE~1\AppData\Local\Temp\ST_0j000009.tmp not found)
file C:\Users\TEMPLE~1\AppData\Local\Temp\ST_0j000009.tmp saved
variable spdomain does not uniquely identify observations in the master data
(label spdomain_original already defined)

     _merge |      Freq.     Percent        Cum.
------------+-----------------------------------
          3 |      6,775      100.00      100.00
------------+-----------------------------------
      Total |      6,775      100.00
file C:\Users\Templeton\Desktop\GAPP\GAPP-UGANDA-HARUNA\work\povlines_it1.dta saved
variable spdomain does not uniquely identify observations in the master data
variable spdomain does not uniquely identify observations in
    C:\Users\Templeton\Desktop\GAPP\GAPP-UGANDA-HARUNA\work\povlines_it1.dta
(label spdomain_original already defined)

     _merge |      Freq.     Percent        Cum.
------------+-----------------------------------
          3 |      6,775      100.00      100.00
------------+-----------------------------------
      Total |      6,775      100.00
(6775 real changes made)
(6775 real changes made)

    Variable |     Obs      Weight        Mean   Std. Dev.       Min        Max
-------------+-----------------------------------------------------------------
          cr |    6775   200636622    9416.597   395671.8   82.64046   8.12e+07
      cr_it1 |    6775   200636622    9416.597   341352.4   79.40727   6.99e+07
     linpob1 |    6775   200636622    976.8536   147.7771   793.6638   1275.906
    linpobr1 |    6775   200636622    1099.262   .0000606   1099.262   1099.262
(5905 missing values generated)
(5905 real changes made)
(5905 real changes made)
(5905 real changes made)

      pweight: popwt
          VCE: linearized
  Single unit: missing
     Strata 1: strata
         SU 1: psu
        FPC 1: <zero>
(running mean on estimation sample)

Survey: Mean estimation

Number of strata =      10       Number of obs    =       6775
Number of PSUs   =     711       Population size  =  200636622
                                 Design df        =        701

--------------------------------------------------------------
             |             Linearized
             |       Mean   Std. Err.     [95% Conf. Interval]
-------------+------------------------------------------------
     h_flex1 |   11.64925   .7848509      10.10831    13.19019
    pg_flex1 |   3.035668   .2401986      2.564073    3.507262
   spg_flex1 |   1.241552   .1283847      .9894873    1.493617
--------------------------------------------------------------
(running mean on estimation sample)

Survey: Mean estimation

Number of strata =      10       Number of obs    =       6775
Number of PSUs   =     711       Population size  =  200636622
                                 Design df        =        701

        Urban: rural = Urban
        Rural: rural = Rural

--------------------------------------------------------------
             |             Linearized
        Over |       Mean   Std. Err.     [95% Conf. Interval]
-------------+------------------------------------------------
h_flex1      |
       Urban |    3.09348   1.002434      1.125347    5.061614
       Rural |    12.9561   .8699076      11.24816    14.66404
-------------+------------------------------------------------
pg_flex1     |
       Urban |   .5345906   .1474842      .2450269    .8241543
       Rural |   3.417694   .2718319      2.883991    3.951396
-------------+------------------------------------------------
spg_flex1    |
       Urban |   .1463671   .0489116      .0503362    .2423979
       Rural |   1.408836   .1467602      1.120693    1.696978
--------------------------------------------------------------
(running mean on estimation sample)

Survey: Mean estimation

Number of strata =      10       Number of obs    =       6775
Number of PSUs   =     711       Population size  =  200636622
                                 Design df        =        701

      KAMPALA: strata = KAMPALA
    _subpop_2: strata = CENTRAL 1
    _subpop_3: strata = CENTRAL 2
    _subpop_4: strata = EAST CENTRAL
      EASTERN: strata = EASTERN
    _subpop_6: strata = MID-NOTHERN
    _subpop_7: strata = NORTH-EAST
    _subpop_8: strata = WEST-NILE
    _subpop_9: strata = MID-WESTERN
   _subpop_10: strata = SOUTH-WESTERN

--------------------------------------------------------------
             |             Linearized
        Over |       Mean   Std. Err.     [95% Conf. Interval]
-------------+------------------------------------------------
h_flex1      |
     KAMPALA |   4.167031   2.378903     -.5035977     8.83766
   _subpop_2 |   4.662128   1.413863      1.886215     7.43804
   _subpop_3 |   7.004536   1.856453      3.359662    10.64941
   _subpop_4 |   6.847117   1.464599       3.97159    9.722644
     EASTERN |   11.80657   2.253825      7.381518    16.23163
   _subpop_6 |    12.2828   2.368478      7.632636    16.93296
   _subpop_7 |   70.46399   6.318452      58.05864    82.86935
   _subpop_8 |   13.14734    3.44249      6.388509    19.90616
   _subpop_9 |     15.421   2.497656      10.51722    20.32478
  _subpop_10 |   8.512285   1.293816      5.972066     11.0525
-------------+------------------------------------------------
pg_flex1     |
     KAMPALA |   .5460787   .2577487      .0400269    1.052131
   _subpop_2 |   .9585666    .402068      .1691647    1.747968
   _subpop_3 |   1.394822   .4153575      .5793281    2.210316
   _subpop_4 |   1.358506   .2779974      .8126987    1.904313
     EASTERN |   2.110324   .4242862        1.2773    2.943348
   _subpop_6 |    4.01766   .9243988      2.202738    5.832582
   _subpop_7 |   29.42352    3.60431      22.34699    36.50006
   _subpop_8 |   2.060226   .4254354      1.224946    2.895507
   _subpop_9 |    4.40579   .8870039      2.664287    6.147293
  _subpop_10 |   1.636814   .3277014        .99342    2.280208
-------------+------------------------------------------------
spg_flex1    |
     KAMPALA |   .1120876   .0666006     -.0186729    .2428481
   _subpop_2 |   .3068521    .172092     -.0310254    .6447297
   _subpop_3 |   .4271408   .1434933      .1454127    .7088689
   _subpop_4 |   .4152496   .1012311      .2164971     .614002
     EASTERN |   .5432052   .1061901      .3347165     .751694
   _subpop_6 |   1.806387   .5080325      .8089394    2.803835
   _subpop_7 |   15.62336   2.265442      11.17549    20.07122
   _subpop_8 |   .6304504   .1888792      .2596137    1.001287
   _subpop_9 |   1.862042   .5256358      .8300327    2.894051
  _subpop_10 |   .4968944   .1429577      .2162179    .7775709
--------------------------------------------------------------
(running mean on estimation sample)

Survey: Mean estimation

Number of strata =      10       Number of obs    =       6775
Number of PSUs   =     711       Population size  =  200636622
                                 Design df        =        701

         Over: strata rural
    _subpop_1: KAMPALA Urban
    _subpop_2: CENTRAL 1 Urban
    _subpop_3: CENTRAL 1 Rural
    _subpop_4: CENTRAL 2 Urban
    _subpop_5: CENTRAL 2 Rural
    _subpop_6: EAST CENTRAL Urban
    _subpop_7: EAST CENTRAL Rural
    _subpop_8: EASTERN Urban
    _subpop_9: EASTERN Rural
   _subpop_10: MID-NOTHERN Urban
   _subpop_11: MID-NOTHERN Rural
   _subpop_12: NORTH-EAST Urban
   _subpop_13: NORTH-EAST Rural
   _subpop_14: WEST-NILE Urban
   _subpop_15: WEST-NILE Rural
   _subpop_16: MID-WESTERN Urban
   _subpop_17: MID-WESTERN Rural
   _subpop_18: SOUTH-WESTERN Urban
   _subpop_19: SOUTH-WESTERN Rural

--------------------------------------------------------------
             |             Linearized
        Over |       Mean   Std. Err.     [95% Conf. Interval]
-------------+------------------------------------------------
h_flex1      |
   _subpop_1 |   4.167031   2.378903     -.5035977     8.83766
   _subpop_2 |   2.604401   1.859877     -1.047195    6.255998
   _subpop_3 |   5.188173   1.655178      1.938474    8.437873
   _subpop_4 |   2.403186   1.706288     -.9468601    5.753233
   _subpop_5 |     7.9545   2.158816      3.715979    12.19302
   _subpop_6 |          0  (omitted)
   _subpop_7 |   7.230398   1.541012      4.204846    10.25595
   _subpop_8 |   3.705768   2.352816     -.9136424    8.325178
   _subpop_9 |   12.44788    2.37598      7.782995    17.11278
  _subpop_10 |          0  (omitted)
  _subpop_11 |   13.62107   2.549022      8.616437     18.6257
  _subpop_12 |   6.831652   3.866863     -.7603675    14.42367
  _subpop_13 |   72.82015   6.433835      60.18825    85.45204
  _subpop_14 |   4.767413    4.38237      -3.83673    13.37156
  _subpop_15 |   14.38875   3.692342       7.13937    21.63812
  _subpop_16 |   6.107057    6.00618     -5.685199    17.89931
  _subpop_17 |   16.00316   2.586355      10.92523    21.08109
  _subpop_18 |          0  (omitted)
  _subpop_19 |   8.946063   1.343837      6.307635    11.58449
-------------+------------------------------------------------
pg_flex1     |
   _subpop_1 |   .5460787   .2577487      .0400269    1.052131
   _subpop_2 |   .4092211   .3422425     -.2627221    1.081164
   _subpop_3 |   1.099004   .4866468      .1435437    2.054464
   _subpop_4 |   .5848351   .4092442     -.2186561    1.388326
   _subpop_5 |   1.562046   .4864118      .6070478    2.517045
   _subpop_6 |          0  (omitted)
   _subpop_7 |   1.434551   .2928577      .8595677    2.009534
   _subpop_8 |   .9856777   .6221569     -.2358364    2.207192
   _subpop_9 |   2.199358   .4486361      1.318527    3.080189
  _subpop_10 |          0  (omitted)
  _subpop_11 |   4.455405   1.004734      2.482756    6.428053
  _subpop_12 |   5.028547   2.846266     -.5596807    10.61677
  _subpop_13 |   30.32681   3.723496      23.01627    37.63735
  _subpop_14 |    .347327   .3135474     -.2682776    .9629316
  _subpop_15 |   2.313977   .4844407      1.362848    3.265106
  _subpop_16 |   1.115232    1.09681     -1.038195    3.268659
  _subpop_17 |   4.611464   .9253774      2.794621    6.428307
  _subpop_18 |          0  (omitted)
  _subpop_19 |   1.720224   .3421655      1.048432    2.392016
-------------+------------------------------------------------
spg_flex1    |
   _subpop_1 |   .1120876   .0666006     -.0186729    .2428481
   _subpop_2 |   .0756714   .0714984     -.0647053    .2160481
   _subpop_3 |   .3659522   .2120976     -.0504705    .7823749
   _subpop_4 |   .1866656   .1344281     -.0772643    .4505954
   _subpop_5 |   .4767877   .1690088      .1449637    .8086117
   _subpop_6 |          0  (omitted)
   _subpop_7 |    .438494    .106781      .2288452    .6481428
   _subpop_8 |   .2630711   .1656463     -.0621513    .5882934
   _subpop_9 |   .5653824    .112417       .344668    .7860968
  _subpop_10 |          0  (omitted)
  _subpop_11 |   2.003202   .5562236      .9111383    3.095266
  _subpop_12 |   3.701342    2.09504     -.4119619    7.814646
  _subpop_13 |    16.0648   2.347824      11.45519    20.67441
  _subpop_14 |   .0307085   .0274266     -.0231396    .0845565
  _subpop_15 |   .7192966   .2204714      .2864333     1.15216
  _subpop_16 |   .2829304   .2782569     -.2633864    .8292472
  _subpop_17 |   1.960743   .5513464      .8782547    3.043231
  _subpop_18 |          0  (omitted)
  _subpop_19 |   .5222157   .1497944      .2281162    .8163152
--------------------------------------------------------------
(running mean on estimation sample)

Survey: Mean estimation

Number of strata =      10       Number of obs    =       6775
Number of PSUs   =     711       Population size  =  200636622
                                 Design df        =        701

    _subpop_1: spdomain = Central rural
    _subpop_2: spdomain = Central urban
      Eastern: spdomain = Eastern
     Northern: spdomain = Northern
      Western: spdomain = Western

--------------------------------------------------------------
             |             Linearized
        Over |       Mean   Std. Err.     [95% Conf. Interval]
-------------+------------------------------------------------
h_flex1      |
   _subpop_1 |   6.581367   1.376393       3.87902    9.283714
   _subpop_2 |   3.384492   1.450191       .537255    6.231729
     Eastern |   9.577965   1.432329      6.765795    12.39013
    Northern |   21.98894   2.001137         18.06    25.91788
     Western |   12.06716   1.473889      9.173396    14.96093
-------------+------------------------------------------------
pg_flex1     |
   _subpop_1 |   1.332204   .3451078      .6546351    2.009773
   _subpop_2 |   .5187353   .1879181      .1497855     .887685
     Eastern |   1.772483   .2695328      1.243295    2.301671
    Northern |   7.467774   .8852561      5.729703    9.205845
     Western |    3.06159   .5072708      2.065638    4.057542
-------------+------------------------------------------------
spg_flex1    |
   _subpop_1 |   .4217718   .1354936        .15575    .6877936
   _subpop_2 |   .1185114   .0496447      .0210412    .2159816
     Eastern |   .4857064   .0746113      .3392179    .6321948
    Northern |   3.645128   .5139784      2.636006    4.654249
     Western |   1.199331   .2937341      .6226267    1.776035
--------------------------------------------------------------
rural was float now byte
news was float now byte
spdomain was float now byte
reg_tpi was float now byte
h_flex1 was float now byte
file C:\Users\Templeton\Desktop\GAPP\GAPP-UGANDA-HARUNA/work/cons_real_it1.dta saved

    Variable |     Obs      Weight        Mean   Std. Dev.       Min        Max
-------------+-----------------------------------------------------------------
     h_flex1 |    6775   200636622    11.64925   32.08383          0        100
file C:\Users\Templeton\Desktop\GAPP\GAPP-UGANDA-HARUNA/work/foodshares_it1.dta saved
file C:\Users\TEMPLE~1\AppData\Local\Temp\ST_0j000002.tmp saved
variable one does not uniquely identify observations in the master data

     _merge |      Freq.     Percent        Cum.
------------+-----------------------------------
          3 |      6,775      100.00      100.00
------------+-----------------------------------
      Total |      6,775      100.00

   relpoor2 |      Freq.     Percent        Cum.
------------+-----------------------------------
          0 | 3,385.6468       49.97       49.97
          1 | 3,389.3532       50.03      100.00
------------+-----------------------------------
      Total |      6,775      100.00
file C:\Users\Templeton\Desktop\GAPP\GAPP-UGANDA-HARUNA\work\relpoor_it2.dta saved
variable hhid does not uniquely identify observations in the master data

     _merge |      Freq.     Percent        Cum.
------------+-----------------------------------
          3 |    412,045      100.00      100.00
------------+-----------------------------------
      Total |    412,045      100.00
(0 observations deleted)
variable hhid does not uniquely identify observations in the master data

     _merge |      Freq.     Percent        Cum.
------------+-----------------------------------
          3 |    412,045      100.00      100.00
------------+-----------------------------------
      Total |    412,045      100.00
(239942 observations deleted)
(138213 missing values generated)
138213
    0
(138307 missing values generated)
138307
(138307 observations deleted)
(note: file C:\Users\TEMPLE~1\AppData\Local\Temp\ST_0j00000a.tmp not found)
file C:\Users\TEMPLE~1\AppData\Local\Temp\ST_0j00000a.tmp saved
(note: file C:\Users\TEMPLE~1\AppData\Local\Temp\ST_0j00000b.tmp not found)
file C:\Users\TEMPLE~1\AppData\Local\Temp\ST_0j00000b.tmp saved
variable spdomain does not uniquely identify observations in the master data

     _merge |      Freq.     Percent        Cum.
------------+-----------------------------------
          3 |     33,796      100.00      100.00
------------+-----------------------------------
      Total |     33,796      100.00
  149
(149 observations deleted)
file C:\Users\TEMPLE~1\AppData\Local\Temp\ST_0j00000a.tmp saved
45
45
file C:\Users\Templeton\Desktop\GAPP\GAPP-UGANDA-HARUNA\work\codes_food_basket_flex_it2.dta
>  saved
(4392 observations deleted)
(note: file C:\Users\TEMPLE~1\AppData\Local\Temp\ST_0j00000c.tmp not found)
file C:\Users\TEMPLE~1\AppData\Local\Temp\ST_0j00000c.tmp saved
variable hhid does not uniquely identify observations in the master data

     _merge |      Freq.     Percent        Cum.
------------+-----------------------------------
          2 |         14        0.02        0.02
          3 |     85,204       99.98      100.00
------------+-----------------------------------
      Total |     85,218      100.00
(14 observations deleted)
file C:\Users\TEMPLE~1\AppData\Local\Temp\ST_0j00000c.tmp saved
variable product does not uniquely identify observations in the master data

     _merge |      Freq.     Percent        Cum.
------------+-----------------------------------
          1 |     10,440       12.25       12.25
          3 |     74,764       87.75      100.00
------------+-----------------------------------
      Total |     85,204      100.00
(10440 observations deleted)
(0 observations deleted)
(note: file C:\Users\TEMPLE~1\AppData\Local\Temp\ST_0j00000e.tmp not found)
file C:\Users\TEMPLE~1\AppData\Local\Temp\ST_0j00000e.tmp saved
product was float now int
unit was float now byte
food_cat was float now byte
rmult was float now int
poor09 was float now byte
survquar was float now byte
survmon was float now byte
rural was float now byte
news was float now byte
bswt was float now byte
spdomain was float now byte
reg_tpi was float now byte
count was float now byte
descript was float now byte
hhsize was double now byte
numreg was double now byte
variable hhid does not uniquely identify observations in the master data
survquar was byte now float
spdomain was byte now float
reg_tpi was byte now float
(label lsurvquar already defined)
(label spdomain_original already defined)
(label REG_TPI already defined)

     _merge |      Freq.     Percent        Cum.
------------+-----------------------------------
          2 |         31        0.04        0.04
          3 |     74,764       99.96      100.00
------------+-----------------------------------
      Total |     74,795      100.00
variable hhid does not uniquely identify observations in the master data

     _merge |      Freq.     Percent        Cum.
------------+-----------------------------------
          3 |     74,795      100.00      100.00
------------+-----------------------------------
      Total |     74,795      100.00
(46506 observations deleted)
(11 observations deleted)
(2125 observations deleted)

    Variable |       Obs        Mean    Std. Dev.       Min        Max
-------------+--------------------------------------------------------
    ratiotw2 |       219    1.301514    .5809208   .9351196   5.178051
    ratiomw2 |       219    1.085016    .3771272          0   3.690952
variable product does not uniquely identify observations in the master data
product was int now float

     _merge |      Freq.     Percent        Cum.
------------+-----------------------------------
          3 |        219      100.00      100.00
------------+-----------------------------------
      Total |        219      100.00
    0
(0 observations deleted)
file C:\Users\Templeton\Desktop\GAPP\GAPP-UGANDA-HARUNA\work\price_unit_flex_it2.dta saved
(label spdomain_original already defined)

     _merge |      Freq.     Percent        Cum.
------------+-----------------------------------
          2 |         71       32.42       32.42
          3 |        148       67.58      100.00
------------+-----------------------------------
      Total |        219      100.00
(71 observations deleted)
variable product does not uniquely identify observations in the master data
(note: descript is str26 in using data but will be float now)

     _merge |      Freq.     Percent        Cum.
------------+-----------------------------------
          2 |         17       10.30       10.30
          3 |        148       89.70      100.00
------------+-----------------------------------
      Total |        165      100.00
(17 observations deleted)

-------------------------------------------------------------------------------------------
-> spdomain = Central rural
    2
-------------------------------------------------------------------------------------------
-> spdomain = Central urban
    3
-------------------------------------------------------------------------------------------
-> spdomain = Eastern
    0
-------------------------------------------------------------------------------------------
-> spdomain = Northern
    0
-------------------------------------------------------------------------------------------
-> spdomain = Western
    0

    Variable |       Obs        Mean    Std. Dev.       Min        Max
-------------+--------------------------------------------------------
        bswt |       148         164    159.4683          3       1013
(5 observations deleted)
(12 observations deleted)

Summary for variables: baskshr
     by categories of: spdomain 

     spdomain |         N      mean        sd       min       max
--------------+--------------------------------------------------
Central rural |        27  .9014456         0  .9014456  .9014456
Central urban |        23  .8834592         0  .8834592  .8834592
      Eastern |        27  .9046936         0  .9046936  .9046936
     Northern |        26  .9009634         0  .9009634  .9009634
      Western |        28  .9012133         0  .9012133  .9012133
--------------+--------------------------------------------------
        Total |       131  .8988118  .0072454  .8834592  .9046936
-----------------------------------------------------------------
variable spdomain does not uniquely identify observations in the master data

     _merge |      Freq.     Percent        Cum.
------------+-----------------------------------
          3 |        131      100.00      100.00
------------+-----------------------------------
      Total |        131      100.00
(131 real changes made)
(125 real changes made)
(131 real changes made)

Summary for variables: chkcal
     by categories of: spdomain 

     spdomain |         N      mean        sd       min       max
--------------+--------------------------------------------------
Central rural |        27 -.0002313         0 -.0002313 -.0002313
Central urban |        23  .0000771         0  .0000771  .0000771
      Eastern |        27 -.0001156         0 -.0001156 -.0001156
     Northern |        26  .0001156         0  .0001156  .0001156
      Western |        28  .0002698         0  .0002698  .0002698
--------------+--------------------------------------------------
        Total |       131  .0000227  .0001811 -.0002313  .0002698
-----------------------------------------------------------------
(131 real changes made)
file C:\Users\Templeton\Desktop\GAPP\GAPP-UGANDA-HARUNA\work\quan_flex_it2.dta saved
file C:\Users\Templeton\Desktop\GAPP\GAPP-UGANDA-HARUNA\work\povline_food_flex_it2.dta save
> d
variable spdomain does not uniquely identify observations in the master data
(label spdomain_original already defined)

     _merge |      Freq.     Percent        Cum.
------------+-----------------------------------
          3 |      6,775      100.00      100.00
------------+-----------------------------------
      Total |      6,775      100.00
(328 real changes made)
(note: file C:\Users\TEMPLE~1\AppData\Local\Temp\ST_0j00000g.tmp not found)
file C:\Users\TEMPLE~1\AppData\Local\Temp\ST_0j00000g.tmp saved
variable spdomain does not uniquely identify observations in the master data
(label spdomain_original already defined)

     _merge |      Freq.     Percent        Cum.
------------+-----------------------------------
          3 |      6,775      100.00      100.00
------------+-----------------------------------
      Total |      6,775      100.00
file C:\Users\Templeton\Desktop\GAPP\GAPP-UGANDA-HARUNA\work\povlines_it2.dta saved
variable spdomain does not uniquely identify observations in the master data
variable spdomain does not uniquely identify observations in
    C:\Users\Templeton\Desktop\GAPP\GAPP-UGANDA-HARUNA\work\povlines_it2.dta
(label spdomain_original already defined)

     _merge |      Freq.     Percent        Cum.
------------+-----------------------------------
          3 |      6,775      100.00      100.00
------------+-----------------------------------
      Total |      6,775      100.00
(6775 real changes made)
(6775 real changes made)

    Variable |     Obs      Weight        Mean   Std. Dev.       Min        Max
-------------+-----------------------------------------------------------------
          cr |    6775   200636622    9416.597   395671.8   82.64046   8.12e+07
      cr_it2 |    6775   200636622    9416.597   358592.7    74.7959   7.35e+07
     linpob2 |    6775   200636622     943.858   138.3038   794.0297   1138.762
    linpobr2 |    6775   200636622    1030.667    .000033   1030.667   1030.667
(5930 missing values generated)
(5930 real changes made)
(5930 real changes made)
(5930 real changes made)

      pweight: popwt
          VCE: linearized
  Single unit: missing
     Strata 1: strata
         SU 1: psu
        FPC 1: <zero>
(running mean on estimation sample)

Survey: Mean estimation

Number of strata =      10       Number of obs    =       6775
Number of PSUs   =     711       Population size  =  200636622
                                 Design df        =        701

--------------------------------------------------------------
             |             Linearized
             |       Mean   Std. Err.     [95% Conf. Interval]
-------------+------------------------------------------------
     h_flex2 |   10.80105   .7636866      9.301659    12.30043
    pg_flex2 |   2.850569   .2336499      2.391831    3.309306
   spg_flex2 |   1.180374   .1274689      .9301069     1.43064
--------------------------------------------------------------
(running mean on estimation sample)

Survey: Mean estimation

Number of strata =      10       Number of obs    =       6775
Number of PSUs   =     711       Population size  =  200636622
                                 Design df        =        701

        Urban: rural = Urban
        Rural: rural = Rural

--------------------------------------------------------------
             |             Linearized
        Over |       Mean   Std. Err.     [95% Conf. Interval]
-------------+------------------------------------------------
h_flex2      |
       Urban |    1.96307   .6343269      .7176621    3.208479
       Rural |     12.151    .848529      10.48504    13.81696
-------------+------------------------------------------------
pg_flex2     |
       Urban |   .3596328   .1138745      .1360568    .5832088
       Rural |   3.231046   .2648122      2.711126    3.750966
-------------+------------------------------------------------
spg_flex2    |
       Urban |   .0974898   .0398887       .019174    .1758055
       Rural |   1.345778   .1459077       1.05931    1.632247
--------------------------------------------------------------
(running mean on estimation sample)

Survey: Mean estimation

Number of strata =      10       Number of obs    =       6775
Number of PSUs   =     711       Population size  =  200636622
                                 Design df        =        701

      KAMPALA: strata = KAMPALA
    _subpop_2: strata = CENTRAL 1
    _subpop_3: strata = CENTRAL 2
    _subpop_4: strata = EAST CENTRAL
      EASTERN: strata = EASTERN
    _subpop_6: strata = MID-NOTHERN
    _subpop_7: strata = NORTH-EAST
    _subpop_8: strata = WEST-NILE
    _subpop_9: strata = MID-WESTERN
   _subpop_10: strata = SOUTH-WESTERN

--------------------------------------------------------------
             |             Linearized
        Over |       Mean   Std. Err.     [95% Conf. Interval]
-------------+------------------------------------------------
h_flex2      |
     KAMPALA |   1.358707   .8594353     -.3286689    3.046082
   _subpop_2 |   4.410074   1.406844      1.647941    7.172206
   _subpop_3 |   6.936931   1.852727      3.299373    10.57449
   _subpop_4 |   5.450948   1.171204       3.15146    7.750436
     EASTERN |    9.28854   2.149875      5.067575     13.5095
   _subpop_6 |    12.2828   2.368478      7.632636    16.93296
   _subpop_7 |   70.46399   6.318452      58.05864    82.86935
   _subpop_8 |   13.14734    3.44249      6.388509    19.90616
   _subpop_9 |   15.13404   2.510779       10.2045    20.06359
  _subpop_10 |   8.436528    1.29171      5.900445    10.97261
-------------+------------------------------------------------
pg_flex2     |
     KAMPALA |    .248698   .1656211     -.0764749    .5738709
   _subpop_2 |   .8861548   .3940731      .1124497     1.65986
   _subpop_3 |   1.324562   .4059878      .5274645     2.12166
   _subpop_4 |   1.027546    .226159      .5835155    1.471576
     EASTERN |   1.542959   .3128713      .9286821    2.157236
   _subpop_6 |   4.021469   .9249767      2.205412    5.837526
   _subpop_7 |   29.44243    3.60538       22.3638    36.52107
   _subpop_8 |   2.065336   .4256722       1.22959    2.901081
   _subpop_9 |   4.355578   .8811883      2.625493    6.085662
  _subpop_10 |   1.605138   .3249219      .9672008    2.243074
-------------+------------------------------------------------
spg_flex2    |
     KAMPALA |   .0465091   .0324436     -.0171891    .1102073
   _subpop_2 |   .2873798   .1686191     -.0436792    .6184389
   _subpop_3 |   .4006901   .1391052      .1275773    .6738029
   _subpop_4 |   .3009422   .0831065      .1377748    .4641096
     EASTERN |    .354308   .0734931       .210015    .4986009
   _subpop_6 |   1.808426   .5083958      .8102654    2.806587
   _subpop_7 |   15.63608    2.26665      11.18585    20.08632
   _subpop_8 |   .6317701   .1890607       .260577    1.002963
   _subpop_9 |    1.83873   .5228045      .8122799     2.86518
  _subpop_10 |   .4864898   .1414675      .2087391    .7642405
--------------------------------------------------------------
(running mean on estimation sample)

Survey: Mean estimation

Number of strata =      10       Number of obs    =       6775
Number of PSUs   =     711       Population size  =  200636622
                                 Design df        =        701

         Over: strata rural
    _subpop_1: KAMPALA Urban
    _subpop_2: CENTRAL 1 Urban
    _subpop_3: CENTRAL 1 Rural
    _subpop_4: CENTRAL 2 Urban
    _subpop_5: CENTRAL 2 Rural
    _subpop_6: EAST CENTRAL Urban
    _subpop_7: EAST CENTRAL Rural
    _subpop_8: EASTERN Urban
    _subpop_9: EASTERN Rural
   _subpop_10: MID-NOTHERN Urban
   _subpop_11: MID-NOTHERN Rural
   _subpop_12: NORTH-EAST Urban
   _subpop_13: NORTH-EAST Rural
   _subpop_14: WEST-NILE Urban
   _subpop_15: WEST-NILE Rural
   _subpop_16: MID-WESTERN Urban
   _subpop_17: MID-WESTERN Rural
   _subpop_18: SOUTH-WESTERN Urban
   _subpop_19: SOUTH-WESTERN Rural

--------------------------------------------------------------
             |             Linearized
        Over |       Mean   Std. Err.     [95% Conf. Interval]
-------------+------------------------------------------------
h_flex2      |
   _subpop_1 |   1.358707   .8594353     -.3286689    3.046082
   _subpop_2 |   1.366392    1.45263     -1.485636     4.21842
   _subpop_3 |   5.188173   1.655178      1.938474    8.437873
   _subpop_4 |   2.008124   1.395066      -.730883    4.747132
   _subpop_5 |     7.9545   2.158816      3.715979    12.19302
   _subpop_6 |          0  (omitted)
   _subpop_7 |   5.756075   1.232853      3.335549    8.176601
   _subpop_8 |   3.705768   2.352816     -.9136424    8.325178
   _subpop_9 |   9.730508   2.280927      5.252241    14.20877
  _subpop_10 |          0  (omitted)
  _subpop_11 |   13.62107   2.549022      8.616437     18.6257
  _subpop_12 |   6.831652   3.866863     -.7603675    14.42367
  _subpop_13 |   72.82015   6.433835      60.18825    85.45204
  _subpop_14 |   4.767413    4.38237      -3.83673    13.37156
  _subpop_15 |   14.38875   3.692342       7.13937    21.63812
  _subpop_16 |   6.107057    6.00618     -5.685199    17.89931
  _subpop_17 |   15.69827   2.601972      10.58968    20.80686
  _subpop_18 |          0  (omitted)
  _subpop_19 |   8.866446   1.341678      6.232256    11.50064
-------------+------------------------------------------------
pg_flex2     |
   _subpop_1 |    .248698   .1656211     -.0764749    .5738709
   _subpop_2 |   .1707015   .1814752     -.1855985    .5270016
   _subpop_3 |   1.069056   .4806419      .1253861    2.012727
   _subpop_4 |   .4010182   .2903816     -.1691035      .97114
   _subpop_5 |   1.515231    .477498      .5777333    2.452728
   _subpop_6 |          0  (omitted)
   _subpop_7 |   1.085065   .2384489      .6169051    1.553224
   _subpop_8 |   .7914991   .4989867     -.1881885    1.771187
   _subpop_9 |   1.602449     .33109      .9524026    2.252496
  _subpop_10 |          0  (omitted)
  _subpop_11 |   4.459628   1.005348      2.485775    6.433482
  _subpop_12 |   5.029378   2.846736     -.5597731    10.61853
  _subpop_13 |   30.34639   3.724569      23.03374    37.65904
  _subpop_14 |   .3493639   .3154219      -.269921    .9686487
  _subpop_15 |   2.319541   .4845333      1.368231    3.270851
  _subpop_16 |   1.092183   1.074142     -1.016738    3.201104
  _subpop_17 |   4.559554   .9194291      2.754389    6.364719
  _subpop_18 |          0  (omitted)
  _subpop_19 |   1.686934   .3393139      1.020741    2.353127
-------------+------------------------------------------------
spg_flex2    |
   _subpop_1 |   .0465091   .0324436     -.0171891    .1102073
   _subpop_2 |   .0213255   .0226715     -.0231866    .0658376
   _subpop_3 |   .3553951   .2083048      -.053581    .7643712
   _subpop_4 |   .1077116    .079483     -.0483417     .263765
   _subpop_5 |   .4611765   .1647302      .1377528    .7846002
   _subpop_6 |          0  (omitted)
   _subpop_7 |    .317788   .0876994      .1456031    .4899729
   _subpop_8 |   .1700812   .1071309     -.0402547    .3804171
   _subpop_9 |   .3688926     .07809      .2155743    .5222108
  _subpop_10 |          0  (omitted)
  _subpop_11 |   2.005463   .5566147      .9126318    3.098295
  _subpop_12 |   3.702565   2.095732      -.412098    7.817229
  _subpop_13 |   16.07795   2.349068       11.4659       20.69
  _subpop_14 |   .0310011    .027691     -.0233662    .0853685
  _subpop_15 |   .7207686   .2206772      .2875011    1.154036
  _subpop_16 |   .2753331   .2707851     -.2563139      .80698
  _subpop_17 |   1.936449   .5484276      .8596916    3.013207
  _subpop_18 |          0  (omitted)
  _subpop_19 |   .5112809    .148243      .2202274    .8023344
--------------------------------------------------------------
(running mean on estimation sample)

Survey: Mean estimation

Number of strata =      10       Number of obs    =       6775
Number of PSUs   =     711       Population size  =  200636622
                                 Design df        =        701

    _subpop_1: spdomain = Central rural
    _subpop_2: spdomain = Central urban
      Eastern: spdomain = Eastern
     Northern: spdomain = Northern
      Western: spdomain = Western

--------------------------------------------------------------
             |             Linearized
        Over |       Mean   Std. Err.     [95% Conf. Interval]
-------------+------------------------------------------------
h_flex2      |
   _subpop_1 |   6.581367   1.376393       3.87902    9.283714
   _subpop_2 |   1.499143   .6614885      .2004075    2.797879
     Eastern |   7.564058   1.320862      4.970739    10.15738
    Northern |   21.98894   2.001137         18.06    25.91788
     Western |   11.88273    1.47859      8.979738    14.78573
-------------+------------------------------------------------
pg_flex2     |
   _subpop_1 |   1.293761   .3397398      .6267319    1.960791
   _subpop_2 |   .2608766   .1183202      .0285722    .4931809
     Eastern |    1.31135    .203007      .9127754    1.709925
    Northern |   7.474465   .8855322      5.735852    9.213079
     Western |   3.020376   .5038747      2.031092    4.009661
-------------+------------------------------------------------
spg_flex2    |
   _subpop_1 |   .4086693   .1326654      .1482001    .6691385
   _subpop_2 |   .0530039   .0251358      .0036535    .1023544
     Eastern |   .3303272   .0552046      .2219411    .4387133
    Northern |   3.648653   .5143082      2.638884    4.658422
     Western |   1.182285   .2920354      .6089161    1.755654
--------------------------------------------------------------
rural was float now byte
news was float now byte
spdomain was float now byte
reg_tpi was float now byte
h_flex2 was float now byte
file C:\Users\Templeton\Desktop\GAPP\GAPP-UGANDA-HARUNA/work/cons_real_it2.dta saved

    Variable |     Obs      Weight        Mean   Std. Dev.       Min        Max
-------------+-----------------------------------------------------------------
     h_flex2 |    6775   200636622    10.80105   31.04165          0        100
file C:\Users\Templeton\Desktop\GAPP\GAPP-UGANDA-HARUNA/work/foodshares_it2.dta saved
file C:\Users\TEMPLE~1\AppData\Local\Temp\ST_0j000002.tmp saved
variable one does not uniquely identify observations in the master data

     _merge |      Freq.     Percent        Cum.
------------+-----------------------------------
          3 |      6,775      100.00      100.00
------------+-----------------------------------
      Total |      6,775      100.00

   relpoor3 |      Freq.     Percent        Cum.
------------+-----------------------------------
          0 | 3,386.1963       49.98       49.98
          1 | 3,388.8037       50.02      100.00
------------+-----------------------------------
      Total |      6,775      100.00
file C:\Users\Templeton\Desktop\GAPP\GAPP-UGANDA-HARUNA\work\relpoor_it3.dta saved
variable hhid does not uniquely identify observations in the master data

     _merge |      Freq.     Percent        Cum.
------------+-----------------------------------
          3 |    412,045      100.00      100.00
------------+-----------------------------------
      Total |    412,045      100.00
(0 observations deleted)
variable hhid does not uniquely identify observations in the master data

     _merge |      Freq.     Percent        Cum.
------------+-----------------------------------
          3 |    412,045      100.00      100.00
------------+-----------------------------------
      Total |    412,045      100.00
(238266 observations deleted)
(139536 missing values generated)
139536
    0
(139629 missing values generated)
139629
(139629 observations deleted)
(note: file C:\Users\TEMPLE~1\AppData\Local\Temp\ST_0j00000h.tmp not found)
file C:\Users\TEMPLE~1\AppData\Local\Temp\ST_0j00000h.tmp saved
(note: file C:\Users\TEMPLE~1\AppData\Local\Temp\ST_0j00000i.tmp not found)
file C:\Users\TEMPLE~1\AppData\Local\Temp\ST_0j00000i.tmp saved
variable spdomain does not uniquely identify observations in the master data

     _merge |      Freq.     Percent        Cum.
------------+-----------------------------------
          3 |     34,150      100.00      100.00
------------+-----------------------------------
      Total |     34,150      100.00
  148
(148 observations deleted)
file C:\Users\TEMPLE~1\AppData\Local\Temp\ST_0j00000h.tmp saved
44
44
file C:\Users\Templeton\Desktop\GAPP\GAPP-UGANDA-HARUNA\work\codes_food_basket_flex_it3.dta
>  saved
(4392 observations deleted)
(note: file C:\Users\TEMPLE~1\AppData\Local\Temp\ST_0j00000j.tmp not found)
file C:\Users\TEMPLE~1\AppData\Local\Temp\ST_0j00000j.tmp saved
variable hhid does not uniquely identify observations in the master data

     _merge |      Freq.     Percent        Cum.
------------+-----------------------------------
          2 |         14        0.02        0.02
          3 |     85,204       99.98      100.00
------------+-----------------------------------
      Total |     85,218      100.00
(14 observations deleted)
file C:\Users\TEMPLE~1\AppData\Local\Temp\ST_0j00000j.tmp saved
variable product does not uniquely identify observations in the master data

     _merge |      Freq.     Percent        Cum.
------------+-----------------------------------
          1 |     10,946       12.85       12.85
          3 |     74,258       87.15      100.00
------------+-----------------------------------
      Total |     85,204      100.00
(10946 observations deleted)
(0 observations deleted)
(note: file C:\Users\TEMPLE~1\AppData\Local\Temp\ST_0j00000l.tmp not found)
file C:\Users\TEMPLE~1\AppData\Local\Temp\ST_0j00000l.tmp saved
product was float now int
unit was float now byte
food_cat was float now byte
rmult was float now int
poor09 was float now byte
survquar was float now byte
survmon was float now byte
rural was float now byte
news was float now byte
bswt was float now byte
spdomain was float now byte
reg_tpi was float now byte
count was float now byte
descript was float now byte
hhsize was double now byte
numreg was double now byte
variable hhid does not uniquely identify observations in the master data
survquar was byte now float
spdomain was byte now float
reg_tpi was byte now float
(label lsurvquar already defined)
(label spdomain_original already defined)
(label REG_TPI already defined)

     _merge |      Freq.     Percent        Cum.
------------+-----------------------------------
          2 |         31        0.04        0.04
          3 |     74,258       99.96      100.00
------------+-----------------------------------
      Total |     74,289      100.00
variable hhid does not uniquely identify observations in the master data

     _merge |      Freq.     Percent        Cum.
------------+-----------------------------------
          3 |     74,289      100.00      100.00
------------+-----------------------------------
      Total |     74,289      100.00
(45871 observations deleted)
(11 observations deleted)
(2132 observations deleted)

    Variable |       Obs        Mean    Std. Dev.       Min        Max
-------------+--------------------------------------------------------
    ratiotw3 |       213    1.265037    .4926971    .938451    5.06082
    ratiomw3 |       213    1.084881    .3655753          0   3.711278
variable product does not uniquely identify observations in the master data
product was int now float

     _merge |      Freq.     Percent        Cum.
------------+-----------------------------------
          3 |        213      100.00      100.00
------------+-----------------------------------
      Total |        213      100.00
    0
(0 observations deleted)
file C:\Users\Templeton\Desktop\GAPP\GAPP-UGANDA-HARUNA\work\price_unit_flex_it3.dta saved
(label spdomain_original already defined)

     _merge |      Freq.     Percent        Cum.
------------+-----------------------------------
          2 |         65       30.52       30.52
          3 |        148       69.48      100.00
------------+-----------------------------------
      Total |        213      100.00
(65 observations deleted)
variable product does not uniquely identify observations in the master data
(note: descript is str26 in using data but will be float now)

     _merge |      Freq.     Percent        Cum.
------------+-----------------------------------
          2 |         18       10.84       10.84
          3 |        148       89.16      100.00
------------+-----------------------------------
      Total |        166      100.00
(18 observations deleted)

-------------------------------------------------------------------------------------------
-> spdomain = Central rural
    1
-------------------------------------------------------------------------------------------
-> spdomain = Central urban
    3
-------------------------------------------------------------------------------------------
-> spdomain = Eastern
    0
-------------------------------------------------------------------------------------------
-> spdomain = Northern
    0
-------------------------------------------------------------------------------------------
-> spdomain = Western
    0

    Variable |       Obs        Mean    Std. Dev.       Min        Max
-------------+--------------------------------------------------------
        bswt |       148    165.6014    163.1851          3       1041
(4 observations deleted)
(12 observations deleted)

Summary for variables: baskshr
     by categories of: spdomain 

     spdomain |         N      mean        sd       min       max
--------------+--------------------------------------------------
Central rural |        27  .9030197         0  .9030197  .9030197
Central urban |        23  .8832131         0  .8832131  .8832131
      Eastern |        27  .9070574         0  .9070574  .9070574
     Northern |        27  .9095521         0  .9095521  .9095521
      Western |        28  .9012254         0  .9012254  .9012254
--------------+--------------------------------------------------
        Total |       132    .90135  .0088832  .8832131  .9095521
-----------------------------------------------------------------
variable spdomain does not uniquely identify observations in the master data

     _merge |      Freq.     Percent        Cum.
------------+-----------------------------------
          3 |        132      100.00      100.00
------------+-----------------------------------
      Total |        132      100.00
(132 real changes made)
(126 real changes made)
(132 real changes made)

Summary for variables: chkcal
     by categories of: spdomain 

     spdomain |         N      mean        sd       min       max
--------------+--------------------------------------------------
Central rural |        27  .0000257         0  .0000257  .0000257
Central urban |        23  .0000771         0  .0000771  .0000771
      Eastern |        27  .0001413         0  .0001413  .0001413
     Northern |        27 -.0001413         0 -.0001413 -.0001413
      Western |        28  .0000128         0  .0000128  .0000128
--------------+--------------------------------------------------
        Total |       132  .0000214  .0000948 -.0001413  .0001413
-----------------------------------------------------------------
(132 real changes made)
file C:\Users\Templeton\Desktop\GAPP\GAPP-UGANDA-HARUNA\work\quan_flex_it3.dta saved
file C:\Users\Templeton\Desktop\GAPP\GAPP-UGANDA-HARUNA\work\povline_food_flex_it3.dta save
> d
variable spdomain does not uniquely identify observations in the master data
(label spdomain_original already defined)

     _merge |      Freq.     Percent        Cum.
------------+-----------------------------------
          3 |      6,775      100.00      100.00
------------+-----------------------------------
      Total |      6,775      100.00
(332 real changes made)
(note: file C:\Users\TEMPLE~1\AppData\Local\Temp\ST_0j00000n.tmp not found)
file C:\Users\TEMPLE~1\AppData\Local\Temp\ST_0j00000n.tmp saved
variable spdomain does not uniquely identify observations in the master data
(label spdomain_original already defined)

     _merge |      Freq.     Percent        Cum.
------------+-----------------------------------
          3 |      6,775      100.00      100.00
------------+-----------------------------------
      Total |      6,775      100.00
file C:\Users\Templeton\Desktop\GAPP\GAPP-UGANDA-HARUNA\work\povlines_it3.dta saved
variable spdomain does not uniquely identify observations in the master data
variable spdomain does not uniquely identify observations in
    C:\Users\Templeton\Desktop\GAPP\GAPP-UGANDA-HARUNA\work\povlines_it3.dta
(label spdomain_original already defined)

     _merge |      Freq.     Percent        Cum.
------------+-----------------------------------
          3 |      6,775      100.00      100.00
------------+-----------------------------------
      Total |      6,775      100.00
(6775 real changes made)
(6775 real changes made)

    Variable |     Obs      Weight        Mean   Std. Dev.       Min        Max
-------------+-----------------------------------------------------------------
          cr |    6775   200636622    9416.597   395671.8   82.64046   8.12e+07
      cr_it3 |    6775   200636622    9416.597   357131.4   77.20467   7.32e+07
     linpob3 |    6775   200636622    964.2167   127.4313      801.4   1170.091
    linpobr3 |    6775   200636622    1055.273    .000061   1055.273   1055.273
(5912 missing values generated)
(5912 real changes made)
(5912 real changes made)
(5912 real changes made)

      pweight: popwt
          VCE: linearized
  Single unit: missing
     Strata 1: strata
         SU 1: psu
        FPC 1: <zero>
(running mean on estimation sample)

Survey: Mean estimation

Number of strata =      10       Number of obs    =       6775
Number of PSUs   =     711       Population size  =  200636622
                                 Design df        =        701

--------------------------------------------------------------
             |             Linearized
             |       Mean   Std. Err.     [95% Conf. Interval]
-------------+------------------------------------------------
     h_flex3 |   11.44148    .815909      9.839563     13.0434
    pg_flex3 |   3.000082   .2396744      2.529516    3.470647
   spg_flex3 |   1.234689   .1287646      .9818785    1.487499
--------------------------------------------------------------
(running mean on estimation sample)

Survey: Mean estimation

Number of strata =      10       Number of obs    =       6775
Number of PSUs   =     711       Population size  =  200636622
                                 Design df        =        701

        Urban: rural = Urban
        Rural: rural = Rural

--------------------------------------------------------------
             |             Linearized
        Over |       Mean   Std. Err.     [95% Conf. Interval]
-------------+------------------------------------------------
h_flex3      |
       Urban |   2.143004   .6487767      .8692255    3.416782
       Rural |   12.86177   .9062958       11.0824    14.64115
-------------+------------------------------------------------
pg_flex3     |
       Urban |   .3998175   .1232058      .1579209    .6417141
       Rural |   3.397258   .2710669      2.865058    3.929458
-------------+------------------------------------------------
spg_flex3    |
       Urban |    .112799   .0425665      .0292259     .196372
       Rural |   1.406052   .1472292      1.116989    1.695115
--------------------------------------------------------------
(running mean on estimation sample)

Survey: Mean estimation

Number of strata =      10       Number of obs    =       6775
Number of PSUs   =     711       Population size  =  200636622
                                 Design df        =        701

      KAMPALA: strata = KAMPALA
    _subpop_2: strata = CENTRAL 1
    _subpop_3: strata = CENTRAL 2
    _subpop_4: strata = EAST CENTRAL
      EASTERN: strata = EASTERN
    _subpop_6: strata = MID-NOTHERN
    _subpop_7: strata = NORTH-EAST
    _subpop_8: strata = WEST-NILE
    _subpop_9: strata = MID-WESTERN
   _subpop_10: strata = SOUTH-WESTERN

--------------------------------------------------------------
             |             Linearized
        Over |       Mean   Std. Err.     [95% Conf. Interval]
-------------+------------------------------------------------
h_flex3      |
     KAMPALA |   1.536145   .8756774     -.1831199    3.255409
   _subpop_2 |   4.571793   1.414053      1.795507    7.348078
   _subpop_3 |   6.936931   1.852727      3.299373    10.57449
   _subpop_4 |   6.661587   1.413255      3.886868    9.436306
     EASTERN |   11.59192   2.273862      7.127522    16.05631
   _subpop_6 |    12.2828   2.368478      7.632636    16.93296
   _subpop_7 |   70.54363   6.326499      58.12248    82.96479
   _subpop_8 |   14.69113    4.58805      5.683164    23.69909
   _subpop_9 |   14.91943   2.500288      10.01048    19.82838
  _subpop_10 |   7.960846   1.249677      5.507288     10.4144
-------------+------------------------------------------------
pg_flex3     |
     KAMPALA |    .279509   .1844843      -.082699    .6417171
   _subpop_2 |   .9192135   .3997553      .1343523    1.704075
   _subpop_3 |   1.370707   .4139871      .5579039     2.18351
   _subpop_4 |   1.314541   .2712343      .7820121     1.84707
     EASTERN |   2.031978   .4112071      1.224633    2.839323
   _subpop_6 |   4.097447   .9365459      2.258676    5.936218
   _subpop_7 |   29.81991   3.626807      22.69921    36.94062
   _subpop_8 |    2.18005   .4310738        1.3337      3.0264
   _subpop_9 |   4.268263   .8708679      2.558441    5.978085
  _subpop_10 |    1.54965   .3201134      .9211544    2.178146
-------------+------------------------------------------------
spg_flex3    |
     KAMPALA |   .0582477   .0401137     -.0205096     .137005
   _subpop_2 |   .2976143   .1717654      -.039622    .6348507
   _subpop_3 |   .4164821   .1428383        .13604    .6969241
   _subpop_4 |   .4001842   .0988903      .2060275    .5943408
     EASTERN |   .5182169    .101719      .3185065    .7179273
   _subpop_6 |   1.849644   .5157187      .8371054    2.862182
   _subpop_7 |   15.89233   2.290851      11.39458    20.39009
   _subpop_8 |   .6590608   .1926119      .2808954    1.037226
   _subpop_9 |   1.798323    .517881      .7815392    2.815106
  _subpop_10 |   .4686656   .1388686      .1960175    .7413137
--------------------------------------------------------------
(running mean on estimation sample)

Survey: Mean estimation

Number of strata =      10       Number of obs    =       6775
Number of PSUs   =     711       Population size  =  200636622
                                 Design df        =        701

         Over: strata rural
    _subpop_1: KAMPALA Urban
    _subpop_2: CENTRAL 1 Urban
    _subpop_3: CENTRAL 1 Rural
    _subpop_4: CENTRAL 2 Urban
    _subpop_5: CENTRAL 2 Rural
    _subpop_6: EAST CENTRAL Urban
    _subpop_7: EAST CENTRAL Rural
    _subpop_8: EASTERN Urban
    _subpop_9: EASTERN Rural
   _subpop_10: MID-NOTHERN Urban
   _subpop_11: MID-NOTHERN Rural
   _subpop_12: NORTH-EAST Urban
   _subpop_13: NORTH-EAST Rural
   _subpop_14: WEST-NILE Urban
   _subpop_15: WEST-NILE Rural
   _subpop_16: MID-WESTERN Urban
   _subpop_17: MID-WESTERN Rural
   _subpop_18: SOUTH-WESTERN Urban
   _subpop_19: SOUTH-WESTERN Rural

--------------------------------------------------------------
             |             Linearized
        Over |       Mean   Std. Err.     [95% Conf. Interval]
-------------+------------------------------------------------
h_flex3      |
   _subpop_1 |   1.536145   .8756774     -.1831199    3.255409
   _subpop_2 |   2.160705   1.755188     -1.285349    5.606759
   _subpop_3 |   5.188173   1.655178      1.938474    8.437873
   _subpop_4 |   2.008124   1.395066      -.730883    4.747132
   _subpop_5 |     7.9545   2.158816      3.715979    12.19302
   _subpop_6 |          0  (omitted)
   _subpop_7 |   7.034482   1.486755      4.115457    9.953508
   _subpop_8 |   3.705768   2.352816     -.9136424    8.325178
   _subpop_9 |   12.21623   2.400194      7.503805    16.92866
  _subpop_10 |          0  (omitted)
  _subpop_11 |   13.62107   2.549022      8.616437     18.6257
  _subpop_12 |   6.831652   3.866863     -.7603675    14.42367
  _subpop_13 |   72.90274   6.443058      60.25273    85.55274
  _subpop_14 |   4.767413    4.38237      -3.83673    13.37156
  _subpop_15 |   16.16124   4.976018      6.391552    25.93092
  _subpop_16 |   6.107057    6.00618     -5.685199    17.89931
  _subpop_17 |   15.47024   2.591525      10.38216    20.55832
  _subpop_18 |          0  (omitted)
  _subpop_19 |   8.366523     1.2991       5.81593    10.91712
-------------+------------------------------------------------
pg_flex3     |
   _subpop_1 |    .279509   .1844843      -.082699    .6417171
   _subpop_2 |   .2164749    .218127     -.2117856    .6447353
   _subpop_3 |   1.098865   .4866187      .1434599    2.054269
   _subpop_4 |   .4449677   .3183382     -.1800429    1.069978
   _subpop_5 |   1.561829     .48637      .6069127    2.516745
   _subpop_6 |          0  (omitted)
   _subpop_7 |   1.388125   .2857632      .8270708    1.949179
   _subpop_8 |   .9635249   .6080953     -.2303813    2.157431
   _subpop_9 |   2.116564   .4349253      1.262652    2.970476
  _subpop_10 |          0  (omitted)
  _subpop_11 |   4.543885   1.017636      2.545904    6.541865
  _subpop_12 |   5.045953   2.856118      -.561618    10.65352
  _subpop_13 |   30.73724    3.74607      23.38238     38.0921
  _subpop_14 |   .3899959   .3528162     -.3027071    1.082699
  _subpop_15 |    2.44523   .4859246      1.491188    3.399272
  _subpop_16 |   1.051383   1.034016     -.9787562    3.081522
  _subpop_17 |   4.469332   .9088618      2.684914    6.253749
  _subpop_18 |          0  (omitted)
  _subpop_19 |   1.628619   .3343819      .9721089    2.285129
-------------+------------------------------------------------
spg_flex3    |
   _subpop_1 |   .0582477   .0401137     -.0205096     .137005
   _subpop_2 |   .0304932   .0322136     -.0327535    .0937399
   _subpop_3 |   .3659023   .2120799     -.0504855    .7822902
   _subpop_4 |   .1247363   .0915786     -.0550649    .3045374
   _subpop_5 |   .4767139   .1689887      .1449293    .8084986
   _subpop_6 |          0  (omitted)
   _subpop_7 |   .4225853    .104318       .217772    .6273985
   _subpop_8 |   .2514335   .1583131     -.0593911    .5622581
   _subpop_9 |   .5393372   .1077168       .327851    .7508233
  _subpop_10 |          0  (omitted)
  _subpop_11 |   2.051172   .5644975      .9428634     3.15948
  _subpop_12 |   3.727011   2.109568     -.4148188     7.86884
  _subpop_13 |   16.34279   2.373976      11.68183    21.00374
  _subpop_14 |   .0372038   .0333025     -.0281808    .1025883
  _subpop_15 |   .7511832   .2246731      .3100705    1.192296
  _subpop_16 |   .2623194   .2579863     -.2441991    .7688378
  _subpop_17 |   1.894329   .5433508      .8275396    2.961119
  _subpop_18 |          0  (omitted)
  _subpop_19 |   .4925483   .1455365      .2068087     .778288
--------------------------------------------------------------
(running mean on estimation sample)

Survey: Mean estimation

Number of strata =      10       Number of obs    =       6775
Number of PSUs   =     711       Population size  =  200636622
                                 Design df        =        701

    _subpop_1: spdomain = Central rural
    _subpop_2: spdomain = Central urban
      Eastern: spdomain = Eastern
     Northern: spdomain = Northern
      Western: spdomain = Western

--------------------------------------------------------------
             |             Linearized
        Over |       Mean   Std. Err.     [95% Conf. Interval]
-------------+------------------------------------------------
h_flex3      |
   _subpop_1 |   6.581367   1.376393       3.87902    9.283714
   _subpop_2 |   1.799244   .7005769      .4237641    3.174725
     Eastern |   9.376396   1.430796      6.567238    12.18555
    Northern |   22.52299   2.185355      18.23237    26.81362
     Western |   11.54138   1.468557      8.658087    14.42468
-------------+------------------------------------------------
pg_flex3     |
   _subpop_1 |   1.332025   .3450826      .6545061    2.009545
   _subpop_2 |    .298381   .1326576      .0379271    .5588349
     Eastern |   1.709587   .2615331      1.196105    2.223069
    Northern |   7.612307    .889949      5.865022    9.359591
     Western |   2.948512   .4978733      1.971011    3.926014
-------------+------------------------------------------------
spg_flex3    |
   _subpop_1 |   .4217099   .1354803      .1557141    .6877057
   _subpop_2 |   .0652005   .0303889      .0055363    .1248647
     Eastern |   .4651771   .0719672      .3238799    .6064742
    Northern |   3.719964   .5208979      2.697257     4.74267
     Western |   1.152841   .2890797      .5852749    1.720406
--------------------------------------------------------------
rural was float now byte
news was float now byte
spdomain was float now byte
reg_tpi was float now byte
h_flex3 was float now byte
file C:\Users\Templeton\Desktop\GAPP\GAPP-UGANDA-HARUNA/work/cons_real_it3.dta saved

    Variable |     Obs      Weight        Mean   Std. Dev.       Min        Max
-------------+-----------------------------------------------------------------
     h_flex3 |    6775   200636622    11.44148   31.83379          0        100
file C:\Users\Templeton\Desktop\GAPP\GAPP-UGANDA-HARUNA/work/foodshares_it3.dta saved
file C:\Users\TEMPLE~1\AppData\Local\Temp\ST_0j000002.tmp saved
variable one does not uniquely identify observations in the master data

     _merge |      Freq.     Percent        Cum.
------------+-----------------------------------
          3 |      6,775      100.00      100.00
------------+-----------------------------------
      Total |      6,775      100.00

   relpoor4 |      Freq.     Percent        Cum.
------------+-----------------------------------
          0 | 3,386.4401       49.98       49.98
          1 | 3,388.5599       50.02      100.00
------------+-----------------------------------
      Total |      6,775      100.00
file C:\Users\Templeton\Desktop\GAPP\GAPP-UGANDA-HARUNA\work\relpoor_it4.dta saved
variable hhid does not uniquely identify observations in the master data

     _merge |      Freq.     Percent        Cum.
------------+-----------------------------------
          3 |    412,045      100.00      100.00
------------+-----------------------------------
      Total |    412,045      100.00
(0 observations deleted)
variable hhid does not uniquely identify observations in the master data

     _merge |      Freq.     Percent        Cum.
------------+-----------------------------------
          3 |    412,045      100.00      100.00
------------+-----------------------------------
      Total |    412,045      100.00
(240153 observations deleted)
(138049 missing values generated)
138049
    0
(138142 missing values generated)
138142
(138142 observations deleted)
(note: file C:\Users\TEMPLE~1\AppData\Local\Temp\ST_0j00000o.tmp not found)
file C:\Users\TEMPLE~1\AppData\Local\Temp\ST_0j00000o.tmp saved
(note: file C:\Users\TEMPLE~1\AppData\Local\Temp\ST_0j00000p.tmp not found)
file C:\Users\TEMPLE~1\AppData\Local\Temp\ST_0j00000p.tmp saved
variable spdomain does not uniquely identify observations in the master data

     _merge |      Freq.     Percent        Cum.
------------+-----------------------------------
          3 |     33,750      100.00      100.00
------------+-----------------------------------
      Total |     33,750      100.00
  148
(148 observations deleted)
file C:\Users\TEMPLE~1\AppData\Local\Temp\ST_0j00000o.tmp saved
45
45
file C:\Users\Templeton\Desktop\GAPP\GAPP-UGANDA-HARUNA\work\codes_food_basket_flex_it4.dta
>  saved
(4392 observations deleted)
(note: file C:\Users\TEMPLE~1\AppData\Local\Temp\ST_0j00000q.tmp not found)
file C:\Users\TEMPLE~1\AppData\Local\Temp\ST_0j00000q.tmp saved
variable hhid does not uniquely identify observations in the master data

     _merge |      Freq.     Percent        Cum.
------------+-----------------------------------
          2 |         14        0.02        0.02
          3 |     85,204       99.98      100.00
------------+-----------------------------------
      Total |     85,218      100.00
(14 observations deleted)
file C:\Users\TEMPLE~1\AppData\Local\Temp\ST_0j00000q.tmp saved
variable product does not uniquely identify observations in the master data

     _merge |      Freq.     Percent        Cum.
------------+-----------------------------------
          1 |     10,440       12.25       12.25
          3 |     74,764       87.75      100.00
------------+-----------------------------------
      Total |     85,204      100.00
(10440 observations deleted)
(0 observations deleted)
(note: file C:\Users\TEMPLE~1\AppData\Local\Temp\ST_0j00000s.tmp not found)
file C:\Users\TEMPLE~1\AppData\Local\Temp\ST_0j00000s.tmp saved
product was float now int
unit was float now byte
food_cat was float now byte
rmult was float now int
poor09 was float now byte
survquar was float now byte
survmon was float now byte
rural was float now byte
news was float now byte
bswt was float now byte
spdomain was float now byte
reg_tpi was float now byte
count was float now byte
descript was float now byte
hhsize was double now byte
numreg was double now byte
variable hhid does not uniquely identify observations in the master data
survquar was byte now float
spdomain was byte now float
reg_tpi was byte now float
(label lsurvquar already defined)
(label spdomain_original already defined)
(label REG_TPI already defined)

     _merge |      Freq.     Percent        Cum.
------------+-----------------------------------
          2 |         31        0.04        0.04
          3 |     74,764       99.96      100.00
------------+-----------------------------------
      Total |     74,795      100.00
variable hhid does not uniquely identify observations in the master data

     _merge |      Freq.     Percent        Cum.
------------+-----------------------------------
          3 |     74,795      100.00      100.00
------------+-----------------------------------
      Total |     74,795      100.00
(46559 observations deleted)
(11 observations deleted)
(2115 observations deleted)

    Variable |       Obs        Mean    Std. Dev.       Min        Max
-------------+--------------------------------------------------------
    ratiotw4 |       218    1.305644     .580161   .9367496    5.06082
    ratiomw4 |       218    1.094351    .3833302          0   3.690952
variable product does not uniquely identify observations in the master data
product was int now float

     _merge |      Freq.     Percent        Cum.
------------+-----------------------------------
          3 |        218      100.00      100.00
------------+-----------------------------------
      Total |        218      100.00
    0
(0 observations deleted)
file C:\Users\Templeton\Desktop\GAPP\GAPP-UGANDA-HARUNA\work\price_unit_flex_it4.dta saved
(label spdomain_original already defined)

     _merge |      Freq.     Percent        Cum.
------------+-----------------------------------
          2 |         70       32.11       32.11
          3 |        148       67.89      100.00
------------+-----------------------------------
      Total |        218      100.00
(70 observations deleted)
variable product does not uniquely identify observations in the master data
(note: descript is str26 in using data but will be float now)

     _merge |      Freq.     Percent        Cum.
------------+-----------------------------------
          2 |         17       10.30       10.30
          3 |        148       89.70      100.00
------------+-----------------------------------
      Total |        165      100.00
(17 observations deleted)

-------------------------------------------------------------------------------------------
-> spdomain = Central rural
    1
-------------------------------------------------------------------------------------------
-> spdomain = Central urban
    3
-------------------------------------------------------------------------------------------
-> spdomain = Eastern
    0
-------------------------------------------------------------------------------------------
-> spdomain = Northern
    0
-------------------------------------------------------------------------------------------
-> spdomain = Western
    0

    Variable |       Obs        Mean    Std. Dev.       Min        Max
-------------+--------------------------------------------------------
        bswt |       148    163.6554    160.7161          3       1023
(4 observations deleted)
(13 observations deleted)

Summary for variables: baskshr
     by categories of: spdomain 

     spdomain |         N      mean        sd       min       max
--------------+--------------------------------------------------
Central rural |        27  .9016237         0  .9016237  .9016237
Central urban |        23  .8832131         0  .8832131  .8832131
      Eastern |        27   .905024         0   .905024   .905024
     Northern |        26  .9002259         0  .9002259  .9002259
      Western |        28  .9012557         0  .9012557  .9012557
--------------+--------------------------------------------------
        Total |       131  .8987361  .0073747  .8832131   .905024
-----------------------------------------------------------------
variable spdomain does not uniquely identify observations in the master data

     _merge |      Freq.     Percent        Cum.
------------+-----------------------------------
          3 |        131      100.00      100.00
------------+-----------------------------------
      Total |        131      100.00
(131 real changes made)
(125 real changes made)
(131 real changes made)

Summary for variables: chkcal
     by categories of: spdomain 

     spdomain |         N      mean        sd       min       max
--------------+--------------------------------------------------
Central rural |        27  .0000257         0  .0000257  .0000257
Central urban |        23  .0000771         0  .0000771  .0000771
      Eastern |        27 -.0001156         0 -.0001156 -.0001156
     Northern |        26  .0001156         0  .0001156  .0001156
      Western |        28  .0000128         0  .0000128  .0000128
--------------+--------------------------------------------------
        Total |       131  .0000207   .000079 -.0001156  .0001156
-----------------------------------------------------------------
(131 real changes made)
file C:\Users\Templeton\Desktop\GAPP\GAPP-UGANDA-HARUNA\work\quan_flex_it4.dta saved
file C:\Users\Templeton\Desktop\GAPP\GAPP-UGANDA-HARUNA\work\povline_food_flex_it4.dta save
> d
variable spdomain does not uniquely identify observations in the master data
(label spdomain_original already defined)

     _merge |      Freq.     Percent        Cum.
------------+-----------------------------------
          3 |      6,775      100.00      100.00
------------+-----------------------------------
      Total |      6,775      100.00
(335 real changes made)
(note: file C:\Users\TEMPLE~1\AppData\Local\Temp\ST_0j00000u.tmp not found)
file C:\Users\TEMPLE~1\AppData\Local\Temp\ST_0j00000u.tmp saved
variable spdomain does not uniquely identify observations in the master data
(label spdomain_original already defined)

     _merge |      Freq.     Percent        Cum.
------------+-----------------------------------
          3 |      6,775      100.00      100.00
------------+-----------------------------------
      Total |      6,775      100.00
file C:\Users\Templeton\Desktop\GAPP\GAPP-UGANDA-HARUNA\work\povlines_it4.dta saved
variable spdomain does not uniquely identify observations in the master data
variable spdomain does not uniquely identify observations in
    C:\Users\Templeton\Desktop\GAPP\GAPP-UGANDA-HARUNA\work\povlines_it4.dta
(label spdomain_original already defined)

     _merge |      Freq.     Percent        Cum.
------------+-----------------------------------
          3 |      6,775      100.00      100.00
------------+-----------------------------------
      Total |      6,775      100.00
(6775 real changes made)
(6775 real changes made)

    Variable |     Obs      Weight        Mean   Std. Dev.       Min        Max
-------------+-----------------------------------------------------------------
          cr |    6775   200636622    9416.597   395671.8   82.64046   8.12e+07
      cr_it4 |    6775   200636622    9416.598   356305.2   77.78983   7.30e+07
     linpob4 |    6775   200636622    960.4904   125.7167   793.5649   1170.091
    linpobr4 |    6775   200636622    1052.803   .0000605   1052.803   1052.803
(5917 missing values generated)
(5917 real changes made)
(5917 real changes made)
(5917 real changes made)

      pweight: popwt
          VCE: linearized
  Single unit: missing
     Strata 1: strata
         SU 1: psu
        FPC 1: <zero>
(running mean on estimation sample)

Survey: Mean estimation

Number of strata =      10       Number of obs    =       6775
Number of PSUs   =     711       Population size  =  200636622
                                 Design df        =        701

--------------------------------------------------------------
             |             Linearized
             |       Mean   Std. Err.     [95% Conf. Interval]
-------------+------------------------------------------------
     h_flex4 |   11.37911   .7831586      9.841489    12.91672
    pg_flex4 |   2.957196   .2375981      2.490707    3.423685
   spg_flex4 |   1.213354   .1270704      .9638696    1.462838
--------------------------------------------------------------
(running mean on estimation sample)

Survey: Mean estimation

Number of strata =      10       Number of obs    =       6775
Number of PSUs   =     711       Population size  =  200636622
                                 Design df        =        701

        Urban: rural = Urban
        Rural: rural = Rural

--------------------------------------------------------------
             |             Linearized
        Over |       Mean   Std. Err.     [95% Conf. Interval]
-------------+------------------------------------------------
h_flex4      |
       Urban |   2.134924   .6447657      .8690208    3.400827
       Rural |   12.79111    .869132      11.08469    14.49752
-------------+------------------------------------------------
pg_flex4     |
       Urban |    .395382   .1217945      .1562563    .6345078
       Rural |   3.348499   .2688166      2.820717    3.876281
-------------+------------------------------------------------
spg_flex4    |
       Urban |   .1119495    .042244      .0290097    .1948894
       Rural |   1.381587    .145298      1.096316    1.666859
--------------------------------------------------------------
(running mean on estimation sample)

Survey: Mean estimation

Number of strata =      10       Number of obs    =       6775
Number of PSUs   =     711       Population size  =  200636622
                                 Design df        =        701

      KAMPALA: strata = KAMPALA
    _subpop_2: strata = CENTRAL 1
    _subpop_3: strata = CENTRAL 2
    _subpop_4: strata = EAST CENTRAL
      EASTERN: strata = EASTERN
    _subpop_6: strata = MID-NOTHERN
    _subpop_7: strata = NORTH-EAST
    _subpop_8: strata = WEST-NILE
    _subpop_9: strata = MID-WESTERN
   _subpop_10: strata = SOUTH-WESTERN

--------------------------------------------------------------
             |             Linearized
        Over |       Mean   Std. Err.     [95% Conf. Interval]
-------------+------------------------------------------------
h_flex4      |
     KAMPALA |   1.536145   .8756774     -.1831199    3.255409
   _subpop_2 |   4.571793   1.414053      1.795507    7.348078
   _subpop_3 |   6.936931   1.852727      3.299373    10.57449
   _subpop_4 |   6.847117   1.464599       3.97159    9.722644
     EASTERN |   11.80657   2.253825      7.381518    16.23163
   _subpop_6 |    12.2828   2.368478      7.632636    16.93296
   _subpop_7 |   70.46399   6.318452      58.05864    82.86935
   _subpop_8 |   13.14734    3.44249      6.388509    19.90616
   _subpop_9 |   14.90051   2.500094      9.991944    19.80908
  _subpop_10 |    7.78967   1.224842      5.384871    10.19447
-------------+------------------------------------------------
pg_flex4     |
     KAMPALA |   .2795091   .1844844      -.082699    .6417173
   _subpop_2 |   .9008626    .395771      .1238241    1.677901
   _subpop_3 |    1.34085   .4080212      .5397601     2.14194
   _subpop_4 |   1.337929    .274759      .7984801    1.877379
     EASTERN |   2.073973   .4182771      1.252747    2.895199
   _subpop_6 |   4.016631   .9242427      2.202016    5.831246
   _subpop_7 |   29.41841   3.604021      22.34244    36.49438
   _subpop_8 |   2.058846   .4253723      1.223689    2.894002
   _subpop_9 |   4.162483   .8582859      2.477364    5.847601
  _subpop_10 |   1.486131   .3140432      .8695527    2.102709
-------------+------------------------------------------------
spg_flex4    |
     KAMPALA |   .0582477   .0401137     -.0205096    .1370051
   _subpop_2 |   .2911208   .1693572     -.0413872    .6236289
   _subpop_3 |   .4064857   .1400398      .1315379    .6814335
   _subpop_4 |    .408241   .1001436      .2116237    .6048583
     EASTERN |   .5315693   .1041072        .32717    .7359686
   _subpop_6 |   1.805836   .5079344      .8085814    2.803091
   _subpop_7 |   15.61992   2.265115       11.1727    20.06714
   _subpop_8 |   .6300944   .1888301      .2593541    1.000835
   _subpop_9 |   1.750014   .5119682      .7448393    2.755189
  _subpop_10 |   .4476948   .1357352      .1811985    .7141911
--------------------------------------------------------------
(running mean on estimation sample)

Survey: Mean estimation

Number of strata =      10       Number of obs    =       6775
Number of PSUs   =     711       Population size  =  200636622
                                 Design df        =        701

         Over: strata rural
    _subpop_1: KAMPALA Urban
    _subpop_2: CENTRAL 1 Urban
    _subpop_3: CENTRAL 1 Rural
    _subpop_4: CENTRAL 2 Urban
    _subpop_5: CENTRAL 2 Rural
    _subpop_6: EAST CENTRAL Urban
    _subpop_7: EAST CENTRAL Rural
    _subpop_8: EASTERN Urban
    _subpop_9: EASTERN Rural
   _subpop_10: MID-NOTHERN Urban
   _subpop_11: MID-NOTHERN Rural
   _subpop_12: NORTH-EAST Urban
   _subpop_13: NORTH-EAST Rural
   _subpop_14: WEST-NILE Urban
   _subpop_15: WEST-NILE Rural
   _subpop_16: MID-WESTERN Urban
   _subpop_17: MID-WESTERN Rural
   _subpop_18: SOUTH-WESTERN Urban
   _subpop_19: SOUTH-WESTERN Rural

--------------------------------------------------------------
             |             Linearized
        Over |       Mean   Std. Err.     [95% Conf. Interval]
-------------+------------------------------------------------
h_flex4      |
   _subpop_1 |   1.536145   .8756774     -.1831199    3.255409
   _subpop_2 |   2.160705   1.755188     -1.285349    5.606759
   _subpop_3 |   5.188173   1.655178      1.938474    8.437873
   _subpop_4 |   2.008124   1.395066      -.730883    4.747132
   _subpop_5 |     7.9545   2.158816      3.715979    12.19302
   _subpop_6 |          0  (omitted)
   _subpop_7 |   7.230398   1.541012      4.204846    10.25595
   _subpop_8 |   3.705768   2.352816     -.9136424    8.325178
   _subpop_9 |   12.44788    2.37598      7.782995    17.11278
  _subpop_10 |          0  (omitted)
  _subpop_11 |   13.62107   2.549022      8.616437     18.6257
  _subpop_12 |   6.831652   3.866863     -.7603675    14.42367
  _subpop_13 |   72.82015   6.433835      60.18825    85.45204
  _subpop_14 |   4.767413    4.38237      -3.83673    13.37156
  _subpop_15 |   14.38875   3.692342       7.13937    21.63812
  _subpop_16 |   5.955329   5.856958     -5.543952    17.45461
  _subpop_17 |   15.45962   2.591999      10.37061    20.54863
  _subpop_18 |          0  (omitted)
  _subpop_19 |   8.186625   1.273095      5.687089    10.68616
-------------+------------------------------------------------
pg_flex4     |
   _subpop_1 |   .2795091   .1844844      -.082699    .6417173
   _subpop_2 |    .216475   .2181271     -.2117857    .6447356
   _subpop_3 |   1.075822   .4819887      .1295081    2.022137
   _subpop_4 |   .4449677   .3183383     -.1800429    1.069978
   _subpop_5 |   1.525808   .4794948      .5843899    2.467226
   _subpop_6 |          0  (omitted)
   _subpop_7 |   1.412823   .2894597      .8445107    1.981134
   _subpop_8 |   .9754801   .6156836     -.2333248    2.184285
   _subpop_9 |   2.160937     .44234      1.292467    3.029407
  _subpop_10 |          0  (omitted)
  _subpop_11 |   4.454263   1.004568       2.48194    6.426587
  _subpop_12 |   5.028322   2.846139     -.5596557     10.6163
  _subpop_13 |   30.32152   3.723205      23.01155    37.63149
  _subpop_14 |   .3467766   .3130409     -.2678335    .9613867
  _subpop_15 |   2.312473   .4844167      1.361392    3.263555
  _subpop_16 |   1.001811   .9852633     -.9326091    2.936232
  _subpop_17 |   4.360038   .8959738      2.600924    6.119151
  _subpop_18 |          0  (omitted)
  _subpop_19 |   1.561862   .3281337      .9176199    2.206105
-------------+------------------------------------------------
spg_flex4    |
   _subpop_1 |   .0582477   .0401137     -.0205096    .1370051
   _subpop_2 |   .0304932   .0322136     -.0327536      .09374
   _subpop_3 |   .3577488   .2091575     -.0529013    .7683989
   _subpop_4 |   .1247363   .0915786     -.0550649    .3045375
   _subpop_5 |   .4646538   .1656891      .1393474    .7899601
   _subpop_6 |          0  (omitted)
   _subpop_7 |   .4310931   .1056368      .2236907    .6384955
   _subpop_8 |    .257681   .1622496     -.0608723    .5762343
   _subpop_9 |    .553252   .1102273      .3368368    .7696673
  _subpop_10 |          0  (omitted)
  _subpop_11 |   2.002591   .5561179       .910735    3.094448
  _subpop_12 |   3.701012   2.094852     -.4119251    7.813948
  _subpop_13 |   16.06125   2.347488       11.4523     20.6702
  _subpop_14 |   .0306297   .0273554     -.0230786     .084338
  _subpop_15 |   .7188996   .2204157      .2861456    1.151654
  _subpop_16 |   .2470468    .242966     -.2299815    .7240751
  _subpop_17 |   1.843956   .5372521      .7891399    2.898772
  _subpop_18 |          0  (omitted)
  _subpop_19 |   .4705089    .142272      .1911786    .7498392
--------------------------------------------------------------
(running mean on estimation sample)

Survey: Mean estimation

Number of strata =      10       Number of obs    =       6775
Number of PSUs   =     711       Population size  =  200636622
                                 Design df        =        701

    _subpop_1: spdomain = Central rural
    _subpop_2: spdomain = Central urban
      Eastern: spdomain = Eastern
     Northern: spdomain = Northern
      Western: spdomain = Western

--------------------------------------------------------------
             |             Linearized
        Over |       Mean   Std. Err.     [95% Conf. Interval]
-------------+------------------------------------------------
h_flex4      |
   _subpop_1 |   6.581367   1.376393       3.87902    9.283714
   _subpop_2 |   1.799244   .7005769      .4237641    3.174725
     Eastern |   9.577965   1.432329      6.765795    12.39013
    Northern |   21.98894   2.001137         18.06    25.91788
     Western |   11.44855   1.464389       8.57344    14.32367
-------------+------------------------------------------------
pg_flex4     |
   _subpop_1 |   1.302447   .3409426      .6330557    1.971838
   _subpop_2 |   .2983811   .1326577      .0379271     .558835
     Eastern |    1.74322   .2658293      1.221303    2.265137
    Northern |   7.465966   .8851816      5.728041     9.20389
     Western |   2.863247   .4904766      1.900268    3.826226
-------------+------------------------------------------------
spg_flex4    |
   _subpop_1 |   .4115889      .1333      .1498738    .6733041
   _subpop_2 |   .0652005   .0303889      .0055363    .1248647
     Eastern |   .4761498   .0733794      .3320801    .6202195
    Northern |   3.644176   .5138892      2.635229    4.653122
     Western |   1.117803   .2855276      .5572112    1.678395
--------------------------------------------------------------
rural was float now byte
news was float now byte
spdomain was float now byte
reg_tpi was float now byte
h_flex4 was float now byte
file C:\Users\Templeton\Desktop\GAPP\GAPP-UGANDA-HARUNA/work/cons_real_it4.dta saved

    Variable |     Obs      Weight        Mean   Std. Dev.       Min        Max
-------------+-----------------------------------------------------------------
     h_flex4 |    6775   200636622    11.37911   31.75808          0        100
file C:\Users\Templeton\Desktop\GAPP\GAPP-UGANDA-HARUNA/work/foodshares_it4.dta saved
file C:\Users\TEMPLE~1\AppData\Local\Temp\ST_0j000002.tmp saved
variable one does not uniquely identify observations in the master data

     _merge |      Freq.     Percent        Cum.
------------+-----------------------------------
          3 |      6,775      100.00      100.00
------------+-----------------------------------
      Total |      6,775      100.00

   relpoor5 |      Freq.     Percent        Cum.
------------+-----------------------------------
          0 | 3,385.8218       49.98       49.98
          1 | 3,389.1782       50.02      100.00
------------+-----------------------------------
      Total |      6,775      100.00
file C:\Users\Templeton\Desktop\GAPP\GAPP-UGANDA-HARUNA\work\relpoor_it5.dta saved
variable hhid does not uniquely identify observations in the master data

     _merge |      Freq.     Percent        Cum.
------------+-----------------------------------
          3 |    412,045      100.00      100.00
------------+-----------------------------------
      Total |    412,045      100.00
(0 observations deleted)
variable hhid does not uniquely identify observations in the master data

     _merge |      Freq.     Percent        Cum.
------------+-----------------------------------
          3 |    412,045      100.00      100.00
------------+-----------------------------------
      Total |    412,045      100.00
(240170 observations deleted)
(138044 missing values generated)
138044
    0
(138137 missing values generated)
138137
(138137 observations deleted)
(note: file C:\Users\TEMPLE~1\AppData\Local\Temp\ST_0j00000v.tmp not found)
file C:\Users\TEMPLE~1\AppData\Local\Temp\ST_0j00000v.tmp saved
(note: file C:\Users\TEMPLE~1\AppData\Local\Temp\ST_0j00000w.tmp not found)
file C:\Users\TEMPLE~1\AppData\Local\Temp\ST_0j00000w.tmp saved
variable spdomain does not uniquely identify observations in the master data

     _merge |      Freq.     Percent        Cum.
------------+-----------------------------------
          3 |     33,738      100.00      100.00
------------+-----------------------------------
      Total |     33,738      100.00
  148
(148 observations deleted)
file C:\Users\TEMPLE~1\AppData\Local\Temp\ST_0j00000v.tmp saved
45
45
file C:\Users\Templeton\Desktop\GAPP\GAPP-UGANDA-HARUNA\work\codes_food_basket_flex_it5.dta
>  saved
(4392 observations deleted)
(note: file C:\Users\TEMPLE~1\AppData\Local\Temp\ST_0j00000x.tmp not found)
file C:\Users\TEMPLE~1\AppData\Local\Temp\ST_0j00000x.tmp saved
variable hhid does not uniquely identify observations in the master data

     _merge |      Freq.     Percent        Cum.
------------+-----------------------------------
          2 |         14        0.02        0.02
          3 |     85,204       99.98      100.00
------------+-----------------------------------
      Total |     85,218      100.00
(14 observations deleted)
file C:\Users\TEMPLE~1\AppData\Local\Temp\ST_0j00000x.tmp saved
variable product does not uniquely identify observations in the master data

     _merge |      Freq.     Percent        Cum.
------------+-----------------------------------
          1 |     10,440       12.25       12.25
          3 |     74,764       87.75      100.00
------------+-----------------------------------
      Total |     85,204      100.00
(10440 observations deleted)
(0 observations deleted)
(note: file C:\Users\TEMPLE~1\AppData\Local\Temp\ST_0j000011.tmp not found)
file C:\Users\TEMPLE~1\AppData\Local\Temp\ST_0j000011.tmp saved
product was float now int
unit was float now byte
food_cat was float now byte
rmult was float now int
poor09 was float now byte
survquar was float now byte
survmon was float now byte
rural was float now byte
news was float now byte
bswt was float now byte
spdomain was float now byte
reg_tpi was float now byte
count was float now byte
descript was float now byte
hhsize was double now byte
numreg was double now byte
variable hhid does not uniquely identify observations in the master data
survquar was byte now float
spdomain was byte now float
reg_tpi was byte now float
(label lsurvquar already defined)
(label spdomain_original already defined)
(label REG_TPI already defined)

     _merge |      Freq.     Percent        Cum.
------------+-----------------------------------
          2 |         31        0.04        0.04
          3 |     74,764       99.96      100.00
------------+-----------------------------------
      Total |     74,795      100.00
variable hhid does not uniquely identify observations in the master data

     _merge |      Freq.     Percent        Cum.
------------+-----------------------------------
          3 |     74,795      100.00      100.00
------------+-----------------------------------
      Total |     74,795      100.00
(46577 observations deleted)
(11 observations deleted)
(2124 observations deleted)

    Variable |       Obs        Mean    Std. Dev.       Min        Max
-------------+--------------------------------------------------------
    ratiotw5 |       218    1.303086    .5787333   .9367496    5.06082
    ratiomw5 |       218    1.092546    .3833589          0   3.690952
variable product does not uniquely identify observations in the master data
product was int now float

     _merge |      Freq.     Percent        Cum.
------------+-----------------------------------
          3 |        218      100.00      100.00
------------+-----------------------------------
      Total |        218      100.00
    0
(0 observations deleted)
file C:\Users\Templeton\Desktop\GAPP\GAPP-UGANDA-HARUNA\work\price_unit_flex_it5.dta saved
(label spdomain_original already defined)

     _merge |      Freq.     Percent        Cum.
------------+-----------------------------------
          2 |         70       32.11       32.11
          3 |        148       67.89      100.00
------------+-----------------------------------
      Total |        218      100.00
(70 observations deleted)
variable product does not uniquely identify observations in the master data
(note: descript is str26 in using data but will be float now)

     _merge |      Freq.     Percent        Cum.
------------+-----------------------------------
          2 |         17       10.30       10.30
          3 |        148       89.70      100.00
------------+-----------------------------------
      Total |        165      100.00
(17 observations deleted)

-------------------------------------------------------------------------------------------
-> spdomain = Central rural
    1
-------------------------------------------------------------------------------------------
-> spdomain = Central urban
    3
-------------------------------------------------------------------------------------------
-> spdomain = Eastern
    0
-------------------------------------------------------------------------------------------
-> spdomain = Northern
    0
-------------------------------------------------------------------------------------------
-> spdomain = Western
    0

    Variable |       Obs        Mean    Std. Dev.       Min        Max
-------------+--------------------------------------------------------
        bswt |       148    163.5135    160.3047          3       1019
(4 observations deleted)
(13 observations deleted)

Summary for variables: baskshr
     by categories of: spdomain 

     spdomain |         N      mean        sd       min       max
--------------+--------------------------------------------------
Central rural |        27  .9016255         0  .9016255  .9016255
Central urban |        23  .8832131         0  .8832131  .8832131
      Eastern |        27  .9041941         0  .9041941  .9041941
     Northern |        26  .9007255         0  .9007255  .9007255
      Western |        28  .9012296         0  .9012296  .9012296
--------------+--------------------------------------------------
        Total |       131   .898659   .007258  .8832131  .9041941
-----------------------------------------------------------------
variable spdomain does not uniquely identify observations in the master data

     _merge |      Freq.     Percent        Cum.
------------+-----------------------------------
          3 |        131      100.00      100.00
------------+-----------------------------------
      Total |        131      100.00
(131 real changes made)
(125 real changes made)
(131 real changes made)

Summary for variables: chkcal
     by categories of: spdomain 

     spdomain |         N      mean        sd       min       max
--------------+--------------------------------------------------
Central rural |        27  .0002827         0  .0002827  .0002827
Central urban |        23  .0000771         0  .0000771  .0000771
      Eastern |        27 -.0001156         0 -.0001156 -.0001156
     Northern |        26  .0001156         0  .0001156  .0001156
      Western |        28  .0000128         0  .0000128  .0000128
--------------+--------------------------------------------------
        Total |       131  .0000737  .0001329 -.0001156  .0002827
-----------------------------------------------------------------
(131 real changes made)
file C:\Users\Templeton\Desktop\GAPP\GAPP-UGANDA-HARUNA\work\quan_flex_it5.dta saved
file C:\Users\Templeton\Desktop\GAPP\GAPP-UGANDA-HARUNA\work\povline_food_flex_it5.dta save
> d
variable spdomain does not uniquely identify observations in the master data
(label spdomain_original already defined)

     _merge |      Freq.     Percent        Cum.
------------+-----------------------------------
          3 |      6,775      100.00      100.00
------------+-----------------------------------
      Total |      6,775      100.00
(330 real changes made)
(note: file C:\Users\TEMPLE~1\AppData\Local\Temp\ST_0j000013.tmp not found)
file C:\Users\TEMPLE~1\AppData\Local\Temp\ST_0j000013.tmp saved
variable spdomain does not uniquely identify observations in the master data
(label spdomain_original already defined)

     _merge |      Freq.     Percent        Cum.
------------+-----------------------------------
          3 |      6,775      100.00      100.00
------------+-----------------------------------
      Total |      6,775      100.00
file C:\Users\Templeton\Desktop\GAPP\GAPP-UGANDA-HARUNA\work\povlines_it5.dta saved
variable spdomain does not uniquely identify observations in the master data
variable spdomain does not uniquely identify observations in
    C:\Users\Templeton\Desktop\GAPP\GAPP-UGANDA-HARUNA\work\povlines_it5.dta
(label spdomain_original already defined)

     _merge |      Freq.     Percent        Cum.
------------+-----------------------------------
          3 |      6,775      100.00      100.00
------------+-----------------------------------
      Total |      6,775      100.00
(6775 real changes made)
(6775 real changes made)

    Variable |     Obs      Weight        Mean   Std. Dev.       Min        Max
-------------+-----------------------------------------------------------------
          cr |    6775   200636622    9416.597   395671.8   82.64046   8.12e+07
      cr_it5 |    6775   200636622    9416.598   353691.3   75.26497   7.25e+07
     linpob5 |    6775   200636622    948.5025   145.0647   792.7487   1170.091
    linpobr5 |    6775   200636622    1044.997          0   1044.997   1044.997
(5927 missing values generated)
(5927 real changes made)
(5927 real changes made)
(5927 real changes made)

      pweight: popwt
          VCE: linearized
  Single unit: missing
     Strata 1: strata
         SU 1: psu
        FPC 1: <zero>
(running mean on estimation sample)

Survey: Mean estimation

Number of strata =      10       Number of obs    =       6775
Number of PSUs   =     711       Population size  =  200636622
                                 Design df        =        701

--------------------------------------------------------------
             |             Linearized
             |       Mean   Std. Err.     [95% Conf. Interval]
-------------+------------------------------------------------
     h_flex5 |   10.86611   .7630706      9.367934    12.36429
    pg_flex5 |    2.86668   .2342658      2.406733    3.326627
   spg_flex5 |     1.1861   .1277124      .9353556    1.436845
--------------------------------------------------------------
(running mean on estimation sample)

Survey: Mean estimation

Number of strata =      10       Number of obs    =       6775
Number of PSUs   =     711       Population size  =  200636622
                                 Design df        =        701

        Urban: rural = Urban
        Rural: rural = Rural

--------------------------------------------------------------
             |             Linearized
        Over |       Mean   Std. Err.     [95% Conf. Interval]
-------------+------------------------------------------------
h_flex5      |
       Urban |   2.143004   .6487767      .8692255    3.416782
       Rural |   12.19852   .8477312      10.53412    13.86292
-------------+------------------------------------------------
pg_flex5     |
       Urban |   .3836836   .1202488      .1475927    .6197744
       Rural |   3.245945   .2654657      2.724742    3.767148
-------------+------------------------------------------------
spg_flex5    |
       Urban |    .105386    .041391      .0241207    .1866512
       Rural |   1.351174    .146174      1.064182    1.638165
--------------------------------------------------------------
(running mean on estimation sample)

Survey: Mean estimation

Number of strata =      10       Number of obs    =       6775
Number of PSUs   =     711       Population size  =  200636622
                                 Design df        =        701

      KAMPALA: strata = KAMPALA
    _subpop_2: strata = CENTRAL 1
    _subpop_3: strata = CENTRAL 2
    _subpop_4: strata = EAST CENTRAL
      EASTERN: strata = EASTERN
    _subpop_6: strata = MID-NOTHERN
    _subpop_7: strata = NORTH-EAST
    _subpop_8: strata = WEST-NILE
    _subpop_9: strata = MID-WESTERN
   _subpop_10: strata = SOUTH-WESTERN

--------------------------------------------------------------
             |             Linearized
        Over |       Mean   Std. Err.     [95% Conf. Interval]
-------------+------------------------------------------------
h_flex5      |
     KAMPALA |   1.536145   .8756774     -.1831199    3.255409
   _subpop_2 |   4.571793   1.414053      1.795507    7.348078
   _subpop_3 |   6.936931   1.852727      3.299373    10.57449
   _subpop_4 |   5.450948   1.171204       3.15146    7.750436
     EASTERN |    9.28854   2.149875      5.067575     13.5095
   _subpop_6 |    12.2828   2.368478      7.632636    16.93296
   _subpop_7 |   70.40914   6.316239      58.00812    82.81015
   _subpop_8 |   13.14734    3.44249      6.388509    19.90616
   _subpop_9 |     15.421   2.497656      10.51722    20.32478
  _subpop_10 |   8.512285   1.293816      5.972066     11.0525
-------------+------------------------------------------------
pg_flex5     |
     KAMPALA |   .2795091   .1844844      -.082699    .6417172
   _subpop_2 |   .9018903   .3959927      .1244165    1.679364
   _subpop_3 |   1.342522   .4083527      .5407812    2.144263
   _subpop_4 |   1.028253   .2262712      .5840028    1.472504
     EASTERN |   1.544198   .3131273      .9294186    2.158978
   _subpop_6 |    4.00812    .922952      2.196038    5.820201
   _subpop_7 |   29.37619   3.601634      22.30491    36.44748
   _subpop_8 |   2.047428   .4248662      1.213266    2.881591
   _subpop_9 |   4.438234   .8906945      2.689485    6.186982
  _subpop_10 |   1.657064   .3295006      1.010138    2.303991
-------------+------------------------------------------------
spg_flex5    |
     KAMPALA |   .0582477   .0401137     -.0205096    .1370051
   _subpop_2 |     .29148   .1694914     -.0412915    .6242515
   _subpop_3 |   .4070381   .1401953      .1317851    .6822911
   _subpop_4 |   .3011748    .083144      .1379336    .4644159
     EASTERN |   .3546885   .0735549      .2102742    .4991028
   _subpop_6 |    1.80129   .5071241      .8056259    2.796954
   _subpop_7 |   15.59153   2.262417      11.14961    20.03346
   _subpop_8 |   .6271624   .1884235      .2572204    .9971044
   _subpop_9 |     1.8771   .5274605       .841508    2.912691
  _subpop_10 |   .5036591   .1439168      .2210994    .7862187
--------------------------------------------------------------
(running mean on estimation sample)

Survey: Mean estimation

Number of strata =      10       Number of obs    =       6775
Number of PSUs   =     711       Population size  =  200636622
                                 Design df        =        701

         Over: strata rural
    _subpop_1: KAMPALA Urban
    _subpop_2: CENTRAL 1 Urban
    _subpop_3: CENTRAL 1 Rural
    _subpop_4: CENTRAL 2 Urban
    _subpop_5: CENTRAL 2 Rural
    _subpop_6: EAST CENTRAL Urban
    _subpop_7: EAST CENTRAL Rural
    _subpop_8: EASTERN Urban
    _subpop_9: EASTERN Rural
   _subpop_10: MID-NOTHERN Urban
   _subpop_11: MID-NOTHERN Rural
   _subpop_12: NORTH-EAST Urban
   _subpop_13: NORTH-EAST Rural
   _subpop_14: WEST-NILE Urban
   _subpop_15: WEST-NILE Rural
   _subpop_16: MID-WESTERN Urban
   _subpop_17: MID-WESTERN Rural
   _subpop_18: SOUTH-WESTERN Urban
   _subpop_19: SOUTH-WESTERN Rural

--------------------------------------------------------------
             |             Linearized
        Over |       Mean   Std. Err.     [95% Conf. Interval]
-------------+------------------------------------------------
h_flex5      |
   _subpop_1 |   1.536145   .8756774     -.1831199    3.255409
   _subpop_2 |   2.160705   1.755188     -1.285349    5.606759
   _subpop_3 |   5.188173   1.655178      1.938474    8.437873
   _subpop_4 |   2.008124   1.395066      -.730883    4.747132
   _subpop_5 |     7.9545   2.158816      3.715979    12.19302
   _subpop_6 |          0  (omitted)
   _subpop_7 |   5.756075   1.232853      3.335549    8.176601
   _subpop_8 |   3.705768   2.352816     -.9136424    8.325178
   _subpop_9 |   9.730508   2.280927      5.252241    14.20877
  _subpop_10 |          0  (omitted)
  _subpop_11 |   13.62107   2.549022      8.616437     18.6257
  _subpop_12 |   6.831652   3.866863     -.7603675    14.42367
  _subpop_13 |   72.76326   6.431743      60.13547    85.39105
  _subpop_14 |   4.767413    4.38237      -3.83673    13.37156
  _subpop_15 |   14.38875   3.692342       7.13937    21.63812
  _subpop_16 |   6.107057    6.00618     -5.685199    17.89931
  _subpop_17 |   16.00316   2.586355      10.92523    21.08109
  _subpop_18 |          0  (omitted)
  _subpop_19 |   8.946063   1.343837      6.307635    11.58449
-------------+------------------------------------------------
pg_flex5     |
   _subpop_1 |   .2795091   .1844844      -.082699    .6417172
   _subpop_2 |   .2164749    .218127     -.2117856    .6447353
   _subpop_3 |   1.077113   .4822462      .1302928    2.023933
   _subpop_4 |   .4449677   .3183382     -.1800429    1.069978
   _subpop_5 |   1.527825   .4798768      .5856572    2.469993
   _subpop_6 |          0  (omitted)
   _subpop_7 |   1.085812   .2385667      .6174209    1.554203
   _subpop_8 |   .7919653   .4992822     -.1883023    1.772233
   _subpop_9 |    1.60375   .3313605      .9531718    2.254328
  _subpop_10 |          0  (omitted)
  _subpop_11 |   4.444825   1.003198      2.475193    6.414457
  _subpop_12 |   5.026466   2.845088      -.559449    10.61238
  _subpop_13 |   30.27781    3.72081      22.97254    37.58307
  _subpop_14 |    .342225   .3088521      -.264161    .9486109
  _subpop_15 |   2.300039   .4842343      1.349315    3.250762
  _subpop_16 |   1.129935    1.11127     -1.051882    3.311752
  _subpop_17 |   4.645016   .9291484      2.820769    6.469263
  _subpop_18 |          0  (omitted)
  _subpop_19 |   1.741507   .3440119       1.06609    2.416924
-------------+------------------------------------------------
spg_flex5    |
   _subpop_1 |   .0582477   .0401137     -.0205096    .1370051
   _subpop_2 |   .0304932   .0322136     -.0327535    .0937399
   _subpop_3 |   .3581998   .2093204     -.0527702    .7691698
   _subpop_4 |   .1247363   .0915786     -.0550649    .3045374
   _subpop_5 |   .4653203   .1658725      .1396539    .7909867
   _subpop_6 |          0  (omitted)
   _subpop_7 |   .3180336    .087739       .145771    .4902962
   _subpop_8 |     .17028   .1072558     -.0403011    .3808612
   _subpop_9 |   .3692874   .0781547       .215842    .5227328
  _subpop_10 |          0  (omitted)
  _subpop_11 |    1.99755   .5552455      .9074063    3.087693
  _subpop_12 |   3.698279   2.093306     -.4116209    7.808178
  _subpop_13 |   16.03191    2.34471      11.42842    20.63541
  _subpop_14 |    .029983   .0267711     -.0225782    .0825442
  _subpop_15 |   .7156291   .2199543       .283781    1.147477
  _subpop_16 |   .2878694   .2831143     -.2679842     .843723
  _subpop_17 |   1.976433   .5532273      .8902523    3.062614
  _subpop_18 |          0  (omitted)
  _subpop_19 |   .5293251   .1507928      .2332655    .8253846
--------------------------------------------------------------
(running mean on estimation sample)

Survey: Mean estimation

Number of strata =      10       Number of obs    =       6775
Number of PSUs   =     711       Population size  =  200636622
                                 Design df        =        701

    _subpop_1: spdomain = Central rural
    _subpop_2: spdomain = Central urban
      Eastern: spdomain = Eastern
     Northern: spdomain = Northern
      Western: spdomain = Western

--------------------------------------------------------------
             |             Linearized
        Over |       Mean   Std. Err.     [95% Conf. Interval]
-------------+------------------------------------------------
h_flex5      |
   _subpop_1 |   6.581367   1.376393       3.87902    9.283714
   _subpop_2 |   1.799244   .7005769      .4237641    3.174725
     Eastern |   7.564058   1.320862      4.970739    10.15738
    Northern |   21.98007   2.000589       18.0522    25.90793
     Western |   12.06716   1.473889      9.173396    14.96093
-------------+------------------------------------------------
pg_flex5     |
   _subpop_1 |   1.304103   .3411727      .6342605    1.973946
   _subpop_2 |    .298381   .1326576      .0379271    .5588349
     Eastern |    1.31235    .203158      .9134793    1.711221
    Northern |   7.451019   .8845671      5.714301    9.187738
     Western |   3.088115   .5094342      2.087915    4.088314
-------------+------------------------------------------------
spg_flex5    |
   _subpop_1 |   .4121484   .1334214      .1501951    .6741018
   _subpop_2 |   .0652005   .0303889      .0055363    .1248647
     Eastern |   .3306413   .0552416      .2221824    .4391001
    Northern |   3.636317   .5131524      2.628817    4.643817
     Western |   1.210363   .2948287      .6315097    1.789216
--------------------------------------------------------------
rural was float now byte
news was float now byte
spdomain was float now byte
reg_tpi was float now byte
h_flex5 was float now byte
file C:\Users\Templeton\Desktop\GAPP\GAPP-UGANDA-HARUNA/work/cons_real_it5.dta saved

    Variable |     Obs      Weight        Mean   Std. Dev.       Min        Max
-------------+-----------------------------------------------------------------
     h_flex5 |    6775   200636622    10.86611   31.12365          0        100
file C:\Users\Templeton\Desktop\GAPP\GAPP-UGANDA-HARUNA/work/foodshares_it5.dta saved

. **************************************************************************
> * Send results to one big csv-file
> **************************************************************************;
. use "$path/work/cons_real_it`lastpass'.dta", clear ;

.         gen dum=1;

.         collapse (mean) dum h_flex`lastpass' pg_flex`lastpass' spg_flex`lastpass' [aw=pop
> wt];

. gen geo="National";

. gen geono=dum;

. tempfile nat;

. save `nat';
file C:\Users\TEMPLE~1\AppData\Local\Temp\ST_0j000014.tmp saved

.         use "$path/work/cons_real_it`lastpass'.dta", clear ;

.         collapse (mean) h_flex`lastpass' pg_flex`lastpass' spg_flex`lastpass' [aw=popwt],
>  by(rural);

. gen geo="Rural/Urban";

. gen geono=rural;

. tempfile rur;

. save `rur';
file C:\Users\TEMPLE~1\AppData\Local\Temp\ST_0j000015.tmp saved

. use "$path/work/cons_real_it`lastpass'.dta", clear ;

.         collapse (mean) h_flex`lastpass' pg_flex`lastpass' spg_flex`lastpass' [aw=popwt],
>  by(news);

. gen geo="North/Center/South";

. gen geono=news;

. tempfile new;

. save `new';
file C:\Users\TEMPLE~1\AppData\Local\Temp\ST_0j000016.tmp saved

. use "$path/work/cons_real_it`lastpass'.dta", clear ;

.         collapse (mean) h_flex`lastpass' pg_flex`lastpass' spg_flex`lastpass' [aw=popwt],
>  by(reg_tpi);

. gen geo="TPI - 6 regions";

. gen geono=reg_tpi;

. tempfile rtp;

. save `rtp';
file C:\Users\TEMPLE~1\AppData\Local\Temp\ST_0j000017.tmp saved

. use "$path/work/cons_real_it`lastpass'.dta", clear ;

.         collapse (mean) h_flex`lastpass' pg_flex`lastpass' spg_flex`lastpass' [aw=popwt],
>  by(strata);

. gen geo="Provinces";

. gen geono=strata;

. tempfile str;

. save `str';
file C:\Users\TEMPLE~1\AppData\Local\Temp\ST_0j000018.tmp saved

. use "$path/work/cons_real_it`lastpass'.dta", clear ;

.         collapse (mean) h_flex`lastpass' pg_flex`lastpass' spg_flex`lastpass' [aw=popwt],
>  by(spdomain);

. gen geo="Spatial domains";

. gen geono=spdomain;

. tempfile r13;

. save `r13';
file C:\Users\TEMPLE~1\AppData\Local\Temp\ST_0j000019.tmp saved

. clear;

. set obs 1;
obs was 0, now 1

. gen geo=" ";

. tempfile one;

. save `one';
file C:\Users\TEMPLE~1\AppData\Local\Temp\ST_0j00001a.tmp saved

. use          `nat';

. append using `one';

. append using `rur';
geo was str8 now str11

. append using `one';

. append using `new';
geo was str11 now str18

. append using `one';

. append using `rtp';

. append using `one';

. append using `str';

. append using `one';

. append using `r13';

. outsheet geo geono h_flex`lastpass' pg_flex`lastpass' spg_flex`lastpass' dum rural news r
> eg_tpi strata spdomain using "$path\work\poverty_flexBask.csv", replace c;

. **************************************************************************
> * Convergence graph (based on 5 iterations)
> **************************************************************************;
. #delimit cr
delimiter now cr
. 
. clear

. set obs 1
obs was 0, now 1

. gen iteration=.
(1 missing value generated)

. tempfile converg

. save `converg'
file C:\Users\TEMPLE~1\AppData\Local\Temp\ST_0j00001b.tmp saved

. 
. forvalues X = 1/5 {
  2.         use "$path/work/cons_real_it`X'.dta", clear
  3.         collapse (mean) h_flex`X' pg_flex`X' spg_flex`X' [aw=popwt], by(strata)
  4.         rename h_flex`X' h_flex
  5.         rename pg_flex`X' pg_flex
  6.         rename spg_flex`X' spg_flex
  7.         gen iteration=`X'
  8.         order iteration
  9.         *sum
.         if `X' != 1     {
 10.                 append using `converg'
 11.                         }
 12.         save `converg', replace
 13.         }
file C:\Users\TEMPLE~1\AppData\Local\Temp\ST_0j00001b.tmp saved
(label STRA already defined)
file C:\Users\TEMPLE~1\AppData\Local\Temp\ST_0j00001b.tmp saved
(label STRA already defined)
file C:\Users\TEMPLE~1\AppData\Local\Temp\ST_0j00001b.tmp saved
(label STRA already defined)
file C:\Users\TEMPLE~1\AppData\Local\Temp\ST_0j00001b.tmp saved
(label STRA already defined)
file C:\Users\TEMPLE~1\AppData\Local\Temp\ST_0j00001b.tmp saved

. 
. use `converg', clear

. sum

    Variable |       Obs        Mean    Std. Dev.       Min        Max
-------------+--------------------------------------------------------
   iteration |        50           3    1.428571          1          5
      strata |        50         5.5    2.901442          1         10
      h_flex |        50    15.01521    19.09297   1.358707   70.54363
     pg_flex |        50     4.71925    8.433376    .248698   29.81992
    spg_flex |        50    2.202727    4.573688   .0465091   15.89233

. 
. twoway (connected h_flex iteration), by(, title(Convergence graph: Poverty rate. %) subti
> tle(After iterative procedure)) by(strata)

. graph export "$path/work/converge_pov_rate.tif", replace
(file C:\Users\Templeton\Desktop\GAPP\GAPP-UGANDA-HARUNA/work/converge_pov_rate.tif written
>  in TIFF format)

. 
. sort strata iteration

. 
. for var h_flex pg_flex spg_flex: replace X = round(X,0.01)

->  replace h_flex = round(h_flex,0.01)
(50 real changes made)

->  replace pg_flex = round(pg_flex,0.01)
(50 real changes made)

->  replace spg_flex = round(spg_flex,0.01)
(50 real changes made)

. 
. list strata iteration h_flex pg_flex spg_flex

     +--------------------------------------------------------+
     |        strata   iterat~n   h_flex   pg_flex   spg_flex |
     |--------------------------------------------------------|
  1. |       KAMPALA          1     4.17       .55        .11 |
  2. |       KAMPALA          2     1.36       .25        .05 |
  3. |       KAMPALA          3     1.54       .28        .06 |
  4. |       KAMPALA          4     1.54       .28        .06 |
  5. |       KAMPALA          5     1.54       .28        .06 |
     |--------------------------------------------------------|
  6. |     CENTRAL 1          1     4.66       .96        .31 |
  7. |     CENTRAL 1          2     4.41       .89        .29 |
  8. |     CENTRAL 1          3     4.57       .92         .3 |
  9. |     CENTRAL 1          4     4.57        .9        .29 |
 10. |     CENTRAL 1          5     4.57        .9        .29 |
     |--------------------------------------------------------|
 11. |     CENTRAL 2          1        7      1.39        .43 |
 12. |     CENTRAL 2          2     6.94      1.32         .4 |
 13. |     CENTRAL 2          3     6.94      1.37        .42 |
 14. |     CENTRAL 2          4     6.94      1.34        .41 |
 15. |     CENTRAL 2          5     6.94      1.34        .41 |
     |--------------------------------------------------------|
 16. |  EAST CENTRAL          1     6.85      1.36        .42 |
 17. |  EAST CENTRAL          2     5.45      1.03         .3 |
 18. |  EAST CENTRAL          3     6.66      1.31         .4 |
 19. |  EAST CENTRAL          4     6.85      1.34        .41 |
 20. |  EAST CENTRAL          5     5.45      1.03         .3 |
     |--------------------------------------------------------|
 21. |       EASTERN          1    11.81      2.11        .54 |
 22. |       EASTERN          2     9.29      1.54        .35 |
 23. |       EASTERN          3    11.59      2.03        .52 |
 24. |       EASTERN          4    11.81      2.07        .53 |
 25. |       EASTERN          5     9.29      1.54        .35 |
     |--------------------------------------------------------|
 26. |   MID-NOTHERN          1    12.28      4.02       1.81 |
 27. |   MID-NOTHERN          2    12.28      4.02       1.81 |
 28. |   MID-NOTHERN          3    12.28       4.1       1.85 |
 29. |   MID-NOTHERN          4    12.28      4.02       1.81 |
 30. |   MID-NOTHERN          5    12.28      4.01        1.8 |
     |--------------------------------------------------------|
 31. |    NORTH-EAST          1    70.46     29.42      15.62 |
 32. |    NORTH-EAST          2    70.46     29.44      15.64 |
 33. |    NORTH-EAST          3    70.54     29.82      15.89 |
 34. |    NORTH-EAST          4    70.46     29.42      15.62 |
 35. |    NORTH-EAST          5    70.41     29.38      15.59 |
     |--------------------------------------------------------|
 36. |     WEST-NILE          1    13.15      2.06        .63 |
 37. |     WEST-NILE          2    13.15      2.07        .63 |
 38. |     WEST-NILE          3    14.69      2.18        .66 |
 39. |     WEST-NILE          4    13.15      2.06        .63 |
 40. |     WEST-NILE          5    13.15      2.05        .63 |
     |--------------------------------------------------------|
 41. |   MID-WESTERN          1    15.42      4.41       1.86 |
 42. |   MID-WESTERN          2    15.13      4.36       1.84 |
 43. |   MID-WESTERN          3    14.92      4.27        1.8 |
 44. |   MID-WESTERN          4     14.9      4.16       1.75 |
 45. |   MID-WESTERN          5    15.42      4.44       1.88 |
     |--------------------------------------------------------|
 46. | SOUTH-WESTERN          1     8.51      1.64         .5 |
 47. | SOUTH-WESTERN          2     8.44      1.61        .49 |
 48. | SOUTH-WESTERN          3     7.96      1.55        .47 |
 49. | SOUTH-WESTERN          4     7.79      1.49        .45 |
 50. | SOUTH-WESTERN          5     8.51      1.66         .5 |
     +--------------------------------------------------------+

.         
. #delimit ;
delimiter now ;
. **************************************************************************
> * 140_iterate.do        (end)
> **************************************************************************;
. cap log close;
