-------------------------------------------------------------------------------------------
      name:  <unnamed>
       log:  C:\Users\Templeton\Desktop\GAPP\GAPP-UGANDA-HARUNA/rep/140_iterate.log
  log type:  text
 opened on:  17 May 2013, 14:58:14

. clear

. set more off

. #delimit ;
delimiter now ;
. *global povline_initial "$path\in\povlines_first_iof.dta";
. **************************************************************************
> * 140_iterate.do        (start)
> *
> * Purpose: Create flexible food basket and poverty line with iterative procedure
> *
> * This program will take the results from the first pass at the
> * poverty lines and applies the corresponding spatial deflator to
> * re-select the relatively poor, their consumption bundles, and
> * their prices.
> *
> * Welfare indicator is here always temporally and spatially adjusted per capita
> * expenditure. Here called cr_it< >.
> *
> * We will iterate this process 5 times which here assures convergence.
> *
> * CA, Mar 2010: Relatively poor are those below last iterated poverty line
> * MAH, Apr 2010: Cleaning
> * URB, feb 2012: Commented out "drop if unit~=2"
> **************************************************************************;
. /*
> This file uses:
>             in/povlines_first_new.dta
>         work\hhdata.dta
>         work\consump_nom.dta
>         work\own.dta
>         work\daily.dta
>         work\temp_index_reg_tpi.dta
>         work\cons_cod.dta
>         work\food_cat.dta
>         work\cons_real.dta
>         work\products.dta
>         work\match96_02.dta
>         new\conversions.do
>         
> This file creates (where `pass' is the number of the iteration):
>         work\codes_food_basket_flex_it`pass'.dta
>         work\price_unit_flex_it`pass'.dta
>         work\quan_flex_it`pass'.dta
>         work\match_cod_flex_it`pass'.csv
>         work\relpoor_it`pass'.dta
>         work\povlines_it`pass'.dta
>         work\foodshares_it`pass'.dta
>         work\nat_pov_flex.csv
>         work\rur_pov_flex.csv
>         work\strata_pov_flex.csv
>         work\spdomain_pov_flex.csv
>         work\reg_tpi_pov_flex.csv
> */
> 
> **************************************************************************;
. * Make a key file that will be used over and over, without change
> * in every iteration. This will include the TEMPORALLY deflated consumption
> * and various HH data such as hhweight, spdomain, etc.
> **************************************************************************;
. use "$path/work/conpc.dta";

.         sort hhid;

.         merg hhid using "$path\work\hhdata.dta";

.         tab _merge;

     _merge |      Freq.     Percent        Cum.
------------+-----------------------------------
          3 |      6,775      100.00      100.00
------------+-----------------------------------
      Total |      6,775      100.00

.         drop _merge;

.         sort reg_tpi survquar;

.         merge reg_tpi survquar using "$path/work/temp_index_reg_tpi.dta";
variables reg_tpi survquar do not uniquely identify observations in the master data
(label lsurvquar already defined)
(label REG_TPI already defined)

.         tab _merge;

     _merge |      Freq.     Percent        Cum.
------------+-----------------------------------
          3 |      6,775      100.00      100.00
------------+-----------------------------------
      Total |      6,775      100.00

.         drop _merge;

.                 gen food_pc_tpi = food_pc_nom /tpi_trim;

.         gen cons_pc_tpi = food_pc_tpi + nf_pc_nom;

.         lab var food_pc_tpi "Temp-adjusted per capita food consumption/day";

.         lab var cons_pc_tpi "Temp adjusted total consumption/day";

.         tempfile contpi;

.         sort hhid;

. save `contpi', replace;
(note: file C:\Users\TEMPLE~1\AppData\Local\Temp\ST_0j000001.tmp not found)
file C:\Users\TEMPLE~1\AppData\Local\Temp\ST_0j000001.tmp saved

. *use "$path\in\povlines_first_iterate.dta", clear;
. *save "$path/work/povlines_first.dta", replace;
. **************************************************************************;
. * Now set some information pertaining to the iterations. For now we'll
> * manually set the number of iterations. Also specify the percentile
> * cutpoint that we will use for defining the relatively poor.
> **************************************************************************;
. local lastpass=0;

. local pass=1;

. * Use these two lines to manually specify the number of iterations
> * and the cutpoint here in the do file.;
.   *local maxit=5;
.   *local cutpt=50;
. * Use these few lines if you want to specify the number of iterations
> * and percentile cutpoint by passing them as parameters on the command
> * line, e.g.:   wstata do new\iterate1.do 5 50;
. if "`1'"=="" | "`2'"=="" {      ;
.         di in red "Error: you need to specify number of iterations as first parameter";
.         di in red "       and percentile cutpoint as second parameter on command line.";
. };

. local maxit=`1';

. local cutpt=`2';

. tempfile cutoff;

. while `pass' <= `maxit' {;
  2.         **************************************************************************;
. **************************************************************************;
. * Pick out the bottom X percent in real consumption per capita 
> * (temporally & spatially adjusted), as ranked by the previous iteration.
> * The percentile to use is defined by "cutpt". This produces a file that
> * has the hhid, and a dummy variable indicating if they were below the
> * cutpoint on the last iteration.
> **************************************************************************;
. **************************************************************************;
. /*
> * Comment out if IOF 2008/09. (This code included instead of below code in order to repli
> cate published figures 2002/03). ( START ) ;
> 
>         if "`pass'"=="1" {      ;
>               use `contpi', clear;
>               sort spdomain;
>               merge spdomain using "$path/work/povlines_first.dta";
>               tab _m;
>               drop _m;
> *              gen relpoor`pass'= cons_pc_tpi<=cutoff;
>                gen relpoor`pass'= cons_pc_tpi if cons_pc_tpi<=cutoff;
>               rename cons_pc_tpi cr_it0;
>               sort hhid;
>          save "$path\work\relpoor_it`pass'.dta", replace;
> *        use "$path/work/cons_real.dta", clear;
> *              gen cr_it0=cr2;
>         };
>         
> 
> * Comment out if IOF 2008/09. (This code included instead of below code in order to repli
> cate published figures 2002/03). ( END ) ;
> */
> 
> 
> 
> * Comment out if IAF 2002/03. (This code below excluded in order to replicate published f
> igures 2002/03). ( START ) ;
.         if "`pass'"=="1" { ;
  3. * Find real income at cut point initially;
.                 use "$path/work/cons_real.dta", clear;
  4.                                     gen cr_it0=cr2;
  5.                         cap drop one;
  6.             gen one=1;
  7.                                     collapse (p`cutpt') one cr_it`lastpass' [aw=popwt]
>  ;
  8.                                     rename cr_it`lastpass' cutoff;
  9.                                     sort one;
 10.             save `cutoff', replace;
 11.  * Find relatively poor initially;
.             use "$path/work/cons_real.dta", clear;
 12.                                                 gen cr_it`lastpass'=cr2;
 13.             cap drop one;
 14.             gen one=1;
 15.                                     sort one;
 16.             merge one using `cutoff';
 17.             tab _merge;
 18.             drop _merge;
 19.                                     drop one;
 20.                            gen relpoor`pass'=cr_it`lastpass'<=cutoff;
 21.             *lab var relpoor`pass' "=1 if in bottom of PCE";
.                                     tab relpoor`pass' [aw=popwt];
 22.                                     keep hhid cr_it`lastpass' relpoor`pass' popwt;
 23.             sort hhid;
 24.         save $path\work\relpoor_it`pass'.dta, replace;
 25.         };
 26. * Comment out if IAF 2002/03. (This code below excluded in order to replicate publishe
> d figures 2002/03). ( END ) ;
.                 if `pass'>1 {   ;
 27. * Find real income at cut point in iteration number `pass' ;
.                 use "$path/work/cons_real_it`lastpass'.dta" , clear;
 28.                                                 cap drop one;
 29.                 gen one=1;
 30.                                                                 *CA modified from hhwe
> ight*hhsize to popwt;
.                 collapse (p`cutpt') one cr_it`lastpass' [aw=popwt] ;
 31.                         rename cr_it`lastpass' cutoff;
 32.                                                                         sort one;
 33.         save `cutoff', replace;
 34.         * Find relatively poor in iteration number `pass' ;
.                 use "$path/work/cons_real_it`lastpass'.dta", clear;
 35.                                                 cap drop one;
 36.                 gen one=1;
 37.                                                 sort one;
 38.                 merge one using `cutoff';
 39.                 tab _merge;
 40.                 drop _merge;
 41.                                                 drop one;
 42.                 gen relpoor`pass'=cr_it`lastpass'<=cutoff;
 43.                 *lab var relpoor`pass' "=1 if in bottom of PCE";
.                                                 tab relpoor`pass' [aw=popwt];
 44. *CA modified to popwt above and to keep popwt below;
.                 keep hhid cr_it`lastpass' relpoor`pass' popwt;
 45.                 sort hhid;
 46.         save "$path\work\relpoor_it`pass'.dta", replace;
 47.         };
 48.         **************************************************************************;
. * Get the consumption file, and select only those codes that are food,
> * using our definition of "food", which includes alcoholic beverages.
> **************************************************************************;
.         use "$path/work/cons_cod.dta", clear;
 49. *CA modified to merge in work\hhdata.dta for bootstrap;
.     sort hhid;
 50.     merge hhid using "$path\work\hhdata.dta";
 51.     tab _m;
 52.     drop _m;
 53.         /*
>                 sort product;
>                 merge product using "$path/work/food_cat.dta";
>                 tab _merge;
>                 keep if _merge==3;
>                 drop _merge;
> */
> 
>                                 * Only food transactions ;
.                 keep if food_cat;
 54.                 sort hhid;
 55. **************************************************************************;
. * Merge with file that has temporally AND spatially adjusted consumption
> * per capita from the previous iteration, and also identifies those below 
> * the cutoff. Then select only those who are below the cutoff.
> **************************************************************************;
.                 merge hhid using "$path\work\relpoor_it`pass'.dta";
 56.                 tab _merge;
 57.                 drop _merge;
 58.                                 * Keep only transactions by the poor ;
.                 keep if relpoor`pass';
 59. **************************************************************************;
. * Calculate HH level food shares. Since we're only doing shares here, we can
> * work with the expenditures without doing temporal adjustment.
> **************************************************************************;
.                 gen  food_expenditure = cod_hh_nom3;
 60.                 *gen  food_expenditure= own_valued + daily_valued + monthly_valued + e
> duc_valued;
.                 egen tot_food_expen= sum (food_expen), by (hhid) ;
 61.                 count if food_expenditure==.;
 62.                 count if tot_food_expen==.;
 63.                 gen food_share= food_expenditure/tot_food_expen;
 64.                 count if food_share==.;
 65.                 drop if food_share==.;
 66.                 sort hhid product;
 67.                 tempfile foodshares;
 68.         save `foodshares', replace;
 69. ********************************************************************************;
. * Now find the total (economy wise, e.g. not by HH) shares by each product in
> * order to select the most important goods in each domain's basket.
> ********************************************************************************;
.                 collapse (mean) hhweight spdomain, by (hhid);
 70.                 sort hhid ;
 71.                  collapse (sum) hhweight , by(spdomain);
 72.                 rename hhweight tothhweight;
 73.                 tempfile tothhweight;
 74.                 sort spdomain;
 75.         save `tothhweight', replace;
 76.         use `foodshares', clear;
 77.                 sort spdomain;
 78.                 merge spdomain using `tothhweight';
 79.                 tab _merge;
 80.                 drop _merge;
 81.                 sort spdomain product;
 82.                 gen f_share_w`pass'=(food_share*hhweight)/tothhweight;
 83.                 collapse (sum) f_share_w`pass', by(spdomain product descript);
 84.                                sort spdomain f_share_w`pass';
 85.                 by spdomain: gen cumshr`pass'= sum(f_share_w`pass');
 86.                 count if cumshr`pass'<=.075;
 87.                 drop if cumshr`pass'<=.075;
 88.                 lab var f_share_w`pass' "average food share for the 13 spatial domains
> ";
 89.         save `foodshares', replace;
 90.                                                 * Number of spatials domains a food pr
> oduct appears ;
.                 gen numreg=1;
 91.                 collapse (sum) numreg cumshr`pass', by (product descript);
 92.                 keep product numreg descript;
 93.                 display _N;
 94.                 sort product;
 95.                                 * Include food product labels ;
. *                merge product using "$path\work\products.dta";
. *                tab _merge;
. *                keep if _merge==3;
.                 keep product descript numreg;
 96.                   sort product;
 97.                      display _N;
 98.           save "$path\work\codes_food_basket_flex_it`pass'.dta", replace;
 99. **************************************************************************;
. **************************************************************************;
. * That is pretty much the part equivalent to "100_food_basket_flex.do",
> * which figures out the food shares for the relevant reference group. Now
> * we figure out the prices with a code stream that is adapted from
> * "110_price_unit_flex.do".
> **************************************************************************;
. **************************************************************************;
. **************************************************************************************
> * Create sorted data set with daily + own expenditure and the matched codes
> **************************************************************************************;
. use "$path/in/cons_cod_trans.dta", clear;
100. *save "$path/work/cons_cod_trans.dta", replace;
. *drop value   ;
. *drop quantity;
. keep hhid product food_cat valuez quantityz unit;
101. rename valuez    value;
102. rename quantityz quantity;
103. *drop count;
. drop if quantity==0 ;
104.         tempfile dd_acsort;
105.         save    `dd_acsort', replace;
106. /*
>         use "$path\work\daily.dta", clear;
>                 drop days;
>                 sort product;
>                 tempfile dd_acsort;
>         save `dd_acsort', replace;
>         
>         use "$path\work\own.dta", clear;
>                 keep hhid product valued quantityd unit;
>                 rename valued value;
>                 rename quantityd quantity;
>         
>                 *CHECK THE ZEROS IN quantity FOR NOW DELETE;
>                 drop if quantity==0;
>         
>                 append using `dd_acsort';
> */
> 
>                 *CA modified to insert work\hhdata.dta for bootstrap;
.                 sort hhid;
107.                 merge hhid using "$path\work\hhdata.dta";
108.                 tab _m;
109.                  drop if _m==2;
110.                 drop _m;
111.                                 sort product;
112.                 gen count=1;
113.         save `dd_acsort', replace;
114.         **************************************************************************;
. * Merge the basket codes with the dd  and own data sets.
> * Drop all codes not a part of the flexible food basket
> **************************************************************************;
.                 merge product using "$path\work\codes_food_basket_flex_it`pass'.dta";
115.                         tab _merge;
116.                 drop if _merge~=3;
117.                 drop _merge;
118. **************************************************************************************
> * Drop observations where product code, quantity or value information is unavailable
> **************************************************************************************;
.                 drop if product==. | value==. | quantity==.  ;
119.         ******************************************************************************
> ********
> * Convert non-KG quantities (units, liters) into kilograms
> **************************************************************************************;
. *do "$path\new\110a_conversions.do"
> 
> ********************************************************************
> * There remain a few difficult to interpret observations such as liters
> * of fish and liters of pasta. These are dropped.
> ********************************************************************;
. *                $MZ drop if unit~=2;
.         **************************************************************************;
. * Bring in the spdomain and reg_tpi variables, and also the information on
> * relatively poor households.
> **************************************************************************;
.                 preserve;
120.                                                 * Temporally adjusted expenditure ;
.                         use `contpi', clear;
121.                                 keep hhid hhweight spdomain reg_tpi survquar tpi_trim 
> cons_pc_tpi ;
122.                                 sort hhid;
123.                                 tempfile hhd2;
124.                         save `hhd2', replace;
125.                 restore;
126.                                 compress;
127.                 sort hhid;
128.                 merge hhid using `hhd2';
129.                 tab _merge;
130.                 drop _merge;
131.                 sort hhid;
132.                 merge hhid using "$path\work\relpoor_it`pass'.dta";
133.                 tab _merge;
134.                 drop _merge;
135.                                                 * Keep nominal food transactions by po
> or people ;
.                 keep if relpoor`pass';
136.                 drop if product==.;
137.                                                                 * Temporally deflate t
> ransaction values ;
.                 gen value_r=value/tpi_trim;
138. **************************************************************************;
. * Toss out the bottom 5% and top 5% of the HH-LEVEL prices per kg in
> * each spdomain & product combination. This should eliminate outliers
> * that may have an undue influence on the price calculation. 
> **************************************************************************;
.                 gen hhppkg=value_r/quantity;
139.                 egen lower5=pctile(hhppkg), p(5)  by(spdomain product);
140.                 egen upper5=pctile(hhppkg), p(95) by(spdomain product);
141.                 keep if hhppkg>=lower5 & hhppkg<=upper5;
142. *********************************************************************
> * Note that we do prices in three ways. First, by summing quantity and value 
> * This average price price_uw is thus quantity/value weighted. Second, we
> * calculate the price and take simple means for a transaction weighted
> * price, price_ut. Last we take the median, price_um. But in the end
> * we only use price_unitw
> *********************************************************************;
.                 gen price_ut`pass'=value_r/(quantity*1000);
143.                 gen price_um`pass'=price_ut;
144.                 collapse (sum) 
>                         quantity value_r count bswt (mean) price_ut (median) price_um [aw
> =hhweight], 
>                         by(spdomain product);
145.                 *Generate weighted price per gram ;
.                 gen price_uw`pass'=value_r/(quantity*1000);
146.                 drop value_r quantity;
147.                 sort spdomain product;
148.                 lab var price_ut`pass' "Average of calculated prices - transaction wei
> ghted";
149.                 lab var price_um`pass' "Median of prices";
150.                 lab var price_uw`pass' "Value share weighted mean prices";
151. * Get an idea of the difference between the price measures;
.                 gen ratiotw`pass'=price_ut`pass'/price_uw`pass';
152.                 gen ratiomw`pass'=price_um`pass'/price_uw`pass';
153.                 sum ratiotw`pass' ratiomw`pass';
154.                 sort product;
155.                 merge product using "$path/work/codes_food_basket_flex_it`pass'.dta";
156.                 tab _m;
157.                 count if _merge~=3;
158.                 drop if _merge~=3;
159.                 drop _merge;
160.                 sort product spdomain;
161.         save "$path\work\price_unit_flex_it`pass'.dta", replace;
162. **************************************************************************;
. **************************************************************************;
. * That concludes the prices part. Now we move to calculating the food
> * poverty lines, which draws code from "120_povline_flex.do" with very few
> * changes:
> * - The changes facilitate accumulating vectors
> *   of intermediate results across iterations, rather than generating a
> *   bunch of new files.
> **************************************************************************;
. **************************************************************************;
. **************************************************************************;
. * Use the file with the food basket (`foodshares'), which is in shares. 
> * Then merge it with the prices file, and then with the calories file.
> * Along the way, drop those observations where we have no price information
> * or no calorie information, but list them out.
> **************************************************************************;
.         use `foodshares', clear;
163.                 sort product spdomain;
164.                 merge product spdomain using "$path\work\price_unit_flex_it`pass'.dta"
> ;
165.                         tab _merge;
166.                 list product spdomain descript if _merge==1;
167.                         drop if _merge ~=3;
168.                 drop _merge;
169.                 sort product;
170.                         merge product using "$path\work\calperg.dta";
171.                 tab _merge;
172.                                                 * This tells where we are lacking calo
> rie info or are lacking quantity info due to 
>                 * missing price info above;
.                 list product spdomain descript if _merge==1;
173.                         drop if _merge~=3;
174.                 drop _merge;
175.                 sort spdomain f_share_w`pass';
176.                                 *CA modified to change count bswt;
.                 by spdomain: count if round(bswt)<10;
177.                                 sum bswt;
178.                                                 drop if round(bswt) < 10;
179.                                                                 * Total food share in 
> spatial domain ;
.                 by spdomain: egen baskshr=sum(f_share_w`pass');
180.                                 * Cumulated food share in spatial domain ;
.                 by spdomain: gen  cumshr =sum(f_share_w`pass');
181.                 drop if cumshr<=baskshr-.9;
182.                         drop baskshr;
183.                 by spdomain: egen baskshr=sum(f_share_w`pass');
184.                 tabstat baskshr , by(spdomain) st(n mean sd min max);
185.                                                                 * How many grams in 1 
> MT exp on food item ;
.                                 gen quan`pass'=f_share_w`pass'/price_uw`pass';
186.                                 * How many calories in 1 MT exp on food item ;
.                 gen cal_ir`pass'=quan`pass'*calperg;
187.                                 * how many calories in 1 MT exp in food basket ;
.                 by spdomain: egen calreg=sum(cal_ir);
188.                         sort spdomain;
189.                 merge spdomain using "$path\work\calpp.dta";
190.                 tab _merge;
191.                 drop _merge;
192.                                                         * get the expansion factor to 
> hit 95% of calorie requirements ;
.                 gen ratio=.95*calpp/calreg;
193.                         replace quan`pass'=quan`pass'*ratio;
194.                 replace cal_ir`pass'=quan`pass'*calperg;
195.                         sort spdomain product;
196.                 by spdomain: egen chkcal=sum(cal_ir`pass');
197.                 replace chkcal=chkcal/.95-calpp ;
198.                                                 tabstat chkcal , by(spdomain) st(n mea
> n sd min max);
199.                         gen val_ir`pass'=quan`pass'*price_uw`pass';
200.                         by spdomain: egen povline_f_flex90_`pass'=sum(val_ir`pass');
201.                 replace povline_f=povline_f_flex90_`pass'/.9;
202.                 *drop product96;
. keep product spdomain quan`pass'  price_uw`pass' val_ir`pass' povline_f_flex90_`pass' cal
> pp calperg;
203.                     save "$path\work\quan_flex_it`pass'.dta", replace;
204.                         collapse (mean) povline_f_flex90_`pass', by (spdomain);
205.                                                 keep spdomain povline_f_flex90_`pass';
206.                 sort spdomain;
207.                 save "$path\work\povline_food_flex_it`pass'.dta", replace;
208.         **************************************************************************;
. **************************************************************************;
. * Now comes the part that draws the non-food and total poverty lines,
> * and generates estimates of poverty measures. This is drawn from 
> * "130_povmeas_flex.do" with a few changes.
> **************************************************************************;
. **************************************************************************;
. **************************************************************************
> * Calculate non-food expenditure for HH around the food poverty line
> *
> * Develop a discrete triangular weighted distribution. This gives a
> * weight of  1 to HH at +/- 18-20% from food poverty line, and
> * weight of  2 to HH at +/- 16-18% from food poverty line, and ...
> * weight of 10 to HH at +/-  0- 2% from food poverty line.
> * This weight is called triwt below.
> **************************************************************************;
.         use `contpi', clear;
209.                 sort spdomain;
210.                 merge spdomain using "$path/work/povline_food_flex_it`pass'.dta";
211.                 tab _merge;
212.                 drop _merge;
213.                 gen triwt=0 ;
214.                 replace triwt = 11 - round(50*abs(cons_pc_tpi/povline_f_flex90_`pass'-
> 1)+0.5)
>                 if abs(cons_pc_tpi/povline_f_flex90_`pass'-1)<=0.2;
215.                                                                 * Nearness to poverty 
> line and population weights ;
.                 gen tripopwt=triwt*hhweight*hhsize;
216.                                                 preserve;
217.                         collapse (mean) nf_pc_nom [aw=tripopwt] ,
>                                 by(spdomain);
218.                         rename nf_pc_nom povline_nf_flex`pass';
219.                         lab var povline_nf_flex`pass' "Nonfood poverty line. Flexible 
> bundle";
220.                         tempfile znf;
221.                         sort spdomain;
222.                         save `znf', replace;
223.                                                                 restore;
224.                                 sort spdomain;
225.                 merge spdomain using `znf';
226.                 tab _merge;
227.                 drop _merge;
228. **************************************************************************
> * Poverty line is the sum of the food and non-food poverty lines
> **************************************************************************;
.                 gen povline_flex`pass'=povline_f_flex90_`pass' + povline_nf_flex`pass';
229. keep spdomain povline_flex`pass';
230.                 sort spdomain;
231.         save "$path\work\povlines_it`pass'.dta", replace;
232. **************************************************************************;
. * Create spatial price index, based on the total poverty line, with
> * adjustment so that mean (and total) nominal consumption equals
> * mean (and total) spatially deflated consumption.
> *
> * Choose arbitrary strata to be the base at first: we just use the first stratum.
> **************************************************************************;
.         use `contpi', clear;
233.                 sort spdomain;
234.                 merge spdomain using "$path\work\povlines_it`pass'.dta";
235.                 tab _merge;
236.                 drop _merge;
237.                 gen cr= cons_pc_tpi ;
238.                 gen linpob`pass'=povline_flex`pass';
239.                 qui sum linpob`pass' if spdomain==1, meanonly;
240.                 global spi_base=r(mean);
241.                 gen spi`pass'=linpob`pass'/$spi_base;
242.                 gen cr_it`pass'=cr/spi`pass';
243.                 qui sum cr [aw=hhweight*hhsize];
244.                 global sumcr=r(sum);
245.                 qui sum cr_it`pass' [aw=hhweight*hhsize];
246.                 global sumcr2=r(sum);
247.                 replace spi`pass'=spi`pass'*$sumcr2/$sumcr;
248.                 gen linpobr`pass'=linpob`pass'/spi`pass';
249.                 replace cr_it`pass'=cr/spi`pass';
250.                 su cr cr_it`pass' linpob`pass' linpobr`pass' [aw=hhweight*hhsize];
251.                 lab var cr "Temporally-adjusted cons pc";
252.                 lab var cr_it`pass' "Spatially & temporally adjusted cons pc";
253.                 lab var linpob`pass' "Poverty line";
254.                 lab var linpobr`pass' "Real poverty line";
255.                 lab var spi`pass' "Spatial price index";
256.                 gen linpob=linpob`pass';
257. **************************************************************************
> * calculate poverty measures with the flexible food bundle
> **************************************************************************;
.                 gen h=100 if cr_it`pass'<=linpobr`pass' & linpobr`pass'~=. & cr_it`pass'~
> =.;
258.                 replace  h   = 0 if cr_it`pass' > linpobr`pass' & linpobr`pass'~=. & c
> r_it`pass'~=.;
259.                 gen      pg  = ((linpobr`pass' - cr_it`pass' )/linpobr`pass') *100;
260.                 replace  pg  = 0             if h==0;
261.                 gen      spg = ((( linpobr`pass' - cr_it`pass' )/ linpobr`pass' )^2)*1
> 00;
262.                 replace  spg = 0             if h==0;
263.                 gen h_flex`pass'  =h;
264.                 gen pg_flex`pass' =pg;
265.                 gen spg_flex`pass'=spg;
266.                                 lab var h_flex`pass'   "Poverty headcount. Flexible bu
> ndle";
267.                 lab var pg_flex`pass'  "Poverty gap. Flexible bundle";
268.                 lab var spg_flex`pass' "Squared poverty gap. Flexible bundle";
269.                 gen popwt=hhsize*hhweight;
270.                         * Stata 10.1 syntax ;
.                         svyset , clear;
271.                         svyset [pweight=popwt] , str(strata) psu(psu);
272.                 svy: mean h_flex`pass' pg_flex`pass' spg_flex`pass';
273.                 svy: mean h_flex`pass' pg_flex`pass' spg_flex`pass' , over(rural);
274.                 svy: mean h_flex`pass' pg_flex`pass' spg_flex`pass' , over(strata);
275.                 svy: mean h_flex`pass' pg_flex`pass' spg_flex`pass' , over(strata rura
> l);
276.                 svy: mean h_flex`pass' pg_flex`pass' spg_flex`pass' , over(spdomain);
277. *preserve;
. keep hhid popwt cr_it`pass' h_flex`pass' pg_flex`pass' spg_flex`pass' rural news reg_tpi 
> strata spdomain;
278.                 compress;
279.                 sort hhid;
280.         save "$path/work/cons_real_it`pass'.dta" , replace;
281. *restore;
.                                 * New cutoff point (percentile) to use in next iteration 
> is equal to the poverty ;
.                 * rate in this iteration ;
.                                                 sum h_flex`pass' [aw=popwt] ;
282.                                 * Comment out next line for IAF 2002/03 in order to re
> plicate official figures ( START );
.                 * URB: In this case, we just use the poorest 50% as there are too few act
> ually poor to calculate the bundle and prices..;
.                 local cutpt= $tpi_bottom;
283. *               local cutpt= round(r(mean));
.                 * Comment out next line for IAF 2002/03 in order to replicate official fi
> gures ( END );
. *       save foodshares tempfile to disk;
.         use `foodshares', clear;
284.         save "$path/work/foodshares_it`pass'.dta", replace;
285.         local lastpass = `pass';
286.         local pass = `pass' + 1;
287.         };
(note: file C:\Users\TEMPLE~1\AppData\Local\Temp\ST_0j000002.tmp not found)
file C:\Users\TEMPLE~1\AppData\Local\Temp\ST_0j000002.tmp saved
variable one does not uniquely identify observations in the master data

     _merge |      Freq.     Percent        Cum.
------------+-----------------------------------
          3 |      6,775      100.00      100.00
------------+-----------------------------------
      Total |      6,775      100.00

   relpoor1 |      Freq.     Percent        Cum.
------------+-----------------------------------
          0 |3,385.27023       49.97       49.97
          1 |3,389.72977       50.03      100.00
------------+-----------------------------------
      Total |      6,775      100.00
file C:\Users\Templeton\Desktop\GAPP\GAPP-UGANDA-HARUNA\work\relpoor_it1.dta saved
variable hhid does not uniquely identify observations in the master data

     _merge |      Freq.     Percent        Cum.
------------+-----------------------------------
          3 |    412,045      100.00      100.00
------------+-----------------------------------
      Total |    412,045      100.00
(0 observations deleted)
variable hhid does not uniquely identify observations in the master data

     _merge |      Freq.     Percent        Cum.
------------+-----------------------------------
          3 |    412,045      100.00      100.00
------------+-----------------------------------
      Total |    412,045      100.00
(236943 observations deleted)
    0
    0
(1056 missing values generated)
 1056
(1056 observations deleted)
(note: file C:\Users\TEMPLE~1\AppData\Local\Temp\ST_0j000003.tmp not found)
file C:\Users\TEMPLE~1\AppData\Local\Temp\ST_0j000003.tmp saved
(note: file C:\Users\TEMPLE~1\AppData\Local\Temp\ST_0j000004.tmp not found)
file C:\Users\TEMPLE~1\AppData\Local\Temp\ST_0j000004.tmp saved
variable spdomain does not uniquely identify observations in the master data

     _merge |      Freq.     Percent        Cum.
------------+-----------------------------------
          3 |    174,046      100.00      100.00
------------+-----------------------------------
      Total |    174,046      100.00
  157
(157 observations deleted)
file C:\Users\TEMPLE~1\AppData\Local\Temp\ST_0j000003.tmp saved
44
44
file C:\Users\Templeton\Desktop\GAPP\GAPP-UGANDA-HARUNA\work\codes_food_basket_flex_it1.dta
>  saved
(4392 observations deleted)
(note: file C:\Users\TEMPLE~1\AppData\Local\Temp\ST_0j000005.tmp not found)
file C:\Users\TEMPLE~1\AppData\Local\Temp\ST_0j000005.tmp saved
variable hhid does not uniquely identify observations in the master data

     _merge |      Freq.     Percent        Cum.
------------+-----------------------------------
          2 |         14        0.02        0.02
          3 |     85,204       99.98      100.00
------------+-----------------------------------
      Total |     85,218      100.00
(14 observations deleted)
file C:\Users\TEMPLE~1\AppData\Local\Temp\ST_0j000005.tmp saved
variable product does not uniquely identify observations in the master data

     _merge |      Freq.     Percent        Cum.
------------+-----------------------------------
          1 |     10,946       12.85       12.85
          3 |     74,258       87.15      100.00
------------+-----------------------------------
      Total |     85,204      100.00
(10946 observations deleted)
(0 observations deleted)
(note: file C:\Users\TEMPLE~1\AppData\Local\Temp\ST_0j000007.tmp not found)
file C:\Users\TEMPLE~1\AppData\Local\Temp\ST_0j000007.tmp saved
product was float now int
unit was float now byte
food_cat was float now byte
rmult was float now int
poor09 was float now byte
survquar was float now byte
survmon was float now byte
rural was float now byte
news was float now byte
bswt was float now byte
spdomain was float now byte
reg_tpi was float now byte
count was float now byte
descript was float now byte
hhsize was double now byte
numreg was double now byte
variable hhid does not uniquely identify observations in the master data
survquar was byte now float
spdomain was byte now float
reg_tpi was byte now float
(label lsurvquar already defined)
(label spdomain_original already defined)
(label REG_TPI already defined)

     _merge |      Freq.     Percent        Cum.
------------+-----------------------------------
          2 |         31        0.04        0.04
          3 |     74,258       99.96      100.00
------------+-----------------------------------
      Total |     74,289      100.00
variable hhid does not uniquely identify observations in the master data

     _merge |      Freq.     Percent        Cum.
------------+-----------------------------------
          3 |     74,289      100.00      100.00
------------+-----------------------------------
      Total |     74,289      100.00
(45609 observations deleted)
(12 observations deleted)
(2152 observations deleted)

    Variable |       Obs        Mean    Std. Dev.       Min        Max
-------------+--------------------------------------------------------
    ratiotw1 |       217    1.251191     .448038   .8475722   3.914069
    ratiomw1 |       217    1.074148    .3540401    .245101   3.711278
variable product does not uniquely identify observations in the master data
product was int now float

     _merge |      Freq.     Percent        Cum.
------------+-----------------------------------
          3 |        217      100.00      100.00
------------+-----------------------------------
      Total |        217      100.00
    0
(0 observations deleted)
file C:\Users\Templeton\Desktop\GAPP\GAPP-UGANDA-HARUNA\work\price_unit_flex_it1.dta saved
(label spdomain_original already defined)

     _merge |      Freq.     Percent        Cum.
------------+-----------------------------------
          2 |         66       30.41       30.41
          3 |        151       69.59      100.00
------------+-----------------------------------
      Total |        217      100.00
(66 observations deleted)
variable product does not uniquely identify observations in the master data
(note: descript is str26 in using data but will be float now)

     _merge |      Freq.     Percent        Cum.
------------+-----------------------------------
          2 |         18       10.65       10.65
          3 |        151       89.35      100.00
------------+-----------------------------------
      Total |        169      100.00
(18 observations deleted)

-------------------------------------------------------------------------------------------
-> spdomain = Central rural
    1
-------------------------------------------------------------------------------------------
-> spdomain = Central urban
    3
-------------------------------------------------------------------------------------------
-> spdomain = Eastern
    0
-------------------------------------------------------------------------------------------
-> spdomain = Northern
    0
-------------------------------------------------------------------------------------------
-> spdomain = Western
    0

    Variable |       Obs        Mean    Std. Dev.       Min        Max
-------------+--------------------------------------------------------
        bswt |       151    164.1457    155.3981          3       1009
(4 observations deleted)
(13 observations deleted)

Summary for variables: baskshr
     by categories of: spdomain 

     spdomain |         N      mean        sd       min       max
--------------+--------------------------------------------------
Central rural |        27  .9029499         0  .9029499  .9029499
Central urban |        26  .8966053         0  .8966053  .8966053
      Eastern |        27  .9070574         0  .9070574  .9070574
     Northern |        26  .9010552         0  .9010552  .9010552
      Western |        28  .9008005         0  .9008005  .9008005
--------------+--------------------------------------------------
        Total |       134  .9017297  .0033866  .8966053  .9070574
-----------------------------------------------------------------
variable spdomain does not uniquely identify observations in the master data

     _merge |      Freq.     Percent        Cum.
------------+-----------------------------------
          3 |        134      100.00      100.00
------------+-----------------------------------
      Total |        134      100.00
(134 real changes made)
(128 real changes made)
(134 real changes made)

Summary for variables: chkcal
     by categories of: spdomain 

     spdomain |         N      mean        sd       min       max
--------------+--------------------------------------------------
Central rural |        27 -.0000771         0 -.0000771 -.0000771
Central urban |        26 -.0000128         0 -.0000128 -.0000128
      Eastern |        27 -.0000899         0 -.0000899 -.0000899
     Northern |        26 -.0001156         0 -.0001156 -.0001156
      Western |        28  .0001285         0  .0001285  .0001285
--------------+--------------------------------------------------
        Total |       134 -.0000317  .0000892 -.0001156  .0001285
-----------------------------------------------------------------
(134 real changes made)
file C:\Users\Templeton\Desktop\GAPP\GAPP-UGANDA-HARUNA\work\quan_flex_it1.dta saved
file C:\Users\Templeton\Desktop\GAPP\GAPP-UGANDA-HARUNA\work\povline_food_flex_it1.dta save
> d
variable spdomain does not uniquely identify observations in the master data
(label spdomain_original already defined)

     _merge |      Freq.     Percent        Cum.
------------+-----------------------------------
          3 |      6,775      100.00      100.00
------------+-----------------------------------
      Total |      6,775      100.00
(345 real changes made)
(note: file C:\Users\TEMPLE~1\AppData\Local\Temp\ST_0j000009.tmp not found)
file C:\Users\TEMPLE~1\AppData\Local\Temp\ST_0j000009.tmp saved
variable spdomain does not uniquely identify observations in the master data
(label spdomain_original already defined)

     _merge |      Freq.     Percent        Cum.
------------+-----------------------------------
          3 |      6,775      100.00      100.00
------------+-----------------------------------
      Total |      6,775      100.00
file C:\Users\Templeton\Desktop\GAPP\GAPP-UGANDA-HARUNA\work\povlines_it1.dta saved
variable spdomain does not uniquely identify observations in the master data
variable spdomain does not uniquely identify observations in
    C:\Users\Templeton\Desktop\GAPP\GAPP-UGANDA-HARUNA\work\povlines_it1.dta
(label spdomain_original already defined)

     _merge |      Freq.     Percent        Cum.
------------+-----------------------------------
          3 |      6,775      100.00      100.00
------------+-----------------------------------
      Total |      6,775      100.00
(6775 real changes made)
(6775 real changes made)

    Variable |     Obs      Weight        Mean   Std. Dev.       Min        Max
-------------+-----------------------------------------------------------------
          cr |    6775   200636622    9416.597   395671.8   82.64046   8.12e+07
      cr_it1 |    6775   200636622    9416.597   340357.7   79.80023   6.97e+07
     linpob1 |    6775   200636622    986.9416   149.2447   804.5524   1295.862
    linpobr1 |    6775   200636622    1113.147    .000061   1113.147   1113.147
(5887 missing values generated)
(5887 real changes made)
(5887 real changes made)
(5887 real changes made)

      pweight: popwt
          VCE: linearized
  Single unit: missing
     Strata 1: strata
         SU 1: psu
        FPC 1: <zero>
(running mean on estimation sample)

Survey: Mean estimation

Number of strata =      10       Number of obs    =       6775
Number of PSUs   =     711       Population size  =  200636622
                                 Design df        =        701

--------------------------------------------------------------
             |             Linearized
             |       Mean   Std. Err.     [95% Conf. Interval]
-------------+------------------------------------------------
     h_flex1 |   12.07186   .8211121      10.45972    13.68399
    pg_flex1 |   3.126904   .2439756      2.647894    3.605915
   spg_flex1 |   1.280613   .1306726      1.024057     1.53717
--------------------------------------------------------------
(running mean on estimation sample)

Survey: Mean estimation

Number of strata =      10       Number of obs    =       6775
Number of PSUs   =     711       Population size  =  200636622
                                 Design df        =        701

        Urban: rural = Urban
        Rural: rural = Rural

--------------------------------------------------------------
             |             Linearized
        Over |       Mean   Std. Err.     [95% Conf. Interval]
-------------+------------------------------------------------
h_flex1      |
       Urban |    3.09348   1.002434      1.125347    5.061614
       Rural |   13.44326    .909319      11.65794    15.22857
-------------+------------------------------------------------
pg_flex1     |
       Urban |   .5691306    .155945      .2629553    .8753059
       Rural |   3.517591   .2758792      2.975942    4.059239
-------------+------------------------------------------------
spg_flex1    |
       Urban |    .156755   .0509944       .056635     .256875
       Rural |   1.452277   .1493321      1.159085    1.745469
--------------------------------------------------------------
(running mean on estimation sample)

Survey: Mean estimation

Number of strata =      10       Number of obs    =       6775
Number of PSUs   =     711       Population size  =  200636622
                                 Design df        =        701

      KAMPALA: strata = KAMPALA
    _subpop_2: strata = CENTRAL 1
    _subpop_3: strata = CENTRAL 2
    _subpop_4: strata = EAST CENTRAL
      EASTERN: strata = EASTERN
    _subpop_6: strata = MID-NOTHERN
    _subpop_7: strata = NORTH-EAST
    _subpop_8: strata = WEST-NILE
    _subpop_9: strata = MID-WESTERN
   _subpop_10: strata = SOUTH-WESTERN

--------------------------------------------------------------
             |             Linearized
        Over |       Mean   Std. Err.     [95% Conf. Interval]
-------------+------------------------------------------------
h_flex1      |
     KAMPALA |   4.167031   2.378903     -.5035977     8.83766
   _subpop_2 |   4.687181   1.414427       1.91016    7.464201
   _subpop_3 |   7.466226   1.867819      3.799037    11.13341
   _subpop_4 |   8.127774   1.612551      4.961766    11.29378
     EASTERN |   11.80657   2.253825      7.381518    16.23163
   _subpop_6 |    12.6968   2.422978      7.939638    17.45397
   _subpop_7 |   70.68732   6.344248      58.23131    83.14332
   _subpop_8 |   14.91821   4.568717      5.948203    23.88822
   _subpop_9 |   15.53387   2.493286      10.63867    20.42907
  _subpop_10 |   8.565702   1.297511      6.018228    11.11318
-------------+------------------------------------------------
pg_flex1     |
     KAMPALA |   .6018409   .2806061      .0509117     1.15277
   _subpop_2 |   1.010567   .4124794       .200724     1.82041
   _subpop_3 |   1.476493    .430482      .6313045    2.321681
   _subpop_4 |   1.403492    .283686      .8465165    1.960468
     EASTERN |   2.179866   .4358687      1.324101     3.03563
   _subpop_6 |   4.130648   .9415078      2.282135    5.979161
   _subpop_7 |   29.97953   3.635916      22.84094    37.11812
   _subpop_8 |   2.229238   .4344902       1.37618    3.082296
   _subpop_9 |    4.48949   .8965312      2.729282    6.249699
  _subpop_10 |   1.689167   .3324043       1.03654    2.341795
-------------+------------------------------------------------
spg_flex1    |
     KAMPALA |   .1262102   .0718565     -.0148695    .2672899
   _subpop_2 |    .325635    .178179     -.0241934    .6754635
   _subpop_3 |   .4549592   .1506456      .1591886    .7507297
   _subpop_4 |   .4290395   .1033595      .2261083    .6319707
     EASTERN |   .5661022   .1102924      .3495592    .7826453
   _subpop_6 |   1.867352   .5188536      .8486593    2.886046
   _subpop_7 |   16.00189   2.301123      11.48397     20.5198
   _subpop_8 |   .6711484   .1940692       .290122    1.052175
   _subpop_9 |   1.901125   .5303656      .8598298    2.942421
  _subpop_10 |   .5145209    .145442      .2289668    .8000751
--------------------------------------------------------------
(running mean on estimation sample)

Survey: Mean estimation

Number of strata =      10       Number of obs    =       6775
Number of PSUs   =     711       Population size  =  200636622
                                 Design df        =        701

         Over: strata rural
    _subpop_1: KAMPALA Urban
    _subpop_2: CENTRAL 1 Urban
    _subpop_3: CENTRAL 1 Rural
    _subpop_4: CENTRAL 2 Urban
    _subpop_5: CENTRAL 2 Rural
    _subpop_6: EAST CENTRAL Urban
    _subpop_7: EAST CENTRAL Rural
    _subpop_8: EASTERN Urban
    _subpop_9: EASTERN Rural
   _subpop_10: MID-NOTHERN Urban
   _subpop_11: MID-NOTHERN Rural
   _subpop_12: NORTH-EAST Urban
   _subpop_13: NORTH-EAST Rural
   _subpop_14: WEST-NILE Urban
   _subpop_15: WEST-NILE Rural
   _subpop_16: MID-WESTERN Urban
   _subpop_17: MID-WESTERN Rural
   _subpop_18: SOUTH-WESTERN Urban
   _subpop_19: SOUTH-WESTERN Rural

--------------------------------------------------------------
             |             Linearized
        Over |       Mean   Std. Err.     [95% Conf. Interval]
-------------+------------------------------------------------
h_flex1      |
   _subpop_1 |   4.167031   2.378903     -.5035977     8.83766
   _subpop_2 |   2.604401   1.859877     -1.047195    6.255998
   _subpop_3 |   5.219631   1.655129      1.970027    8.469236
   _subpop_4 |   2.403186   1.706288     -.9468601    5.753233
   _subpop_5 |   8.511507   2.164837      4.261165    12.76185
   _subpop_6 |          0  (omitted)
   _subpop_7 |   8.582742   1.691107        5.2625    11.90298
   _subpop_8 |   3.705768   2.352816     -.9136424    8.325178
   _subpop_9 |   12.44788    2.37598      7.782995    17.11278
  _subpop_10 |          0  (omitted)
  _subpop_11 |   14.08018   2.606576      8.962552    19.19781
  _subpop_12 |   6.831652   3.866863     -.7603675    14.42367
  _subpop_13 |   73.05174   6.462656      60.36326    85.74022
  _subpop_14 |   4.767413    4.38237      -3.83673    13.37156
  _subpop_15 |   16.42196   4.948369      6.706559    26.13736
  _subpop_16 |   6.107057    6.00618     -5.685199    17.89931
  _subpop_17 |   16.12309    2.58123      11.05522    21.19095
  _subpop_18 |          0  (omitted)
  _subpop_19 |   9.002203   1.347625      6.356338    11.64807
-------------+------------------------------------------------
pg_flex1     |
   _subpop_1 |   .6018409   .2806061      .0509117     1.15277
   _subpop_2 |   .4430265   .3644822      -.272581    1.158634
   _subpop_3 |   1.155656   .4982427       .177429    2.133882
   _subpop_4 |   .6128374   .4276291     -.2267498    1.452425
   _subpop_5 |   1.654797   .5035542      .6661424    2.643453
   _subpop_6 |          0  (omitted)
   _subpop_7 |   1.482056   .2987972       .895411      2.0687
   _subpop_8 |   1.005186   .6345417     -.2406436    2.251016
   _subpop_9 |   2.272861   .4607755      1.368195    3.177526
  _subpop_10 |          0  (omitted)
  _subpop_11 |   4.580703   1.022901      2.572386     6.58902
  _subpop_12 |    5.05295   2.860079     -.5623967     10.6683
  _subpop_13 |    30.9025   3.755212      23.52969    38.27531
  _subpop_14 |   .4071471   .3686013     -.3165476    1.130842
  _subpop_15 |   2.499164   .4876904      1.541655    3.456673
  _subpop_16 |   1.153102   1.134055     -1.073449    3.379653
  _subpop_17 |   4.698029   .9351123      2.862072    6.533985
  _subpop_18 |          0  (omitted)
  _subpop_19 |   1.775246    .346993      1.093976    2.456516
-------------+------------------------------------------------
spg_flex1    |
   _subpop_1 |   .1262102   .0718565     -.0148695    .2672899
   _subpop_2 |   .0863861   .0799939     -.0706701    .2434424
   _subpop_3 |   .3867977   .2193717     -.0439067     .817502
   _subpop_4 |   .1992658   .1429841     -.0814625    .4799941
   _subpop_5 |   .5077479   .1773066      .1596323    .8558635
   _subpop_6 |          0  (omitted)
   _subpop_7 |   .4530559     .10902      .2390111    .6671006
   _subpop_8 |   .2735389   .1722445      -.064638    .6117158
   _subpop_9 |   .5892634     .11673      .3600811    .8184457
  _subpop_10 |          0  (omitted)
  _subpop_11 |    2.07081   .5678711      .9558781    3.185742
  _subpop_12 |   3.737353   2.115422     -.4159699    7.890676
  _subpop_13 |   16.45601   2.384544      11.77431    21.13772
  _subpop_14 |   .0400301   .0358629     -.0303815    .1104417
  _subpop_15 |   .7646429   .2262934      .3203489    1.208937
  _subpop_16 |   .2957981   .2909121     -.2753652    .8669615
  _subpop_17 |   2.001465   .5562213      .9094056    3.093524
  _subpop_18 |          0  (omitted)
  _subpop_19 |   .5407404     .15238      .2415646    .8399162
--------------------------------------------------------------
(running mean on estimation sample)

Survey: Mean estimation

Number of strata =      10       Number of obs    =       6775
Number of PSUs   =     711       Population size  =  200636622
                                 Design df        =        701

    _subpop_1: spdomain = Central rural
    _subpop_2: spdomain = Central urban
      Eastern: spdomain = Eastern
     Northern: spdomain = Northern
      Western: spdomain = Western

--------------------------------------------------------------
             |             Linearized
        Over |       Mean   Std. Err.     [95% Conf. Interval]
-------------+------------------------------------------------
h_flex1      |
   _subpop_1 |   6.877505   1.381672      4.164794    9.590216
   _subpop_2 |   3.384492   1.450191       .537255    6.231729
     Eastern |   10.15345   1.452561      7.301557    13.00534
    Northern |   22.83015   2.194077       18.5224     27.1379
     Western |   12.15117   1.472407      9.260317    15.04203
-------------+------------------------------------------------
pg_flex1     |
   _subpop_1 |   1.407036   .3554693      .7091243    2.104948
   _subpop_2 |   .5628675   .2022758      .1657285    .9600064
     Eastern |    1.83099   .2765017       1.28812    2.373861
    Northern |    7.67136   .8918584      5.920326    9.422393
     Western |   3.130073    .512863      2.123142    4.137005
-------------+------------------------------------------------
spg_flex1    |
   _subpop_1 |   .4477113   .1409541      .1709685    .7244542
   _subpop_2 |   .1314229   .0536291        .02613    .2367157
     Eastern |    .504511   .0770385      .3532572    .6557647
    Northern |   3.750636   .5236829      2.722461    4.778811
     Western |   1.227998   .2965709      .6457244    1.810271
--------------------------------------------------------------
rural was float now byte
news was float now byte
spdomain was float now byte
reg_tpi was float now byte
h_flex1 was float now byte
file C:\Users\Templeton\Desktop\GAPP\GAPP-UGANDA-HARUNA/work/cons_real_it1.dta saved

    Variable |     Obs      Weight        Mean   Std. Dev.       Min        Max
-------------+-----------------------------------------------------------------
     h_flex1 |    6775   200636622    12.07186    32.5824          0        100
file C:\Users\Templeton\Desktop\GAPP\GAPP-UGANDA-HARUNA/work/foodshares_it1.dta saved
file C:\Users\TEMPLE~1\AppData\Local\Temp\ST_0j000002.tmp saved
variable one does not uniquely identify observations in the master data

     _merge |      Freq.     Percent        Cum.
------------+-----------------------------------
          3 |      6,775      100.00      100.00
------------+-----------------------------------
      Total |      6,775      100.00

   relpoor2 |      Freq.     Percent        Cum.
------------+-----------------------------------
          0 | 3,383.9009       49.95       49.95
          1 | 3,391.0991       50.05      100.00
------------+-----------------------------------
      Total |      6,775      100.00
file C:\Users\Templeton\Desktop\GAPP\GAPP-UGANDA-HARUNA\work\relpoor_it2.dta saved
variable hhid does not uniquely identify observations in the master data

     _merge |      Freq.     Percent        Cum.
------------+-----------------------------------
          3 |    412,045      100.00      100.00
------------+-----------------------------------
      Total |    412,045      100.00
(0 observations deleted)
variable hhid does not uniquely identify observations in the master data

     _merge |      Freq.     Percent        Cum.
------------+-----------------------------------
          3 |    412,045      100.00      100.00
------------+-----------------------------------
      Total |    412,045      100.00
(239636 observations deleted)
    0
    0
(961 missing values generated)
  961
(961 observations deleted)
(note: file C:\Users\TEMPLE~1\AppData\Local\Temp\ST_0j00000a.tmp not found)
file C:\Users\TEMPLE~1\AppData\Local\Temp\ST_0j00000a.tmp saved
(note: file C:\Users\TEMPLE~1\AppData\Local\Temp\ST_0j00000b.tmp not found)
file C:\Users\TEMPLE~1\AppData\Local\Temp\ST_0j00000b.tmp saved
variable spdomain does not uniquely identify observations in the master data

     _merge |      Freq.     Percent        Cum.
------------+-----------------------------------
          3 |    171,448      100.00      100.00
------------+-----------------------------------
      Total |    171,448      100.00
  154
(154 observations deleted)
file C:\Users\TEMPLE~1\AppData\Local\Temp\ST_0j00000a.tmp saved
45
45
file C:\Users\Templeton\Desktop\GAPP\GAPP-UGANDA-HARUNA\work\codes_food_basket_flex_it2.dta
>  saved
(4392 observations deleted)
(note: file C:\Users\TEMPLE~1\AppData\Local\Temp\ST_0j00000c.tmp not found)
file C:\Users\TEMPLE~1\AppData\Local\Temp\ST_0j00000c.tmp saved
variable hhid does not uniquely identify observations in the master data

     _merge |      Freq.     Percent        Cum.
------------+-----------------------------------
          2 |         14        0.02        0.02
          3 |     85,204       99.98      100.00
------------+-----------------------------------
      Total |     85,218      100.00
(14 observations deleted)
file C:\Users\TEMPLE~1\AppData\Local\Temp\ST_0j00000c.tmp saved
variable product does not uniquely identify observations in the master data

     _merge |      Freq.     Percent        Cum.
------------+-----------------------------------
          1 |     10,440       12.25       12.25
          3 |     74,764       87.75      100.00
------------+-----------------------------------
      Total |     85,204      100.00
(10440 observations deleted)
(0 observations deleted)
(note: file C:\Users\TEMPLE~1\AppData\Local\Temp\ST_0j00000e.tmp not found)
file C:\Users\TEMPLE~1\AppData\Local\Temp\ST_0j00000e.tmp saved
product was float now int
unit was float now byte
food_cat was float now byte
rmult was float now int
poor09 was float now byte
survquar was float now byte
survmon was float now byte
rural was float now byte
news was float now byte
bswt was float now byte
spdomain was float now byte
reg_tpi was float now byte
count was float now byte
descript was float now byte
hhsize was double now byte
numreg was double now byte
variable hhid does not uniquely identify observations in the master data
survquar was byte now float
spdomain was byte now float
reg_tpi was byte now float
(label lsurvquar already defined)
(label spdomain_original already defined)
(label REG_TPI already defined)

     _merge |      Freq.     Percent        Cum.
------------+-----------------------------------
          2 |         31        0.04        0.04
          3 |     74,764       99.96      100.00
------------+-----------------------------------
      Total |     74,795      100.00
variable hhid does not uniquely identify observations in the master data

     _merge |      Freq.     Percent        Cum.
------------+-----------------------------------
          3 |     74,795      100.00      100.00
------------+-----------------------------------
      Total |     74,795      100.00
(46445 observations deleted)
(11 observations deleted)
(2128 observations deleted)

    Variable |       Obs        Mean    Std. Dev.       Min        Max
-------------+--------------------------------------------------------
    ratiotw2 |       220    1.299956    .5770647   .9367496   5.086008
    ratiomw2 |       220    1.094258    .4340351          0   4.571821
variable product does not uniquely identify observations in the master data
product was int now float

     _merge |      Freq.     Percent        Cum.
------------+-----------------------------------
          3 |        220      100.00      100.00
------------+-----------------------------------
      Total |        220      100.00
    0
(0 observations deleted)
file C:\Users\Templeton\Desktop\GAPP\GAPP-UGANDA-HARUNA\work\price_unit_flex_it2.dta saved
(label spdomain_original already defined)

     _merge |      Freq.     Percent        Cum.
------------+-----------------------------------
          2 |         71       32.27       32.27
          3 |        149       67.73      100.00
------------+-----------------------------------
      Total |        220      100.00
(71 observations deleted)
variable product does not uniquely identify observations in the master data
(note: descript is str26 in using data but will be float now)

     _merge |      Freq.     Percent        Cum.
------------+-----------------------------------
          2 |         17       10.24       10.24
          3 |        149       89.76      100.00
------------+-----------------------------------
      Total |        166      100.00
(17 observations deleted)

-------------------------------------------------------------------------------------------
-> spdomain = Central rural
    1
-------------------------------------------------------------------------------------------
-> spdomain = Central urban
    3
-------------------------------------------------------------------------------------------
-> spdomain = Eastern
    0
-------------------------------------------------------------------------------------------
-> spdomain = Northern
    0
-------------------------------------------------------------------------------------------
-> spdomain = Western
    0

    Variable |       Obs        Mean    Std. Dev.       Min        Max
-------------+--------------------------------------------------------
        bswt |       149    163.3221    159.2556          3       1013
(4 observations deleted)
(13 observations deleted)

Summary for variables: baskshr
     by categories of: spdomain 

     spdomain |         N      mean        sd       min       max
--------------+--------------------------------------------------
Central rural |        27  .9016237         0  .9016237  .9016237
Central urban |        24   .887368         0   .887368   .887368
      Eastern |        27  .9049115         0  .9049115  .9049115
     Northern |        26  .9009634         0  .9009634  .9009634
      Western |        28  .9012133         0  .9012133  .9012133
--------------+--------------------------------------------------
        Total |       132  .8994872  .0059146   .887368  .9049115
-----------------------------------------------------------------
variable spdomain does not uniquely identify observations in the master data

     _merge |      Freq.     Percent        Cum.
------------+-----------------------------------
          3 |        132      100.00      100.00
------------+-----------------------------------
      Total |        132      100.00
(132 real changes made)
(126 real changes made)
(132 real changes made)

Summary for variables: chkcal
     by categories of: spdomain 

     spdomain |         N      mean        sd       min       max
--------------+--------------------------------------------------
Central rural |        27 -.0000771         0 -.0000771 -.0000771
Central urban |        24 -.0000128         0 -.0000128 -.0000128
      Eastern |        27 -.0000899         0 -.0000899 -.0000899
     Northern |        26  .0001413         0  .0001413  .0001413
      Western |        28  .0001285         0  .0001285  .0001285
--------------+--------------------------------------------------
        Total |       132  .0000186  .0001003 -.0000899  .0001413
-----------------------------------------------------------------
(132 real changes made)
file C:\Users\Templeton\Desktop\GAPP\GAPP-UGANDA-HARUNA\work\quan_flex_it2.dta saved
file C:\Users\Templeton\Desktop\GAPP\GAPP-UGANDA-HARUNA\work\povline_food_flex_it2.dta save
> d
variable spdomain does not uniquely identify observations in the master data
(label spdomain_original already defined)

     _merge |      Freq.     Percent        Cum.
------------+-----------------------------------
          3 |      6,775      100.00      100.00
------------+-----------------------------------
      Total |      6,775      100.00
(328 real changes made)
(note: file C:\Users\TEMPLE~1\AppData\Local\Temp\ST_0j00000g.tmp not found)
file C:\Users\TEMPLE~1\AppData\Local\Temp\ST_0j00000g.tmp saved
variable spdomain does not uniquely identify observations in the master data
(label spdomain_original already defined)

     _merge |      Freq.     Percent        Cum.
------------+-----------------------------------
          3 |      6,775      100.00      100.00
------------+-----------------------------------
      Total |      6,775      100.00
file C:\Users\Templeton\Desktop\GAPP\GAPP-UGANDA-HARUNA\work\povlines_it2.dta saved
variable spdomain does not uniquely identify observations in the master data
variable spdomain does not uniquely identify observations in
    C:\Users\Templeton\Desktop\GAPP\GAPP-UGANDA-HARUNA\work\povlines_it2.dta
(label spdomain_original already defined)

     _merge |      Freq.     Percent        Cum.
------------+-----------------------------------
          3 |      6,775      100.00      100.00
------------+-----------------------------------
      Total |      6,775      100.00
(6775 real changes made)
(6775 real changes made)

    Variable |     Obs      Weight        Mean   Std. Dev.       Min        Max
-------------+-----------------------------------------------------------------
          cr |    6775   200636622    9416.597   395671.8   82.64046   8.12e+07
      cr_it2 |    6775   200636622    9416.597   353051.3   76.14498   7.23e+07
     linpob2 |    6775   200636622    957.3001   141.4629    804.249   1185.045
    linpobr2 |    6775   200636622    1056.399   .0000516   1056.399   1056.399
(5917 missing values generated)
(5917 real changes made)
(5917 real changes made)
(5917 real changes made)

      pweight: popwt
          VCE: linearized
  Single unit: missing
     Strata 1: strata
         SU 1: psu
        FPC 1: <zero>
(running mean on estimation sample)

Survey: Mean estimation

Number of strata =      10       Number of obs    =       6775
Number of PSUs   =     711       Population size  =  200636622
                                 Design df        =        701

--------------------------------------------------------------
             |             Linearized
             |       Mean   Std. Err.     [95% Conf. Interval]
-------------+------------------------------------------------
     h_flex2 |   11.03792    .798673      9.469841      12.606
    pg_flex2 |   2.946653   .2376808      2.480002    3.413305
   spg_flex2 |   1.220436   .1295978      .9659893    1.474882
--------------------------------------------------------------
(running mean on estimation sample)

Survey: Mean estimation

Number of strata =      10       Number of obs    =       6775
Number of PSUs   =     711       Population size  =  200636622
                                 Design df        =        701

        Urban: rural = Urban
        Rural: rural = Rural

--------------------------------------------------------------
             |             Linearized
        Over |       Mean   Std. Err.     [95% Conf. Interval]
-------------+------------------------------------------------
h_flex2      |
       Urban |   2.143004   .6487767      .8692255    3.416782
       Rural |   12.39657   .8877841      10.65354     14.1396
-------------+------------------------------------------------
pg_flex2     |
       Urban |   .4032605   .1245237      .1587765    .6477446
       Rural |   3.335143   .2690595      2.806884    3.863402
-------------+------------------------------------------------
spg_flex2    |
       Urban |    .111714   .0426182      .0280393    .1953887
       Rural |   1.389787   .1482838      1.098653     1.68092
--------------------------------------------------------------
(running mean on estimation sample)

Survey: Mean estimation

Number of strata =      10       Number of obs    =       6775
Number of PSUs   =     711       Population size  =  200636622
                                 Design df        =        701

      KAMPALA: strata = KAMPALA
    _subpop_2: strata = CENTRAL 1
    _subpop_3: strata = CENTRAL 2
    _subpop_4: strata = EAST CENTRAL
      EASTERN: strata = EASTERN
    _subpop_6: strata = MID-NOTHERN
    _subpop_7: strata = NORTH-EAST
    _subpop_8: strata = WEST-NILE
    _subpop_9: strata = MID-WESTERN
   _subpop_10: strata = SOUTH-WESTERN

--------------------------------------------------------------
             |             Linearized
        Over |       Mean   Std. Err.     [95% Conf. Interval]
-------------+------------------------------------------------
h_flex2      |
     KAMPALA |   1.536145   .8756774     -.1831199    3.255409
   _subpop_2 |   4.596846   1.414618       1.81945    7.374241
   _subpop_3 |   6.936931   1.852727      3.299373    10.57449
   _subpop_4 |   5.450948   1.171204       3.15146    7.750436
     EASTERN |    9.28854   2.149875      5.067575     13.5095
   _subpop_6 |    12.6968   2.422978      7.939638    17.45397
   _subpop_7 |   70.68732   6.344248      58.23131    83.14332
   _subpop_8 |   14.91821   4.568717      5.948203    23.88822
   _subpop_9 |     15.421   2.497656      10.51722    20.32478
  _subpop_10 |   8.512285   1.293816      5.972066     11.0525
-------------+------------------------------------------------
pg_flex2     |
     KAMPALA |   .2953662   .1929501     -.0834631    .6741954
   _subpop_2 |   .9403086   .4035669      .1479639    1.732653
   _subpop_3 |   1.400256   .4194401      .5767471    2.223766
   _subpop_4 |   1.090376   .2363367      .6263629    1.554388
     EASTERN |   1.652977   .3358824      .9935211    2.312433
   _subpop_6 |   4.127417   .9410278      2.279847    5.974988
   _subpop_7 |   29.96418   3.635036      22.82732    37.10104
   _subpop_8 |   2.224452   .4341273      1.372107    3.076798
   _subpop_9 |   4.429747   .8897274      2.682897    6.176596
  _subpop_10 |   1.651767   .3290279      1.005769    2.297765
-------------+------------------------------------------------
spg_flex2    |
     KAMPALA |   .0639966   .0438279      -.022053    .1500463
   _subpop_2 |   .3044591   .1739223     -.0370119      .64593
   _subpop_3 |    .426892   .1453941      .1414318    .7123521
   _subpop_4 |   .3223293   .0865433      .1524143    .4922444
     EASTERN |    .389398   .0792776      .2337479     .545048
   _subpop_6 |   1.865646   .5185519      .8475454    2.883747
   _subpop_7 |   15.99135   2.300136      11.47536    20.50733
   _subpop_8 |   .6699748   .1939304      .2892207    1.050729
   _subpop_9 |   1.873146   .5269817      .8384948    2.907798
  _subpop_10 |   .5018799   .1436653      .2198141    .7839456
--------------------------------------------------------------
(running mean on estimation sample)

Survey: Mean estimation

Number of strata =      10       Number of obs    =       6775
Number of PSUs   =     711       Population size  =  200636622
                                 Design df        =        701

         Over: strata rural
    _subpop_1: KAMPALA Urban
    _subpop_2: CENTRAL 1 Urban
    _subpop_3: CENTRAL 1 Rural
    _subpop_4: CENTRAL 2 Urban
    _subpop_5: CENTRAL 2 Rural
    _subpop_6: EAST CENTRAL Urban
    _subpop_7: EAST CENTRAL Rural
    _subpop_8: EASTERN Urban
    _subpop_9: EASTERN Rural
   _subpop_10: MID-NOTHERN Urban
   _subpop_11: MID-NOTHERN Rural
   _subpop_12: NORTH-EAST Urban
   _subpop_13: NORTH-EAST Rural
   _subpop_14: WEST-NILE Urban
   _subpop_15: WEST-NILE Rural
   _subpop_16: MID-WESTERN Urban
   _subpop_17: MID-WESTERN Rural
   _subpop_18: SOUTH-WESTERN Urban
   _subpop_19: SOUTH-WESTERN Rural

--------------------------------------------------------------
             |             Linearized
        Over |       Mean   Std. Err.     [95% Conf. Interval]
-------------+------------------------------------------------
h_flex2      |
   _subpop_1 |   1.536145   .8756774     -.1831199    3.255409
   _subpop_2 |   2.160705   1.755188     -1.285349    5.606759
   _subpop_3 |   5.219631   1.655129      1.970027    8.469236
   _subpop_4 |   2.008124   1.395066      -.730883    4.747132
   _subpop_5 |     7.9545   2.158816      3.715979    12.19302
   _subpop_6 |          0  (omitted)
   _subpop_7 |   5.756075   1.232853      3.335549    8.176601
   _subpop_8 |   3.705768   2.352816     -.9136424    8.325178
   _subpop_9 |   9.730508   2.280927      5.252241    14.20877
  _subpop_10 |          0  (omitted)
  _subpop_11 |   14.08018   2.606576      8.962552    19.19781
  _subpop_12 |   6.831652   3.866863     -.7603675    14.42367
  _subpop_13 |   73.05174   6.462656      60.36326    85.74022
  _subpop_14 |   4.767413    4.38237      -3.83673    13.37156
  _subpop_15 |   16.42196   4.948369      6.706559    26.13736
  _subpop_16 |   6.107057    6.00618     -5.685199    17.89931
  _subpop_17 |   16.00316   2.586355      10.92523    21.08109
  _subpop_18 |          0  (omitted)
  _subpop_19 |   8.946063   1.343837      6.307635    11.58449
-------------+------------------------------------------------
pg_flex2     |
   _subpop_1 |   .2953662   .1929501     -.0834631    .6741954
   _subpop_2 |   .2410085   .2356361     -.2216285    .7036456
   _subpop_3 |   1.119081   .4907318      .1556005    2.082561
   _subpop_4 |   .4646927    .331054     -.1852834    1.114669
   _subpop_5 |   1.593407   .4924892       .626476    2.560337
   _subpop_6 |          0  (omitted)
   _subpop_7 |   1.151411   .2491408      .6622598    1.640563
   _subpop_8 |   .8328933   .5252248     -.1983089    1.864095
   _subpop_9 |     1.7179   .3554163      1.020092    2.415708
  _subpop_10 |          0  (omitted)
  _subpop_11 |    4.57712   1.022392      2.569803    6.584438
  _subpop_12 |   5.052279   2.859699     -.5623221    10.66688
  _subpop_13 |   30.88661   3.754329      23.51553    38.25768
  _subpop_14 |   .4055026   .3670878     -.3152206    1.126226
  _subpop_15 |   2.493913   .4874812      1.536815    3.451011
  _subpop_16 |   1.126089   1.107488     -1.048302    3.300479
  _subpop_17 |   4.636239   .9281603      2.813932    6.458546
  _subpop_18 |          0  (omitted)
  _subpop_19 |    1.73594   .3435268      1.061475    2.410404
-------------+------------------------------------------------
spg_flex2    |
   _subpop_1 |   .0639966   .0438279      -.022053    .1500463
   _subpop_2 |   .0354669   .0370815     -.0373372    .1082709
   _subpop_3 |   .3732254   .2146661     -.0482402    .7946909
   _subpop_4 |    .133016   .0973925     -.0581999    .3242319
   _subpop_5 |   .4875636   .1719254      .1500133     .825114
   _subpop_6 |          0  (omitted)
   _subpop_7 |   .3403723   .0913194        .16108    .5196647
   _subpop_8 |    .188197   .1185137     -.0444874    .4208813
   _subpop_9 |   .4053263   .0841519      .2401065    .5705462
  _subpop_10 |          0  (omitted)
  _subpop_11 |   2.068918   .5675464      .9546234    3.183212
  _subpop_12 |   3.736361   2.114861     -.4158595    7.888581
  _subpop_13 |   16.44512    2.38353      11.76541    21.12483
  _subpop_14 |   .0397538   .0356125     -.0301662    .1096737
  _subpop_15 |   .7633363   .2261396      .3193442    1.207328
  _subpop_16 |   .2865705   .2818368      -.266775    .8399159
  _subpop_17 |   1.972314   .5527338       .887102    3.057526
  _subpop_18 |          0  (omitted)
  _subpop_19 |   .5274552    .150531      .2319097    .8230007
--------------------------------------------------------------
(running mean on estimation sample)

Survey: Mean estimation

Number of strata =      10       Number of obs    =       6775
Number of PSUs   =     711       Population size  =  200636622
                                 Design df        =        701

    _subpop_1: spdomain = Central rural
    _subpop_2: spdomain = Central urban
      Eastern: spdomain = Eastern
     Northern: spdomain = Northern
      Western: spdomain = Western

--------------------------------------------------------------
             |             Linearized
        Over |       Mean   Std. Err.     [95% Conf. Interval]
-------------+------------------------------------------------
h_flex2      |
   _subpop_1 |   6.596982   1.376322      3.894775    9.299188
   _subpop_2 |   1.799244   .7005769      .4237641    3.174725
     Eastern |   7.564058   1.320862      4.970739    10.15738
    Northern |   22.83015   2.194077       18.5224     27.1379
     Western |   12.06716   1.473889      9.173396    14.96093
-------------+------------------------------------------------
pg_flex2     |
   _subpop_1 |   1.357963   .3487661      .6732122    2.042715
   _subpop_2 |   .3173199   .1392332      .0439559     .590684
     Eastern |   1.400163   .2166064      .9748884    1.825438
    Northern |   7.665643   .8916711      5.914977    9.416309
     Western |   3.081176   .5088672       2.08209    4.080263
-------------+------------------------------------------------
spg_flex2    |
   _subpop_1 |   .4308091   .1374163      .1610122     .700606
   _subpop_2 |   .0712872   .0329651      .0065651    .1360094
     Eastern |   .3592596   .0586618      .2440857    .4744336
    Northern |    3.74768   .5234158       2.72003     4.77533
     Western |   1.207465   .2945415      .6291756    1.785754
--------------------------------------------------------------
rural was float now byte
news was float now byte
spdomain was float now byte
reg_tpi was float now byte
h_flex2 was float now byte
file C:\Users\Templeton\Desktop\GAPP\GAPP-UGANDA-HARUNA/work/cons_real_it2.dta saved

    Variable |     Obs      Weight        Mean   Std. Dev.       Min        Max
-------------+-----------------------------------------------------------------
     h_flex2 |    6775   200636622    11.03792   31.33849          0        100
file C:\Users\Templeton\Desktop\GAPP\GAPP-UGANDA-HARUNA/work/foodshares_it2.dta saved
file C:\Users\TEMPLE~1\AppData\Local\Temp\ST_0j000002.tmp saved
variable one does not uniquely identify observations in the master data

     _merge |      Freq.     Percent        Cum.
------------+-----------------------------------
          3 |      6,775      100.00      100.00
------------+-----------------------------------
      Total |      6,775      100.00

   relpoor3 |      Freq.     Percent        Cum.
------------+-----------------------------------
          0 | 3,387.3592       50.00       50.00
          1 | 3,387.6408       50.00      100.00
------------+-----------------------------------
      Total |      6,775      100.00
file C:\Users\Templeton\Desktop\GAPP\GAPP-UGANDA-HARUNA\work\relpoor_it3.dta saved
variable hhid does not uniquely identify observations in the master data

     _merge |      Freq.     Percent        Cum.
------------+-----------------------------------
          3 |    412,045      100.00      100.00
------------+-----------------------------------
      Total |    412,045      100.00
(0 observations deleted)
variable hhid does not uniquely identify observations in the master data

     _merge |      Freq.     Percent        Cum.
------------+-----------------------------------
          3 |    412,045      100.00      100.00
------------+-----------------------------------
      Total |    412,045      100.00
(238289 observations deleted)
    0
    0
(925 missing values generated)
  925
(925 observations deleted)
(note: file C:\Users\TEMPLE~1\AppData\Local\Temp\ST_0j00000h.tmp not found)
file C:\Users\TEMPLE~1\AppData\Local\Temp\ST_0j00000h.tmp saved
(note: file C:\Users\TEMPLE~1\AppData\Local\Temp\ST_0j00000i.tmp not found)
file C:\Users\TEMPLE~1\AppData\Local\Temp\ST_0j00000i.tmp saved
variable spdomain does not uniquely identify observations in the master data

     _merge |      Freq.     Percent        Cum.
------------+-----------------------------------
          3 |    172,831      100.00      100.00
------------+-----------------------------------
      Total |    172,831      100.00
  153
(153 observations deleted)
file C:\Users\TEMPLE~1\AppData\Local\Temp\ST_0j00000h.tmp saved
44
44
file C:\Users\Templeton\Desktop\GAPP\GAPP-UGANDA-HARUNA\work\codes_food_basket_flex_it3.dta
>  saved
(4392 observations deleted)
(note: file C:\Users\TEMPLE~1\AppData\Local\Temp\ST_0j00000j.tmp not found)
file C:\Users\TEMPLE~1\AppData\Local\Temp\ST_0j00000j.tmp saved
variable hhid does not uniquely identify observations in the master data

     _merge |      Freq.     Percent        Cum.
------------+-----------------------------------
          2 |         14        0.02        0.02
          3 |     85,204       99.98      100.00
------------+-----------------------------------
      Total |     85,218      100.00
(14 observations deleted)
file C:\Users\TEMPLE~1\AppData\Local\Temp\ST_0j00000j.tmp saved
variable product does not uniquely identify observations in the master data

     _merge |      Freq.     Percent        Cum.
------------+-----------------------------------
          1 |     10,946       12.85       12.85
          3 |     74,258       87.15      100.00
------------+-----------------------------------
      Total |     85,204      100.00
(10946 observations deleted)
(0 observations deleted)
(note: file C:\Users\TEMPLE~1\AppData\Local\Temp\ST_0j00000l.tmp not found)
file C:\Users\TEMPLE~1\AppData\Local\Temp\ST_0j00000l.tmp saved
product was float now int
unit was float now byte
food_cat was float now byte
rmult was float now int
poor09 was float now byte
survquar was float now byte
survmon was float now byte
rural was float now byte
news was float now byte
bswt was float now byte
spdomain was float now byte
reg_tpi was float now byte
count was float now byte
descript was float now byte
hhsize was double now byte
numreg was double now byte
variable hhid does not uniquely identify observations in the master data
survquar was byte now float
spdomain was byte now float
reg_tpi was byte now float
(label lsurvquar already defined)
(label spdomain_original already defined)
(label REG_TPI already defined)

     _merge |      Freq.     Percent        Cum.
------------+-----------------------------------
          2 |         31        0.04        0.04
          3 |     74,258       99.96      100.00
------------+-----------------------------------
      Total |     74,289      100.00
variable hhid does not uniquely identify observations in the master data

     _merge |      Freq.     Percent        Cum.
------------+-----------------------------------
          3 |     74,289      100.00      100.00
------------+-----------------------------------
      Total |     74,289      100.00
(45875 observations deleted)
(11 observations deleted)
(2130 observations deleted)

    Variable |       Obs        Mean    Std. Dev.       Min        Max
-------------+--------------------------------------------------------
    ratiotw3 |       213    1.265078    .4905348    .938451   4.989788
    ratiomw3 |       213    1.085698    .3652393          0   3.711278
variable product does not uniquely identify observations in the master data
product was int now float

     _merge |      Freq.     Percent        Cum.
------------+-----------------------------------
          3 |        213      100.00      100.00
------------+-----------------------------------
      Total |        213      100.00
    0
(0 observations deleted)
file C:\Users\Templeton\Desktop\GAPP\GAPP-UGANDA-HARUNA\work\price_unit_flex_it3.dta saved
(label spdomain_original already defined)

     _merge |      Freq.     Percent        Cum.
------------+-----------------------------------
          2 |         65       30.52       30.52
          3 |        148       69.48      100.00
------------+-----------------------------------
      Total |        213      100.00
(65 observations deleted)
variable product does not uniquely identify observations in the master data
(note: descript is str26 in using data but will be float now)

     _merge |      Freq.     Percent        Cum.
------------+-----------------------------------
          2 |         18       10.84       10.84
          3 |        148       89.16      100.00
------------+-----------------------------------
      Total |        166      100.00
(18 observations deleted)

-------------------------------------------------------------------------------------------
-> spdomain = Central rural
    1
-------------------------------------------------------------------------------------------
-> spdomain = Central urban
    3
-------------------------------------------------------------------------------------------
-> spdomain = Eastern
    0
-------------------------------------------------------------------------------------------
-> spdomain = Northern
    0
-------------------------------------------------------------------------------------------
-> spdomain = Western
    0

    Variable |       Obs        Mean    Std. Dev.       Min        Max
-------------+--------------------------------------------------------
        bswt |       148    165.5743    162.8502          3       1040
(4 observations deleted)
(12 observations deleted)

Summary for variables: baskshr
     by categories of: spdomain 

     spdomain |         N      mean        sd       min       max
--------------+--------------------------------------------------
Central rural |        27  .9029344         0  .9029344  .9029344
Central urban |        23  .8846528         0  .8846528  .8846528
      Eastern |        27  .9070634         0  .9070634  .9070634
     Northern |        27  .9096122         0  .9096122  .9096122
      Western |        28  .9012103         0  .9012103  .9012103
--------------+--------------------------------------------------
        Total |       132  .9015937   .008379  .8846528  .9096122
-----------------------------------------------------------------
variable spdomain does not uniquely identify observations in the master data

     _merge |      Freq.     Percent        Cum.
------------+-----------------------------------
          3 |        132      100.00      100.00
------------+-----------------------------------
      Total |        132      100.00
(132 real changes made)
(126 real changes made)
(132 real changes made)

Summary for variables: chkcal
     by categories of: spdomain 

     spdomain |         N      mean        sd       min       max
--------------+--------------------------------------------------
Central rural |        27 -.0000771         0 -.0000771 -.0000771
Central urban |        23 -.0000128         0 -.0000128 -.0000128
      Eastern |        27 -.0000899         0 -.0000899 -.0000899
     Northern |        27 -.0001156         0 -.0001156 -.0001156
      Western |        28 -.0001285         0 -.0001285 -.0001285
--------------+--------------------------------------------------
        Total |       132 -.0000873   .000039 -.0001285 -.0000128
-----------------------------------------------------------------
(132 real changes made)
file C:\Users\Templeton\Desktop\GAPP\GAPP-UGANDA-HARUNA\work\quan_flex_it3.dta saved
file C:\Users\Templeton\Desktop\GAPP\GAPP-UGANDA-HARUNA\work\povline_food_flex_it3.dta save
> d
variable spdomain does not uniquely identify observations in the master data
(label spdomain_original already defined)

     _merge |      Freq.     Percent        Cum.
------------+-----------------------------------
          3 |      6,775      100.00      100.00
------------+-----------------------------------
      Total |      6,775      100.00
(349 real changes made)
(note: file C:\Users\TEMPLE~1\AppData\Local\Temp\ST_0j00000n.tmp not found)
file C:\Users\TEMPLE~1\AppData\Local\Temp\ST_0j00000n.tmp saved
variable spdomain does not uniquely identify observations in the master data
(label spdomain_original already defined)

     _merge |      Freq.     Percent        Cum.
------------+-----------------------------------
          3 |      6,775      100.00      100.00
------------+-----------------------------------
      Total |      6,775      100.00
file C:\Users\Templeton\Desktop\GAPP\GAPP-UGANDA-HARUNA\work\povlines_it3.dta saved
variable spdomain does not uniquely identify observations in the master data
variable spdomain does not uniquely identify observations in
    C:\Users\Templeton\Desktop\GAPP\GAPP-UGANDA-HARUNA\work\povlines_it3.dta
(label spdomain_original already defined)

     _merge |      Freq.     Percent        Cum.
------------+-----------------------------------
          3 |      6,775      100.00      100.00
------------+-----------------------------------
      Total |      6,775      100.00
(6775 real changes made)
(6775 real changes made)

    Variable |     Obs      Weight        Mean   Std. Dev.       Min        Max
-------------+-----------------------------------------------------------------
          cr |    6775   200636622    9416.597   395671.8   82.64046   8.12e+07
      cr_it3 |    6775   200636622    9416.597   358966.3   77.08961   7.36e+07
     linpob3 |    6775   200636622    976.8385   126.2728   813.7832   1175.265
    linpobr3 |    6775   200636622    1065.445          0   1065.445   1065.445
(5884 missing values generated)
(5884 real changes made)
(5884 real changes made)
(5884 real changes made)

      pweight: popwt
          VCE: linearized
  Single unit: missing
     Strata 1: strata
         SU 1: psu
        FPC 1: <zero>
(running mean on estimation sample)

Survey: Mean estimation

Number of strata =      10       Number of obs    =       6775
Number of PSUs   =     711       Population size  =  200636622
                                 Design df        =        701

--------------------------------------------------------------
             |             Linearized
             |       Mean   Std. Err.     [95% Conf. Interval]
-------------+------------------------------------------------
     h_flex3 |   12.04174   .8213922      10.42906    13.65443
    pg_flex3 |   3.122904   .2450628      2.641759    3.604049
   spg_flex3 |    1.28575   .1315706      1.027431     1.54407
--------------------------------------------------------------
(running mean on estimation sample)

Survey: Mean estimation

Number of strata =      10       Number of obs    =       6775
Number of PSUs   =     711       Population size  =  200636622
                                 Design df        =        701

        Urban: rural = Urban
        Rural: rural = Rural

--------------------------------------------------------------
             |             Linearized
        Over |       Mean   Std. Err.     [95% Conf. Interval]
-------------+------------------------------------------------
h_flex3      |
       Urban |   2.514697   .7369867      1.067731    3.961662
       Rural |   13.49695    .910283      11.70974    15.28416
-------------+------------------------------------------------
pg_flex3     |
       Urban |   .4162668   .1275498      .1658414    .6666923
       Rural |   3.536329   .2768086      2.992856    4.079802
-------------+------------------------------------------------
spg_flex3    |
       Urban |   .1183589   .0439069      .0321541    .2045637
       Rural |   1.464063   .1503556      1.168862    1.759264
--------------------------------------------------------------
(running mean on estimation sample)

Survey: Mean estimation

Number of strata =      10       Number of obs    =       6775
Number of PSUs   =     711       Population size  =  200636622
                                 Design df        =        701

      KAMPALA: strata = KAMPALA
    _subpop_2: strata = CENTRAL 1
    _subpop_3: strata = CENTRAL 2
    _subpop_4: strata = EAST CENTRAL
      EASTERN: strata = EASTERN
    _subpop_6: strata = MID-NOTHERN
    _subpop_7: strata = NORTH-EAST
    _subpop_8: strata = WEST-NILE
    _subpop_9: strata = MID-WESTERN
   _subpop_10: strata = SOUTH-WESTERN

--------------------------------------------------------------
             |             Linearized
        Over |       Mean   Std. Err.     [95% Conf. Interval]
-------------+------------------------------------------------
h_flex3      |
     KAMPALA |   1.536145   .8756774     -.1831199    3.255409
   _subpop_2 |   4.596846   1.414618       1.81945    7.374241
   _subpop_3 |   7.398621    1.86434      3.738261    11.05898
   _subpop_4 |   8.127774   1.612551      4.961766    11.29378
     EASTERN |   11.80657   2.253825      7.381518    16.23163
   _subpop_6 |   13.57109   2.453822      8.753372    18.38882
   _subpop_7 |   70.87902   6.355412       58.4011    83.35694
   _subpop_8 |   15.24684   4.522476      6.367618    24.12606
   _subpop_9 |     15.421   2.497656      10.51722    20.32478
  _subpop_10 |   8.512285   1.293816      5.972066     11.0525
-------------+------------------------------------------------
pg_flex3     |
     KAMPALA |   .2850407   .1874341     -.0829588    .6530403
   _subpop_2 |   .9662464   .4098536      .1615587    1.770934
   _subpop_3 |   1.449052   .4290112      .6067516    2.291353
   _subpop_4 |   1.405935   .2839541      .8484326    1.963437
     EASTERN |   2.183363    .436454      1.326449    3.040276
   _subpop_6 |    4.23203    .956338      2.354401     6.10966
   _subpop_7 |   30.44189   3.662491      23.25113    37.63266
   _subpop_8 |   2.375972   .4479886      1.496412    3.255532
   _subpop_9 |   4.387872   .8849727      2.650358    6.125387
  _subpop_10 |    1.62563   .3267169      .9841693    2.267091
-------------+------------------------------------------------
spg_flex3    |
     KAMPALA |   .0602158   .0413903      -.021048    .1414795
   _subpop_2 |   .3146192   .1777995     -.0344642    .6637025
   _subpop_3 |   .4427283    .149934      .1483547    .7371018
   _subpop_4 |   .4297482    .103468       .226604    .6328924
     EASTERN |   .5672757   .1105028      .3503196    .7842318
   _subpop_6 |   1.919541   .5280469      .8827984    2.956284
   _subpop_7 |   16.32243   2.330928      11.74599    20.89886
   _subpop_8 |   .7079542   .1981629      .3188902    1.097018
   _subpop_9 |   1.853789   .5246343       .823746    2.883831
  _subpop_10 |   .4932011   .1424309       .213559    .7728433
--------------------------------------------------------------
(running mean on estimation sample)

Survey: Mean estimation

Number of strata =      10       Number of obs    =       6775
Number of PSUs   =     711       Population size  =  200636622
                                 Design df        =        701

         Over: strata rural
    _subpop_1: KAMPALA Urban
    _subpop_2: CENTRAL 1 Urban
    _subpop_3: CENTRAL 1 Rural
    _subpop_4: CENTRAL 2 Urban
    _subpop_5: CENTRAL 2 Rural
    _subpop_6: EAST CENTRAL Urban
    _subpop_7: EAST CENTRAL Rural
    _subpop_8: EASTERN Urban
    _subpop_9: EASTERN Rural
   _subpop_10: MID-NOTHERN Urban
   _subpop_11: MID-NOTHERN Rural
   _subpop_12: NORTH-EAST Urban
   _subpop_13: NORTH-EAST Rural
   _subpop_14: WEST-NILE Urban
   _subpop_15: WEST-NILE Rural
   _subpop_16: MID-WESTERN Urban
   _subpop_17: MID-WESTERN Rural
   _subpop_18: SOUTH-WESTERN Urban
   _subpop_19: SOUTH-WESTERN Rural

--------------------------------------------------------------
             |             Linearized
        Over |       Mean   Std. Err.     [95% Conf. Interval]
-------------+------------------------------------------------
h_flex3      |
   _subpop_1 |   1.536145   .8756774     -.1831199    3.255409
   _subpop_2 |   2.160705   1.755188     -1.285349    5.606759
   _subpop_3 |   5.219631   1.655129      1.970027    8.469236
   _subpop_4 |   2.008124   1.395066      -.730883    4.747132
   _subpop_5 |   8.511507   2.164837      4.261165    12.76185
   _subpop_6 |          0  (omitted)
   _subpop_7 |   8.582742   1.691107        5.2625    11.90298
   _subpop_8 |   3.705768   2.352816     -.9136424    8.325178
   _subpop_9 |   12.44788    2.37598      7.782995    17.11278
  _subpop_10 |   5.029093   4.275589     -3.365401    13.42359
  _subpop_11 |   14.50179   2.654047      9.290955    19.71262
  _subpop_12 |   6.831652   3.866863     -.7603675    14.42367
  _subpop_13 |   73.25054   6.475744      60.53636    85.96472
  _subpop_14 |   4.767413    4.38237      -3.83673    13.37156
  _subpop_15 |   16.79927   4.885104      7.208081    26.39046
  _subpop_16 |   6.107057    6.00618     -5.685199    17.89931
  _subpop_17 |   16.00316   2.586355      10.92523    21.08109
  _subpop_18 |          0  (omitted)
  _subpop_19 |   8.946063   1.343837      6.307635    11.58449
-------------+------------------------------------------------
pg_flex3     |
   _subpop_1 |   .2850407   .1874341     -.0829588    .6530403
   _subpop_2 |   .2250333   .2241939     -.2151386    .6652051
   _subpop_3 |   1.155733   .4982588       .177475    2.133992
   _subpop_4 |   .4518486   .3227634     -.1818501    1.085547
   _subpop_5 |   1.654928   .5035779      .6662267     2.64363
   _subpop_6 |          0  (omitted)
   _subpop_7 |   1.484635   .2990758      .8974431    2.071827
   _subpop_8 |   1.006167   .6351645     -.2408854     2.25322
   _subpop_9 |   2.276557   .4613891      1.370687    3.182427
  _subpop_10 |   .0093897   .0079828     -.0062834    .0250627
  _subpop_11 |   4.692109    1.03874      2.652694    6.731523
  _subpop_12 |   5.073125   2.871498     -.5646423    10.71089
  _subpop_13 |   31.38124   3.781898      23.95604    38.80644
  _subpop_14 |   .4566063   .4141224     -.3564626    1.269675
  _subpop_15 |   2.660309   .4968505      1.684815    3.635802
  _subpop_16 |   1.107112   1.088825     -1.030636    3.244861
  _subpop_17 |   4.592934   .9233021      2.780165    6.405703
  _subpop_18 |          0  (omitted)
  _subpop_19 |   1.708471   .3411553      1.038662    2.378279
-------------+------------------------------------------------
spg_flex3    |
   _subpop_1 |   .0602158   .0413903      -.021048    .1414795
   _subpop_2 |   .0321646   .0338697     -.0343336    .0986628
   _subpop_3 |    .386827   .2193818     -.0438971    .8175512
   _subpop_4 |   .1275796   .0935794     -.0561498    .3113091
   _subpop_5 |   .5077917   .1773182      .1596534    .8559301
   _subpop_6 |          0  (omitted)
   _subpop_7 |   .4538042   .1091341      .2395353     .668073
   _subpop_8 |   .2740707   .1725798     -.0647644    .6129058
   _subpop_9 |   .5904877   .1169512      .3608711    .8201042
  _subpop_10 |   .0000175   .0000149     -.0000117    .0000468
  _subpop_11 |   2.128683   .5777612      .9943334    3.263033
  _subpop_12 |   3.767259    2.13235     -.4192984    7.953816
  _subpop_13 |   16.78732   2.415204      12.04541    21.52922
  _subpop_14 |   .0488724   .0438843     -.0372881    .1350329
  _subpop_15 |   .8055911   .2307757      .3524968    1.258685
  _subpop_16 |   .2802338   .2756048      -.260876    .8213436
  _subpop_17 |   1.952143    .550314      .8716814    3.032604
  _subpop_18 |          0  (omitted)
  _subpop_19 |   .5183342    .149246      .2253115     .811357
--------------------------------------------------------------
(running mean on estimation sample)

Survey: Mean estimation

Number of strata =      10       Number of obs    =       6775
Number of PSUs   =     711       Population size  =  200636622
                                 Design df        =        701

    _subpop_1: spdomain = Central rural
    _subpop_2: spdomain = Central urban
      Eastern: spdomain = Eastern
     Northern: spdomain = Northern
      Western: spdomain = Western

--------------------------------------------------------------
             |             Linearized
        Over |       Mean   Std. Err.     [95% Conf. Interval]
-------------+------------------------------------------------
h_flex3      |
   _subpop_1 |   6.877505   1.381672      4.164794    9.590216
   _subpop_2 |   1.799244   .7005769      .4237641    3.174725
     Eastern |   10.15345   1.452561      7.301557    13.00534
    Northern |   23.40979   2.180005      19.12967    27.68991
     Western |   12.06716   1.473889      9.173396    14.96093
-------------+------------------------------------------------
pg_flex3     |
   _subpop_1 |   1.407141   .3554837      .7092005    2.105081
   _subpop_2 |   .3049877   .1349429      .0400471    .5699284
     Eastern |   1.834013   .2768478      1.290463    2.377564
    Northern |   7.846463   .8977835      6.083796    9.609129
     Western |   3.046942   .5060806      2.053326    4.040557
-------------+------------------------------------------------
spg_flex3    |
   _subpop_1 |    .447748   .1409617      .1709902    .7245057
   _subpop_2 |    .067278   .0312721      .0058798    .1286762
     Eastern |   .5054756   .0771629      .3539775    .6569736
    Northern |   3.841054   .5317294      2.797081    4.885027
     Western |   1.193291   .2931333      .6177669    1.768816
--------------------------------------------------------------
rural was float now byte
news was float now byte
spdomain was float now byte
reg_tpi was float now byte
h_flex3 was float now byte
file C:\Users\Templeton\Desktop\GAPP\GAPP-UGANDA-HARUNA/work/cons_real_it3.dta saved

    Variable |     Obs      Weight        Mean   Std. Dev.       Min        Max
-------------+-----------------------------------------------------------------
     h_flex3 |    6775   200636622    12.04174   32.54731          0        100
file C:\Users\Templeton\Desktop\GAPP\GAPP-UGANDA-HARUNA/work/foodshares_it3.dta saved
file C:\Users\TEMPLE~1\AppData\Local\Temp\ST_0j000002.tmp saved
variable one does not uniquely identify observations in the master data

     _merge |      Freq.     Percent        Cum.
------------+-----------------------------------
          3 |      6,775      100.00      100.00
------------+-----------------------------------
      Total |      6,775      100.00

   relpoor4 |      Freq.     Percent        Cum.
------------+-----------------------------------
          0 | 3,385.9819       49.98       49.98
          1 | 3,389.0181       50.02      100.00
------------+-----------------------------------
      Total |      6,775      100.00
file C:\Users\Templeton\Desktop\GAPP\GAPP-UGANDA-HARUNA\work\relpoor_it4.dta saved
variable hhid does not uniquely identify observations in the master data

     _merge |      Freq.     Percent        Cum.
------------+-----------------------------------
          3 |    412,045      100.00      100.00
------------+-----------------------------------
      Total |    412,045      100.00
(0 observations deleted)
variable hhid does not uniquely identify observations in the master data

     _merge |      Freq.     Percent        Cum.
------------+-----------------------------------
          3 |    412,045      100.00      100.00
------------+-----------------------------------
      Total |    412,045      100.00
(240194 observations deleted)
    0
    0
(925 missing values generated)
  925
(925 observations deleted)
(note: file C:\Users\TEMPLE~1\AppData\Local\Temp\ST_0j00000o.tmp not found)
file C:\Users\TEMPLE~1\AppData\Local\Temp\ST_0j00000o.tmp saved
(note: file C:\Users\TEMPLE~1\AppData\Local\Temp\ST_0j00000p.tmp not found)
file C:\Users\TEMPLE~1\AppData\Local\Temp\ST_0j00000p.tmp saved
variable spdomain does not uniquely identify observations in the master data

     _merge |      Freq.     Percent        Cum.
------------+-----------------------------------
          3 |    170,926      100.00      100.00
------------+-----------------------------------
      Total |    170,926      100.00
  153
(153 observations deleted)
file C:\Users\TEMPLE~1\AppData\Local\Temp\ST_0j00000o.tmp saved
45
45
file C:\Users\Templeton\Desktop\GAPP\GAPP-UGANDA-HARUNA\work\codes_food_basket_flex_it4.dta
>  saved
(4392 observations deleted)
(note: file C:\Users\TEMPLE~1\AppData\Local\Temp\ST_0j00000q.tmp not found)
file C:\Users\TEMPLE~1\AppData\Local\Temp\ST_0j00000q.tmp saved
variable hhid does not uniquely identify observations in the master data

     _merge |      Freq.     Percent        Cum.
------------+-----------------------------------
          2 |         14        0.02        0.02
          3 |     85,204       99.98      100.00
------------+-----------------------------------
      Total |     85,218      100.00
(14 observations deleted)
file C:\Users\TEMPLE~1\AppData\Local\Temp\ST_0j00000q.tmp saved
variable product does not uniquely identify observations in the master data

     _merge |      Freq.     Percent        Cum.
------------+-----------------------------------
          1 |     10,440       12.25       12.25
          3 |     74,764       87.75      100.00
------------+-----------------------------------
      Total |     85,204      100.00
(10440 observations deleted)
(0 observations deleted)
(note: file C:\Users\TEMPLE~1\AppData\Local\Temp\ST_0j00000s.tmp not found)
file C:\Users\TEMPLE~1\AppData\Local\Temp\ST_0j00000s.tmp saved
product was float now int
unit was float now byte
food_cat was float now byte
rmult was float now int
poor09 was float now byte
survquar was float now byte
survmon was float now byte
rural was float now byte
news was float now byte
bswt was float now byte
spdomain was float now byte
reg_tpi was float now byte
count was float now byte
descript was float now byte
hhsize was double now byte
numreg was double now byte
variable hhid does not uniquely identify observations in the master data
survquar was byte now float
spdomain was byte now float
reg_tpi was byte now float
(label lsurvquar already defined)
(label spdomain_original already defined)
(label REG_TPI already defined)

     _merge |      Freq.     Percent        Cum.
------------+-----------------------------------
          2 |         31        0.04        0.04
          3 |     74,764       99.96      100.00
------------+-----------------------------------
      Total |     74,795      100.00
variable hhid does not uniquely identify observations in the master data

     _merge |      Freq.     Percent        Cum.
------------+-----------------------------------
          3 |     74,795      100.00      100.00
------------+-----------------------------------
      Total |     74,795      100.00
(46570 observations deleted)
(11 observations deleted)
(2124 observations deleted)

    Variable |       Obs        Mean    Std. Dev.       Min        Max
-------------+--------------------------------------------------------
    ratiotw4 |       218     1.30385    .5805333   .9367496    5.06082
    ratiomw4 |       218    1.093956    .3831518          0   3.690952
variable product does not uniquely identify observations in the master data
product was int now float

     _merge |      Freq.     Percent        Cum.
------------+-----------------------------------
          3 |        218      100.00      100.00
------------+-----------------------------------
      Total |        218      100.00
    0
(0 observations deleted)
file C:\Users\Templeton\Desktop\GAPP\GAPP-UGANDA-HARUNA\work\price_unit_flex_it4.dta saved
(label spdomain_original already defined)

     _merge |      Freq.     Percent        Cum.
------------+-----------------------------------
          2 |         70       32.11       32.11
          3 |        148       67.89      100.00
------------+-----------------------------------
      Total |        218      100.00
(70 observations deleted)
variable product does not uniquely identify observations in the master data
(note: descript is str26 in using data but will be float now)

     _merge |      Freq.     Percent        Cum.
------------+-----------------------------------
          2 |         17       10.30       10.30
          3 |        148       89.70      100.00
------------+-----------------------------------
      Total |        165      100.00
(17 observations deleted)

-------------------------------------------------------------------------------------------
-> spdomain = Central rural
    1
-------------------------------------------------------------------------------------------
-> spdomain = Central urban
    4
-------------------------------------------------------------------------------------------
-> spdomain = Eastern
    0
-------------------------------------------------------------------------------------------
-> spdomain = Northern
    0
-------------------------------------------------------------------------------------------
-> spdomain = Western
    0

    Variable |       Obs        Mean    Std. Dev.       Min        Max
-------------+--------------------------------------------------------
        bswt |       148    163.5338    160.7022          3       1023
(5 observations deleted)
(13 observations deleted)

Summary for variables: baskshr
     by categories of: spdomain 

     spdomain |         N      mean        sd       min       max
--------------+--------------------------------------------------
Central rural |        27  .9016237         0  .9016237  .9016237
Central urban |        22   .876273         0   .876273   .876273
      Eastern |        27  .9046936         0  .9046936  .9046936
     Northern |        26  .9002259         0  .9002259  .9002259
      Western |        28  .9008598         0  .9008598  .9008598
--------------+--------------------------------------------------
        Total |       130  .8975271  .0097561   .876273  .9046936
-----------------------------------------------------------------
variable spdomain does not uniquely identify observations in the master data

     _merge |      Freq.     Percent        Cum.
------------+-----------------------------------
          3 |        130      100.00      100.00
------------+-----------------------------------
      Total |        130      100.00
(130 real changes made)
(124 real changes made)
(130 real changes made)

Summary for variables: chkcal
     by categories of: spdomain 

     spdomain |         N      mean        sd       min       max
--------------+--------------------------------------------------
Central rural |        27 -.0000771         0 -.0000771 -.0000771
Central urban |        22 -.0000128         0 -.0000128 -.0000128
      Eastern |        27 -.0000899         0 -.0000899 -.0000899
     Northern |        26  .0001413         0  .0001413  .0001413
      Western |        28 -.0001285         0 -.0001285 -.0001285
--------------+--------------------------------------------------
        Total |       130 -.0000363  .0000962 -.0001285  .0001413
-----------------------------------------------------------------
(130 real changes made)
file C:\Users\Templeton\Desktop\GAPP\GAPP-UGANDA-HARUNA\work\quan_flex_it4.dta saved
file C:\Users\Templeton\Desktop\GAPP\GAPP-UGANDA-HARUNA\work\povline_food_flex_it4.dta save
> d
variable spdomain does not uniquely identify observations in the master data
(label spdomain_original already defined)

     _merge |      Freq.     Percent        Cum.
------------+-----------------------------------
          3 |      6,775      100.00      100.00
------------+-----------------------------------
      Total |      6,775      100.00
(329 real changes made)
(note: file C:\Users\TEMPLE~1\AppData\Local\Temp\ST_0j00000u.tmp not found)
file C:\Users\TEMPLE~1\AppData\Local\Temp\ST_0j00000u.tmp saved
variable spdomain does not uniquely identify observations in the master data
(label spdomain_original already defined)

     _merge |      Freq.     Percent        Cum.
------------+-----------------------------------
          3 |      6,775      100.00      100.00
------------+-----------------------------------
      Total |      6,775      100.00
file C:\Users\Templeton\Desktop\GAPP\GAPP-UGANDA-HARUNA\work\povlines_it4.dta saved
variable spdomain does not uniquely identify observations in the master data
variable spdomain does not uniquely identify observations in
    C:\Users\Templeton\Desktop\GAPP\GAPP-UGANDA-HARUNA\work\povlines_it4.dta
(label spdomain_original already defined)

     _merge |      Freq.     Percent        Cum.
------------+-----------------------------------
          3 |      6,775      100.00      100.00
------------+-----------------------------------
      Total |      6,775      100.00
(6775 real changes made)
(6775 real changes made)

    Variable |     Obs      Weight        Mean   Std. Dev.       Min        Max
-------------+-----------------------------------------------------------------
          cr |    6775   200636622    9416.597   395671.8   82.64046   8.12e+07
      cr_it4 |    6775   200636622    9416.597   357688.9   74.53012   7.33e+07
     linpob4 |    6775   200636622    959.2149   143.6842   804.5471   1162.682
    linpobr4 |    6775   200636622    1048.577   .0000547   1048.577   1048.577
(5912 missing values generated)
(5912 real changes made)
(5912 real changes made)
(5912 real changes made)

      pweight: popwt
          VCE: linearized
  Single unit: missing
     Strata 1: strata
         SU 1: psu
        FPC 1: <zero>
(running mean on estimation sample)

Survey: Mean estimation

Number of strata =      10       Number of obs    =       6775
Number of PSUs   =     711       Population size  =  200636622
                                 Design df        =        701

--------------------------------------------------------------
             |             Linearized
             |       Mean   Std. Err.     [95% Conf. Interval]
-------------+------------------------------------------------
     h_flex4 |   11.11909   .7975126       9.55329    12.68489
    pg_flex4 |   2.975137   .2391435      2.505613     3.44466
   spg_flex4 |    1.23274   .1304217       .976676    1.488804
--------------------------------------------------------------
(running mean on estimation sample)

Survey: Mean estimation

Number of strata =      10       Number of obs    =       6775
Number of PSUs   =     711       Population size  =  200636622
                                 Design df        =        701

        Urban: rural = Urban
        Rural: rural = Rural

--------------------------------------------------------------
             |             Linearized
        Over |       Mean   Std. Err.     [95% Conf. Interval]
-------------+------------------------------------------------
h_flex4      |
       Urban |   2.086973   .6451699      .8202762     3.35367
       Rural |    12.4987   .8860347       10.7591     14.2383
-------------+------------------------------------------------
pg_flex4     |
       Urban |   .3888317   .1222938      .1487258    .6289376
       Rural |   3.370181   .2706866      2.838728    3.901635
-------------+------------------------------------------------
spg_flex4    |
       Urban |   .1071954   .0420308      .0246741    .1897167
       Rural |   1.404661   .1492098      1.111709    1.697613
--------------------------------------------------------------
(running mean on estimation sample)

Survey: Mean estimation

Number of strata =      10       Number of obs    =       6775
Number of PSUs   =     711       Population size  =  200636622
                                 Design df        =        701

      KAMPALA: strata = KAMPALA
    _subpop_2: strata = CENTRAL 1
    _subpop_3: strata = CENTRAL 2
    _subpop_4: strata = EAST CENTRAL
      EASTERN: strata = EASTERN
    _subpop_6: strata = MID-NOTHERN
    _subpop_7: strata = NORTH-EAST
    _subpop_8: strata = WEST-NILE
    _subpop_9: strata = MID-WESTERN
   _subpop_10: strata = SOUTH-WESTERN

--------------------------------------------------------------
             |             Linearized
        Over |       Mean   Std. Err.     [95% Conf. Interval]
-------------+------------------------------------------------
h_flex4      |
     KAMPALA |   1.358707   .8594353     -.3286689    3.046082
   _subpop_2 |   4.596846   1.414618       1.81945    7.374241
   _subpop_3 |   6.936931   1.852727      3.299373    10.57449
   _subpop_4 |   5.450948   1.171204       3.15146    7.750436
     EASTERN |    9.28854   2.149875      5.067575     13.5095
   _subpop_6 |    12.6968   2.422978      7.939638    17.45397
   _subpop_7 |   70.68732   6.344248      58.23131    83.14332
   _subpop_8 |   14.91821   4.568717      5.948203    23.88822
   _subpop_9 |   15.53387   2.493286      10.63867    20.42907
  _subpop_10 |   9.175563   1.278453      6.665507    11.68562
-------------+------------------------------------------------
pg_flex4     |
     KAMPALA |   .2704303    .179127     -.0812594      .62212
   _subpop_2 |   .9321519   .4031354      .1406545    1.723649
   _subpop_3 |   1.394744   .4192107      .5716851    2.217803
   _subpop_4 |   1.090548   .2363652      .6264794    1.554616
     EASTERN |   1.653279   .3359462      .9936975     2.31286
   _subpop_6 |   4.130593   .9414996      2.282096    5.979089
   _subpop_7 |   29.97927   3.635901      22.84071    37.11783
   _subpop_8 |   2.229156   .4344839       1.37611    3.082201
   _subpop_9 |    4.58369   .9072344      2.802467    6.364912
  _subpop_10 |   1.751074   .3375204      1.088402    2.413746
-------------+------------------------------------------------
spg_flex4    |
     KAMPALA |   .0547742   .0378497     -.0195381    .1290866
   _subpop_2 |   .3028643   .1738864     -.0385362    .6442649
   _subpop_3 |   .4246132   .1452956      .1393465    .7098799
   _subpop_4 |   .3223901    .086553      .1524559    .4923242
     EASTERN |   .3894979   .0792943       .233815    .5451807
   _subpop_6 |   1.867323   .5188484      .8486402    2.886006
   _subpop_7 |    16.0017   2.301106      11.48382    20.51959
   _subpop_8 |   .6711282   .1940668      .2901065     1.05215
   _subpop_9 |   1.945893    .535759      .8940089    2.997778
  _subpop_10 |   .5349915    .148268       .243889    .8260939
--------------------------------------------------------------
(running mean on estimation sample)

Survey: Mean estimation

Number of strata =      10       Number of obs    =       6775
Number of PSUs   =     711       Population size  =  200636622
                                 Design df        =        701

         Over: strata rural
    _subpop_1: KAMPALA Urban
    _subpop_2: CENTRAL 1 Urban
    _subpop_3: CENTRAL 1 Rural
    _subpop_4: CENTRAL 2 Urban
    _subpop_5: CENTRAL 2 Rural
    _subpop_6: EAST CENTRAL Urban
    _subpop_7: EAST CENTRAL Rural
    _subpop_8: EASTERN Urban
    _subpop_9: EASTERN Rural
   _subpop_10: MID-NOTHERN Urban
   _subpop_11: MID-NOTHERN Rural
   _subpop_12: NORTH-EAST Urban
   _subpop_13: NORTH-EAST Rural
   _subpop_14: WEST-NILE Urban
   _subpop_15: WEST-NILE Rural
   _subpop_16: MID-WESTERN Urban
   _subpop_17: MID-WESTERN Rural
   _subpop_18: SOUTH-WESTERN Urban
   _subpop_19: SOUTH-WESTERN Rural

--------------------------------------------------------------
             |             Linearized
        Over |       Mean   Std. Err.     [95% Conf. Interval]
-------------+------------------------------------------------
h_flex4      |
   _subpop_1 |   1.358707   .8594353     -.3286689    3.046082
   _subpop_2 |   2.160705   1.755188     -1.285349    5.606759
   _subpop_3 |   5.219631   1.655129      1.970027    8.469236
   _subpop_4 |   2.008124   1.395066      -.730883    4.747132
   _subpop_5 |     7.9545   2.158816      3.715979    12.19302
   _subpop_6 |          0  (omitted)
   _subpop_7 |   5.756075   1.232853      3.335549    8.176601
   _subpop_8 |   3.705768   2.352816     -.9136424    8.325178
   _subpop_9 |   9.730508   2.280927      5.252241    14.20877
  _subpop_10 |          0  (omitted)
  _subpop_11 |   14.08018   2.606576      8.962552    19.19781
  _subpop_12 |   6.831652   3.866863     -.7603675    14.42367
  _subpop_13 |   73.05174   6.462656      60.36326    85.74022
  _subpop_14 |   4.767413    4.38237      -3.83673    13.37156
  _subpop_15 |   16.42196   4.948369      6.706559    26.13736
  _subpop_16 |   6.107057    6.00618     -5.685199    17.89931
  _subpop_17 |   16.12309    2.58123      11.05522    21.19095
  _subpop_18 |          0  (omitted)
  _subpop_19 |   9.643141   1.323678      7.044293    12.24199
-------------+------------------------------------------------
pg_flex4     |
   _subpop_1 |   .2704303    .179127     -.0812594      .62212
   _subpop_2 |   .2009467    .207247     -.2059525    .6078459
   _subpop_3 |    1.11908   .4907317      .1556004     2.08256
   _subpop_4 |   .4324831   .3103404      -.176825    1.041791
   _subpop_5 |   1.593406   .4924891      .6264757    2.560336
   _subpop_6 |          0  (omitted)
   _subpop_7 |   1.151593   .2491708      .6623831    1.640804
   _subpop_8 |   .8330068   .5252968     -.1983367     1.86435
   _subpop_9 |   1.718217   .3554838      1.020276    2.416157
  _subpop_10 |          0  (omitted)
  _subpop_11 |   4.580642   1.022893      2.572341    6.588942
  _subpop_12 |   5.052938   2.860072     -.5623954    10.66827
  _subpop_13 |   30.90223   3.755197      23.52945    38.27501
  _subpop_14 |   .4071188   .3685752     -.3165248    1.130762
  _subpop_15 |   2.499074   .4876867      1.541572    3.456575
  _subpop_16 |   1.195355    1.17561     -1.112783    3.503493
  _subpop_17 |   4.795475   .9460473      2.938049    6.652901
  _subpop_18 |          0  (omitted)
  _subpop_19 |   1.840307   .3522235      1.148767    2.531846
-------------+------------------------------------------------
spg_flex4    |
   _subpop_1 |   .0547742   .0378497     -.0195381    .1290866
   _subpop_2 |   .0276346   .0293227     -.0299364    .0852055
   _subpop_3 |   .3732253   .2146661     -.0482402    .7946907
   _subpop_4 |   .1197003   .0880228     -.0531196    .2925202
   _subpop_5 |   .4875635   .1719253      .1500132    .8251137
   _subpop_6 |          0  (omitted)
   _subpop_7 |   .3404365   .0913297       .161124    .5197489
   _subpop_8 |   .1882479   .1185457     -.0444993    .4209952
   _subpop_9 |   .4054301   .0841694      .2401759    .5706844
  _subpop_10 |          0  (omitted)
  _subpop_11 |   2.070778   .5678655      .9558565    3.185698
  _subpop_12 |   3.737336   2.115413     -.4159681    7.890641
  _subpop_13 |   16.45582   2.384527      11.77415    21.13749
  _subpop_14 |   .0400253   .0358586     -.0303778    .1104285
  _subpop_15 |   .7646204   .2262907      .3203316    1.208909
  _subpop_16 |   .3107203   .3055878     -.2892566    .9106973
  _subpop_17 |   2.048099   .5617784      .9451289    3.151069
  _subpop_18 |          0  (omitted)
  _subpop_19 |   .5622541   .1553198      .2573064    .8672018
--------------------------------------------------------------
(running mean on estimation sample)

Survey: Mean estimation

Number of strata =      10       Number of obs    =       6775
Number of PSUs   =     711       Population size  =  200636622
                                 Design df        =        701

    _subpop_1: spdomain = Central rural
    _subpop_2: spdomain = Central urban
      Eastern: spdomain = Eastern
     Northern: spdomain = Northern
      Western: spdomain = Western

--------------------------------------------------------------
             |             Linearized
        Over |       Mean   Std. Err.     [95% Conf. Interval]
-------------+------------------------------------------------
h_flex4      |
   _subpop_1 |   6.596982   1.376322      3.894775    9.299188
   _subpop_2 |   1.705794   .6914442      .3482441    3.063343
     Eastern |   7.564058   1.320862      4.970739    10.15738
    Northern |   22.83015   2.194077       18.5224     27.1379
     Western |   12.44723    1.46256      9.575707    15.31875
-------------+------------------------------------------------
pg_flex4     |
   _subpop_1 |   1.357963    .348766      .6732119    2.042714
   _subpop_2 |   .2868983   .1285487      .0345118    .5392848
     Eastern |   1.400407   .2166442      .9750577    1.825756
    Northern |   7.671262   .8918551      5.920234    9.422289
     Western |   3.208596    .519072      2.189474    4.227718
-------------+------------------------------------------------
spg_flex4    |
   _subpop_1 |   .4308089   .1374163      .1610121    .7006058
   _subpop_2 |   .0615539   .0288287       .004953    .1181548
     Eastern |   .3593419   .0586718      .2441485    .4745354
    Northern |   3.750585   .5236783      2.722419    4.778751
     Western |   1.260971   .2998036      .6723505    1.849591
--------------------------------------------------------------
rural was float now byte
news was float now byte
spdomain was float now byte
reg_tpi was float now byte
h_flex4 was float now byte
file C:\Users\Templeton\Desktop\GAPP\GAPP-UGANDA-HARUNA/work/cons_real_it4.dta saved

    Variable |     Obs      Weight        Mean   Std. Dev.       Min        Max
-------------+-----------------------------------------------------------------
     h_flex4 |    6775   200636622    11.11909   31.43916          0        100
file C:\Users\Templeton\Desktop\GAPP\GAPP-UGANDA-HARUNA/work/foodshares_it4.dta saved
file C:\Users\TEMPLE~1\AppData\Local\Temp\ST_0j000002.tmp saved
variable one does not uniquely identify observations in the master data

     _merge |      Freq.     Percent        Cum.
------------+-----------------------------------
          3 |      6,775      100.00      100.00
------------+-----------------------------------
      Total |      6,775      100.00

   relpoor5 |      Freq.     Percent        Cum.
------------+-----------------------------------
          0 |3,387.20082       50.00       50.00
          1 |3,387.79918       50.00      100.00
------------+-----------------------------------
      Total |      6,775      100.00
file C:\Users\Templeton\Desktop\GAPP\GAPP-UGANDA-HARUNA\work\relpoor_it5.dta saved
variable hhid does not uniquely identify observations in the master data

     _merge |      Freq.     Percent        Cum.
------------+-----------------------------------
          3 |    412,045      100.00      100.00
------------+-----------------------------------
      Total |    412,045      100.00
(0 observations deleted)
variable hhid does not uniquely identify observations in the master data

     _merge |      Freq.     Percent        Cum.
------------+-----------------------------------
          3 |    412,045      100.00      100.00
------------+-----------------------------------
      Total |    412,045      100.00
(238428 observations deleted)
    0
    0
(925 missing values generated)
  925
(925 observations deleted)
(note: file C:\Users\TEMPLE~1\AppData\Local\Temp\ST_0j00000v.tmp not found)
file C:\Users\TEMPLE~1\AppData\Local\Temp\ST_0j00000v.tmp saved
(note: file C:\Users\TEMPLE~1\AppData\Local\Temp\ST_0j00000w.tmp not found)
file C:\Users\TEMPLE~1\AppData\Local\Temp\ST_0j00000w.tmp saved
variable spdomain does not uniquely identify observations in the master data

     _merge |      Freq.     Percent        Cum.
------------+-----------------------------------
          3 |    172,692      100.00      100.00
------------+-----------------------------------
      Total |    172,692      100.00
  153
(153 observations deleted)
file C:\Users\TEMPLE~1\AppData\Local\Temp\ST_0j00000v.tmp saved
44
44
file C:\Users\Templeton\Desktop\GAPP\GAPP-UGANDA-HARUNA\work\codes_food_basket_flex_it5.dta
>  saved
(4392 observations deleted)
(note: file C:\Users\TEMPLE~1\AppData\Local\Temp\ST_0j00000x.tmp not found)
file C:\Users\TEMPLE~1\AppData\Local\Temp\ST_0j00000x.tmp saved
variable hhid does not uniquely identify observations in the master data

     _merge |      Freq.     Percent        Cum.
------------+-----------------------------------
          2 |         14        0.02        0.02
          3 |     85,204       99.98      100.00
------------+-----------------------------------
      Total |     85,218      100.00
(14 observations deleted)
file C:\Users\TEMPLE~1\AppData\Local\Temp\ST_0j00000x.tmp saved
variable product does not uniquely identify observations in the master data

     _merge |      Freq.     Percent        Cum.
------------+-----------------------------------
          1 |     10,946       12.85       12.85
          3 |     74,258       87.15      100.00
------------+-----------------------------------
      Total |     85,204      100.00
(10946 observations deleted)
(0 observations deleted)
(note: file C:\Users\TEMPLE~1\AppData\Local\Temp\ST_0j000011.tmp not found)
file C:\Users\TEMPLE~1\AppData\Local\Temp\ST_0j000011.tmp saved
product was float now int
unit was float now byte
food_cat was float now byte
rmult was float now int
poor09 was float now byte
survquar was float now byte
survmon was float now byte
rural was float now byte
news was float now byte
bswt was float now byte
spdomain was float now byte
reg_tpi was float now byte
count was float now byte
descript was float now byte
hhsize was double now byte
numreg was double now byte
variable hhid does not uniquely identify observations in the master data
survquar was byte now float
spdomain was byte now float
reg_tpi was byte now float
(label lsurvquar already defined)
(label spdomain_original already defined)
(label REG_TPI already defined)

     _merge |      Freq.     Percent        Cum.
------------+-----------------------------------
          2 |         31        0.04        0.04
          3 |     74,258       99.96      100.00
------------+-----------------------------------
      Total |     74,289      100.00
variable hhid does not uniquely identify observations in the master data

     _merge |      Freq.     Percent        Cum.
------------+-----------------------------------
          3 |     74,289      100.00      100.00
------------+-----------------------------------
      Total |     74,289      100.00
(45911 observations deleted)
(11 observations deleted)
(2125 observations deleted)

    Variable |       Obs        Mean    Std. Dev.       Min        Max
-------------+--------------------------------------------------------
    ratiotw5 |       213    1.265089    .4929497    .938451    5.06082
    ratiomw5 |       213    1.085062    .3655071          0   3.711278
variable product does not uniquely identify observations in the master data
product was int now float

     _merge |      Freq.     Percent        Cum.
------------+-----------------------------------
          3 |        213      100.00      100.00
------------+-----------------------------------
      Total |        213      100.00
    0
(0 observations deleted)
file C:\Users\Templeton\Desktop\GAPP\GAPP-UGANDA-HARUNA\work\price_unit_flex_it5.dta saved
(label spdomain_original already defined)

     _merge |      Freq.     Percent        Cum.
------------+-----------------------------------
          2 |         65       30.52       30.52
          3 |        148       69.48      100.00
------------+-----------------------------------
      Total |        213      100.00
(65 observations deleted)
variable product does not uniquely identify observations in the master data
(note: descript is str26 in using data but will be float now)

     _merge |      Freq.     Percent        Cum.
------------+-----------------------------------
          2 |         18       10.84       10.84
          3 |        148       89.16      100.00
------------+-----------------------------------
      Total |        166      100.00
(18 observations deleted)

-------------------------------------------------------------------------------------------
-> spdomain = Central rural
    1
-------------------------------------------------------------------------------------------
-> spdomain = Central urban
    3
-------------------------------------------------------------------------------------------
-> spdomain = Eastern
    0
-------------------------------------------------------------------------------------------
-> spdomain = Northern
    0
-------------------------------------------------------------------------------------------
-> spdomain = Western
    0

    Variable |       Obs        Mean    Std. Dev.       Min        Max
-------------+--------------------------------------------------------
        bswt |       148    165.4324    162.9127          3       1039
(4 observations deleted)
(11 observations deleted)

Summary for variables: baskshr
     by categories of: spdomain 

     spdomain |         N      mean        sd       min       max
--------------+--------------------------------------------------
Central rural |        27  .9027917         0  .9027917  .9027917
Central urban |        23  .8832131         0  .8832131  .8832131
      Eastern |        27  .9070574         0  .9070574  .9070574
     Northern |        27   .909593         0   .909593   .909593
      Western |        29  .9070321         0  .9070321  .9070321
--------------+--------------------------------------------------
        Total |       133  .9025772  .0091585  .8832131   .909593
-----------------------------------------------------------------
variable spdomain does not uniquely identify observations in the master data

     _merge |      Freq.     Percent        Cum.
------------+-----------------------------------
          3 |        133      100.00      100.00
------------+-----------------------------------
      Total |        133      100.00
(133 real changes made)
(127 real changes made)
(133 real changes made)

Summary for variables: chkcal
     by categories of: spdomain 

     spdomain |         N      mean        sd       min       max
--------------+--------------------------------------------------
Central rural |        27 -.0000771         0 -.0000771 -.0000771
Central urban |        23 -.0000128         0 -.0000128 -.0000128
      Eastern |        27 -.0000899         0 -.0000899 -.0000899
     Northern |        27  .0001413         0  .0001413  .0001413
      Western |        29  .0001285         0  .0001285  .0001285
--------------+--------------------------------------------------
        Total |       133  .0000206  .0001009 -.0000899  .0001413
-----------------------------------------------------------------
(133 real changes made)
file C:\Users\Templeton\Desktop\GAPP\GAPP-UGANDA-HARUNA\work\quan_flex_it5.dta saved
file C:\Users\Templeton\Desktop\GAPP\GAPP-UGANDA-HARUNA\work\povline_food_flex_it5.dta save
> d
variable spdomain does not uniquely identify observations in the master data
(label spdomain_original already defined)

     _merge |      Freq.     Percent        Cum.
------------+-----------------------------------
          3 |      6,775      100.00      100.00
------------+-----------------------------------
      Total |      6,775      100.00
(349 real changes made)
(note: file C:\Users\TEMPLE~1\AppData\Local\Temp\ST_0j000013.tmp not found)
file C:\Users\TEMPLE~1\AppData\Local\Temp\ST_0j000013.tmp saved
variable spdomain does not uniquely identify observations in the master data
(label spdomain_original already defined)

     _merge |      Freq.     Percent        Cum.
------------+-----------------------------------
          3 |      6,775      100.00      100.00
------------+-----------------------------------
      Total |      6,775      100.00
file C:\Users\Templeton\Desktop\GAPP\GAPP-UGANDA-HARUNA\work\povlines_it5.dta saved
variable spdomain does not uniquely identify observations in the master data
variable spdomain does not uniquely identify observations in
    C:\Users\Templeton\Desktop\GAPP\GAPP-UGANDA-HARUNA\work\povlines_it5.dta
(label spdomain_original already defined)

     _merge |      Freq.     Percent        Cum.
------------+-----------------------------------
          3 |      6,775      100.00      100.00
------------+-----------------------------------
      Total |      6,775      100.00
(6775 real changes made)
(6775 real changes made)

    Variable |     Obs      Weight        Mean   Std. Dev.       Min        Max
-------------+-----------------------------------------------------------------
          cr |    6775   200636622    9416.597   395671.8   82.64046   8.12e+07
      cr_it5 |    6775   200636622    9416.597   357959.2   77.03606   7.34e+07
     linpob5 |    6775   200636622    978.2903   128.5878   813.7241   1182.364
    linpobr5 |    6775   200636622    1068.843          0   1068.843   1068.843
(5884 missing values generated)
(5884 real changes made)
(5884 real changes made)
(5884 real changes made)

      pweight: popwt
          VCE: linearized
  Single unit: missing
     Strata 1: strata
         SU 1: psu
        FPC 1: <zero>
(running mean on estimation sample)

Survey: Mean estimation

Number of strata =      10       Number of obs    =       6775
Number of PSUs   =     711       Population size  =  200636622
                                 Design df        =        701

--------------------------------------------------------------
             |             Linearized
             |       Mean   Std. Err.     [95% Conf. Interval]
-------------+------------------------------------------------
     h_flex5 |   12.04174   .8213922      10.42906    13.65443
    pg_flex5 |   3.130397   .2453841      2.648622    3.612173
   spg_flex5 |   1.288869   .1317601      1.030177     1.54756
--------------------------------------------------------------
(running mean on estimation sample)

Survey: Mean estimation

Number of strata =      10       Number of obs    =       6775
Number of PSUs   =     711       Population size  =  200636622
                                 Design df        =        701

        Urban: rural = Urban
        Rural: rural = Rural

--------------------------------------------------------------
             |             Linearized
        Over |       Mean   Std. Err.     [95% Conf. Interval]
-------------+------------------------------------------------
h_flex5      |
       Urban |   2.514697   .7369867      1.067731    3.961662
       Rural |   13.49695    .910283      11.70974    15.28416
-------------+------------------------------------------------
pg_flex5     |
       Urban |   .4225311   .1291678       .168929    .6761332
       Rural |    3.54401   .2771584      2.999849     4.08817
-------------+------------------------------------------------
spg_flex5    |
       Urban |   .1203835   .0443277      .0333524    .2074145
       Rural |   1.467348   .1505683       1.17173    1.762967
--------------------------------------------------------------
(running mean on estimation sample)

Survey: Mean estimation

Number of strata =      10       Number of obs    =       6775
Number of PSUs   =     711       Population size  =  200636622
                                 Design df        =        701

      KAMPALA: strata = KAMPALA
    _subpop_2: strata = CENTRAL 1
    _subpop_3: strata = CENTRAL 2
    _subpop_4: strata = EAST CENTRAL
      EASTERN: strata = EASTERN
    _subpop_6: strata = MID-NOTHERN
    _subpop_7: strata = NORTH-EAST
    _subpop_8: strata = WEST-NILE
    _subpop_9: strata = MID-WESTERN
   _subpop_10: strata = SOUTH-WESTERN

--------------------------------------------------------------
             |             Linearized
        Over |       Mean   Std. Err.     [95% Conf. Interval]
-------------+------------------------------------------------
h_flex5      |
     KAMPALA |   1.536145   .8756774     -.1831199    3.255409
   _subpop_2 |   4.596846   1.414618       1.81945    7.374241
   _subpop_3 |   7.398621    1.86434      3.738261    11.05898
   _subpop_4 |   8.127774   1.612551      4.961766    11.29378
     EASTERN |   11.80657   2.253825      7.381518    16.23163
   _subpop_6 |   13.57109   2.453822      8.753372    18.38882
   _subpop_7 |   70.87902   6.355412       58.4011    83.35694
   _subpop_8 |   15.24684   4.522476      6.367618    24.12606
   _subpop_9 |     15.421   2.497656      10.51722    20.32478
  _subpop_10 |   8.512285   1.293816      5.972066     11.0525
-------------+------------------------------------------------
pg_flex5     |
     KAMPALA |   .2925525   .1914458     -.0833233    .6684284
   _subpop_2 |   .9680601   .4098586      .1633626    1.772758
   _subpop_3 |   1.449681   .4288909      .6076167    2.291746
   _subpop_4 |   1.403493    .283686      .8465169    1.960469
     EASTERN |   2.179867   .4358689      1.324102    3.035632
   _subpop_6 |   4.231352   .9562465      2.353902    6.108803
   _subpop_7 |   30.43896   3.662322      23.24852    37.62939
   _subpop_8 |   2.375038   .4478871      1.495677    3.254399
   _subpop_9 |    4.43059   .8898235      2.683551    6.177628
  _subpop_10 |   1.652293   .3290748      1.006203    2.298384
-------------+------------------------------------------------
spg_flex5    |
     KAMPALA |   .0629525   .0431566     -.0217791    .1476841
   _subpop_2 |   .3148945   .1777363     -.0340647    .6638536
   _subpop_3 |   .4430777   .1498745      .1488211    .7373343
   _subpop_4 |   .4290397   .1033595      .2261084    .6319709
     EASTERN |   .5661025   .1102925      .3495594    .7826457
   _subpop_6 |   1.919205   .5279879      .8825783    2.955833
   _subpop_7 |   16.32038   2.330739      11.74431    20.89644
   _subpop_8 |    .707712   .1981374      .3186981    1.096726
   _subpop_9 |   1.873539   .5270293      .8387938    2.908284
  _subpop_10 |   .5020563   .1436902      .2199416    .7841711
--------------------------------------------------------------
(running mean on estimation sample)

Survey: Mean estimation

Number of strata =      10       Number of obs    =       6775
Number of PSUs   =     711       Population size  =  200636622
                                 Design df        =        701

         Over: strata rural
    _subpop_1: KAMPALA Urban
    _subpop_2: CENTRAL 1 Urban
    _subpop_3: CENTRAL 1 Rural
    _subpop_4: CENTRAL 2 Urban
    _subpop_5: CENTRAL 2 Rural
    _subpop_6: EAST CENTRAL Urban
    _subpop_7: EAST CENTRAL Rural
    _subpop_8: EASTERN Urban
    _subpop_9: EASTERN Rural
   _subpop_10: MID-NOTHERN Urban
   _subpop_11: MID-NOTHERN Rural
   _subpop_12: NORTH-EAST Urban
   _subpop_13: NORTH-EAST Rural
   _subpop_14: WEST-NILE Urban
   _subpop_15: WEST-NILE Rural
   _subpop_16: MID-WESTERN Urban
   _subpop_17: MID-WESTERN Rural
   _subpop_18: SOUTH-WESTERN Urban
   _subpop_19: SOUTH-WESTERN Rural

--------------------------------------------------------------
             |             Linearized
        Over |       Mean   Std. Err.     [95% Conf. Interval]
-------------+------------------------------------------------
h_flex5      |
   _subpop_1 |   1.536145   .8756774     -.1831199    3.255409
   _subpop_2 |   2.160705   1.755188     -1.285349    5.606759
   _subpop_3 |   5.219631   1.655129      1.970027    8.469236
   _subpop_4 |   2.008124   1.395066      -.730883    4.747132
   _subpop_5 |   8.511507   2.164837      4.261165    12.76185
   _subpop_6 |          0  (omitted)
   _subpop_7 |   8.582742   1.691107        5.2625    11.90298
   _subpop_8 |   3.705768   2.352816     -.9136424    8.325178
   _subpop_9 |   12.44788    2.37598      7.782995    17.11278
  _subpop_10 |   5.029093   4.275589     -3.365401    13.42359
  _subpop_11 |   14.50179   2.654047      9.290955    19.71262
  _subpop_12 |   6.831652   3.866863     -.7603675    14.42367
  _subpop_13 |   73.25054   6.475744      60.53636    85.96472
  _subpop_14 |   4.767413    4.38237      -3.83673    13.37156
  _subpop_15 |   16.79927   4.885104      7.208081    26.39046
  _subpop_16 |   6.107057    6.00618     -5.685199    17.89931
  _subpop_17 |   16.00316   2.586355      10.92523    21.08109
  _subpop_18 |          0  (omitted)
  _subpop_19 |   8.946063   1.343837      6.307635    11.58449
-------------+------------------------------------------------
pg_flex5     |
   _subpop_1 |   .2925525   .1914458     -.0833233    .6684284
   _subpop_2 |   .2366553   .2325039     -.2198321    .6931428
   _subpop_3 |    1.15504   .4981149      .1770638    2.133015
   _subpop_4 |   .4611928    .328791     -.1843404    1.106726
   _subpop_5 |   1.653758   .5033658      .6654729    2.642043
   _subpop_6 |          0  (omitted)
   _subpop_7 |   1.482056   .2987973      .8954114    2.068701
   _subpop_8 |   1.005186   .6345418     -.2406437    2.251017
   _subpop_9 |   2.272862   .4607757      1.368196    3.177528
  _subpop_10 |   .0090255   .0076732     -.0060398    .0240908
  _subpop_11 |   4.691396   1.038639       2.65218    6.730612
  _subpop_12 |   5.072997   2.871426     -.5646281    10.71062
  _subpop_13 |    31.3782   3.781728      23.95333    38.80307
  _subpop_14 |   .4562932   .4138343     -.3562099    1.268796
  _subpop_15 |   2.659282   .4967745      1.683938    3.634626
  _subpop_16 |   1.126471   1.107864     -1.048657    3.301599
  _subpop_17 |   4.637111   .9282584      2.814612    6.459611
  _subpop_18 |          0  (omitted)
  _subpop_19 |   1.736493   .3435749      1.061934    2.411052
-------------+------------------------------------------------
spg_flex5    |
   _subpop_1 |   .0629525   .0431566     -.0217791    .1476841
   _subpop_2 |   .0345435   .0361906     -.0365116    .1055985
   _subpop_3 |   .3865646   .2192918     -.0439829    .8171121
   _subpop_4 |    .131518   .0963433      -.057638    .3206739
   _subpop_5 |   .5074002   .1772148      .1594648    .8553356
   _subpop_6 |          0  (omitted)
   _subpop_7 |    .453056     .10902      .2390112    .6671009
   _subpop_8 |    .273539   .1722446      -.064638    .6117161
   _subpop_9 |   .5892637   .1167301      .3600813    .8184461
  _subpop_10 |   .0000162   .0000138     -.0000108    .0000432
  _subpop_11 |   2.128311   .5776978      .9940856    3.262536
  _subpop_12 |   3.767069   2.132242     -.4192773    7.953415
  _subpop_13 |    16.7852   2.415009      12.04368    21.52671
  _subpop_14 |   .0488132   .0438306     -.0372417    .1348682
  _subpop_15 |   .8053218   .2307481      .3522816    1.258362
  _subpop_16 |   .2866992   .2819635     -.2668949    .8402934
  _subpop_17 |   1.972723   .5527828      .8874147    3.058031
  _subpop_18 |          0  (omitted)
  _subpop_19 |   .5276407   .1505569      .2320441    .8232372
--------------------------------------------------------------
(running mean on estimation sample)

Survey: Mean estimation

Number of strata =      10       Number of obs    =       6775
Number of PSUs   =     711       Population size  =  200636622
                                 Design df        =        701

    _subpop_1: spdomain = Central rural
    _subpop_2: spdomain = Central urban
      Eastern: spdomain = Eastern
     Northern: spdomain = Northern
      Western: spdomain = Western

--------------------------------------------------------------
             |             Linearized
        Over |       Mean   Std. Err.     [95% Conf. Interval]
-------------+------------------------------------------------
h_flex5      |
   _subpop_1 |   6.877505   1.381672      4.164794    9.590216
   _subpop_2 |   1.799244   .7005769      .4237641    3.174725
     Eastern |   10.15345   1.452561      7.301557    13.00534
    Northern |   23.40979   2.180005      19.12967    27.68991
     Western |   12.06716   1.473889      9.173396    14.96093
-------------+------------------------------------------------
pg_flex5     |
   _subpop_1 |   1.406207   .3553552      .7085191    2.103895
   _subpop_2 |   .3139595   .1380611      .0428968    .5850222
     Eastern |   1.830991   .2765018       1.28812    2.373862
    Northern |   7.845333   .8977457       6.08274    9.607925
     Western |   3.081866   .5089235      2.082669    4.081063
-------------+------------------------------------------------
spg_flex5    |
   _subpop_1 |   .4474206   .1408939       .170796    .7240451
   _subpop_2 |   .0701778    .032498      .0063727    .1339829
     Eastern |   .5045112   .0770385      .3532574     .655765
    Northern |   3.840472   .5316783      2.796599    4.884345
     Western |   1.207752   .2945701      .6294072    1.786098
--------------------------------------------------------------
rural was float now byte
news was float now byte
spdomain was float now byte
reg_tpi was float now byte
h_flex5 was float now byte
file C:\Users\Templeton\Desktop\GAPP\GAPP-UGANDA-HARUNA/work/cons_real_it5.dta saved

    Variable |     Obs      Weight        Mean   Std. Dev.       Min        Max
-------------+-----------------------------------------------------------------
     h_flex5 |    6775   200636622    12.04174   32.54731          0        100
file C:\Users\Templeton\Desktop\GAPP\GAPP-UGANDA-HARUNA/work/foodshares_it5.dta saved

. **************************************************************************
> * Send results to one big csv-file
> **************************************************************************;
. use "$path/work/cons_real_it`lastpass'.dta", clear ;

.         gen dum=1;

.         collapse (mean) dum h_flex`lastpass' pg_flex`lastpass' spg_flex`lastpass' [aw=pop
> wt];

. gen geo="National";

. gen geono=dum;

. tempfile nat;

. save `nat';
file C:\Users\TEMPLE~1\AppData\Local\Temp\ST_0j000014.tmp saved

.         use "$path/work/cons_real_it`lastpass'.dta", clear ;

.         collapse (mean) h_flex`lastpass' pg_flex`lastpass' spg_flex`lastpass' [aw=popwt],
>  by(rural);

. gen geo="Rural/Urban";

. gen geono=rural;

. tempfile rur;

. save `rur';
file C:\Users\TEMPLE~1\AppData\Local\Temp\ST_0j000015.tmp saved

. use "$path/work/cons_real_it`lastpass'.dta", clear ;

.         collapse (mean) h_flex`lastpass' pg_flex`lastpass' spg_flex`lastpass' [aw=popwt],
>  by(news);

. gen geo="North/Center/South";

. gen geono=news;

. tempfile new;

. save `new';
file C:\Users\TEMPLE~1\AppData\Local\Temp\ST_0j000016.tmp saved

. use "$path/work/cons_real_it`lastpass'.dta", clear ;

.         collapse (mean) h_flex`lastpass' pg_flex`lastpass' spg_flex`lastpass' [aw=popwt],
>  by(reg_tpi);

. gen geo="TPI - 6 regions";

. gen geono=reg_tpi;

. tempfile rtp;

. save `rtp';
file C:\Users\TEMPLE~1\AppData\Local\Temp\ST_0j000017.tmp saved

. use "$path/work/cons_real_it`lastpass'.dta", clear ;

.         collapse (mean) h_flex`lastpass' pg_flex`lastpass' spg_flex`lastpass' [aw=popwt],
>  by(strata);

. gen geo="Provinces";

. gen geono=strata;

. tempfile str;

. save `str';
file C:\Users\TEMPLE~1\AppData\Local\Temp\ST_0j000018.tmp saved

. use "$path/work/cons_real_it`lastpass'.dta", clear ;

.         collapse (mean) h_flex`lastpass' pg_flex`lastpass' spg_flex`lastpass' [aw=popwt],
>  by(spdomain);

. gen geo="Spatial domains";

. gen geono=spdomain;

. tempfile r13;

. save `r13';
file C:\Users\TEMPLE~1\AppData\Local\Temp\ST_0j000019.tmp saved

. clear;

. set obs 1;
obs was 0, now 1

. gen geo=" ";

. tempfile one;

. save `one';
file C:\Users\TEMPLE~1\AppData\Local\Temp\ST_0j00001a.tmp saved

. use          `nat';

. append using `one';

. append using `rur';
geo was str8 now str11

. append using `one';

. append using `new';
geo was str11 now str18

. append using `one';

. append using `rtp';

. append using `one';

. append using `str';

. append using `one';

. append using `r13';

. outsheet geo geono h_flex`lastpass' pg_flex`lastpass' spg_flex`lastpass' dum rural news r
> eg_tpi strata spdomain using "$path\work\poverty_flexBask.csv", replace c;

. **************************************************************************
> * Convergence graph (based on 5 iterations)
> **************************************************************************;
. #delimit cr
delimiter now cr
. 
. clear

. set obs 1
obs was 0, now 1

. gen iteration=.
(1 missing value generated)

. tempfile converg

. save `converg'
file C:\Users\TEMPLE~1\AppData\Local\Temp\ST_0j00001b.tmp saved

. 
. forvalues X = 1/5 {
  2.         use "$path/work/cons_real_it`X'.dta", clear
  3.         collapse (mean) h_flex`X' pg_flex`X' spg_flex`X' [aw=popwt], by(strata)
  4.         rename h_flex`X' h_flex
  5.         rename pg_flex`X' pg_flex
  6.         rename spg_flex`X' spg_flex
  7.         gen iteration=`X'
  8.         order iteration
  9.         *sum
.         if `X' != 1     {
 10.                 append using `converg'
 11.                         }
 12.         save `converg', replace
 13.         }
file C:\Users\TEMPLE~1\AppData\Local\Temp\ST_0j00001b.tmp saved
(label STRA already defined)
file C:\Users\TEMPLE~1\AppData\Local\Temp\ST_0j00001b.tmp saved
(label STRA already defined)
file C:\Users\TEMPLE~1\AppData\Local\Temp\ST_0j00001b.tmp saved
(label STRA already defined)
file C:\Users\TEMPLE~1\AppData\Local\Temp\ST_0j00001b.tmp saved
(label STRA already defined)
file C:\Users\TEMPLE~1\AppData\Local\Temp\ST_0j00001b.tmp saved

. 
. use `converg', clear

. sum

    Variable |       Obs        Mean    Std. Dev.       Min        Max
-------------+--------------------------------------------------------
   iteration |        50           3    1.428571          1          5
      strata |        50         5.5    2.901442          1         10
      h_flex |        50    15.47076    19.09625   1.358707   70.87902
     pg_flex |        50    4.875141    8.607972   .2704303   30.44189
    spg_flex |        50    2.280654    4.702109   .0547742   16.32243

. 
. twoway (connected h_flex iteration), by(, title(Convergence graph: Poverty rate. %) subti
> tle(After iterative procedure)) by(strata)

. graph export "$path/work/converge_pov_rate.tif", replace
(file C:\Users\Templeton\Desktop\GAPP\GAPP-UGANDA-HARUNA/work/converge_pov_rate.tif written
>  in TIFF format)

. 
. sort strata iteration

. 
. for var h_flex pg_flex spg_flex: replace X = round(X,0.01)

->  replace h_flex = round(h_flex,0.01)
(50 real changes made)

->  replace pg_flex = round(pg_flex,0.01)
(50 real changes made)

->  replace spg_flex = round(spg_flex,0.01)
(50 real changes made)

. 
. list strata iteration h_flex pg_flex spg_flex

     +--------------------------------------------------------+
     |        strata   iterat~n   h_flex   pg_flex   spg_flex |
     |--------------------------------------------------------|
  1. |       KAMPALA          1     4.17        .6        .13 |
  2. |       KAMPALA          2     1.54        .3        .06 |
  3. |       KAMPALA          3     1.54       .29        .06 |
  4. |       KAMPALA          4     1.36       .27        .05 |
  5. |       KAMPALA          5     1.54       .29        .06 |
     |--------------------------------------------------------|
  6. |     CENTRAL 1          1     4.69      1.01        .33 |
  7. |     CENTRAL 1          2      4.6       .94         .3 |
  8. |     CENTRAL 1          3      4.6       .97        .31 |
  9. |     CENTRAL 1          4      4.6       .93         .3 |
 10. |     CENTRAL 1          5      4.6       .97        .31 |
     |--------------------------------------------------------|
 11. |     CENTRAL 2          1     7.47      1.48        .45 |
 12. |     CENTRAL 2          2     6.94       1.4        .43 |
 13. |     CENTRAL 2          3      7.4      1.45        .44 |
 14. |     CENTRAL 2          4     6.94      1.39        .42 |
 15. |     CENTRAL 2          5      7.4      1.45        .44 |
     |--------------------------------------------------------|
 16. |  EAST CENTRAL          1     8.13       1.4        .43 |
 17. |  EAST CENTRAL          2     5.45      1.09        .32 |
 18. |  EAST CENTRAL          3     8.13      1.41        .43 |
 19. |  EAST CENTRAL          4     5.45      1.09        .32 |
 20. |  EAST CENTRAL          5     8.13       1.4        .43 |
     |--------------------------------------------------------|
 21. |       EASTERN          1    11.81      2.18        .57 |
 22. |       EASTERN          2     9.29      1.65        .39 |
 23. |       EASTERN          3    11.81      2.18        .57 |
 24. |       EASTERN          4     9.29      1.65        .39 |
 25. |       EASTERN          5    11.81      2.18        .57 |
     |--------------------------------------------------------|
 26. |   MID-NOTHERN          1     12.7      4.13       1.87 |
 27. |   MID-NOTHERN          2     12.7      4.13       1.87 |
 28. |   MID-NOTHERN          3    13.57      4.23       1.92 |
 29. |   MID-NOTHERN          4     12.7      4.13       1.87 |
 30. |   MID-NOTHERN          5    13.57      4.23       1.92 |
     |--------------------------------------------------------|
 31. |    NORTH-EAST          1    70.69     29.98         16 |
 32. |    NORTH-EAST          2    70.69     29.96      15.99 |
 33. |    NORTH-EAST          3    70.88     30.44      16.32 |
 34. |    NORTH-EAST          4    70.69     29.98         16 |
 35. |    NORTH-EAST          5    70.88     30.44      16.32 |
     |--------------------------------------------------------|
 36. |     WEST-NILE          1    14.92      2.23        .67 |
 37. |     WEST-NILE          2    14.92      2.22        .67 |
 38. |     WEST-NILE          3    15.25      2.38        .71 |
 39. |     WEST-NILE          4    14.92      2.23        .67 |
 40. |     WEST-NILE          5    15.25      2.38        .71 |
     |--------------------------------------------------------|
 41. |   MID-WESTERN          1    15.53      4.49        1.9 |
 42. |   MID-WESTERN          2    15.42      4.43       1.87 |
 43. |   MID-WESTERN          3    15.42      4.39       1.85 |
 44. |   MID-WESTERN          4    15.53      4.58       1.95 |
 45. |   MID-WESTERN          5    15.42      4.43       1.87 |
     |--------------------------------------------------------|
 46. | SOUTH-WESTERN          1     8.57      1.69        .51 |
 47. | SOUTH-WESTERN          2     8.51      1.65         .5 |
 48. | SOUTH-WESTERN          3     8.51      1.63        .49 |
 49. | SOUTH-WESTERN          4     9.18      1.75        .53 |
 50. | SOUTH-WESTERN          5     8.51      1.65         .5 |
     +--------------------------------------------------------+

.         
. #delimit ;
delimiter now ;
. **************************************************************************
> * 140_iterate.do        (end)
> **************************************************************************;
. cap log close;
