-------------------------------------------------------------------------------------
      name:  <unnamed>
       log:  C:\Users\Templeton\Desktop\GAPP\GAPP-UGANDA-HARUNA/rep/210_povmeas_ent_f
> lex.log
  log type:  text
 opened on:  20 May 2013, 17:28:22

. clear

. set more off

. #delimit ;
delimiter now ;
. *********************************************************************************
> * 210_povmeas_ent_flex.do               (start)
> *
> * This file produces poverty measures taking the entropy adjusted poverty 
> * lines as a base. It produces two sets of poverty measures. In one, 
> * Maputo is treated with the logic of the fixed bundle. In the second, the revealed
>  preference logic
> * is maintained. Here, the flexible bundle is viewed as being determined by the 
> * lower constraint on the value of the food bundle dictated by P_t2*Q_t1. In this c
> ase,
> * the year t2 food shares are calculated and applied.
> *
> * Fixed poverty lines/etc. are mentioned here and there. But there are NO fixed
> * calculations for Maputo (or other provinces) anymore
> *
> *********************************************************************************;
. /*
> This file uses:
>         work\povline_food_ent.csv
>         work\conpc.dta
>         work\hhdata.dta
>         work/temp_index_reg_tpi.dta
> 
> This file creates:
>         work\povlines_ent.dta
>         work\povmeas_ent_flex.dta
>         work\povlines_ent.dta
>       work\nat_pov_ent_m.csv
>       work\rur_pov_ent_m.csv
>       work\news_pov_ent_m.csv
>       work\reg_tpi_pov_ent_m.csv
>       work\strata_pov_ent_m.csv
>       work\spdomain_pov_ent_m.csv
>       work\spdomain_pov_ent_m.csv
>         work\povlines_ent.csv
> */
> 
> 
> 
> **************************************************************************;
. * Bring in data file with nominal consumption per capita, and deflate it
> * by temporal price index.
> **************************************************************************;
. use "$path/work/hhdata.dta", clear;

.         sort reg_tpi survquar;

.         merge reg_tpi survquar using "$path/work/temp_index_reg_tpi.dta";
variables reg_tpi survquar do not uniquely identify observations in the master data
(label lsurvquar already defined)
(label REG_TPI already defined)

.         tab _merge;

     _merge |      Freq.     Percent        Cum.
------------+-----------------------------------
          3 |      6,775      100.00      100.00
------------+-----------------------------------
      Total |      6,775      100.00

.         drop _merge;

.         sort hhid;

.         merge hhid using "$path/work/conpc.dta";

.         tab _merge;

     _merge |      Freq.     Percent        Cum.
------------+-----------------------------------
          3 |      6,775      100.00      100.00
------------+-----------------------------------
      Total |      6,775      100.00

.         drop _merge;

.         gen food_pc_tpi  = food_pc_nom /tpi_trim;

.         lab var food_pc_tpi "Temp-adjusted per capita food consumption/day";

.         gen cons_pc_tpi = food_pc_tpi + nf_pc_nom;

.         lab var cons_pc_tpi "Temp adjusted total consumption/day";

.         gen one=1;

.         tempfile contpi;

. save `contpi', replace;
(note: file C:\Users\TEMPLE~1\AppData\Local\Temp\ST_0j000001.tmp not found)
file C:\Users\TEMPLE~1\AppData\Local\Temp\ST_0j000001.tmp saved

. **************************************************************************;
. * Calculate the food shares for people near the food poverty line
> **************************************************************************;
. *Bring in entropy estimated flexible lines;
. clear;

. insheet using "$path\work\povline_food_ent.csv";
(3 vars, 5 obs)

.         rename ent food_povline_ent;

.      keep spdomain food_povline_ent;

.      sort spdomain;

. *Bring in fixed bundle poverty lines for Maputo ;
. *This is the same level for both entropy and fixed bundle analysis;
. *since the Q02*P02<=Q96*P02 constraint is binding;
. *$no_temp_rev   merge spdomain using "$path\work\povline_food_fix.dta";
. *$no_temp_rev    replace food_povline_ent=food_povline_w if spdomain>10;
.       keep spdomain food_povline_ent;

.       sort spdomain;

.       tempfile food_povline_ent;

. save `food_povline_ent';
file C:\Users\TEMPLE~1\AppData\Local\Temp\ST_0j000002.tmp saved

. clear;

. use `contpi';

.         sort spdomain;

.         merge spdomain using `food_povline_ent';
variable spdomain does not uniquely identify observations in the master data

.         tab _merge;

     _merge |      Freq.     Percent        Cum.
------------+-----------------------------------
          3 |      6,775      100.00      100.00
------------+-----------------------------------
      Total |      6,775      100.00

.         drop _merge;

. gen     triwt = 0 ;

. replace triwt = 11 - round(50*abs(cons_pc_tpi/food_povline_ent-1)+0.5)
>                 if abs(cons_pc_tpi/food_povline_ent-1)<=0.2;
(309 real changes made)

.         gen tripopwt=triwt*hhweight*hhsize;

.         collapse (mean) nf_pc_nom food_povline_ent [aw=tripopwt] ,
>         by(spdomain);

.         rename nf_pc_nom povline_nf;

.         lab var povline_nf "Nonfood poverty line";

.         sort spdomain;

. *       merge spdomain using "$foodshr_pastSurvey", keep(spdomain $fdshr_t1);
. *       tab _m;
. *       drop _m;
. *       gen fdshr_t1 = $fdshr_t1;
. *       drop $fdshr_t1;
. *       lab var fdshr_t1 "year t1 (e.g. 1996) poverty line food share";
.      *calculate line for all provinces with flexible food shares;
.                         gen povline_ent_m=food_povline_ent + povline_nf;

.         gen fdshr=food_povline_ent/povline_ent;

.         lab var fdshr "year t2 (e.g. 2002) poverty line food share";

.       *redo for maputo inserting the fixed food share;
.  *     gen povline_ent=povline_ent_m;
. *MAH;
. *$no_temp_rev   replace povline_ent=food_povline_ent/fdshr_t1 if spdomain >=11;
. *       lab var povline_ent   "poverty lines with Maputo regions calculated using f
> ixed bundle non-food shares";
.     lab var povline_ent   "poverty lines with all regions calculated using flexible
>  bundle non-food shares";

. *    lab var povline_ent_m "poverty lines with Maputo regions calculated using flex
> ible bundle non-food shares";
.         sort spdomain;

. tempfile povlines_ent;

. save `povlines_ent', replace;
(note: file C:\Users\TEMPLE~1\AppData\Local\Temp\ST_0j000003.tmp not found)
file C:\Users\TEMPLE~1\AppData\Local\Temp\ST_0j000003.tmp saved

. clear;

. **************************************************************************;
. * Calculate poverty measures with all regions using flexible year t2 food shares
> **************************************************************************;
. use `contpi';

.         sort spdomain;

.         merge spdomain using `povlines_ent';
variable spdomain does not uniquely identify observations in the master data
(label spdomain_original already defined)

.         tab _merge;

     _merge |      Freq.     Percent        Cum.
------------+-----------------------------------
          3 |      6,775      100.00      100.00
------------+-----------------------------------
      Total |      6,775      100.00

.         drop _merge;

. **************************************************************************;
. * Create spatial price index, based on the total poverty line, with
> * adjustment so that mean (and total) nominal consumption equals
> * mean (and total) spatially deflated consumption.
> *
> * Choose arbitrary strata to be the base at first. The middle of the 13
> * codes is code 7 -- that's arbirtary enough.
> **************************************************************************;
.         gen cr= cons_pc_tpi ;

.         gen linpob=povline_ent;

. *MAH;
.  *Now only 6 regions, so base is chosen as the 1;
.         *qui sum linpob if spdomain==7, meanonly;
.         qui sum linpob if spdomain==1, meanonly;

.         global spi_base=r(mean);

.         gen spi=linpob/$spi_base;

.         gen cr2=cr/spi;

.         qui sum cr [aw=hhweight*hhsize];

.         global sumcr=r(sum);

.         qui sum cr2 [aw=hhweight*hhsize];

.         global sumcr2=r(sum);

.         replace spi=spi*$sumcr2/$sumcr;
(6775 real changes made)

.         gen linpobr=linpob/spi;

.         replace cr2=cr/spi;
(6775 real changes made)

.         sum cr cr2 linpob linpobr [aw=hhweight*hhsize];

    Variable |     Obs      Weight        Mean   Std. Dev.       Min        Max
-------------+-----------------------------------------------------------------
          cr |    6775   200636622    9398.417   395673.3   77.25769   8.12e+07
         cr2 |    6775   200636622    9398.417   338351.3   91.09271   6.93e+07
      linpob |    6775   200636622    919.6902   90.69877    873.335   1216.024
     linpobr |    6775   200636622    1037.735    .000033   1037.735   1037.735

.         lab var cr      "Temporally-adjusted cons pc";

.         lab var cr2     "Spatially & temporally adjusted cons pc";

.         lab var linpob  "Poverty line";

.         lab var linpobr "Real poverty line";

.         lab var spi     "Spatial price index";

.         *calculate poverty measures;
.         gen h = 100     if cr2 <=(linpobr);
(5898 missing values generated)

.         replace  h = 0  if cr2 > (linpobr);
(5898 real changes made)

.         gen             pg      = ((linpobr - cr2 )/linpobr) *100;

.         replace         pg      = 0             if h==0;
(5898 real changes made)

.         gen             spg     = ((( linpobr - cr2 )/ linpobr )^2)*100;

.         replace         spg     = 0             if h==0;
(5898 real changes made)

.         gen h_ent  =h;

.         gen pg_ent =pg;

.         gen spg_ent=spg;

.         lab var h_ent   "Poverty headcount entropy bundle with Maputo food share fi
> xed";

.         lab var pg_ent  "Poverty gap entropy bundle with Maputo food share fixed";

.         lab var spg_ent "Squared poverty gap entropy bundle with Maputo food share 
> fixed";

.         sort hhid;

.         merge hhid using "$path\work\hhdata.dta";
(label lrural already defined)
(label lsurvmon already defined)
(label lsurvquar already defined)
(label STRA already defined)
(label lbreg already defined)
(label lbur already defined)
(label lbpoor already defined)
(label Q1B8 already defined)
(label spdomain_original already defined)
(label REG_TPI already defined)

.         tab _merge;

     _merge |      Freq.     Percent        Cum.
------------+-----------------------------------
          3 |      6,775      100.00      100.00
------------+-----------------------------------
      Total |      6,775      100.00

.         drop if _merge~=3;
(0 observations deleted)

.         drop _merge;

.         gen popwt=hhsize*hhweight;

.         lab var popwt "Population weights = hhsize X hhweight";

.                 * Stata 10.1 syntax ;
.         svyset , clear;

.         svyset [pweight=popwt] , str(strata) psu(psu);

      pweight: popwt
          VCE: linearized
  Single unit: missing
     Strata 1: strata
         SU 1: psu
        FPC 1: <zero>

. *MAH: Below at various places the original reg13 has been changed into spdomain or 
> spdomain ;
.                 svy: mean h_ent pg_ent spg_ent;
(running mean on estimation sample)

Survey: Mean estimation

Number of strata =      10       Number of obs    =       6775
Number of PSUs   =     711       Population size  =  200636622
                                 Design df        =        701

--------------------------------------------------------------
             |             Linearized
             |       Mean   Std. Err.     [95% Conf. Interval]
-------------+------------------------------------------------
       h_ent |   11.01053   .8014178      9.437066      12.584
      pg_ent |   2.928787   .2421104      2.453438    3.404135
     spg_ent |   1.251397   .1334246      .9894372    1.513357
--------------------------------------------------------------

.         svy: mean h_ent pg_ent spg_ent , over(rural);
(running mean on estimation sample)

Survey: Mean estimation

Number of strata =      10       Number of obs    =       6775
Number of PSUs   =     711       Population size  =  200636622
                                 Design df        =        701

        Urban: rural = Urban
        Rural: rural = Rural

--------------------------------------------------------------
             |             Linearized
        Over |       Mean   Std. Err.     [95% Conf. Interval]
-------------+------------------------------------------------
h_ent        |
       Urban |   2.409327   .6781872      1.077805    3.740848
       Rural |   12.32432    .893248      10.57056    14.07808
-------------+------------------------------------------------
pg_ent       |
       Urban |   .4268661   .1232403      .1849018    .6688304
       Rural |   3.310942   .2740597      2.772866    3.849018
-------------+------------------------------------------------
spg_ent      |
       Urban |   .1153442   .0428775      .0311606    .1995279
       Rural |   1.424923   .1527348       1.12505    1.724795
--------------------------------------------------------------

.         svy: mean h_ent pg_ent spg_ent , over(strata);
(running mean on estimation sample)

Survey: Mean estimation

Number of strata =      10       Number of obs    =       6775
Number of PSUs   =     711       Population size  =  200636622
                                 Design df        =        701

      KAMPALA: strata = KAMPALA
    _subpop_2: strata = CENTRAL 1
    _subpop_3: strata = CENTRAL 2
    _subpop_4: strata = EAST CENTRAL
      EASTERN: strata = EASTERN
    _subpop_6: strata = MID-NOTHERN
    _subpop_7: strata = NORTH-EAST
    _subpop_8: strata = WEST-NILE
    _subpop_9: strata = MID-WESTERN
   _subpop_10: strata = SOUTH-WESTERN

--------------------------------------------------------------
             |             Linearized
        Over |       Mean   Std. Err.     [95% Conf. Interval]
-------------+------------------------------------------------
h_ent        |
     KAMPALA |   1.536145   .8756774     -.1831199    3.255409
   _subpop_2 |   4.662128   1.413863      1.886215     7.43804
   _subpop_3 |   6.864175   1.841709      3.248248     10.4801
   _subpop_4 |   6.630724   1.413872      3.854793    9.406654
     EASTERN |   10.39386   2.211733       6.05145    14.73628
   _subpop_6 |   16.05722    2.73805      10.68146    21.43298
   _subpop_7 |   73.44685   6.393332      60.89448    85.99922
   _subpop_8 |   17.48031   4.306945      9.024254    25.93637
   _subpop_9 |   11.40555   2.080287      7.321212    15.48989
  _subpop_10 |   3.988778   .9785319      2.067574    5.909982
-------------+------------------------------------------------
pg_ent       |
     KAMPALA |   .3033664   .1915388      -.072692    .6794249
   _subpop_2 |   .8373913   .3827317      .0859535    1.588829
   _subpop_3 |   1.156283    .361987      .4455741    1.866991
   _subpop_4 |   1.261889   .2647693      .7420531    1.781725
     EASTERN |   1.933406   .3900033      1.167691     2.69912
   _subpop_6 |   4.847612   1.044499       2.79689    6.898334
   _subpop_7 |   33.23117   3.801253      25.76796    40.69437
   _subpop_8 |   3.378632   .6333498      2.135142    4.622122
   _subpop_9 |   2.717271   .6920574      1.358518    4.076025
  _subpop_10 |   .6958796   .2382293      .2281512    1.163608
-------------+------------------------------------------------
spg_ent      |
     KAMPALA |   .0654872   .0428166     -.0185769    .1495512
   _subpop_2 |    .268479   .1655906     -.0566339    .5935919
   _subpop_3 |    .341769   .1192628       .107614     .575924
   _subpop_4 |   .3839844   .0964787      .1945625    .5734064
     EASTERN |   .4843452   .0950672      .2976948    .6709957
   _subpop_6 |   2.219071   .5846773      1.071142    3.366999
   _subpop_7 |   18.33729   2.500307       13.4283    23.24627
   _subpop_8 |   1.005053   .2231112      .5670063    1.443099
   _subpop_9 |   1.164874   .4379376      .3050471      2.0247
  _subpop_10 |   .2240762   .1031612      .0215344    .4266181
--------------------------------------------------------------

.         svy: mean h_ent pg_ent spg_ent , over(spdomain);
(running mean on estimation sample)

Survey: Mean estimation

Number of strata =      10       Number of obs    =       6775
Number of PSUs   =     711       Population size  =  200636622
                                 Design df        =        701

    _subpop_1: spdomain = Central rural
    _subpop_2: spdomain = Central urban
      Eastern: spdomain = Eastern
     Northern: spdomain = Northern
      Western: spdomain = Western

--------------------------------------------------------------
             |             Linearized
        Over |       Mean   Std. Err.     [95% Conf. Interval]
-------------+------------------------------------------------
h_ent        |
   _subpop_1 |    6.53716   1.370998      3.845405    9.228915
   _subpop_2 |   1.914678   .7063461      .5278702    3.301485
     Eastern |   8.702839   1.394513      5.964916    11.44076
    Northern |   25.82384   2.233016      21.43964    30.20804
     Western |   7.805078    1.21593      5.417777    10.19238
-------------+------------------------------------------------
pg_ent       |
   _subpop_1 |   1.145975   .3161506        .52526    1.766691
   _subpop_2 |   .3207217   .1379697      .0498383    .5916051
     Eastern |   1.631649   .2495819      1.141632    2.121667
    Northern |   8.944441   .9386047      7.101628    10.78725
     Western |   1.735986   .3921094      .9661368    2.505836
-------------+------------------------------------------------
spg_ent      |
   _subpop_1 |   .3575418   .1240798      .1139293    .6011543
   _subpop_2 |   .0702706   .0315469      .0083328    .1322084
     Eastern |   .4392466   .0683423      .3050665    .5734266
    Northern |   4.417319   .5775701      3.283345    5.551294
     Western |   .7081634   .2415741      .2338679    1.182459
--------------------------------------------------------------

.         svy: mean h_ent pg_ent spg_ent , over(spdomain);
(running mean on estimation sample)

Survey: Mean estimation

Number of strata =      10       Number of obs    =       6775
Number of PSUs   =     711       Population size  =  200636622
                                 Design df        =        701

    _subpop_1: spdomain = Central rural
    _subpop_2: spdomain = Central urban
      Eastern: spdomain = Eastern
     Northern: spdomain = Northern
      Western: spdomain = Western

--------------------------------------------------------------
             |             Linearized
        Over |       Mean   Std. Err.     [95% Conf. Interval]
-------------+------------------------------------------------
h_ent        |
   _subpop_1 |    6.53716   1.370998      3.845405    9.228915
   _subpop_2 |   1.914678   .7063461      .5278702    3.301485
     Eastern |   8.702839   1.394513      5.964916    11.44076
    Northern |   25.82384   2.233016      21.43964    30.20804
     Western |   7.805078    1.21593      5.417777    10.19238
-------------+------------------------------------------------
pg_ent       |
   _subpop_1 |   1.145975   .3161506        .52526    1.766691
   _subpop_2 |   .3207217   .1379697      .0498383    .5916051
     Eastern |   1.631649   .2495819      1.141632    2.121667
    Northern |   8.944441   .9386047      7.101628    10.78725
     Western |   1.735986   .3921094      .9661368    2.505836
-------------+------------------------------------------------
spg_ent      |
   _subpop_1 |   .3575418   .1240798      .1139293    .6011543
   _subpop_2 |   .0702706   .0315469      .0083328    .1322084
     Eastern |   .4392466   .0683423      .3050665    .5734266
    Northern |   4.417319   .5775701      3.283345    5.551294
     Western |   .7081634   .2415741      .2338679    1.182459
--------------------------------------------------------------

.                 compress;
rmult was float now int
poor09 was float now byte
survquar was float now byte
survmon was float now byte
rural was float now byte
news was float now byte
bswt was float now byte
spdomain was float now byte
reg_tpi was float now byte
one was float now byte
h was float now byte
h_ent was float now byte
hhsize was double now byte

.       gen dum=1;

.         sort hhid;

.         *set aside the spatial price index;
.       tempfile spi;

. *      use "$path\work\povmeas_ent.dta", clear;
.       collapse (mean) spi, by(spdomain);

.       sort spdomain;

. save `spi', replace;
(note: file C:\Users\TEMPLE~1\AppData\Local\Temp\ST_0j000004.tmp not found)
file C:\Users\TEMPLE~1\AppData\Local\Temp\ST_0j000004.tmp saved

. clear;

. **************************************************************************;
. * Calculate poverty measures with Maputo regions on flexible food shares
> **************************************************************************;
. use `contpi';

.         sort spdomain;

.         merge spdomain using `povlines_ent';
variable spdomain does not uniquely identify observations in the master data
(label spdomain_original already defined)

.         tab _merge;

     _merge |      Freq.     Percent        Cum.
------------+-----------------------------------
          3 |      6,775      100.00      100.00
------------+-----------------------------------
      Total |      6,775      100.00

.         drop _merge;

. **************************************************************************;
. * Create spatial price index, based on the total poverty line, with
> * adjustment so that mean (and total) nominal consumption equals
> * mean (and total) spatially deflated consumption.
> *
> * Choose arbitrary strata to be the base at first. The middle of the 13
> * codes is code 7 -- that's arbirtary enough.
> **************************************************************************;
.         gen cr= cons_pc_tpi ;

.         gen linpob=povline_ent_m;

.         qui sum linpob if spdomain==1, meanonly;

.         global spi_base=r(mean);

.         gen spi=linpob/$spi_base;

.         gen cr2=cr/spi;

.         qui sum cr [aw=hhweight*hhsize];

.         global sumcr=r(sum);

.         qui sum cr2 [aw=hhweight*hhsize];

.         global sumcr2=r(sum);

.         replace spi=spi*$sumcr2/$sumcr;
(6775 real changes made)

.         gen linpobr=linpob/spi;

.         replace cr2=cr/spi;
(6775 real changes made)

.         sum cr cr2 linpob linpobr [aw=hhweight*hhsize];

    Variable |     Obs      Weight        Mean   Std. Dev.       Min        Max
-------------+-----------------------------------------------------------------
          cr |    6775   200636622    9398.417   395673.3   77.25769   8.12e+07
         cr2 |    6775   200636622    9398.417   338351.3   91.09271   6.93e+07
      linpob |    6775   200636622    919.6902   90.69877    873.335   1216.024
     linpobr |    6775   200636622    1037.735    .000033   1037.735   1037.735

.         lab var cr      "Temporally-adjusted cons pc";

.         lab var cr2     "Spatially & temporally adjusted cons pc";

.         lab var linpob  "Poverty line";

.         lab var linpobr "Real poverty line";

.         lab var spi     "Spatial price index";

.         *calculate poverty measures;
.         gen h = 100     if cr2 <=(linpobr);
(5898 missing values generated)

.         replace  h = 0 if cr2 > (linpobr);
(5898 real changes made)

.         gen             pg      = ((linpobr - cr2 )/linpobr) *100;

.         replace         pg      = 0             if h==0;
(5898 real changes made)

.         gen             spg     = ((( linpobr - cr2 )/ linpobr )^2)*100;

.         replace         spg     = 0             if h==0;
(5898 real changes made)

.         gen h_ent_m  =h;

.         gen pg_ent_m =pg;

.         gen spg_ent_m=spg;

.         lab var h_ent_m   "Poverty headcount entropy bundle. Food share flexible. F
> lexible bundle";

.         lab var pg_ent_m  "Poverty gap entropy bundle. Food share flexible. Flexibl
> e bundle";

.         lab var spg_ent_m "Squared poverty gap entropy. Food share flexible. Flexib
> le bundle";

.         sort hhid;

.         merge hhid using "$path\work\hhdata.dta";
(label lrural already defined)
(label lsurvmon already defined)
(label lsurvquar already defined)
(label STRA already defined)
(label lbreg already defined)
(label lbur already defined)
(label lbpoor already defined)
(label Q1B8 already defined)
(label spdomain_original already defined)
(label REG_TPI already defined)

.         tab _merge;

     _merge |      Freq.     Percent        Cum.
------------+-----------------------------------
          3 |      6,775      100.00      100.00
------------+-----------------------------------
      Total |      6,775      100.00

.         drop if _merge~=3;
(0 observations deleted)

.         drop _merge;

.         gen popwt=hhsize*hhweight;

.         lab var popwt "Population weights = hhsize X hhweight";

.                 * Stata 10.1 syntax ;
.         svyset , clear;

.         svyset [pweight=popwt] , str(strata) psu(psu);

      pweight: popwt
          VCE: linearized
  Single unit: missing
     Strata 1: strata
         SU 1: psu
        FPC 1: <zero>

.                 svy: mean h_ent_m pg_ent_m spg_ent_m;
(running mean on estimation sample)

Survey: Mean estimation

Number of strata =      10       Number of obs    =       6775
Number of PSUs   =     711       Population size  =  200636622
                                 Design df        =        701

--------------------------------------------------------------
             |             Linearized
             |       Mean   Std. Err.     [95% Conf. Interval]
-------------+------------------------------------------------
     h_ent_m |   11.01053   .8014178      9.437066      12.584
    pg_ent_m |   2.928787   .2421104      2.453438    3.404135
   spg_ent_m |   1.251397   .1334246      .9894372    1.513357
--------------------------------------------------------------

.         svy: mean h_ent_m pg_ent_m spg_ent_m , over(rural);
(running mean on estimation sample)

Survey: Mean estimation

Number of strata =      10       Number of obs    =       6775
Number of PSUs   =     711       Population size  =  200636622
                                 Design df        =        701

        Urban: rural = Urban
        Rural: rural = Rural

--------------------------------------------------------------
             |             Linearized
        Over |       Mean   Std. Err.     [95% Conf. Interval]
-------------+------------------------------------------------
h_ent_m      |
       Urban |   2.409327   .6781872      1.077805    3.740848
       Rural |   12.32432    .893248      10.57056    14.07808
-------------+------------------------------------------------
pg_ent_m     |
       Urban |   .4268661   .1232403      .1849018    .6688304
       Rural |   3.310942   .2740597      2.772866    3.849018
-------------+------------------------------------------------
spg_ent_m    |
       Urban |   .1153442   .0428775      .0311606    .1995279
       Rural |   1.424923   .1527348       1.12505    1.724795
--------------------------------------------------------------

.         svy: mean h_ent_m pg_ent_m spg_ent_m , over(news);
(running mean on estimation sample)

Survey: Mean estimation

Number of strata =      10       Number of obs    =       6775
Number of PSUs   =     711       Population size  =  200636622
                                 Design df        =        701

            1: news = 1
            2: news = 2
            3: news = 3
            4: news = 4

--------------------------------------------------------------
             |             Linearized
        Over |       Mean   Std. Err.     [95% Conf. Interval]
-------------+------------------------------------------------
h_ent_m      |
           1 |   5.021698   .9787455      3.100075    6.943322
           2 |   8.702839   1.394513      5.964916    11.44076
           3 |   25.82384   2.233016      21.43964    30.20804
           4 |   7.805078    1.21593      5.417777    10.19238
-------------+------------------------------------------------
pg_ent_m     |
           1 |   .8754195   .2210692      .4413824    1.309457
           2 |   1.631649   .2495819      1.141632    2.121667
           3 |   8.944441   .9386047      7.101628    10.78725
           4 |   1.735986   .3921094      .9661368    2.505836
-------------+------------------------------------------------
spg_ent_m    |
           1 |   .2633611   .0851273      .0962261    .4304961
           2 |   .4392466   .0683423      .3050665    .5734266
           3 |   4.417319   .5775701      3.283345    5.551294
           4 |   .7081634   .2415741      .2338679    1.182459
--------------------------------------------------------------

.         svy: mean h_ent_m pg_ent_m spg_ent_m , over(reg_tpi);
(running mean on estimation sample)

Survey: Mean estimation

Number of strata =      10       Number of obs    =       6775
Number of PSUs   =     711       Population size  =  200636622
                                 Design df        =        701

      central: reg_tpi = central
      eastern: reg_tpi = eastern
     northern: reg_tpi = northern
      western: reg_tpi = western

--------------------------------------------------------------
             |             Linearized
        Over |       Mean   Std. Err.     [95% Conf. Interval]
-------------+------------------------------------------------
h_ent_m      |
     central |   5.021698   .9787455      3.100075    6.943322
     eastern |   8.702839   1.394513      5.964916    11.44076
    northern |   25.82384   2.233016      21.43964    30.20804
     western |   7.805078    1.21593      5.417777    10.19238
-------------+------------------------------------------------
pg_ent_m     |
     central |   .8754195   .2210692      .4413824    1.309457
     eastern |   1.631649   .2495819      1.141632    2.121667
    northern |   8.944441   .9386047      7.101628    10.78725
     western |   1.735986   .3921094      .9661368    2.505836
-------------+------------------------------------------------
spg_ent_m    |
     central |   .2633611   .0851273      .0962261    .4304961
     eastern |   .4392466   .0683423      .3050665    .5734266
    northern |   4.417319   .5775701      3.283345    5.551294
     western |   .7081634   .2415741      .2338679    1.182459
--------------------------------------------------------------

.         svy: mean h_ent_m pg_ent_m spg_ent_m , over(strata);
(running mean on estimation sample)

Survey: Mean estimation

Number of strata =      10       Number of obs    =       6775
Number of PSUs   =     711       Population size  =  200636622
                                 Design df        =        701

      KAMPALA: strata = KAMPALA
    _subpop_2: strata = CENTRAL 1
    _subpop_3: strata = CENTRAL 2
    _subpop_4: strata = EAST CENTRAL
      EASTERN: strata = EASTERN
    _subpop_6: strata = MID-NOTHERN
    _subpop_7: strata = NORTH-EAST
    _subpop_8: strata = WEST-NILE
    _subpop_9: strata = MID-WESTERN
   _subpop_10: strata = SOUTH-WESTERN

--------------------------------------------------------------
             |             Linearized
        Over |       Mean   Std. Err.     [95% Conf. Interval]
-------------+------------------------------------------------
h_ent_m      |
     KAMPALA |   1.536145   .8756774     -.1831199    3.255409
   _subpop_2 |   4.662128   1.413863      1.886215     7.43804
   _subpop_3 |   6.864175   1.841709      3.248248     10.4801
   _subpop_4 |   6.630724   1.413872      3.854793    9.406654
     EASTERN |   10.39386   2.211733       6.05145    14.73628
   _subpop_6 |   16.05722    2.73805      10.68146    21.43298
   _subpop_7 |   73.44685   6.393332      60.89448    85.99922
   _subpop_8 |   17.48031   4.306945      9.024254    25.93637
   _subpop_9 |   11.40555   2.080287      7.321212    15.48989
  _subpop_10 |   3.988778   .9785319      2.067574    5.909982
-------------+------------------------------------------------
pg_ent_m     |
     KAMPALA |   .3033664   .1915388      -.072692    .6794249
   _subpop_2 |   .8373913   .3827317      .0859535    1.588829
   _subpop_3 |   1.156283    .361987      .4455741    1.866991
   _subpop_4 |   1.261889   .2647693      .7420531    1.781725
     EASTERN |   1.933406   .3900033      1.167691     2.69912
   _subpop_6 |   4.847612   1.044499       2.79689    6.898334
   _subpop_7 |   33.23117   3.801253      25.76796    40.69437
   _subpop_8 |   3.378632   .6333498      2.135142    4.622122
   _subpop_9 |   2.717271   .6920574      1.358518    4.076025
  _subpop_10 |   .6958796   .2382293      .2281512    1.163608
-------------+------------------------------------------------
spg_ent_m    |
     KAMPALA |   .0654872   .0428166     -.0185769    .1495512
   _subpop_2 |    .268479   .1655906     -.0566339    .5935919
   _subpop_3 |    .341769   .1192628       .107614     .575924
   _subpop_4 |   .3839844   .0964787      .1945625    .5734064
     EASTERN |   .4843452   .0950672      .2976948    .6709957
   _subpop_6 |   2.219071   .5846773      1.071142    3.366999
   _subpop_7 |   18.33729   2.500307       13.4283    23.24627
   _subpop_8 |   1.005053   .2231112      .5670063    1.443099
   _subpop_9 |   1.164874   .4379376      .3050471      2.0247
  _subpop_10 |   .2240762   .1031612      .0215344    .4266181
--------------------------------------------------------------

.         svy: mean h_ent_m pg_ent_m spg_ent_m , over(spdomain);
(running mean on estimation sample)

Survey: Mean estimation

Number of strata =      10       Number of obs    =       6775
Number of PSUs   =     711       Population size  =  200636622
                                 Design df        =        701

    _subpop_1: spdomain = Central rural
    _subpop_2: spdomain = Central urban
      Eastern: spdomain = Eastern
     Northern: spdomain = Northern
      Western: spdomain = Western

--------------------------------------------------------------
             |             Linearized
        Over |       Mean   Std. Err.     [95% Conf. Interval]
-------------+------------------------------------------------
h_ent_m      |
   _subpop_1 |    6.53716   1.370998      3.845405    9.228915
   _subpop_2 |   1.914678   .7063461      .5278702    3.301485
     Eastern |   8.702839   1.394513      5.964916    11.44076
    Northern |   25.82384   2.233016      21.43964    30.20804
     Western |   7.805078    1.21593      5.417777    10.19238
-------------+------------------------------------------------
pg_ent_m     |
   _subpop_1 |   1.145975   .3161506        .52526    1.766691
   _subpop_2 |   .3207217   .1379697      .0498383    .5916051
     Eastern |   1.631649   .2495819      1.141632    2.121667
    Northern |   8.944441   .9386047      7.101628    10.78725
     Western |   1.735986   .3921094      .9661368    2.505836
-------------+------------------------------------------------
spg_ent_m    |
   _subpop_1 |   .3575418   .1240798      .1139293    .6011543
   _subpop_2 |   .0702706   .0315469      .0083328    .1322084
     Eastern |   .4392466   .0683423      .3050665    .5734266
    Northern |   4.417319   .5775701      3.283345    5.551294
     Western |   .7081634   .2415741      .2338679    1.182459
--------------------------------------------------------------

.         drop bswt one h pg spg;

.         compress;
rmult was float now int
poor09 was float now byte
survquar was float now byte
survmon was float now byte
rural was float now byte
news was float now byte
spdomain was float now byte
reg_tpi was float now byte
h_ent_m was float now byte
hhsize was double now byte

. label data "Final data set. Official published poverty rates are calculated from th
> is data set";
note: label truncated to 80 characters

.         sort hhid;

.         save "$path\work\povmeas_ent_flex.dta", replace;
file C:\Users\Templeton\Desktop\GAPP\GAPP-UGANDA-HARUNA\work\povmeas_ent_flex.dta sav
> ed

. gen dum=1;

.         *output the national measures;
.         collapse  (mean) dum h_ent_m pg_ent_m spg_ent_m [aw=hhweight*hhsize];

. gen geo="National";

. gen geono=dum;

. tempfile nat;

. save `nat';
file C:\Users\TEMPLE~1\AppData\Local\Temp\ST_0j000005.tmp saved

.         *output the rural/urban measures;
.         use "$path\work\povmeas_ent_flex.dta", clear;
(Final data set. Official published poverty rates are calculated from this data s)

.         collapse  (mean) h_ent_m pg_ent_m spg_ent_m [aw=hhweight*hhsize], by(rural)
> ;

. gen geo="Rural/Urban";

. gen geono=rural;

. tempfile rur;

. save `rur';
file C:\Users\TEMPLE~1\AppData\Local\Temp\ST_0j000006.tmp saved

.         *output the North South Center measures;
.         use "$path\work\povmeas_ent_flex.dta", clear;
(Final data set. Official published poverty rates are calculated from this data s)

.         collapse  (mean) h_ent_m pg_ent_m spg_ent_m [aw=hhweight*hhsize], by(news);

. gen geo="North/Center/South";

. gen geono=news;

. tempfile new;

. save `new';
file C:\Users\TEMPLE~1\AppData\Local\Temp\ST_0j000007.tmp saved

.         *output the North South Center rural/urban measures;
.         use "$path\work\povmeas_ent_flex.dta", clear;
(Final data set. Official published poverty rates are calculated from this data s)

.         collapse  (mean) h_ent_m pg_ent_m spg_ent_m [aw=hhweight*hhsize], by(reg_tp
> i);

. gen geo="TPI - 6 regions";

. gen geono=reg_tpi;

. tempfile rtp;

. save `rtp';
file C:\Users\TEMPLE~1\AppData\Local\Temp\ST_0j000008.tmp saved

.         *output the provincial measures;
.         use "$path\work\povmeas_ent_flex.dta", clear;
(Final data set. Official published poverty rates are calculated from this data s)

.         collapse  (mean) h_ent_m pg_ent_m spg_ent_m [aw=hhweight*hhsize], by(strata
> );

. gen geo="Provinces";

. gen geono=strata;

. tempfile str;

. save `str';
file C:\Users\TEMPLE~1\AppData\Local\Temp\ST_0j000009.tmp saved

.                 *output the dominios espaciais measures;
.         use "$path\work\povmeas_ent_flex.dta", clear;
(Final data set. Official published poverty rates are calculated from this data s)

.         collapse  (mean) h_ent_m pg_ent_m spg_ent_m [aw=hhweight*hhsize], by(spdoma
> in);

. gen geo="Spatial domains";

. gen geono=spdomain;

. tempfile r13;

. save `r13';
file C:\Users\TEMPLE~1\AppData\Local\Temp\ST_0j00000a.tmp saved

. clear;

. set obs 1;
obs was 0, now 1

. gen geo=" ";

. tempfile one;

. save `one';
file C:\Users\TEMPLE~1\AppData\Local\Temp\ST_0j00000b.tmp saved

. use          `nat';
(Final data set. Official published poverty rates are calculated from this data s)

. append using `one';

. append using `rur';
geo was str8 now str11

. append using `one';

. append using `new';
geo was str11 now str18

. append using `one';

. append using `rtp';

. append using `one';

. append using `str';

. append using `one';

. append using `r13';

. outsheet geo geono h_ent_m pg_ent_m spg_ent_m dum rural news reg_tpi strata spdomai
> n using "$path/work/poverty_ent_flexBask.csv", replace c ;

.         *set aside the spatial price index;
.       tempfile spi_m;

.       use "$path\work\povmeas_ent_flex.dta", clear;
(Final data set. Official published poverty rates are calculated from this data s)

.       collapse (mean) spi, by(spdomain);

.       rename spi spi_m;

.       sort spdomain;

. save `spi_m', replace;
(note: file C:\Users\TEMPLE~1\AppData\Local\Temp\ST_0j00000c.tmp not found)
file C:\Users\TEMPLE~1\AppData\Local\Temp\ST_0j00000c.tmp saved

. use `povlines_ent';

.        sort spdomain;

.        merge spdomain using `spi';
(label spdomain_original already defined)

.        tab _m;

     _merge |      Freq.     Percent        Cum.
------------+-----------------------------------
          3 |          5      100.00      100.00
------------+-----------------------------------
      Total |          5      100.00

.  drop _m;

.        sort spdomain;

.        merge spdomain using `spi_m';
(label spdomain_original already defined)

.         tab _m;

     _merge |      Freq.     Percent        Cum.
------------+-----------------------------------
          3 |          5      100.00      100.00
------------+-----------------------------------
      Total |          5      100.00

.  drop _m;

. save "$path\work\povlines.dta", replace;
file C:\Users\Templeton\Desktop\GAPP\GAPP-UGANDA-HARUNA\work\povlines.dta saved

. outsheet spdomain food_povline_ent povline_ent fdshr using "$path\work\povlines.csv
> ", replace c;

.  *********************************************************************************
> * 210_povmeas_ent_flex.do               (end)
> *********************************************************************************;
. log close;
      name:  <unnamed>
       log:  C:\Users\Templeton\Desktop\GAPP\GAPP-UGANDA-HARUNA/rep/210_povmeas_ent_f
> lex.log
  log type:  text
 closed on:  20 May 2013, 17:28:23
-------------------------------------------------------------------------------------
